  • electron-builder  version=26.15.3 os=10.0.26300
  • loaded configuration  file=package.json ("build" field)
  • executing @electron/rebuild  electronVersion=39.8.10 arch=x64 buildFromSource=false workspaceRoot=D:\10178\Projects\new-api-upstream-sync\electron projectDir=./ appDir=./
  • installing native dependencies  arch=x64
  • completed installing native dependencies
  • packaging       platform=win32 arch=x64 electron=39.8.10 appOutDir=dist\win-unpacked
  • using custom unpacked Electron distribution  electronDist=node_modules\electron\dist
  • copying unpacked Electron  source=D:\10178\Projects\new-api-upstream-sync\electron\node_modules\electron\dist destination=D:\10178\Projects\new-api-upstream-sync\electron\dist\win-unpacked
  • searching for node modules  pm=npm searchDir=D:\10178\Projects\new-api-upstream-sync\electron
  • searching for node modules  pm=traversal searchDir=D:\10178\Projects\new-api-upstream-sync\electron
  • using manual traversal of node_modules to build dependency tree
  • no node modules returned while searching directories  searchDirectories=[""]
  • updating asar integrity executable resource  executablePath=dist\win-unpacked\New-API-App.exe
  • downloaded      label=icons-bundle.tar.gz progress=100%
  • signing with signtool.exe  path=dist\win-unpacked\New-API-App.exe
  • building        target=nsis file=dist\New-API-App Setup 2026.9.11-g3363f4e6.exe archs=x64 oneClick=false perMachine=false
  • downloaded      label=nsis-3.0.4.1.7z progress=100%
  • downloaded      label=7zip-win-x64.tar.gz progress=100%
  • signing with signtool.exe  path=dist\win-unpacked\resources\elevate.exe
  • downloaded      label=nsis-resources-3.4.1.7z progress=100%
  • signing with signtool.exe  path=dist\New-API-App Setup 2026.9.11-g3363f4e6.__uninstaller.exe
  • signing with signtool.exe  path=dist\New-API-App Setup 2026.9.11-g3363f4e6.exe
  • building block map  blockMapFile=dist\New-API-App Setup 2026.9.11-g3363f4e6.exe.blockmap
  • building        target=portable file=dist\New-API-App 2026.9.11-g3363f4e6.exe archs=x64
  • signing with signtool.exe  path=dist\New-API-App 2026.9.11-g3363f4e6.exe
