{"Time":"2026-09-11T04:38:52.2414298+08:00","Action":"start","Package":"github.com/QuantumNous/new-api/relaykit/dto"}
{"Time":"2026-09-11T04:38:52.6014818+08:00","Action":"run","Package":"github.com/QuantumNous/new-api/relaykit/dto","Test":"TestGeminiCumulativeModalityUsageDoesNotAccumulateAcrossFrames"}
{"Time":"2026-09-11T04:38:52.6014818+08:00","Action":"output","Package":"github.com/QuantumNous/new-api/relaykit/dto","Test":"TestGeminiCumulativeModalityUsageDoesNotAccumulateAcrossFrames","Output":"=== RUN   TestGeminiCumulativeModalityUsageDoesNotAccumulateAcrossFrames\n"}
{"Time":"2026-09-11T04:38:52.6019999+08:00","Action":"output","Package":"github.com/QuantumNous/new-api/relaykit/dto","Test":"TestGeminiCumulativeModalityUsageDoesNotAccumulateAcrossFrames","Output":"=== PAUSE TestGeminiCumulativeModalityUsageDoesNotAccumulateAcrossFrames\n"}
{"Time":"2026-09-11T04:38:52.6019999+08:00","Action":"pause","Package":"github.com/QuantumNous/new-api/relaykit/dto","Test":"TestGeminiCumulativeModalityUsageDoesNotAccumulateAcrossFrames"}
{"Time":"2026-09-11T04:38:52.6019999+08:00","Action":"cont","Package":"github.com/QuantumNous/new-api/relaykit/dto","Test":"TestGeminiCumulativeModalityUsageDoesNotAccumulateAcrossFrames"}
{"Time":"2026-09-11T04:38:52.6019999+08:00","Action":"output","Package":"github.com/QuantumNous/new-api/relaykit/dto","Test":"TestGeminiCumulativeModalityUsageDoesNotAccumulateAcrossFrames","Output":"=== CONT  TestGeminiCumulativeModalityUsageDoesNotAccumulateAcrossFrames\n"}
{"Time":"2026-09-11T04:38:52.6019999+08:00","Action":"output","Package":"github.com/QuantumNous/new-api/relaykit/dto","Test":"TestGeminiCumulativeModalityUsageDoesNotAccumulateAcrossFrames","Output":"    gemini_usage_snapshot_test.go:32: \n"}
{"Time":"2026-09-11T04:38:52.6019999+08:00","Action":"output","Package":"github.com/QuantumNous/new-api/relaykit/dto","Test":"TestGeminiCumulativeModalityUsageDoesNotAccumulateAcrossFrames","Output":"        \tError Trace:\tD:/10178/Projects/new-api-upstream-sync/relaykit/dto/gemini_usage_snapshot_test.go:32\n"}
{"Time":"2026-09-11T04:38:52.6019999+08:00","Action":"output","Package":"github.com/QuantumNous/new-api/relaykit/dto","Test":"TestGeminiCumulativeModalityUsageDoesNotAccumulateAcrossFrames","Output":"        \tError:      \tNot equal: \n"}
{"Time":"2026-09-11T04:38:52.6019999+08:00","Action":"output","Package":"github.com/QuantumNous/new-api/relaykit/dto","Test":"TestGeminiCumulativeModalityUsageDoesNotAccumulateAcrossFrames","Output":"        \t            \texpected: 40\n"}
{"Time":"2026-09-11T04:38:52.6019999+08:00","Action":"output","Package":"github.com/QuantumNous/new-api/relaykit/dto","Test":"TestGeminiCumulativeModalityUsageDoesNotAccumulateAcrossFrames","Output":"        \t            \tactual  : 80\n"}
{"Time":"2026-09-11T04:38:52.6019999+08:00","Action":"output","Package":"github.com/QuantumNous/new-api/relaykit/dto","Test":"TestGeminiCumulativeModalityUsageDoesNotAccumulateAcrossFrames","Output":"        \tTest:       \tTestGeminiCumulativeModalityUsageDoesNotAccumulateAcrossFrames\n"}
{"Time":"2026-09-11T04:38:52.6019999+08:00","Action":"output","Package":"github.com/QuantumNous/new-api/relaykit/dto","Test":"TestGeminiCumulativeModalityUsageDoesNotAccumulateAcrossFrames","Output":"    gemini_usage_snapshot_test.go:33: \n"}
{"Time":"2026-09-11T04:38:52.6019999+08:00","Action":"output","Package":"github.com/QuantumNous/new-api/relaykit/dto","Test":"TestGeminiCumulativeModalityUsageDoesNotAccumulateAcrossFrames","Output":"        \tError Trace:\tD:/10178/Projects/new-api-upstream-sync/relaykit/dto/gemini_usage_snapshot_test.go:33\n"}
{"Time":"2026-09-11T04:38:52.6019999+08:00","Action":"output","Package":"github.com/QuantumNous/new-api/relaykit/dto","Test":"TestGeminiCumulativeModalityUsageDoesNotAccumulateAcrossFrames","Output":"        \tError:      \tNot equal: \n"}
{"Time":"2026-09-11T04:38:52.6019999+08:00","Action":"output","Package":"github.com/QuantumNous/new-api/relaykit/dto","Test":"TestGeminiCumulativeModalityUsageDoesNotAccumulateAcrossFrames","Output":"        \t            \texpected: 60\n"}
{"Time":"2026-09-11T04:38:52.6019999+08:00","Action":"output","Package":"github.com/QuantumNous/new-api/relaykit/dto","Test":"TestGeminiCumulativeModalityUsageDoesNotAccumulateAcrossFrames","Output":"        \t            \tactual  : 120\n"}
{"Time":"2026-09-11T04:38:52.6019999+08:00","Action":"output","Package":"github.com/QuantumNous/new-api/relaykit/dto","Test":"TestGeminiCumulativeModalityUsageDoesNotAccumulateAcrossFrames","Output":"        \tTest:       \tTestGeminiCumulativeModalityUsageDoesNotAccumulateAcrossFrames\n"}
{"Time":"2026-09-11T04:38:52.6019999+08:00","Action":"output","Package":"github.com/QuantumNous/new-api/relaykit/dto","Test":"TestGeminiCumulativeModalityUsageDoesNotAccumulateAcrossFrames","Output":"    gemini_usage_snapshot_test.go:39: \n"}
{"Time":"2026-09-11T04:38:52.6019999+08:00","Action":"output","Package":"github.com/QuantumNous/new-api/relaykit/dto","Test":"TestGeminiCumulativeModalityUsageDoesNotAccumulateAcrossFrames","Output":"        \tError Trace:\tD:/10178/Projects/new-api-upstream-sync/relaykit/dto/gemini_usage_snapshot_test.go:39\n"}
{"Time":"2026-09-11T04:38:52.6019999+08:00","Action":"output","Package":"github.com/QuantumNous/new-api/relaykit/dto","Test":"TestGeminiCumulativeModalityUsageDoesNotAccumulateAcrossFrames","Output":"        \tError:      \tNot equal: \n"}
{"Time":"2026-09-11T04:38:52.6019999+08:00","Action":"output","Package":"github.com/QuantumNous/new-api/relaykit/dto","Test":"TestGeminiCumulativeModalityUsageDoesNotAccumulateAcrossFrames","Output":"        \t            \texpected: 40\n"}
{"Time":"2026-09-11T04:38:52.6019999+08:00","Action":"output","Package":"github.com/QuantumNous/new-api/relaykit/dto","Test":"TestGeminiCumulativeModalityUsageDoesNotAccumulateAcrossFrames","Output":"        \t            \tactual  : 120\n"}
{"Time":"2026-09-11T04:38:52.6019999+08:00","Action":"output","Package":"github.com/QuantumNous/new-api/relaykit/dto","Test":"TestGeminiCumulativeModalityUsageDoesNotAccumulateAcrossFrames","Output":"        \tTest:       \tTestGeminiCumulativeModalityUsageDoesNotAccumulateAcrossFrames\n"}
{"Time":"2026-09-11T04:38:52.6019999+08:00","Action":"output","Package":"github.com/QuantumNous/new-api/relaykit/dto","Test":"TestGeminiCumulativeModalityUsageDoesNotAccumulateAcrossFrames","Output":"    gemini_usage_snapshot_test.go:40: \n"}
{"Time":"2026-09-11T04:38:52.6019999+08:00","Action":"output","Package":"github.com/QuantumNous/new-api/relaykit/dto","Test":"TestGeminiCumulativeModalityUsageDoesNotAccumulateAcrossFrames","Output":"        \tError Trace:\tD:/10178/Projects/new-api-upstream-sync/relaykit/dto/gemini_usage_snapshot_test.go:40\n"}
{"Time":"2026-09-11T04:38:52.6019999+08:00","Action":"output","Package":"github.com/QuantumNous/new-api/relaykit/dto","Test":"TestGeminiCumulativeModalityUsageDoesNotAccumulateAcrossFrames","Output":"        \tError:      \tNot equal: \n"}
{"Time":"2026-09-11T04:38:52.6019999+08:00","Action":"output","Package":"github.com/QuantumNous/new-api/relaykit/dto","Test":"TestGeminiCumulativeModalityUsageDoesNotAccumulateAcrossFrames","Output":"        \t            \texpected: 60\n"}
{"Time":"2026-09-11T04:38:52.6019999+08:00","Action":"output","Package":"github.com/QuantumNous/new-api/relaykit/dto","Test":"TestGeminiCumulativeModalityUsageDoesNotAccumulateAcrossFrames","Output":"        \t            \tactual  : 180\n"}
{"Time":"2026-09-11T04:38:52.6019999+08:00","Action":"output","Package":"github.com/QuantumNous/new-api/relaykit/dto","Test":"TestGeminiCumulativeModalityUsageDoesNotAccumulateAcrossFrames","Output":"        \tTest:       \tTestGeminiCumulativeModalityUsageDoesNotAccumulateAcrossFrames\n"}
{"Time":"2026-09-11T04:38:52.6019999+08:00","Action":"output","Package":"github.com/QuantumNous/new-api/relaykit/dto","Test":"TestGeminiCumulativeModalityUsageDoesNotAccumulateAcrossFrames","Output":"--- FAIL: TestGeminiCumulativeModalityUsageDoesNotAccumulateAcrossFrames (0.00s)\n"}
{"Time":"2026-09-11T04:38:52.6019999+08:00","Action":"fail","Package":"github.com/QuantumNous/new-api/relaykit/dto","Test":"TestGeminiCumulativeModalityUsageDoesNotAccumulateAcrossFrames","Elapsed":0}
{"Time":"2026-09-11T04:38:52.6019999+08:00","Action":"output","Package":"github.com/QuantumNous/new-api/relaykit/dto","Output":"FAIL\n"}
{"Time":"2026-09-11T04:38:52.6046844+08:00","Action":"output","Package":"github.com/QuantumNous/new-api/relaykit/dto","Output":"FAIL\tgithub.com/QuantumNous/new-api/relaykit/dto\t0.363s\n"}
{"Time":"2026-09-11T04:38:52.6046844+08:00","Action":"fail","Package":"github.com/QuantumNous/new-api/relaykit/dto","Elapsed":0.363}
