=== RUN   TestPasskeyRegisterFinishRejectsUnapprovedFlowWithoutConsumingIt
    passkey_test.go:68: 
        	Error Trace:	D:/10178/Projects/new-api-upstream-sync/controller/access_token_audit_test.go:470
        	            				D:/10178/Projects/new-api-upstream-sync/controller/security_enrollment_test.go:56
        	            				D:/10178/Projects/new-api-upstream-sync/controller/passkey_test.go:68
        	Error:      	Should be true
        	Test:       	TestPasskeyRegisterFinishRejectsUnapprovedFlowWithoutConsumingIt
        	Messages:   	database tests only permit loopback instances
--- FAIL: TestPasskeyRegisterFinishRejectsUnapprovedFlowWithoutConsumingIt (0.00s)
=== RUN   TestAdditionalPasskeyRegistrationRequiresExistingPasskeyProof
    passkey_test.go:96: 
        	Error Trace:	D:/10178/Projects/new-api-upstream-sync/controller/access_token_audit_test.go:470
        	            				D:/10178/Projects/new-api-upstream-sync/controller/security_enrollment_test.go:56
        	            				D:/10178/Projects/new-api-upstream-sync/controller/passkey_test.go:96
        	Error:      	Should be true
        	Test:       	TestAdditionalPasskeyRegistrationRequiresExistingPasskeyProof
        	Messages:   	database tests only permit loopback instances
--- FAIL: TestAdditionalPasskeyRegistrationRequiresExistingPasskeyProof (0.00s)
=== RUN   TestSecurityEnrollmentRejectsMissingProofBeforeCreatingCredentials
    security_enrollment_test.go:186: 
        	Error Trace:	D:/10178/Projects/new-api-upstream-sync/controller/access_token_audit_test.go:470
        	            				D:/10178/Projects/new-api-upstream-sync/controller/security_enrollment_test.go:56
        	            				D:/10178/Projects/new-api-upstream-sync/controller/security_enrollment_test.go:186
        	Error:      	Should be true
        	Test:       	TestSecurityEnrollmentRejectsMissingProofBeforeCreatingCredentials
        	Messages:   	database tests only permit loopback instances
--- FAIL: TestSecurityEnrollmentRejectsMissingProofBeforeCreatingCredentials (0.00s)
=== RUN   TestSecurityEnrollmentMethodPolicy
=== RUN   TestSecurityEnrollmentMethodPolicy/first_factor_uses_password
    security_enrollment_test.go:229: 
        	Error Trace:	D:/10178/Projects/new-api-upstream-sync/controller/access_token_audit_test.go:470
        	            				D:/10178/Projects/new-api-upstream-sync/controller/security_enrollment_test.go:56
        	            				D:/10178/Projects/new-api-upstream-sync/controller/security_enrollment_test.go:229
        	Error:      	Should be true
        	Test:       	TestSecurityEnrollmentMethodPolicy/first_factor_uses_password
        	Messages:   	database tests only permit loopback instances
=== RUN   TestSecurityEnrollmentMethodPolicy/existing_passkey_takes_precedence
    security_enrollment_test.go:229: 
        	Error Trace:	D:/10178/Projects/new-api-upstream-sync/controller/access_token_audit_test.go:470
        	            				D:/10178/Projects/new-api-upstream-sync/controller/security_enrollment_test.go:56
        	            				D:/10178/Projects/new-api-upstream-sync/controller/security_enrollment_test.go:229
        	Error:      	Should be true
        	Test:       	TestSecurityEnrollmentMethodPolicy/existing_passkey_takes_precedence
        	Messages:   	database tests only permit loopback instances
=== RUN   TestSecurityEnrollmentMethodPolicy/twofa_takes_precedence_over_passkey
    security_enrollment_test.go:229: 
        	Error Trace:	D:/10178/Projects/new-api-upstream-sync/controller/access_token_audit_test.go:470
        	            				D:/10178/Projects/new-api-upstream-sync/controller/security_enrollment_test.go:56
        	            				D:/10178/Projects/new-api-upstream-sync/controller/security_enrollment_test.go:229
        	Error:      	Should be true
        	Test:       	TestSecurityEnrollmentMethodPolicy/twofa_takes_precedence_over_passkey
        	Messages:   	database tests only permit loopback instances
=== RUN   TestSecurityEnrollmentMethodPolicy/locked_twofa_does_not_fall_back
    security_enrollment_test.go:229: 
        	Error Trace:	D:/10178/Projects/new-api-upstream-sync/controller/access_token_audit_test.go:470
        	            				D:/10178/Projects/new-api-upstream-sync/controller/security_enrollment_test.go:56
        	            				D:/10178/Projects/new-api-upstream-sync/controller/security_enrollment_test.go:229
        	Error:      	Should be true
        	Test:       	TestSecurityEnrollmentMethodPolicy/locked_twofa_does_not_fall_back
        	Messages:   	database tests only permit loopback instances
=== RUN   TestSecurityEnrollmentMethodPolicy/disabled_passkey_does_not_fall_back
    security_enrollment_test.go:229: 
        	Error Trace:	D:/10178/Projects/new-api-upstream-sync/controller/access_token_audit_test.go:470
        	            				D:/10178/Projects/new-api-upstream-sync/controller/security_enrollment_test.go:56
        	            				D:/10178/Projects/new-api-upstream-sync/controller/security_enrollment_test.go:229
        	Error:      	Should be true
        	Test:       	TestSecurityEnrollmentMethodPolicy/disabled_passkey_does_not_fall_back
        	Messages:   	database tests only permit loopback instances
=== RUN   TestSecurityEnrollmentMethodPolicy/disabled_registration_does_not_request_a_password
    security_enrollment_test.go:229: 
        	Error Trace:	D:/10178/Projects/new-api-upstream-sync/controller/access_token_audit_test.go:470
        	            				D:/10178/Projects/new-api-upstream-sync/controller/security_enrollment_test.go:56
        	            				D:/10178/Projects/new-api-upstream-sync/controller/security_enrollment_test.go:229
        	Error:      	Should be true
        	Test:       	TestSecurityEnrollmentMethodPolicy/disabled_registration_does_not_request_a_password
        	Messages:   	database tests only permit loopback instances
=== RUN   TestSecurityEnrollmentMethodPolicy/passwordless_account_without_providers_is_unavailable
    security_enrollment_test.go:229: 
        	Error Trace:	D:/10178/Projects/new-api-upstream-sync/controller/access_token_audit_test.go:470
        	            				D:/10178/Projects/new-api-upstream-sync/controller/security_enrollment_test.go:56
        	            				D:/10178/Projects/new-api-upstream-sync/controller/security_enrollment_test.go:229
        	Error:      	Should be true
        	Test:       	TestSecurityEnrollmentMethodPolicy/passwordless_account_without_providers_is_unavailable
        	Messages:   	database tests only permit loopback instances
--- FAIL: TestSecurityEnrollmentMethodPolicy (0.01s)
    --- FAIL: TestSecurityEnrollmentMethodPolicy/first_factor_uses_password (0.00s)
    --- FAIL: TestSecurityEnrollmentMethodPolicy/existing_passkey_takes_precedence (0.00s)
    --- FAIL: TestSecurityEnrollmentMethodPolicy/twofa_takes_precedence_over_passkey (0.00s)
    --- FAIL: TestSecurityEnrollmentMethodPolicy/locked_twofa_does_not_fall_back (0.00s)
    --- FAIL: TestSecurityEnrollmentMethodPolicy/disabled_passkey_does_not_fall_back (0.01s)
    --- FAIL: TestSecurityEnrollmentMethodPolicy/disabled_registration_does_not_request_a_password (0.00s)
    --- FAIL: TestSecurityEnrollmentMethodPolicy/passwordless_account_without_providers_is_unavailable (0.00s)
=== RUN   TestSecurityEnrollmentPasswordProofIsBoundToSessionAndAction
    security_enrollment_test.go:260: 
        	Error Trace:	D:/10178/Projects/new-api-upstream-sync/controller/access_token_audit_test.go:470
        	            				D:/10178/Projects/new-api-upstream-sync/controller/security_enrollment_test.go:56
        	            				D:/10178/Projects/new-api-upstream-sync/controller/security_enrollment_test.go:260
        	Error:      	Should be true
        	Test:       	TestSecurityEnrollmentPasswordProofIsBoundToSessionAndAction
        	Messages:   	database tests only permit loopback instances
--- FAIL: TestSecurityEnrollmentPasswordProofIsBoundToSessionAndAction (0.00s)
=== RUN   TestSecurityEnrollmentProofStartsOnlyOneSetup
    security_enrollment_test.go:289: 
        	Error Trace:	D:/10178/Projects/new-api-upstream-sync/controller/access_token_audit_test.go:470
        	            				D:/10178/Projects/new-api-upstream-sync/controller/security_enrollment_test.go:56
        	            				D:/10178/Projects/new-api-upstream-sync/controller/security_enrollment_test.go:289
        	Error:      	Should be true
        	Test:       	TestSecurityEnrollmentProofStartsOnlyOneSetup
        	Messages:   	database tests only permit loopback instances
--- FAIL: TestSecurityEnrollmentProofStartsOnlyOneSetup (0.00s)
=== RUN   TestSecurityEnrollmentOperationContext
=== RUN   TestSecurityEnrollmentOperationContext/channel
=== RUN   TestSecurityEnrollmentOperationContext/missing_channel
=== RUN   TestSecurityEnrollmentOperationContext/null_channel
=== RUN   TestSecurityEnrollmentOperationContext/string_channel
=== RUN   TestSecurityEnrollmentOperationContext/fractional_channel
=== RUN   TestSecurityEnrollmentOperationContext/zero_channel
=== RUN   TestSecurityEnrollmentOperationContext/negative_channel
=== RUN   TestSecurityEnrollmentOperationContext/overflow_channel
=== RUN   TestSecurityEnrollmentOperationContext/extra_field
=== RUN   TestSecurityEnrollmentOperationContext/null_context
=== RUN   TestSecurityEnrollmentOperationContext/array_context
=== RUN   TestSecurityEnrollmentOperationContext/empty_enrollment
=== RUN   TestSecurityEnrollmentOperationContext/implicit_enrollment
=== RUN   TestSecurityEnrollmentOperationContext/enrollment_target_injection
=== RUN   TestSecurityEnrollmentOperationContext/unknown_scope
--- PASS: TestSecurityEnrollmentOperationContext (0.00s)
    --- PASS: TestSecurityEnrollmentOperationContext/channel (0.00s)
    --- PASS: TestSecurityEnrollmentOperationContext/missing_channel (0.00s)
    --- PASS: TestSecurityEnrollmentOperationContext/null_channel (0.00s)
    --- PASS: TestSecurityEnrollmentOperationContext/string_channel (0.00s)
    --- PASS: TestSecurityEnrollmentOperationContext/fractional_channel (0.00s)
    --- PASS: TestSecurityEnrollmentOperationContext/zero_channel (0.00s)
    --- PASS: TestSecurityEnrollmentOperationContext/negative_channel (0.00s)
    --- PASS: TestSecurityEnrollmentOperationContext/overflow_channel (0.00s)
    --- PASS: TestSecurityEnrollmentOperationContext/extra_field (0.00s)
    --- PASS: TestSecurityEnrollmentOperationContext/null_context (0.00s)
    --- PASS: TestSecurityEnrollmentOperationContext/array_context (0.00s)
    --- PASS: TestSecurityEnrollmentOperationContext/empty_enrollment (0.00s)
    --- PASS: TestSecurityEnrollmentOperationContext/implicit_enrollment (0.00s)
    --- PASS: TestSecurityEnrollmentOperationContext/enrollment_target_injection (0.00s)
    --- PASS: TestSecurityEnrollmentOperationContext/unknown_scope (0.00s)
=== RUN   TestSecurityEnrollmentChannelProofRejectsMismatchesBeforeConsumption
    security_enrollment_test.go:339: 
        	Error Trace:	D:/10178/Projects/new-api-upstream-sync/controller/access_token_audit_test.go:470
        	            				D:/10178/Projects/new-api-upstream-sync/controller/security_enrollment_test.go:56
        	            				D:/10178/Projects/new-api-upstream-sync/controller/security_enrollment_test.go:339
        	Error:      	Should be true
        	Test:       	TestSecurityEnrollmentChannelProofRejectsMismatchesBeforeConsumption
        	Messages:   	database tests only permit loopback instances
--- FAIL: TestSecurityEnrollmentChannelProofRejectsMismatchesBeforeConsumption (0.00s)
=== RUN   TestSecurityEnrollmentProofConcurrentConsumption
    security_enrollment_test.go:379: 
        	Error Trace:	D:/10178/Projects/new-api-upstream-sync/controller/access_token_audit_test.go:470
        	            				D:/10178/Projects/new-api-upstream-sync/controller/security_enrollment_test.go:56
        	            				D:/10178/Projects/new-api-upstream-sync/controller/security_enrollment_test.go:379
        	Error:      	Should be true
        	Test:       	TestSecurityEnrollmentProofConcurrentConsumption
        	Messages:   	database tests only permit loopback instances
--- FAIL: TestSecurityEnrollmentProofConcurrentConsumption (0.00s)
=== RUN   TestSecurityEnrollmentProofRequiresLiveRecordAndExactDeadline
    security_enrollment_test.go:404: 
        	Error Trace:	D:/10178/Projects/new-api-upstream-sync/controller/access_token_audit_test.go:470
        	            				D:/10178/Projects/new-api-upstream-sync/controller/security_enrollment_test.go:56
        	            				D:/10178/Projects/new-api-upstream-sync/controller/security_enrollment_test.go:404
        	Error:      	Should be true
        	Test:       	TestSecurityEnrollmentProofRequiresLiveRecordAndExactDeadline
        	Messages:   	database tests only permit loopback instances
--- FAIL: TestSecurityEnrollmentProofRequiresLiveRecordAndExactDeadline (0.00s)
=== RUN   TestSecurityEnrollmentProofIsBurnedAfterBusinessFailure
    security_enrollment_test.go:428: 
        	Error Trace:	D:/10178/Projects/new-api-upstream-sync/controller/access_token_audit_test.go:470
        	            				D:/10178/Projects/new-api-upstream-sync/controller/security_enrollment_test.go:56
        	            				D:/10178/Projects/new-api-upstream-sync/controller/security_enrollment_test.go:428
        	Error:      	Should be true
        	Test:       	TestSecurityEnrollmentProofIsBurnedAfterBusinessFailure
        	Messages:   	database tests only permit loopback instances
--- FAIL: TestSecurityEnrollmentProofIsBurnedAfterBusinessFailure (0.00s)
=== RUN   TestSecurityEnrollmentProofStorageErrorsFailClosed
=== RUN   TestSecurityEnrollmentProofStorageErrorsFailClosed/issuance
    security_enrollment_test.go:446: 
        	Error Trace:	D:/10178/Projects/new-api-upstream-sync/controller/access_token_audit_test.go:470
        	            				D:/10178/Projects/new-api-upstream-sync/controller/security_enrollment_test.go:56
        	            				D:/10178/Projects/new-api-upstream-sync/controller/security_enrollment_test.go:446
        	Error:      	Should be true
        	Test:       	TestSecurityEnrollmentProofStorageErrorsFailClosed/issuance
        	Messages:   	database tests only permit loopback instances
=== RUN   TestSecurityEnrollmentProofStorageErrorsFailClosed/consumption
    security_enrollment_test.go:446: 
        	Error Trace:	D:/10178/Projects/new-api-upstream-sync/controller/access_token_audit_test.go:470
        	            				D:/10178/Projects/new-api-upstream-sync/controller/security_enrollment_test.go:56
        	            				D:/10178/Projects/new-api-upstream-sync/controller/security_enrollment_test.go:446
        	Error:      	Should be true
        	Test:       	TestSecurityEnrollmentProofStorageErrorsFailClosed/consumption
        	Messages:   	database tests only permit loopback instances
--- FAIL: TestSecurityEnrollmentProofStorageErrorsFailClosed (0.00s)
    --- FAIL: TestSecurityEnrollmentProofStorageErrorsFailClosed/issuance (0.00s)
    --- FAIL: TestSecurityEnrollmentProofStorageErrorsFailClosed/consumption (0.00s)
=== RUN   TestSecurityEnrollmentVerificationTransportsRejectInvalidContext
    security_enrollment_test.go:488: 
        	Error Trace:	D:/10178/Projects/new-api-upstream-sync/controller/access_token_audit_test.go:470
        	            				D:/10178/Projects/new-api-upstream-sync/controller/security_enrollment_test.go:56
        	            				D:/10178/Projects/new-api-upstream-sync/controller/security_enrollment_test.go:488
        	Error:      	Should be true
        	Test:       	TestSecurityEnrollmentVerificationTransportsRejectInvalidContext
        	Messages:   	database tests only permit loopback instances
--- FAIL: TestSecurityEnrollmentVerificationTransportsRejectInvalidContext (0.00s)
=== RUN   TestSecurityEnrollmentPendingPasskeyRejectsChangedAuthorization
=== RUN   TestSecurityEnrollmentPendingPasskeyRejectsChangedAuthorization/expired
    security_enrollment_test.go:513: 
        	Error Trace:	D:/10178/Projects/new-api-upstream-sync/controller/access_token_audit_test.go:470
        	            				D:/10178/Projects/new-api-upstream-sync/controller/security_enrollment_test.go:56
        	            				D:/10178/Projects/new-api-upstream-sync/controller/security_enrollment_test.go:513
        	Error:      	Should be true
        	Test:       	TestSecurityEnrollmentPendingPasskeyRejectsChangedAuthorization/expired
        	Messages:   	database tests only permit loopback instances
=== RUN   TestSecurityEnrollmentPendingPasskeyRejectsChangedAuthorization/revoked
    security_enrollment_test.go:513: 
        	Error Trace:	D:/10178/Projects/new-api-upstream-sync/controller/access_token_audit_test.go:470
        	            				D:/10178/Projects/new-api-upstream-sync/controller/security_enrollment_test.go:56
        	            				D:/10178/Projects/new-api-upstream-sync/controller/security_enrollment_test.go:513
        	Error:      	Should be true
        	Test:       	TestSecurityEnrollmentPendingPasskeyRejectsChangedAuthorization/revoked
        	Messages:   	database tests only permit loopback instances
=== RUN   TestSecurityEnrollmentPendingPasskeyRejectsChangedAuthorization/session_version
    security_enrollment_test.go:513: 
        	Error Trace:	D:/10178/Projects/new-api-upstream-sync/controller/access_token_audit_test.go:470
        	            				D:/10178/Projects/new-api-upstream-sync/controller/security_enrollment_test.go:56
        	            				D:/10178/Projects/new-api-upstream-sync/controller/security_enrollment_test.go:513
        	Error:      	Should be true
        	Test:       	TestSecurityEnrollmentPendingPasskeyRejectsChangedAuthorization/session_version
        	Messages:   	database tests only permit loopback instances
=== RUN   TestSecurityEnrollmentPendingPasskeyRejectsChangedAuthorization/user_version
    security_enrollment_test.go:513: 
        	Error Trace:	D:/10178/Projects/new-api-upstream-sync/controller/access_token_audit_test.go:470
        	            				D:/10178/Projects/new-api-upstream-sync/controller/security_enrollment_test.go:56
        	            				D:/10178/Projects/new-api-upstream-sync/controller/security_enrollment_test.go:513
        	Error:      	Should be true
        	Test:       	TestSecurityEnrollmentPendingPasskeyRejectsChangedAuthorization/user_version
        	Messages:   	database tests only permit loopback instances
=== RUN   TestSecurityEnrollmentPendingPasskeyRejectsChangedAuthorization/method
    security_enrollment_test.go:513: 
        	Error Trace:	D:/10178/Projects/new-api-upstream-sync/controller/access_token_audit_test.go:470
        	            				D:/10178/Projects/new-api-upstream-sync/controller/security_enrollment_test.go:56
        	            				D:/10178/Projects/new-api-upstream-sync/controller/security_enrollment_test.go:513
        	Error:      	Should be true
        	Test:       	TestSecurityEnrollmentPendingPasskeyRejectsChangedAuthorization/method
        	Messages:   	database tests only permit loopback instances
=== RUN   TestSecurityEnrollmentPendingPasskeyRejectsChangedAuthorization/other_session
    security_enrollment_test.go:513: 
        	Error Trace:	D:/10178/Projects/new-api-upstream-sync/controller/access_token_audit_test.go:470
        	            				D:/10178/Projects/new-api-upstream-sync/controller/security_enrollment_test.go:56
        	            				D:/10178/Projects/new-api-upstream-sync/controller/security_enrollment_test.go:513
        	Error:      	Should be true
        	Test:       	TestSecurityEnrollmentPendingPasskeyRejectsChangedAuthorization/other_session
        	Messages:   	database tests only permit loopback instances
--- FAIL: TestSecurityEnrollmentPendingPasskeyRejectsChangedAuthorization (0.00s)
    --- FAIL: TestSecurityEnrollmentPendingPasskeyRejectsChangedAuthorization/expired (0.00s)
    --- FAIL: TestSecurityEnrollmentPendingPasskeyRejectsChangedAuthorization/revoked (0.00s)
    --- FAIL: TestSecurityEnrollmentPendingPasskeyRejectsChangedAuthorization/session_version (0.00s)
    --- FAIL: TestSecurityEnrollmentPendingPasskeyRejectsChangedAuthorization/user_version (0.00s)
    --- FAIL: TestSecurityEnrollmentPendingPasskeyRejectsChangedAuthorization/method (0.00s)
    --- FAIL: TestSecurityEnrollmentPendingPasskeyRejectsChangedAuthorization/other_session (0.00s)
=== RUN   TestSecurityEnrollmentPasskeyProofProtectsChannelKeyRead
    security_enrollment_test.go:562: 
        	Error Trace:	D:/10178/Projects/new-api-upstream-sync/controller/access_token_audit_test.go:470
        	            				D:/10178/Projects/new-api-upstream-sync/controller/security_enrollment_test.go:56
        	            				D:/10178/Projects/new-api-upstream-sync/controller/security_enrollment_test.go:562
        	Error:      	Should be true
        	Test:       	TestSecurityEnrollmentPasskeyProofProtectsChannelKeyRead
        	Messages:   	database tests only permit loopback instances
--- FAIL: TestSecurityEnrollmentPasskeyProofProtectsChannelKeyRead (0.00s)
=== RUN   TestSecurityEnrollmentPasskeyDeletionIsBoundToOneDevice
    security_enrollment_test.go:687: 
        	Error Trace:	D:/10178/Projects/new-api-upstream-sync/controller/access_token_audit_test.go:470
        	            				D:/10178/Projects/new-api-upstream-sync/controller/security_enrollment_test.go:56
        	            				D:/10178/Projects/new-api-upstream-sync/controller/security_enrollment_test.go:687
        	Error:      	Should be true
        	Test:       	TestSecurityEnrollmentPasskeyDeletionIsBoundToOneDevice
        	Messages:   	database tests only permit loopback instances
--- FAIL: TestSecurityEnrollmentPasskeyDeletionIsBoundToOneDevice (0.00s)
=== RUN   TestSecurityEnrollmentVerifyRequiresDedicatedFlowForInteractiveMethods
=== RUN   TestSecurityEnrollmentVerifyRequiresDedicatedFlowForInteractiveMethods/passkey
    security_enrollment_test.go:749: 
        	Error Trace:	D:/10178/Projects/new-api-upstream-sync/controller/access_token_audit_test.go:470
        	            				D:/10178/Projects/new-api-upstream-sync/controller/security_enrollment_test.go:56
        	            				D:/10178/Projects/new-api-upstream-sync/controller/security_enrollment_test.go:749
        	Error:      	Should be true
        	Test:       	TestSecurityEnrollmentVerifyRequiresDedicatedFlowForInteractiveMethods/passkey
        	Messages:   	database tests only permit loopback instances
=== RUN   TestSecurityEnrollmentVerifyRequiresDedicatedFlowForInteractiveMethods/oauth
    security_enrollment_test.go:749: 
        	Error Trace:	D:/10178/Projects/new-api-upstream-sync/controller/access_token_audit_test.go:470
        	            				D:/10178/Projects/new-api-upstream-sync/controller/security_enrollment_test.go:56
        	            				D:/10178/Projects/new-api-upstream-sync/controller/security_enrollment_test.go:749
        	Error:      	Should be true
        	Test:       	TestSecurityEnrollmentVerifyRequiresDedicatedFlowForInteractiveMethods/oauth
        	Messages:   	database tests only permit loopback instances
--- FAIL: TestSecurityEnrollmentVerifyRequiresDedicatedFlowForInteractiveMethods (0.00s)
    --- FAIL: TestSecurityEnrollmentVerifyRequiresDedicatedFlowForInteractiveMethods/passkey (0.00s)
    --- FAIL: TestSecurityEnrollmentVerifyRequiresDedicatedFlowForInteractiveMethods/oauth (0.00s)
=== RUN   TestSecurityEnrollmentTwoFAFlowAndSessionRotation
    security_enrollment_test.go:774: 
        	Error Trace:	D:/10178/Projects/new-api-upstream-sync/controller/access_token_audit_test.go:470
        	            				D:/10178/Projects/new-api-upstream-sync/controller/security_enrollment_test.go:56
        	            				D:/10178/Projects/new-api-upstream-sync/controller/security_enrollment_test.go:774
        	Error:      	Should be true
        	Test:       	TestSecurityEnrollmentTwoFAFlowAndSessionRotation
        	Messages:   	database tests only permit loopback instances
--- FAIL: TestSecurityEnrollmentTwoFAFlowAndSessionRotation (0.00s)
=== RUN   TestSecurityEnrollmentSetupAndEnableRollback
    security_enrollment_test.go:835: 
        	Error Trace:	D:/10178/Projects/new-api-upstream-sync/controller/access_token_audit_test.go:470
        	            				D:/10178/Projects/new-api-upstream-sync/controller/security_enrollment_test.go:56
        	            				D:/10178/Projects/new-api-upstream-sync/controller/security_enrollment_test.go:835
        	Error:      	Should be true
        	Test:       	TestSecurityEnrollmentSetupAndEnableRollback
        	Messages:   	database tests only permit loopback instances
--- FAIL: TestSecurityEnrollmentSetupAndEnableRollback (0.00s)
=== RUN   TestSecurityEnrollmentOAuthVerificationNeverChangesLoginOrBindings
=== RUN   TestSecurityEnrollmentOAuthVerificationNeverChangesLoginOrBindings/success
    security_enrollment_test.go:886: 
        	Error Trace:	D:/10178/Projects/new-api-upstream-sync/controller/access_token_audit_test.go:470
        	            				D:/10178/Projects/new-api-upstream-sync/controller/security_enrollment_test.go:56
        	            				D:/10178/Projects/new-api-upstream-sync/controller/security_enrollment_test.go:886
        	Error:      	Should be true
        	Test:       	TestSecurityEnrollmentOAuthVerificationNeverChangesLoginOrBindings/success
        	Messages:   	database tests only permit loopback instances
=== RUN   TestSecurityEnrollmentOAuthVerificationNeverChangesLoginOrBindings/different_account
    security_enrollment_test.go:886: 
        	Error Trace:	D:/10178/Projects/new-api-upstream-sync/controller/access_token_audit_test.go:470
        	            				D:/10178/Projects/new-api-upstream-sync/controller/security_enrollment_test.go:56
        	            				D:/10178/Projects/new-api-upstream-sync/controller/security_enrollment_test.go:886
        	Error:      	Should be true
        	Test:       	TestSecurityEnrollmentOAuthVerificationNeverChangesLoginOrBindings/different_account
        	Messages:   	database tests only permit loopback instances
=== RUN   TestSecurityEnrollmentOAuthVerificationNeverChangesLoginOrBindings/binding_changed
    security_enrollment_test.go:886: 
        	Error Trace:	D:/10178/Projects/new-api-upstream-sync/controller/access_token_audit_test.go:470
        	            				D:/10178/Projects/new-api-upstream-sync/controller/security_enrollment_test.go:56
        	            				D:/10178/Projects/new-api-upstream-sync/controller/security_enrollment_test.go:886
        	Error:      	Should be true
        	Test:       	TestSecurityEnrollmentOAuthVerificationNeverChangesLoginOrBindings/binding_changed
        	Messages:   	database tests only permit loopback instances
=== RUN   TestSecurityEnrollmentOAuthVerificationNeverChangesLoginOrBindings/session_changed
    security_enrollment_test.go:886: 
        	Error Trace:	D:/10178/Projects/new-api-upstream-sync/controller/access_token_audit_test.go:470
        	            				D:/10178/Projects/new-api-upstream-sync/controller/security_enrollment_test.go:56
        	            				D:/10178/Projects/new-api-upstream-sync/controller/security_enrollment_test.go:886
        	Error:      	Should be true
        	Test:       	TestSecurityEnrollmentOAuthVerificationNeverChangesLoginOrBindings/session_changed
        	Messages:   	database tests only permit loopback instances
=== RUN   TestSecurityEnrollmentOAuthVerificationNeverChangesLoginOrBindings/auth_version_changed
    security_enrollment_test.go:886: 
        	Error Trace:	D:/10178/Projects/new-api-upstream-sync/controller/access_token_audit_test.go:470
        	            				D:/10178/Projects/new-api-upstream-sync/controller/security_enrollment_test.go:56
        	            				D:/10178/Projects/new-api-upstream-sync/controller/security_enrollment_test.go:886
        	Error:      	Should be true
        	Test:       	TestSecurityEnrollmentOAuthVerificationNeverChangesLoginOrBindings/auth_version_changed
        	Messages:   	database tests only permit loopback instances
=== RUN   TestSecurityEnrollmentOAuthVerificationNeverChangesLoginOrBindings/provider_disabled
    security_enrollment_test.go:886: 
        	Error Trace:	D:/10178/Projects/new-api-upstream-sync/controller/access_token_audit_test.go:470
        	            				D:/10178/Projects/new-api-upstream-sync/controller/security_enrollment_test.go:56
        	            				D:/10178/Projects/new-api-upstream-sync/controller/security_enrollment_test.go:886
        	Error:      	Should be true
        	Test:       	TestSecurityEnrollmentOAuthVerificationNeverChangesLoginOrBindings/provider_disabled
        	Messages:   	database tests only permit loopback instances
=== RUN   TestSecurityEnrollmentOAuthVerificationNeverChangesLoginOrBindings/cancelled
    security_enrollment_test.go:886: 
        	Error Trace:	D:/10178/Projects/new-api-upstream-sync/controller/access_token_audit_test.go:470
        	            				D:/10178/Projects/new-api-upstream-sync/controller/security_enrollment_test.go:56
        	            				D:/10178/Projects/new-api-upstream-sync/controller/security_enrollment_test.go:886
        	Error:      	Should be true
        	Test:       	TestSecurityEnrollmentOAuthVerificationNeverChangesLoginOrBindings/cancelled
        	Messages:   	database tests only permit loopback instances
--- FAIL: TestSecurityEnrollmentOAuthVerificationNeverChangesLoginOrBindings (0.00s)
    --- FAIL: TestSecurityEnrollmentOAuthVerificationNeverChangesLoginOrBindings/success (0.00s)
    --- FAIL: TestSecurityEnrollmentOAuthVerificationNeverChangesLoginOrBindings/different_account (0.00s)
    --- FAIL: TestSecurityEnrollmentOAuthVerificationNeverChangesLoginOrBindings/binding_changed (0.00s)
    --- FAIL: TestSecurityEnrollmentOAuthVerificationNeverChangesLoginOrBindings/session_changed (0.00s)
    --- FAIL: TestSecurityEnrollmentOAuthVerificationNeverChangesLoginOrBindings/auth_version_changed (0.00s)
    --- FAIL: TestSecurityEnrollmentOAuthVerificationNeverChangesLoginOrBindings/provider_disabled (0.00s)
    --- FAIL: TestSecurityEnrollmentOAuthVerificationNeverChangesLoginOrBindings/cancelled (0.00s)
=== RUN   TestSecurityEnrollmentEncryptedPasswordVerification
    security_enrollment_test.go:952: 
        	Error Trace:	D:/10178/Projects/new-api-upstream-sync/controller/access_token_audit_test.go:470
        	            				D:/10178/Projects/new-api-upstream-sync/controller/security_enrollment_test.go:56
        	            				D:/10178/Projects/new-api-upstream-sync/controller/security_enrollment_test.go:952
        	Error:      	Should be true
        	Test:       	TestSecurityEnrollmentEncryptedPasswordVerification
        	Messages:   	database tests only permit loopback instances
--- FAIL: TestSecurityEnrollmentEncryptedPasswordVerification (0.00s)
=== RUN   TestSecurityEnrollmentTwoFAFailureAccountingAndStorageErrors
    security_enrollment_test.go:980: 
        	Error Trace:	D:/10178/Projects/new-api-upstream-sync/controller/access_token_audit_test.go:470
        	            				D:/10178/Projects/new-api-upstream-sync/controller/security_enrollment_test.go:56
        	            				D:/10178/Projects/new-api-upstream-sync/controller/security_enrollment_test.go:980
        	Error:      	Should be true
        	Test:       	TestSecurityEnrollmentTwoFAFailureAccountingAndStorageErrors
        	Messages:   	database tests only permit loopback instances
--- FAIL: TestSecurityEnrollmentTwoFAFailureAccountingAndStorageErrors (0.00s)
=== RUN   TestSecurityEnrollmentDatabaseErrorsAreNotReturned
=== RUN   TestSecurityEnrollmentDatabaseErrorsAreNotReturned/methods
    security_enrollment_test.go:1052: 
        	Error Trace:	D:/10178/Projects/new-api-upstream-sync/controller/access_token_audit_test.go:470
        	            				D:/10178/Projects/new-api-upstream-sync/controller/security_enrollment_test.go:56
        	            				D:/10178/Projects/new-api-upstream-sync/controller/security_enrollment_test.go:1052
        	Error:      	Should be true
        	Test:       	TestSecurityEnrollmentDatabaseErrorsAreNotReturned/methods
        	Messages:   	database tests only permit loopback instances
=== RUN   TestSecurityEnrollmentDatabaseErrorsAreNotReturned/password
    security_enrollment_test.go:1052: 
        	Error Trace:	D:/10178/Projects/new-api-upstream-sync/controller/access_token_audit_test.go:470
        	            				D:/10178/Projects/new-api-upstream-sync/controller/security_enrollment_test.go:56
        	            				D:/10178/Projects/new-api-upstream-sync/controller/security_enrollment_test.go:1052
        	Error:      	Should be true
        	Test:       	TestSecurityEnrollmentDatabaseErrorsAreNotReturned/password
        	Messages:   	database tests only permit loopback instances
=== RUN   TestSecurityEnrollmentDatabaseErrorsAreNotReturned/passkey
    security_enrollment_test.go:1052: 
        	Error Trace:	D:/10178/Projects/new-api-upstream-sync/controller/access_token_audit_test.go:470
        	            				D:/10178/Projects/new-api-upstream-sync/controller/security_enrollment_test.go:56
        	            				D:/10178/Projects/new-api-upstream-sync/controller/security_enrollment_test.go:1052
        	Error:      	Should be true
        	Test:       	TestSecurityEnrollmentDatabaseErrorsAreNotReturned/passkey
        	Messages:   	database tests only permit loopback instances
=== RUN   TestSecurityEnrollmentDatabaseErrorsAreNotReturned/2fa_status
    security_enrollment_test.go:1052: 
        	Error Trace:	D:/10178/Projects/new-api-upstream-sync/controller/access_token_audit_test.go:470
        	            				D:/10178/Projects/new-api-upstream-sync/controller/security_enrollment_test.go:56
        	            				D:/10178/Projects/new-api-upstream-sync/controller/security_enrollment_test.go:1052
        	Error:      	Should be true
        	Test:       	TestSecurityEnrollmentDatabaseErrorsAreNotReturned/2fa_status
        	Messages:   	database tests only permit loopback instances
=== RUN   TestSecurityEnrollmentDatabaseErrorsAreNotReturned/2fa_setup
    security_enrollment_test.go:1052: 
        	Error Trace:	D:/10178/Projects/new-api-upstream-sync/controller/access_token_audit_test.go:470
        	            				D:/10178/Projects/new-api-upstream-sync/controller/security_enrollment_test.go:56
        	            				D:/10178/Projects/new-api-upstream-sync/controller/security_enrollment_test.go:1052
        	Error:      	Should be true
        	Test:       	TestSecurityEnrollmentDatabaseErrorsAreNotReturned/2fa_setup
        	Messages:   	database tests only permit loopback instances
=== RUN   TestSecurityEnrollmentDatabaseErrorsAreNotReturned/2fa_flow
    security_enrollment_test.go:1052: 
        	Error Trace:	D:/10178/Projects/new-api-upstream-sync/controller/access_token_audit_test.go:470
        	            				D:/10178/Projects/new-api-upstream-sync/controller/security_enrollment_test.go:56
        	            				D:/10178/Projects/new-api-upstream-sync/controller/security_enrollment_test.go:1052
        	Error:      	Should be true
        	Test:       	TestSecurityEnrollmentDatabaseErrorsAreNotReturned/2fa_flow
        	Messages:   	database tests only permit loopback instances
=== RUN   TestSecurityEnrollmentDatabaseErrorsAreNotReturned/oauth_state
    security_enrollment_test.go:1052: 
        	Error Trace:	D:/10178/Projects/new-api-upstream-sync/controller/access_token_audit_test.go:470
        	            				D:/10178/Projects/new-api-upstream-sync/controller/security_enrollment_test.go:56
        	            				D:/10178/Projects/new-api-upstream-sync/controller/security_enrollment_test.go:1052
        	Error:      	Should be true
        	Test:       	TestSecurityEnrollmentDatabaseErrorsAreNotReturned/oauth_state
        	Messages:   	database tests only permit loopback instances
=== RUN   TestSecurityEnrollmentDatabaseErrorsAreNotReturned/channel_key
    security_enrollment_test.go:1052: 
        	Error Trace:	D:/10178/Projects/new-api-upstream-sync/controller/access_token_audit_test.go:470
        	            				D:/10178/Projects/new-api-upstream-sync/controller/security_enrollment_test.go:56
        	            				D:/10178/Projects/new-api-upstream-sync/controller/security_enrollment_test.go:1052
        	Error:      	Should be true
        	Test:       	TestSecurityEnrollmentDatabaseErrorsAreNotReturned/channel_key
        	Messages:   	database tests only permit loopback instances
--- FAIL: TestSecurityEnrollmentDatabaseErrorsAreNotReturned (0.00s)
    --- FAIL: TestSecurityEnrollmentDatabaseErrorsAreNotReturned/methods (0.00s)
    --- FAIL: TestSecurityEnrollmentDatabaseErrorsAreNotReturned/password (0.00s)
    --- FAIL: TestSecurityEnrollmentDatabaseErrorsAreNotReturned/passkey (0.00s)
    --- FAIL: TestSecurityEnrollmentDatabaseErrorsAreNotReturned/2fa_status (0.00s)
    --- FAIL: TestSecurityEnrollmentDatabaseErrorsAreNotReturned/2fa_setup (0.00s)
    --- FAIL: TestSecurityEnrollmentDatabaseErrorsAreNotReturned/2fa_flow (0.00s)
    --- FAIL: TestSecurityEnrollmentDatabaseErrorsAreNotReturned/oauth_state (0.00s)
    --- FAIL: TestSecurityEnrollmentDatabaseErrorsAreNotReturned/channel_key (0.00s)
=== RUN   TestSecurityEnrollmentPublicErrorsDiscardWrappedDetails
=== RUN   TestSecurityEnrollmentPublicErrorsDiscardWrappedDetails/SECURITY_VERIFICATION_FAILED
=== RUN   TestSecurityEnrollmentPublicErrorsDiscardWrappedDetails/SECURITY_VERIFICATION_LOCKED
=== RUN   TestSecurityEnrollmentPublicErrorsDiscardWrappedDetails/OAUTH_ACCOUNT_MISMATCH
=== RUN   TestSecurityEnrollmentPublicErrorsDiscardWrappedDetails/TWOFA_SETUP_INVALID
--- PASS: TestSecurityEnrollmentPublicErrorsDiscardWrappedDetails (0.00s)
    --- PASS: TestSecurityEnrollmentPublicErrorsDiscardWrappedDetails/SECURITY_VERIFICATION_FAILED (0.00s)
    --- PASS: TestSecurityEnrollmentPublicErrorsDiscardWrappedDetails/SECURITY_VERIFICATION_LOCKED (0.00s)
    --- PASS: TestSecurityEnrollmentPublicErrorsDiscardWrappedDetails/OAUTH_ACCOUNT_MISMATCH (0.00s)
    --- PASS: TestSecurityEnrollmentPublicErrorsDiscardWrappedDetails/TWOFA_SETUP_INVALID (0.00s)
=== RUN   TestSecurityEnrollmentExpiredAndCrossSessionSetupsCannotActivate
    security_enrollment_test.go:1106: 
        	Error Trace:	D:/10178/Projects/new-api-upstream-sync/controller/access_token_audit_test.go:470
        	            				D:/10178/Projects/new-api-upstream-sync/controller/security_enrollment_test.go:56
        	            				D:/10178/Projects/new-api-upstream-sync/controller/security_enrollment_test.go:1106
        	Error:      	Should be true
        	Test:       	TestSecurityEnrollmentExpiredAndCrossSessionSetupsCannotActivate
        	Messages:   	database tests only permit loopback instances
--- FAIL: TestSecurityEnrollmentExpiredAndCrossSessionSetupsCannotActivate (0.00s)
=== RUN   TestSecurityEnrollmentOAuthQueriesReachHandlerWithoutLeakingToAccessLogs
--- PASS: TestSecurityEnrollmentOAuthQueriesReachHandlerWithoutLeakingToAccessLogs (0.06s)
=== RUN   TestSecurityEnrollmentCustomOAuthUsesExistingBinding
    security_enrollment_test.go:1149: 
        	Error Trace:	D:/10178/Projects/new-api-upstream-sync/controller/access_token_audit_test.go:470
        	            				D:/10178/Projects/new-api-upstream-sync/controller/security_enrollment_test.go:56
        	            				D:/10178/Projects/new-api-upstream-sync/controller/security_enrollment_test.go:1149
        	Error:      	Should be true
        	Test:       	TestSecurityEnrollmentCustomOAuthUsesExistingBinding
        	Messages:   	database tests only permit loopback instances
--- FAIL: TestSecurityEnrollmentCustomOAuthUsesExistingBinding (0.00s)
FAIL
FAIL	github.com/QuantumNous/new-api/controller	1.138s
FAIL
