{"Time":"2026-09-10T18:01:48.3025809+08:00","Action":"start","Package":"github.com/QuantumNous/new-api/controller"}
{"Time":"2026-09-10T18:01:48.3025809+08:00","Action":"start","Package":"github.com/QuantumNous/new-api/relay/channel/newapi"}
{"Time":"2026-09-10T18:01:48.8712704+08:00","Action":"run","Package":"github.com/QuantumNous/new-api/relay/channel/newapi","Test":"TestNewAPIImageEditsPreserveMultipartAndPlaygroundRouting"}
{"Time":"2026-09-10T18:01:48.8712704+08:00","Action":"output","Package":"github.com/QuantumNous/new-api/relay/channel/newapi","Test":"TestNewAPIImageEditsPreserveMultipartAndPlaygroundRouting","Output":"=== RUN   TestNewAPIImageEditsPreserveMultipartAndPlaygroundRouting\n"}
{"Time":"2026-09-10T18:01:48.8712704+08:00","Action":"run","Package":"github.com/QuantumNous/new-api/relay/channel/newapi","Test":"TestNewAPIImageEditsPreserveMultipartAndPlaygroundRouting/API_edits"}
{"Time":"2026-09-10T18:01:48.8717892+08:00","Action":"output","Package":"github.com/QuantumNous/new-api/relay/channel/newapi","Test":"TestNewAPIImageEditsPreserveMultipartAndPlaygroundRouting/API_edits","Output":"=== RUN   TestNewAPIImageEditsPreserveMultipartAndPlaygroundRouting/API_edits\n"}
{"Time":"2026-09-10T18:01:48.8717892+08:00","Action":"output","Package":"github.com/QuantumNous/new-api/relay/channel/newapi","Test":"TestNewAPIImageEditsPreserveMultipartAndPlaygroundRouting/API_edits","Output":"    image_edit_test.go:54: \n"}
{"Time":"2026-09-10T18:01:48.8717892+08:00","Action":"output","Package":"github.com/QuantumNous/new-api/relay/channel/newapi","Test":"TestNewAPIImageEditsPreserveMultipartAndPlaygroundRouting/API_edits","Output":"        \tError Trace:\tD:/10178/Projects/new-api-upstream-sync/relay/channel/newapi/image_edit_test.go:54\n"}
{"Time":"2026-09-10T18:01:48.8717892+08:00","Action":"output","Package":"github.com/QuantumNous/new-api/relay/channel/newapi","Test":"TestNewAPIImageEditsPreserveMultipartAndPlaygroundRouting/API_edits","Output":"        \tError:      \tShould be true\n"}
{"Time":"2026-09-10T18:01:48.8717892+08:00","Action":"output","Package":"github.com/QuantumNous/new-api/relay/channel/newapi","Test":"TestNewAPIImageEditsPreserveMultipartAndPlaygroundRouting/API_edits","Output":"        \tTest:       \tTestNewAPIImageEditsPreserveMultipartAndPlaygroundRouting/API_edits\n"}
{"Time":"2026-09-10T18:01:48.8717892+08:00","Action":"output","Package":"github.com/QuantumNous/new-api/relay/channel/newapi","Test":"TestNewAPIImageEditsPreserveMultipartAndPlaygroundRouting/API_edits","Output":"        \tMessages:   \timage edits must stay multipart instead of becoming a JSON DTO\n"}
{"Time":"2026-09-10T18:01:48.8717892+08:00","Action":"output","Package":"github.com/QuantumNous/new-api/relay/channel/newapi","Test":"TestNewAPIImageEditsPreserveMultipartAndPlaygroundRouting/API_edits","Output":"--- FAIL: TestNewAPIImageEditsPreserveMultipartAndPlaygroundRouting/API_edits (0.00s)\n"}
{"Time":"2026-09-10T18:01:48.8717892+08:00","Action":"fail","Package":"github.com/QuantumNous/new-api/relay/channel/newapi","Test":"TestNewAPIImageEditsPreserveMultipartAndPlaygroundRouting/API_edits","Elapsed":0}
{"Time":"2026-09-10T18:01:48.8717892+08:00","Action":"run","Package":"github.com/QuantumNous/new-api/relay/channel/newapi","Test":"TestNewAPIImageEditsPreserveMultipartAndPlaygroundRouting/drawing_workspace_edits"}
{"Time":"2026-09-10T18:01:48.8717892+08:00","Action":"output","Package":"github.com/QuantumNous/new-api/relay/channel/newapi","Test":"TestNewAPIImageEditsPreserveMultipartAndPlaygroundRouting/drawing_workspace_edits","Output":"=== RUN   TestNewAPIImageEditsPreserveMultipartAndPlaygroundRouting/drawing_workspace_edits\n"}
{"Time":"2026-09-10T18:01:48.8717892+08:00","Action":"output","Package":"github.com/QuantumNous/new-api/relay/channel/newapi","Test":"TestNewAPIImageEditsPreserveMultipartAndPlaygroundRouting/drawing_workspace_edits","Output":"    image_edit_test.go:54: \n"}
{"Time":"2026-09-10T18:01:48.8717892+08:00","Action":"output","Package":"github.com/QuantumNous/new-api/relay/channel/newapi","Test":"TestNewAPIImageEditsPreserveMultipartAndPlaygroundRouting/drawing_workspace_edits","Output":"        \tError Trace:\tD:/10178/Projects/new-api-upstream-sync/relay/channel/newapi/image_edit_test.go:54\n"}
{"Time":"2026-09-10T18:01:48.8717892+08:00","Action":"output","Package":"github.com/QuantumNous/new-api/relay/channel/newapi","Test":"TestNewAPIImageEditsPreserveMultipartAndPlaygroundRouting/drawing_workspace_edits","Output":"        \tError:      \tShould be true\n"}
{"Time":"2026-09-10T18:01:48.8717892+08:00","Action":"output","Package":"github.com/QuantumNous/new-api/relay/channel/newapi","Test":"TestNewAPIImageEditsPreserveMultipartAndPlaygroundRouting/drawing_workspace_edits","Output":"        \tTest:       \tTestNewAPIImageEditsPreserveMultipartAndPlaygroundRouting/drawing_workspace_edits\n"}
{"Time":"2026-09-10T18:01:48.8717892+08:00","Action":"output","Package":"github.com/QuantumNous/new-api/relay/channel/newapi","Test":"TestNewAPIImageEditsPreserveMultipartAndPlaygroundRouting/drawing_workspace_edits","Output":"        \tMessages:   \timage edits must stay multipart instead of becoming a JSON DTO\n"}
{"Time":"2026-09-10T18:01:48.8717892+08:00","Action":"output","Package":"github.com/QuantumNous/new-api/relay/channel/newapi","Test":"TestNewAPIImageEditsPreserveMultipartAndPlaygroundRouting/drawing_workspace_edits","Output":"--- FAIL: TestNewAPIImageEditsPreserveMultipartAndPlaygroundRouting/drawing_workspace_edits (0.00s)\n"}
{"Time":"2026-09-10T18:01:48.8717892+08:00","Action":"fail","Package":"github.com/QuantumNous/new-api/relay/channel/newapi","Test":"TestNewAPIImageEditsPreserveMultipartAndPlaygroundRouting/drawing_workspace_edits","Elapsed":0}
{"Time":"2026-09-10T18:01:48.8717892+08:00","Action":"output","Package":"github.com/QuantumNous/new-api/relay/channel/newapi","Test":"TestNewAPIImageEditsPreserveMultipartAndPlaygroundRouting","Output":"--- FAIL: TestNewAPIImageEditsPreserveMultipartAndPlaygroundRouting (0.00s)\n"}
{"Time":"2026-09-10T18:01:48.8717892+08:00","Action":"fail","Package":"github.com/QuantumNous/new-api/relay/channel/newapi","Test":"TestNewAPIImageEditsPreserveMultipartAndPlaygroundRouting","Elapsed":0}
{"Time":"2026-09-10T18:01:48.8717892+08:00","Action":"run","Package":"github.com/QuantumNous/new-api/relay/channel/newapi","Test":"TestNewAPIImageGenerationKeepsExplicitZeroFields"}
{"Time":"2026-09-10T18:01:48.8717892+08:00","Action":"output","Package":"github.com/QuantumNous/new-api/relay/channel/newapi","Test":"TestNewAPIImageGenerationKeepsExplicitZeroFields","Output":"=== RUN   TestNewAPIImageGenerationKeepsExplicitZeroFields\n"}
{"Time":"2026-09-10T18:01:48.8717892+08:00","Action":"output","Package":"github.com/QuantumNous/new-api/relay/channel/newapi","Test":"TestNewAPIImageGenerationKeepsExplicitZeroFields","Output":"--- PASS: TestNewAPIImageGenerationKeepsExplicitZeroFields (0.00s)\n"}
{"Time":"2026-09-10T18:01:48.8717892+08:00","Action":"pass","Package":"github.com/QuantumNous/new-api/relay/channel/newapi","Test":"TestNewAPIImageGenerationKeepsExplicitZeroFields","Elapsed":0}
{"Time":"2026-09-10T18:01:48.8717892+08:00","Action":"output","Package":"github.com/QuantumNous/new-api/relay/channel/newapi","Output":"FAIL\n"}
{"Time":"2026-09-10T18:01:48.875244+08:00","Action":"output","Package":"github.com/QuantumNous/new-api/relay/channel/newapi","Output":"FAIL\tgithub.com/QuantumNous/new-api/relay/channel/newapi\t0.573s\n"}
{"Time":"2026-09-10T18:01:48.875244+08:00","Action":"fail","Package":"github.com/QuantumNous/new-api/relay/channel/newapi","Elapsed":0.573}
{"Time":"2026-09-10T18:01:49.056834+08:00","Action":"run","Package":"github.com/QuantumNous/new-api/controller","Test":"TestFetchVolcEngineModelsPreservesProviderEndpointAndAuthentication"}
{"Time":"2026-09-10T18:01:49.056834+08:00","Action":"output","Package":"github.com/QuantumNous/new-api/controller","Test":"TestFetchVolcEngineModelsPreservesProviderEndpointAndAuthentication","Output":"=== RUN   TestFetchVolcEngineModelsPreservesProviderEndpointAndAuthentication\n"}
{"Time":"2026-09-10T18:01:49.056834+08:00","Action":"run","Package":"github.com/QuantumNous/new-api/controller","Test":"TestFetchVolcEngineModelsPreservesProviderEndpointAndAuthentication/standard_Ark_endpoint"}
{"Time":"2026-09-10T18:01:49.056834+08:00","Action":"output","Package":"github.com/QuantumNous/new-api/controller","Test":"TestFetchVolcEngineModelsPreservesProviderEndpointAndAuthentication/standard_Ark_endpoint","Output":"=== RUN   TestFetchVolcEngineModelsPreservesProviderEndpointAndAuthentication/standard_Ark_endpoint\n"}
{"Time":"2026-09-10T18:01:49.058939+08:00","Action":"output","Package":"github.com/QuantumNous/new-api/controller","Test":"TestFetchVolcEngineModelsPreservesProviderEndpointAndAuthentication/standard_Ark_endpoint","Output":"    channel_upstream_volcengine_test.go:43: \n"}
{"Time":"2026-09-10T18:01:49.058939+08:00","Action":"output","Package":"github.com/QuantumNous/new-api/controller","Test":"TestFetchVolcEngineModelsPreservesProviderEndpointAndAuthentication/standard_Ark_endpoint","Output":"        \tError Trace:\tD:/10178/Projects/new-api-upstream-sync/controller/channel_upstream_volcengine_test.go:43\n"}
{"Time":"2026-09-10T18:01:49.058939+08:00","Action":"output","Package":"github.com/QuantumNous/new-api/controller","Test":"TestFetchVolcEngineModelsPreservesProviderEndpointAndAuthentication/standard_Ark_endpoint","Output":"        \tError:      \tNot equal: \n"}
{"Time":"2026-09-10T18:01:49.058939+08:00","Action":"output","Package":"github.com/QuantumNous/new-api/controller","Test":"TestFetchVolcEngineModelsPreservesProviderEndpointAndAuthentication/standard_Ark_endpoint","Output":"        \t            \texpected: \"/api/v3/models\"\n"}
{"Time":"2026-09-10T18:01:49.058939+08:00","Action":"output","Package":"github.com/QuantumNous/new-api/controller","Test":"TestFetchVolcEngineModelsPreservesProviderEndpointAndAuthentication/standard_Ark_endpoint","Output":"        \t            \tactual  : \"/v1/models\"\n"}
{"Time":"2026-09-10T18:01:49.058939+08:00","Action":"output","Package":"github.com/QuantumNous/new-api/controller","Test":"TestFetchVolcEngineModelsPreservesProviderEndpointAndAuthentication/standard_Ark_endpoint","Output":"        \t            \t\n"}
{"Time":"2026-09-10T18:01:49.058939+08:00","Action":"output","Package":"github.com/QuantumNous/new-api/controller","Test":"TestFetchVolcEngineModelsPreservesProviderEndpointAndAuthentication/standard_Ark_endpoint","Output":"        \t            \tDiff:\n"}
{"Time":"2026-09-10T18:01:49.058939+08:00","Action":"output","Package":"github.com/QuantumNous/new-api/controller","Test":"TestFetchVolcEngineModelsPreservesProviderEndpointAndAuthentication/standard_Ark_endpoint","Output":"        \t            \t--- Expected\n"}
{"Time":"2026-09-10T18:01:49.058939+08:00","Action":"output","Package":"github.com/QuantumNous/new-api/controller","Test":"TestFetchVolcEngineModelsPreservesProviderEndpointAndAuthentication/standard_Ark_endpoint","Output":"        \t            \t+++ Actual\n"}
{"Time":"2026-09-10T18:01:49.058939+08:00","Action":"output","Package":"github.com/QuantumNous/new-api/controller","Test":"TestFetchVolcEngineModelsPreservesProviderEndpointAndAuthentication/standard_Ark_endpoint","Output":"        \t            \t@@ -1 +1 @@\n"}
{"Time":"2026-09-10T18:01:49.058939+08:00","Action":"output","Package":"github.com/QuantumNous/new-api/controller","Test":"TestFetchVolcEngineModelsPreservesProviderEndpointAndAuthentication/standard_Ark_endpoint","Output":"        \t            \t-/api/v3/models\n"}
{"Time":"2026-09-10T18:01:49.058939+08:00","Action":"output","Package":"github.com/QuantumNous/new-api/controller","Test":"TestFetchVolcEngineModelsPreservesProviderEndpointAndAuthentication/standard_Ark_endpoint","Output":"        \t            \t+/v1/models\n"}
{"Time":"2026-09-10T18:01:49.058939+08:00","Action":"output","Package":"github.com/QuantumNous/new-api/controller","Test":"TestFetchVolcEngineModelsPreservesProviderEndpointAndAuthentication/standard_Ark_endpoint","Output":"        \tTest:       \tTestFetchVolcEngineModelsPreservesProviderEndpointAndAuthentication/standard_Ark_endpoint\n"}
{"Time":"2026-09-10T18:01:49.058939+08:00","Action":"output","Package":"github.com/QuantumNous/new-api/controller","Test":"TestFetchVolcEngineModelsPreservesProviderEndpointAndAuthentication/standard_Ark_endpoint","Output":"--- FAIL: TestFetchVolcEngineModelsPreservesProviderEndpointAndAuthentication/standard_Ark_endpoint (0.00s)\n"}
{"Time":"2026-09-10T18:01:49.058939+08:00","Action":"fail","Package":"github.com/QuantumNous/new-api/controller","Test":"TestFetchVolcEngineModelsPreservesProviderEndpointAndAuthentication/standard_Ark_endpoint","Elapsed":0}
{"Time":"2026-09-10T18:01:49.058939+08:00","Action":"run","Package":"github.com/QuantumNous/new-api/controller","Test":"TestFetchVolcEngineModelsPreservesProviderEndpointAndAuthentication/explicit_coding_plan_keeps_its_existing_endpoint"}
{"Time":"2026-09-10T18:01:49.058939+08:00","Action":"output","Package":"github.com/QuantumNous/new-api/controller","Test":"TestFetchVolcEngineModelsPreservesProviderEndpointAndAuthentication/explicit_coding_plan_keeps_its_existing_endpoint","Output":"=== RUN   TestFetchVolcEngineModelsPreservesProviderEndpointAndAuthentication/explicit_coding_plan_keeps_its_existing_endpoint\n"}
{"Time":"2026-09-10T18:01:49.059458+08:00","Action":"output","Package":"github.com/QuantumNous/new-api/controller","Test":"TestFetchVolcEngineModelsPreservesProviderEndpointAndAuthentication/explicit_coding_plan_keeps_its_existing_endpoint","Output":"--- PASS: TestFetchVolcEngineModelsPreservesProviderEndpointAndAuthentication/explicit_coding_plan_keeps_its_existing_endpoint (0.00s)\n"}
{"Time":"2026-09-10T18:01:49.059458+08:00","Action":"pass","Package":"github.com/QuantumNous/new-api/controller","Test":"TestFetchVolcEngineModelsPreservesProviderEndpointAndAuthentication/explicit_coding_plan_keeps_its_existing_endpoint","Elapsed":0}
{"Time":"2026-09-10T18:01:49.059458+08:00","Action":"output","Package":"github.com/QuantumNous/new-api/controller","Test":"TestFetchVolcEngineModelsPreservesProviderEndpointAndAuthentication","Output":"--- FAIL: TestFetchVolcEngineModelsPreservesProviderEndpointAndAuthentication (0.00s)\n"}
{"Time":"2026-09-10T18:01:49.059458+08:00","Action":"fail","Package":"github.com/QuantumNous/new-api/controller","Test":"TestFetchVolcEngineModelsPreservesProviderEndpointAndAuthentication","Elapsed":0}
{"Time":"2026-09-10T18:01:49.0599754+08:00","Action":"output","Package":"github.com/QuantumNous/new-api/controller","Output":"FAIL\n"}
{"Time":"2026-09-10T18:01:49.0635356+08:00","Action":"output","Package":"github.com/QuantumNous/new-api/controller","Output":"FAIL\tgithub.com/QuantumNous/new-api/controller\t0.761s\n"}
{"Time":"2026-09-10T18:01:49.0635356+08:00","Action":"fail","Package":"github.com/QuantumNous/new-api/controller","Elapsed":0.761}
