{
  "en": {
    "{{condition}} ({{timezone}})": "{{condition}} ({{timezone}})",
    "{{first}} and {{second}}": "{{first}} and {{second}}",
    "{{first}} or {{second}}": "{{first}} or {{second}}",
    "{{start}}–{{end}}": "{{start}}–{{end}}",
    "Add at least one condition to this group.": "Add at least one condition to this group.",
    "Add condition group": "Add condition group",
    "Add pricing branch": "Add pricing branch",
    "Add to group {{path}}": "Add to group {{path}}",
    "All conditions": "All conditions",
    "Any condition": "Any condition",
    "Billing expression": "Billing expression",
    "Billing values must be finite and non-negative.": "Billing values must be finite and non-negative.",
    "Branch actions {{path}}": "Branch actions {{path}}",
    "Choose a valid IANA timezone.": "Choose a valid IANA timezone.",
    "Comparison operator": "Comparison operator",
    "Complete the invalid fields before saving or switching modes. The last valid expression is preserved.": "Complete the invalid fields before saving or switching modes. The last valid expression is preserved.",
    "Condition {{path}}": "Condition {{path}}",
    "Condition actions {{path}}": "Condition actions {{path}}",
    "Condition group": "Condition group",
    "Condition group {{path}}": "Condition group {{path}}",
    "Condition input": "Condition input",
    "Condition value": "Condition value",
    "Current period price": "Current period price",
    "Current time": "Current time",
    "End weekday": "End weekday",
    "Enter a finite, non-negative price.": "Enter a finite, non-negative price.",
    "Enter a valid condition value.": "Enter a valid condition value.",
    "Enter an ISO date and time with a timezone offset.": "Enter an ISO date and time with a timezone offset.",
    "Expression argument types do not match.": "Expression argument types do not match.",
    "Full input length override": "Full input length override",
    "Group {{path}}": "Group {{path}}",
    "Include {{price}}": "Include {{price}}",
    "Include at least one price variable.": "Include at least one price variable.",
    "Invalid expression syntax": "Invalid expression syntax",
    "Negate condition": "Negate condition",
    "Negated group": "Negated group",
    "Not matched": "Not matched",
    "Otherwise (the preceding conditions do not match)": "Otherwise (the preceding conditions do not match)",
    "Otherwise → {{name}}": "Otherwise → {{name}}",
    "Outside these times: {{condition}}": "Outside these times: {{condition}}",
    "Pricing tier {{name}}": "Pricing tier {{name}}",
    "Remove branch": "Remove branch",
    "Remove end condition": "Remove end condition",
    "Remove negation": "Remove negation",
    "Remove start condition": "Remove start condition",
    "Request body must be a JSON object.": "Request body must be a JSON object.",
    "Request headers must be a JSON object with string values.": "Request headers must be a JSON object with string values.",
    "Request simulation": "Request simulation",
    "Simulate a request including request rules and excluding group multipliers. Empty objects represent an empty request.": "Simulate a request including request rules and excluding group multipliers. Empty objects represent an empty request.",
    "Simulated request body": "Simulated request body",
    "Simulated request cost": "Simulated request cost",
    "Simulated request headers": "Simulated request headers",
    "Simulation context is missing.": "Simulation context is missing.",
    "Simulation time": "Simulation time",
    "Specified time": "Specified time",
    "Start weekday": "Start weekday",
    "This expression cannot be edited visually without losing information.": "This expression cannot be edited visually without losing information.",
    "This expression cannot be simulated in the browser.": "This expression cannot be simulated in the browser.",
    "This expression exceeds the browser simulation limits.": "This expression exceeds the browser simulation limits.",
    "Time functions use the timezone written in the expression.": "Time functions use the timezone written in the expression.",
    "Timezone": "Timezone",
    "to": "to",
    "Use the existing token total": "Use the existing token total",
    "When conditions match": "When conditions match",
    "When conditions match → {{name}}": "When conditions match → {{name}}"
  },
  "zh": {
    "{{condition}} ({{timezone}})": "{{condition}}（{{timezone}}）",
    "{{first}} and {{second}}": "{{first}}且{{second}}",
    "{{first}} or {{second}}": "{{first}}或{{second}}",
    "{{start}}–{{end}}": "{{start}}至{{end}}",
    "Add at least one condition to this group.": "请为此分组添加至少一个条件。",
    "Add condition group": "添加条件组",
    "Add pricing branch": "添加计费分支",
    "Add to group {{path}}": "向组 {{path}} 添加",
    "All conditions": "全部满足",
    "Any condition": "任一满足",
    "Billing expression": "计费表达式",
    "Billing values must be finite and non-negative.": "计费数值必须是有限的非负数。",
    "Branch actions {{path}}": "分支 {{path}} 操作",
    "Choose a valid IANA timezone.": "请选择有效的 IANA 时区。",
    "Comparison operator": "比较运算符",
    "Complete the invalid fields before saving or switching modes. The last valid expression is preserved.": "请先修正无效字段，再保存或切换模式。上次有效的表达式已保留。",
    "Condition {{path}}": "条件 {{path}}",
    "Condition actions {{path}}": "条件 {{path}} 操作",
    "Condition group": "条件组合",
    "Condition group {{path}}": "条件组 {{path}}",
    "Condition input": "条件变量",
    "Condition value": "条件值",
    "Current period price": "当前时段价格",
    "Current time": "当前时间",
    "End weekday": "结束星期",
    "Enter a finite, non-negative price.": "请输入有限的非负价格。",
    "Enter a valid condition value.": "请输入有效的条件值。",
    "Enter an ISO date and time with a timezone offset.": "请输入带时区偏移的 ISO 日期和时间。",
    "Expression argument types do not match.": "表达式参数类型不匹配。",
    "Full input length override": "指定输入上下文总长度",
    "Group {{path}}": "组 {{path}}",
    "Include {{price}}": "启用{{price}}",
    "Include at least one price variable.": "请启用至少一个价格变量。",
    "Invalid expression syntax": "表达式语法无效",
    "Negate condition": "取反",
    "Negated group": "条件取反",
    "Not matched": "未匹配",
    "Otherwise (the preceding conditions do not match)": "否则（上述条件不成立）",
    "Otherwise → {{name}}": "否则 → {{name}}",
    "Outside these times: {{condition}}": "{{condition}}以外的时段",
    "Pricing tier {{name}}": "计费档位 {{name}}",
    "Remove branch": "删除分支",
    "Remove end condition": "删除结束条件",
    "Remove negation": "取消取反",
    "Remove start condition": "删除起始条件",
    "Request body must be a JSON object.": "请求体必须是 JSON 对象。",
    "Request headers must be a JSON object with string values.": "请求头必须是值为字符串的 JSON 对象。",
    "Request simulation": "请求模拟",
    "Simulate a request including request rules and excluding group multipliers. Empty objects represent an empty request.": "模拟费用包含请求规则，不含分组倍率。空对象表示没有相应字段的请求。",
    "Simulated request body": "模拟请求体",
    "Simulated request cost": "模拟请求费用",
    "Simulated request headers": "模拟请求头",
    "Simulation context is missing.": "缺少模拟所需的上下文。",
    "Simulation time": "模拟时间",
    "Specified time": "指定时间",
    "Start weekday": "起始星期",
    "This expression cannot be edited visually without losing information.": "此表达式无法无损转换为可视化编辑。",
    "This expression cannot be simulated in the browser.": "此表达式无法在浏览器中模拟。",
    "This expression exceeds the browser simulation limits.": "此表达式超出了浏览器模拟的限制。",
    "Time functions use the timezone written in the expression.": "时间函数使用表达式中指定的时区。",
    "Timezone": "时区",
    "to": "至",
    "Use the existing token total": "使用现有 token 总长度",
    "When conditions match": "条件成立时",
    "When conditions match → {{name}}": "条件成立 → {{name}}"
  },
  "zh-TW": {
    "{{condition}} ({{timezone}})": "{{condition}}（{{timezone}}）",
    "{{first}} and {{second}}": "{{first}}且{{second}}",
    "{{first}} or {{second}}": "{{first}}或{{second}}",
    "{{start}}–{{end}}": "{{start}}至{{end}}",
    "Add at least one condition to this group.": "請為此群組新增至少一個條件。",
    "Add condition group": "新增條件群組",
    "Add pricing branch": "新增計費分支",
    "Add to group {{path}}": "新增至群組 {{path}}",
    "All conditions": "全部符合",
    "Any condition": "任一符合",
    "Billing expression": "計費運算式",
    "Billing values must be finite and non-negative.": "計費數值必須是有限的非負數。",
    "Branch actions {{path}}": "分支 {{path}} 操作",
    "Choose a valid IANA timezone.": "請選擇有效的 IANA 時區。",
    "Comparison operator": "比較運算子",
    "Complete the invalid fields before saving or switching modes. The last valid expression is preserved.": "請先修正無效欄位，再儲存或切換模式。上次有效的運算式已保留。",
    "Condition {{path}}": "條件 {{path}}",
    "Condition actions {{path}}": "條件 {{path}} 操作",
    "Condition group": "條件組合",
    "Condition group {{path}}": "條件群組 {{path}}",
    "Condition input": "條件變數",
    "Condition value": "條件值",
    "Current period price": "目前時段價格",
    "Current time": "目前時間",
    "End weekday": "結束星期",
    "Enter a finite, non-negative price.": "請輸入有限的非負價格。",
    "Enter a valid condition value.": "請輸入有效的條件值。",
    "Enter an ISO date and time with a timezone offset.": "請輸入含時區偏移的 ISO 日期與時間。",
    "Expression argument types do not match.": "運算式參數類型不符。",
    "Full input length override": "指定輸入上下文總長度",
    "Group {{path}}": "群組 {{path}}",
    "Include {{price}}": "啟用{{price}}",
    "Include at least one price variable.": "請啟用至少一個價格變數。",
    "Invalid expression syntax": "運算式語法無效",
    "Negate condition": "取反",
    "Negated group": "條件取反",
    "Not matched": "未符合",
    "Otherwise (the preceding conditions do not match)": "否則（上述條件不成立）",
    "Otherwise → {{name}}": "否則 → {{name}}",
    "Outside these times: {{condition}}": "{{condition}}以外的時段",
    "Pricing tier {{name}}": "計費級距 {{name}}",
    "Remove branch": "刪除分支",
    "Remove end condition": "刪除結束條件",
    "Remove negation": "取消取反",
    "Remove start condition": "刪除起始條件",
    "Request body must be a JSON object.": "請求主體必須是 JSON 物件。",
    "Request headers must be a JSON object with string values.": "請求標頭必須是值為字串的 JSON 物件。",
    "Request simulation": "請求模擬",
    "Simulate a request including request rules and excluding group multipliers. Empty objects represent an empty request.": "模擬費用包含請求規則，不含群組倍率。空物件表示沒有對應欄位的請求。",
    "Simulated request body": "模擬請求主體",
    "Simulated request cost": "模擬請求費用",
    "Simulated request headers": "模擬請求標頭",
    "Simulation context is missing.": "缺少模擬所需的內容。",
    "Simulation time": "模擬時間",
    "Specified time": "指定時間",
    "Start weekday": "起始星期",
    "This expression cannot be edited visually without losing information.": "此運算式無法在不遺失資訊的情況下轉為視覺化編輯。",
    "This expression cannot be simulated in the browser.": "此運算式無法在瀏覽器中模擬。",
    "This expression exceeds the browser simulation limits.": "此運算式超出了瀏覽器模擬的限制。",
    "Time functions use the timezone written in the expression.": "時間函數使用運算式中指定的時區。",
    "Timezone": "時區",
    "to": "至",
    "Use the existing token total": "使用現有 token 總長度",
    "When conditions match": "條件成立時",
    "When conditions match → {{name}}": "條件成立 → {{name}}"
  },
  "fr": {
    "{{condition}} ({{timezone}})": "{{condition}} ({{timezone}})",
    "{{first}} and {{second}}": "{{first}} et {{second}}",
    "{{first}} or {{second}}": "{{first}} ou {{second}}",
    "{{start}}–{{end}}": "{{start}}–{{end}}",
    "Add at least one condition to this group.": "Ajoutez au moins une condition à ce groupe.",
    "Add condition group": "Ajouter un groupe",
    "Add pricing branch": "Ajouter une branche tarifaire",
    "Add to group {{path}}": "Ajouter au groupe {{path}}",
    "All conditions": "Toutes les conditions",
    "Any condition": "Au moins une condition",
    "Billing expression": "Expression de facturation",
    "Billing values must be finite and non-negative.": "Les valeurs de facturation doivent être finies et positives ou nulles.",
    "Branch actions {{path}}": "Actions de la branche {{path}}",
    "Choose a valid IANA timezone.": "Choisissez un fuseau horaire IANA valide.",
    "Comparison operator": "Opérateur de comparaison",
    "Complete the invalid fields before saving or switching modes. The last valid expression is preserved.": "Corrigez les champs invalides avant de sauvegarder ou de changer de mode. La dernière expression valide est conservée.",
    "Condition {{path}}": "Condition {{path}}",
    "Condition actions {{path}}": "Actions de la condition {{path}}",
    "Condition group": "Groupe de conditions",
    "Condition group {{path}}": "Groupe de conditions {{path}}",
    "Condition input": "Variable de condition",
    "Condition value": "Valeur de condition",
    "Current period price": "Prix de la période actuelle",
    "Current time": "Heure actuelle",
    "End weekday": "Jour de fin",
    "Enter a finite, non-negative price.": "Saisissez un prix fini et non négatif.",
    "Enter a valid condition value.": "Saisissez une valeur de condition valide.",
    "Enter an ISO date and time with a timezone offset.": "Saisissez une date et une heure ISO avec un décalage de fuseau horaire.",
    "Expression argument types do not match.": "Les types des arguments de l’expression sont incompatibles.",
    "Full input length override": "Longueur totale du contexte d’entrée",
    "Group {{path}}": "Groupe {{path}}",
    "Include {{price}}": "Activer {{price}}",
    "Include at least one price variable.": "Activez au moins une variable de prix.",
    "Invalid expression syntax": "Syntaxe d’expression invalide",
    "Negate condition": "Inverser la condition",
    "Negated group": "Groupe inversé",
    "Not matched": "Aucune correspondance",
    "Otherwise (the preceding conditions do not match)": "Sinon (les conditions précédentes ne sont pas remplies)",
    "Otherwise → {{name}}": "Sinon → {{name}}",
    "Outside these times: {{condition}}": "En dehors de ces périodes : {{condition}}",
    "Pricing tier {{name}}": "Palier tarifaire {{name}}",
    "Remove branch": "Supprimer la branche",
    "Remove end condition": "Supprimer la borne de fin",
    "Remove negation": "Annuler l’inversion",
    "Remove start condition": "Supprimer la borne de début",
    "Request body must be a JSON object.": "Le corps de la requête doit être un objet JSON.",
    "Request headers must be a JSON object with string values.": "Les en-têtes doivent être un objet JSON dont les valeurs sont des chaînes.",
    "Request simulation": "Simulation de requête",
    "Simulate a request including request rules and excluding group multipliers. Empty objects represent an empty request.": "Simulez le coût avec les règles de requête, sans les multiplicateurs de groupe. Les objets vides représentent une requête sans champs.",
    "Simulated request body": "Corps de la requête simulée",
    "Simulated request cost": "Coût de la requête simulée",
    "Simulated request headers": "En-têtes de la requête simulée",
    "Simulation context is missing.": "Le contexte nécessaire à la simulation est manquant.",
    "Simulation time": "Heure de simulation",
    "Specified time": "Heure définie",
    "Start weekday": "Jour de début",
    "This expression cannot be edited visually without losing information.": "Cette expression ne peut pas être modifiée visuellement sans perte d’information.",
    "This expression cannot be simulated in the browser.": "Cette expression ne peut pas être simulée dans le navigateur.",
    "This expression exceeds the browser simulation limits.": "Cette expression dépasse les limites de simulation du navigateur.",
    "Time functions use the timezone written in the expression.": "Les fonctions temporelles utilisent le fuseau horaire indiqué dans l’expression.",
    "Timezone": "Fuseau horaire",
    "to": "à",
    "Use the existing token total": "Utiliser le total de tokens existant",
    "When conditions match": "Si les conditions sont remplies",
    "When conditions match → {{name}}": "Conditions remplies → {{name}}"
  },
  "ja": {
    "{{condition}} ({{timezone}})": "{{condition}}（{{timezone}}）",
    "{{first}} and {{second}}": "{{first}}かつ{{second}}",
    "{{first}} or {{second}}": "{{first}}または{{second}}",
    "{{start}}–{{end}}": "{{start}}～{{end}}",
    "Add at least one condition to this group.": "このグループに条件を1つ以上追加してください。",
    "Add condition group": "条件グループを追加",
    "Add pricing branch": "料金分岐を追加",
    "Add to group {{path}}": "グループ {{path}} に追加",
    "All conditions": "すべて満たす",
    "Any condition": "いずれかを満たす",
    "Billing expression": "課金式",
    "Billing values must be finite and non-negative.": "課金の値は有限の非負数である必要があります。",
    "Branch actions {{path}}": "分岐 {{path}} の操作",
    "Choose a valid IANA timezone.": "有効な IANA タイムゾーンを選択してください。",
    "Comparison operator": "比較演算子",
    "Complete the invalid fields before saving or switching modes. The last valid expression is preserved.": "保存やモード切り替えの前に無効な項目を修正してください。直前の有効な式は保持されています。",
    "Condition {{path}}": "条件 {{path}}",
    "Condition actions {{path}}": "条件 {{path}} の操作",
    "Condition group": "条件の組み合わせ",
    "Condition group {{path}}": "条件グループ {{path}}",
    "Condition input": "条件の変数",
    "Condition value": "条件の値",
    "Current period price": "現在の時間帯の料金",
    "Current time": "現在時刻",
    "End weekday": "終了曜日",
    "Enter a finite, non-negative price.": "有限の非負の料金を入力してください。",
    "Enter a valid condition value.": "有効な条件値を入力してください。",
    "Enter an ISO date and time with a timezone offset.": "タイムゾーンのオフセットを含む ISO 形式の日時を入力してください。",
    "Expression argument types do not match.": "式の引数の型が一致しません。",
    "Full input length override": "入力コンテキストの全長を指定",
    "Group {{path}}": "グループ {{path}}",
    "Include {{price}}": "{{price}}を有効化",
    "Include at least one price variable.": "料金変数を1つ以上有効にしてください。",
    "Invalid expression syntax": "式の構文が無効です",
    "Negate condition": "条件を反転",
    "Negated group": "条件の反転",
    "Not matched": "不一致",
    "Otherwise (the preceding conditions do not match)": "それ以外（上記の条件を満たさない場合）",
    "Otherwise → {{name}}": "それ以外 → {{name}}",
    "Outside these times: {{condition}}": "{{condition}}以外の時間帯",
    "Pricing tier {{name}}": "料金段階 {{name}}",
    "Remove branch": "分岐を削除",
    "Remove end condition": "終了条件を削除",
    "Remove negation": "反転を解除",
    "Remove start condition": "開始条件を削除",
    "Request body must be a JSON object.": "リクエスト本文は JSON オブジェクトである必要があります。",
    "Request headers must be a JSON object with string values.": "リクエストヘッダーは値が文字列の JSON オブジェクトである必要があります。",
    "Request simulation": "リクエストのシミュレーション",
    "Simulate a request including request rules and excluding group multipliers. Empty objects represent an empty request.": "リクエストルールを含み、グループ倍率を除いた料金を計算します。空のオブジェクトはフィールドのないリクエストを表します。",
    "Simulated request body": "シミュレーション用リクエスト本文",
    "Simulated request cost": "シミュレーションしたリクエストの料金",
    "Simulated request headers": "シミュレーション用リクエストヘッダー",
    "Simulation context is missing.": "シミュレーションに必要なコンテキストがありません。",
    "Simulation time": "シミュレーション時刻",
    "Specified time": "指定時刻",
    "Start weekday": "開始曜日",
    "This expression cannot be edited visually without losing information.": "この式は情報を失わずにビジュアル編集へ変換できません。",
    "This expression cannot be simulated in the browser.": "この式はブラウザーでシミュレーションできません。",
    "This expression exceeds the browser simulation limits.": "この式はブラウザーのシミュレーション上限を超えています。",
    "Time functions use the timezone written in the expression.": "時刻関数は式で指定されたタイムゾーンを使用します。",
    "Timezone": "タイムゾーン",
    "to": "〜",
    "Use the existing token total": "既存のトークン合計を使用",
    "When conditions match": "条件を満たす場合",
    "When conditions match → {{name}}": "条件を満たす → {{name}}"
  },
  "ru": {
    "{{condition}} ({{timezone}})": "{{condition}} ({{timezone}})",
    "{{first}} and {{second}}": "{{first}} и {{second}}",
    "{{first}} or {{second}}": "{{first}} или {{second}}",
    "{{start}}–{{end}}": "{{start}}–{{end}}",
    "Add at least one condition to this group.": "Добавьте хотя бы одно условие в группу.",
    "Add condition group": "Добавить группу условий",
    "Add pricing branch": "Добавить ветвь тарификации",
    "Add to group {{path}}": "Добавить в группу {{path}}",
    "All conditions": "Все условия",
    "Any condition": "Любое условие",
    "Billing expression": "Выражение тарификации",
    "Billing values must be finite and non-negative.": "Значения для расчёта стоимости должны быть конечными и неотрицательными.",
    "Branch actions {{path}}": "Действия ветви {{path}}",
    "Choose a valid IANA timezone.": "Выберите допустимый часовой пояс IANA.",
    "Comparison operator": "Оператор сравнения",
    "Complete the invalid fields before saving or switching modes. The last valid expression is preserved.": "Исправьте недопустимые поля перед сохранением или сменой режима. Последнее корректное выражение сохранено.",
    "Condition {{path}}": "Условие {{path}}",
    "Condition actions {{path}}": "Действия условия {{path}}",
    "Condition group": "Группа условий",
    "Condition group {{path}}": "Группа условий {{path}}",
    "Condition input": "Переменная условия",
    "Condition value": "Значение условия",
    "Current period price": "Цена текущего периода",
    "Current time": "Текущее время",
    "End weekday": "Конечный день недели",
    "Enter a finite, non-negative price.": "Введите конечную неотрицательную цену.",
    "Enter a valid condition value.": "Введите допустимое значение условия.",
    "Enter an ISO date and time with a timezone offset.": "Введите дату и время в формате ISO со смещением часового пояса.",
    "Expression argument types do not match.": "Типы аргументов выражения не совпадают.",
    "Full input length override": "Задать полную длину входного контекста",
    "Group {{path}}": "Группа {{path}}",
    "Include {{price}}": "Включить {{price}}",
    "Include at least one price variable.": "Включите хотя бы одну ценовую переменную.",
    "Invalid expression syntax": "Недопустимый синтаксис выражения",
    "Negate condition": "Инвертировать условие",
    "Negated group": "Инверсия группы",
    "Not matched": "Не совпало",
    "Otherwise (the preceding conditions do not match)": "Иначе (предыдущие условия не выполнены)",
    "Otherwise → {{name}}": "Иначе → {{name}}",
    "Outside these times: {{condition}}": "Вне этих периодов: {{condition}}",
    "Pricing tier {{name}}": "Тарифный уровень {{name}}",
    "Remove branch": "Удалить ветвь",
    "Remove end condition": "Удалить конечное условие",
    "Remove negation": "Отменить инверсию",
    "Remove start condition": "Удалить начальное условие",
    "Request body must be a JSON object.": "Тело запроса должно быть объектом JSON.",
    "Request headers must be a JSON object with string values.": "Заголовки должны быть объектом JSON со строковыми значениями.",
    "Request simulation": "Моделирование запроса",
    "Simulate a request including request rules and excluding group multipliers. Empty objects represent an empty request.": "Стоимость учитывает правила запроса, но не множители групп. Пустые объекты обозначают запрос без соответствующих полей.",
    "Simulated request body": "Тело моделируемого запроса",
    "Simulated request cost": "Стоимость моделируемого запроса",
    "Simulated request headers": "Заголовки моделируемого запроса",
    "Simulation context is missing.": "Отсутствует контекст для моделирования.",
    "Simulation time": "Время моделирования",
    "Specified time": "Указанное время",
    "Start weekday": "Начальный день недели",
    "This expression cannot be edited visually without losing information.": "Это выражение нельзя редактировать визуально без потери информации.",
    "This expression cannot be simulated in the browser.": "Это выражение нельзя смоделировать в браузере.",
    "This expression exceeds the browser simulation limits.": "Это выражение превышает ограничения моделирования в браузере.",
    "Time functions use the timezone written in the expression.": "Функции времени используют часовой пояс, указанный в выражении.",
    "Timezone": "Часовой пояс",
    "to": "до",
    "Use the existing token total": "Использовать текущую сумму токенов",
    "When conditions match": "Если условия выполнены",
    "When conditions match → {{name}}": "Условия выполнены → {{name}}"
  },
  "vi": {
    "{{condition}} ({{timezone}})": "{{condition}} ({{timezone}})",
    "{{first}} and {{second}}": "{{first}} và {{second}}",
    "{{first}} or {{second}}": "{{first}} hoặc {{second}}",
    "{{start}}–{{end}}": "{{start}}–{{end}}",
    "Add at least one condition to this group.": "Thêm ít nhất một điều kiện vào nhóm này.",
    "Add condition group": "Thêm nhóm điều kiện",
    "Add pricing branch": "Thêm nhánh tính phí",
    "Add to group {{path}}": "Thêm vào nhóm {{path}}",
    "All conditions": "Thỏa mãn tất cả",
    "Any condition": "Thỏa mãn bất kỳ",
    "Billing expression": "Biểu thức tính phí",
    "Billing values must be finite and non-negative.": "Giá trị tính phí phải hữu hạn và không âm.",
    "Branch actions {{path}}": "Thao tác nhánh {{path}}",
    "Choose a valid IANA timezone.": "Chọn múi giờ IANA hợp lệ.",
    "Comparison operator": "Toán tử so sánh",
    "Complete the invalid fields before saving or switching modes. The last valid expression is preserved.": "Sửa các trường không hợp lệ trước khi lưu hoặc đổi chế độ. Biểu thức hợp lệ gần nhất vẫn được giữ nguyên.",
    "Condition {{path}}": "Điều kiện {{path}}",
    "Condition actions {{path}}": "Thao tác điều kiện {{path}}",
    "Condition group": "Nhóm điều kiện",
    "Condition group {{path}}": "Nhóm điều kiện {{path}}",
    "Condition input": "Biến điều kiện",
    "Condition value": "Giá trị điều kiện",
    "Current period price": "Giá khung giờ hiện tại",
    "Current time": "Thời gian hiện tại",
    "End weekday": "Ngày kết thúc",
    "Enter a finite, non-negative price.": "Nhập mức giá hữu hạn, không âm.",
    "Enter a valid condition value.": "Nhập giá trị điều kiện hợp lệ.",
    "Enter an ISO date and time with a timezone offset.": "Nhập ngày giờ ISO có độ lệch múi giờ.",
    "Expression argument types do not match.": "Kiểu đối số của biểu thức không khớp.",
    "Full input length override": "Chỉ định tổng độ dài ngữ cảnh đầu vào",
    "Group {{path}}": "Nhóm {{path}}",
    "Include {{price}}": "Bật {{price}}",
    "Include at least one price variable.": "Bật ít nhất một biến giá.",
    "Invalid expression syntax": "Cú pháp biểu thức không hợp lệ",
    "Negate condition": "Đảo điều kiện",
    "Negated group": "Đảo nhóm điều kiện",
    "Not matched": "Không khớp",
    "Otherwise (the preceding conditions do not match)": "Nếu không (các điều kiện trên không thỏa mãn)",
    "Otherwise → {{name}}": "Nếu không → {{name}}",
    "Outside these times: {{condition}}": "Ngoài các khung giờ: {{condition}}",
    "Pricing tier {{name}}": "Bậc giá {{name}}",
    "Remove branch": "Xóa nhánh",
    "Remove end condition": "Xóa điều kiện kết thúc",
    "Remove negation": "Bỏ đảo điều kiện",
    "Remove start condition": "Xóa điều kiện bắt đầu",
    "Request body must be a JSON object.": "Nội dung yêu cầu phải là một đối tượng JSON.",
    "Request headers must be a JSON object with string values.": "Tiêu đề yêu cầu phải là đối tượng JSON có giá trị chuỗi.",
    "Request simulation": "Mô phỏng yêu cầu",
    "Simulate a request including request rules and excluding group multipliers. Empty objects represent an empty request.": "Mô phỏng chi phí có áp dụng quy tắc yêu cầu, không áp dụng hệ số nhóm. Đối tượng rỗng biểu thị yêu cầu không có trường tương ứng.",
    "Simulated request body": "Nội dung yêu cầu mô phỏng",
    "Simulated request cost": "Chi phí yêu cầu mô phỏng",
    "Simulated request headers": "Tiêu đề yêu cầu mô phỏng",
    "Simulation context is missing.": "Thiếu ngữ cảnh cần thiết để mô phỏng.",
    "Simulation time": "Thời gian mô phỏng",
    "Specified time": "Thời gian chỉ định",
    "Start weekday": "Ngày bắt đầu",
    "This expression cannot be edited visually without losing information.": "Không thể chuyển biểu thức này sang chỉnh sửa trực quan mà không mất thông tin.",
    "This expression cannot be simulated in the browser.": "Không thể mô phỏng biểu thức này trong trình duyệt.",
    "This expression exceeds the browser simulation limits.": "Biểu thức này vượt quá giới hạn mô phỏng của trình duyệt.",
    "Time functions use the timezone written in the expression.": "Các hàm thời gian sử dụng múi giờ được chỉ định trong biểu thức.",
    "Timezone": "Múi giờ",
    "to": "đến",
    "Use the existing token total": "Sử dụng tổng token hiện có",
    "When conditions match": "Khi điều kiện thỏa mãn",
    "When conditions match → {{name}}": "Điều kiện thỏa mãn → {{name}}"
  }
}
