$ vitest run --config vitest.sync.config.ts time-rule-editor

 RUN  v5.0.0 D:/10178/Projects/new-api-upstream-sync/web

 ❯ src/features/system-settings/models/__tests__/time-rule-editor.test.tsx (2 tests | 2 failed) 2179ms
   ❯ saved request rules in the pricing editor (2)
     × keeps a saved unsupported rule when opening the visual editor 1103ms
     × explains daytime and overnight ranges and applies an edited end bound 1075ms

⎯⎯⎯⎯⎯⎯⎯ Failed Tests 2 ⎯⎯⎯⎯⎯⎯⎯

 FAIL  src/features/system-settings/models/__tests__/time-rule-editor.test.tsx > saved request rules in the pricing editor > keeps a saved unsupported rule when opening the visual editor
TestingLibraryElementError: Unable to find an element with the text: This expression is too complex for the visual editor. Please switch to expression mode to edit.. This could be because the text is broken up by multiple elements. In this case, you can provide a function for your text matcher to make your matcher more flexible.

Ignored nodes: comments, script, style
[36m<body>[39m
  [36m<div>[39m
    [36m<div[39m
      [33mclass[39m=[32m"space-y-5"[39m
    [36m>[39m
      [36m<div[39m
        [33mclass[39m=[32m"grid gap-3 sm:grid-cols-[minmax(0,1fr)_auto] sm:items-end"[39m
      [36m>[39m
        [36m<div[39m
          [33mclass[39m=[32m"group/field flex w-full data-[invalid=true]:text-destructive flex-col *:w-full [&>.sr-only]:w-auto gap-2"[39m
          [33mdata-orientation[39m=[32m"vertical"[39m
          [33mdata-slot[39m=[32m"field"[39m
          [33mrole[39m=[32m"group"[39m
        [36m>[39m
          [36m<label[39m
            [33mclass[39m=[32m"items-center text-sm font-medium select-none group-data-[disabled=true]:pointer-events-none group-data-[disabled=true]:opacity-50 peer-disabled:cursor-not-allowed peer-disabled:opacity-50 group/field-label peer/field-label has-data-checked:border-primary/30 has-data-checked:bg-primary/5 dark:has-data-checked:border-primary/20 dark:has-data-checked:bg-primary/10 flex w-fit gap-2 leading-snug group-data-[disabled=true]/field:opacity-50 has-[>[data-slot=field]]:rounded-lg has-[>[data-slot=field]]:border *:data-[slot=field]:p-2.5 has-[>[data-slot=field]]:w-full has-[>[data-slot=field]]:flex-col"[39m
            [33mdata-slot[39m=[32m"field-label"[39m
          [36m>[39m
            [0mEditor mode[0m
          [36m</label>[39m
          [36m<button[39m
            [33maria-expanded[39m=[32m"false"[39m
            [33maria-haspopup[39m=[32m"listbox"[39m
            [33mclass[39m=[32m"border-input focus-visible:border-ring focus-visible:ring-ring/50 aria-invalid:border-destructive aria-invalid:ring-destructive/20 data-placeholder:text-muted-foreground dark:bg-input/30 dark:hover:bg-input/50 dark:aria-invalid:border-destructive/50 dark:aria-invalid:ring-destructive/40 flex items-center justify-between gap-1.5 rounded-lg border bg-transparent py-2 pr-2 pl-2.5 text-sm whitespace-nowrap transition-colors outline-none select-none focus-visible:ring-3 disabled:cursor-not-allowed disabled:opacity-50 aria-invalid:ring-3 data-[size=default]:h-8 data-[size=sm]:h-7 data-[size=sm]:rounded-md *:data-[slot=select-value]:line-clamp-1 *:data-[slot=select-value]:flex *:data-[slot=select-value]:items-center *:data-[slot=select-value]:gap-1.5 [&_svg]:pointer-events-none [&_svg]:shrink-0 [&_svg:not([class*='size-'])]:size-4 w-full sm:w-56"[39m
            [33mdata-size[39m=[32m"sm"[39m
            [33mdata-slot[39m=[32m"select-trigger"[39m
            [33mid[39m=[32m"base-ui-_r_0_"[39m
            [33mrole[39m=[32m"combobox"[39m
            [33mtabindex[39m=[32m"0"[39m
            [33mtype[39m=[32m"button"[39m
          [36m>[39m
            [36m<span[39m
              [33mclass[39m=[32m"flex flex-1 text-left"[39m
              [33mdata-slot[39m=[32m"select-value"[39m
            [36m>[39m
              [0mVisual editor[0m
            [36m</span>[39m
            [36m<svg[39m
              [33maria-hidden[39m=[32m"true"[39m
              [33mclass[39m=[32m"text-muted-foreground pointer-events-none size-4"[39m
              [33mcolor[39m=[32m"currentColor"[39m
              [33mfill[39m=[32m"none"[39m
              [33mheight[39m=[32m"24"[39m
              [33mstroke[39m=[32m"currentColor"[39m
              [33mstroke-width[39m=[32m"2"[39m
              [33mviewBox[39m=[32m"0 0 24 24"[39m
              [33mwidth[39m=[32m"24"[39m
              [33mxmlns[39m=[32m"http://www.w3.org/2000/svg"[39m
            [36m>[39m
              [36m<path[39m
                [33md[39m=[32m"M18 14C18 14 13.5811 19 12 19C10.4188 19 6 14 6 14"[39m
                [33mstroke[39m=[32m"currentColor"[39m
                [33mstroke-linecap[39m=[32m"round"[39m
                [33mstroke-linejoin[39m=[32m"round"[39m
                [33mstroke-width[39m=[32m"2"[39m
              [36m/>[39m
              [36m<path[39m
                [33md[39m=[32m"M18 9.99996C18 9.99996 13.5811 5.00001 12 5C10.4188 4.99999 6 10 6 10"[39m
                [33mstroke[39m=[32m"currentColor"[39m
                [33mstroke-linecap[39m=[32m"round"[39m
                [33mstroke-linejoin[39m=[32m"round"[39m
                [33mstroke-width[39m=[32m"2"[39m
              [36m/>[39m
            [36m</svg>[39m
          [36m</button>[39m
          [36m<input[39m
            [33maria-hidden[39m=[32m"true"[39m
            [33mid[39m=[32m"base-ui-_r_0_-hidden-input"[39m
            [33mstyle[39m=[32m"clip-path: inset(50%); overflow: hidden; white-space: nowrap; border: 0px; padding: 0px; width: 1px; height: 1px; margin: -1px; position: fixed; top: 0px; left: 0px;"[39m
            [33mtabindex[39m=[32m"-1"[39m
            [33mvalue[39m=[32m"visual"[39m
          [36m/>[39m
        [36m</div>[39m
      [36m</div>[39m
      [36m<div[39m
        [33mclass[39m=[32m"space-y-2"[39m
      [36m>[39m
        [36m<div[39m
          [33mclass[39m=[32m"flex items-center gap-2"[39m
        [36m>[39m
          [36m<span[39m
            [33mclass[39m=[32m"text-sm font-medium"[39m
          [36m>[39m
            [0mPreset templates[0m
          [36m</span>[39m
          [36m<button[39m
            [33mclass[39m=[32m"group/button inline-flex shrink-0 items-center justify-center border border-transparent bg-clip-padding font-medium whitespace-nowrap transition-all outline-none select-none focus-visible:border-ring focus-visible:ring-3 focus-visible:ring-ring/50 active:not-aria-[haspopup]:translate-y-px disabled:pointer-events-none disabled:opacity-50 aria-invalid:border-destructive aria-invalid:ring-3 aria-invalid:ring-destructive/20 dark:aria-invalid:border-destructive/50 dark:aria-invalid:ring-destructive/40 [&_svg]:pointer-events-none [&_svg]:shrink-0 hover:bg-muted hover:text-foreground aria-expanded:bg-muted aria-expanded:text-foreground dark:hover:bg-muted/50 gap-1 rounded-md in-data-[slot=button-group]:rounded-lg has-data-[icon=inline-end]:pr-1.5 has-data-[icon=inline-start]:pl-1.5 [&_svg:not([class*='size-'])]:size-3.5 h-6 px-2 text-xs"[39m
            [33mdata-slot[39m=[32m"button"[39m
            [33mtabindex[39m=[32m"0"[39m
            [33mtype[39m=[32m"button"[39m
          [36m>[39m
            [0mMore templates...[0m
          [36m</button>[39m
        [36m</div>[39m
        [36m<div[39m
          [33mclass[39m=[32m"space-y-1"[39m
        [36m>[39m
          [36m<div[39m
            [33mclass[39m=[32m"flex flex-wrap items-center gap-2"[39m
          [36m>[39m
            [36m<span[39m
              [33mclass[39m=[32m"group/badge inline-flex h-5 w-fit shrink-0 items-center gap-1 overflow-hidden rounded-4xl border border-transparent px-2 py-0.5 text-xs font-medium whitespace-nowrap transition-all focus-visible:border-ring focus-visible:ring-[3px] focus-visible:ring-ring/5...

Ignored nodes: comments, script, style
[36m<body>[39m
  [36m<div>[39m
    [36m<div[39m
      [33mclass[39m=[32m"space-y-5"[39m
    [36m>[39m
      [36m<div[39m
        [33mclass[39m=[32m"grid gap-3 sm:grid-cols-[minmax(0,1fr)_auto] sm:items-end"[39m
      [36m>[39m
        [36m<div[39m
          [33mclass[39m=[32m"group/field flex w-full data-[invalid=true]:text-destructive flex-col *:w-full [&>.sr-only]:w-auto gap-2"[39m
          [33mdata-orientation[39m=[32m"vertical"[39m
          [33mdata-slot[39m=[32m"field"[39m
          [33mrole[39m=[32m"group"[39m
        [36m>[39m
          [36m<label[39m
            [33mclass[39m=[32m"items-center text-sm font-medium select-none group-data-[disabled=true]:pointer-events-none group-data-[disabled=true]:opacity-50 peer-disabled:cursor-not-allowed peer-disabled:opacity-50 group/field-label peer/field-label has-data-checked:border-primary/30 has-data-checked:bg-primary/5 dark:has-data-checked:border-primary/20 dark:has-data-checked:bg-primary/10 flex w-fit gap-2 leading-snug group-data-[disabled=true]/field:opacity-50 has-[>[data-slot=field]]:rounded-lg has-[>[data-slot=field]]:border *:data-[slot=field]:p-2.5 has-[>[data-slot=field]]:w-full has-[>[data-slot=field]]:flex-col"[39m
            [33mdata-slot[39m=[32m"field-label"[39m
          [36m>[39m
            [0mEditor mode[0m
          [36m</label>[39m
          [36m<button[39m
            [33maria-expanded[39m=[32m"false"[39m
            [33maria-haspopup[39m=[32m"listbox"[39m
            [33mclass[39m=[32m"border-input focus-visible:border-ring focus-visible:ring-ring/50 aria-invalid:border-destructive aria-invalid:ring-destructive/20 data-placeholder:text-muted-foreground dark:bg-input/30 dark:hover:bg-input/50 dark:aria-invalid:border-destructive/50 dark:aria-invalid:ring-destructive/40 flex items-center justify-between gap-1.5 rounded-lg border bg-transparent py-2 pr-2 pl-2.5 text-sm whitespace-nowrap transition-colors outline-none select-none focus-visible:ring-3 disabled:cursor-not-allowed disabled:opacity-50 aria-invalid:ring-3 data-[size=default]:h-8 data-[size=sm]:h-7 data-[size=sm]:rounded-md *:data-[slot=select-value]:line-clamp-1 *:data-[slot=select-value]:flex *:data-[slot=select-value]:items-center *:data-[slot=select-value]:gap-1.5 [&_svg]:pointer-events-none [&_svg]:shrink-0 [&_svg:not([class*='size-'])]:size-4 w-full sm:w-56"[39m
            [33mdata-size[39m=[32m"sm"[39m
            [33mdata-slot[39m=[32m"select-trigger"[39m
            [33mid[39m=[32m"base-ui-_r_0_"[39m
            [33mrole[39m=[32m"combobox"[39m
            [33mtabindex[39m=[32m"0"[39m
            [33mtype[39m=[32m"button"[39m
          [36m>[39m
            [36m<span[39m
              [33mclass[39m=[32m"flex flex-1 text-left"[39m
              [33mdata-slot[39m=[32m"select-value"[39m
            [36m>[39m
              [0mVisual editor[0m
            [36m</span>[39m
            [36m<svg[39m
              [33maria-hidden[39m=[32m"true"[39m
              [33mclass[39m=[32m"text-muted-foreground pointer-events-none size-4"[39m
              [33mcolor[39m=[32m"currentColor"[39m
              [33mfill[39m=[32m"none"[39m
              [33mheight[39m=[32m"24"[39m
              [33mstroke[39m=[32m"currentColor"[39m
              [33mstroke-width[39m=[32m"2"[39m
              [33mviewBox[39m=[32m"0 0 24 24"[39m
              [33mwidth[39m=[32m"24"[39m
              [33mxmlns[39m=[32m"http://www.w3.org/2000/svg"[39m
            [36m>[39m
              [36m<path[39m
                [33md[39m=[32m"M18 14C18 14 13.5811 19 12 19C10.4188 19 6 14 6 14"[39m
                [33mstroke[39m=[32m"currentColor"[39m
                [33mstroke-linecap[39m=[32m"round"[39m
                [33mstroke-linejoin[39m=[32m"round"[39m
                [33mstroke-width[39m=[32m"2"[39m
              [36m/>[39m
              [36m<path[39m
                [33md[39m=[32m"M18 9.99996C18 9.99996 13.5811 5.00001 12 5C10.4188 4.99999 6 10 6 10"[39m
                [33mstroke[39m=[32m"currentColor"[39m
                [33mstroke-linecap[39m=[32m"round"[39m
                [33mstroke-linejoin[39m=[32m"round"[39m
                [33mstroke-width[39m=[32m"2"[39m
              [36m/>[39m
            [36m</svg>[39m
          [36m</button>[39m
          [36m<input[39m
            [33maria-hidden[39m=[32m"true"[39m
            [33mid[39m=[32m"base-ui-_r_0_-hidden-input"[39m
            [33mstyle[39m=[32m"clip-path: inset(50%); overflow: hidden; white-space: nowrap; border: 0px; padding: 0px; width: 1px; height: 1px; margin: -1px; position: fixed; top: 0px; left: 0px;"[39m
            [33mtabindex[39m=[32m"-1"[39m
            [33mvalue[39m=[32m"visual"[39m
          [36m/>[39m
        [36m</div>[39m
      [36m</div>[39m
      [36m<div[39m
        [33mclass[39m=[32m"space-y-2"[39m
      [36m>[39m
        [36m<div[39m
          [33mclass[39m=[32m"flex items-center gap-2"[39m
        [36m>[39m
          [36m<span[39m
            [33mclass[39m=[32m"text-sm font-medium"[39m
          [36m>[39m
            [0mPreset templates[0m
          [36m</span>[39m
          [36m<button[39m
            [33mclass[39m=[32m"group/button inline-flex shrink-0 items-center justify-center border border-transparent bg-clip-padding font-medium whitespace-nowrap transition-all outline-none select-none focus-visible:border-ring focus-visible:ring-3 focus-visible:ring-ring/50 active:not-aria-[haspopup]:translate-y-px disabled:pointer-events-none disabled:opacity-50 aria-invalid:border-destructive aria-invalid:ring-3 aria-invalid:ring-destructive/20 dark:aria-invalid:border-destructive/50 dark:aria-invalid:ring-destructive/40 [&_svg]:pointer-events-none [&_svg]:shrink-0 hover:bg-muted hover:text-foreground aria-expanded:bg-muted aria-expanded:text-foreground dark:hover:bg-muted/50 gap-1 rounded-md in-data-[slot=button-group]:rounded-lg has-data-[icon=inline-end]:pr-1.5 has-data-[icon=inline-start]:pl-1.5 [&_svg:not([class*='size-'])]:size-3.5 h-6 px-2 text-xs"[39m
            [33mdata-slot[39m=[32m"button"[39m
            [33mtabindex[39m=[32m"0"[39m
            [33mtype[39m=[32m"button"[39m
          [36m>[39m
            [0mMore templates...[0m
          [36m</button>[39m
        [36m</div>[39m
        [36m<div[39m
          [33mclass[39m=[32m"space-y-1"[39m
        [36m>[39m
          [36m<div[39m
            [33mclass[39m=[32m"flex flex-wrap items-center gap-2"[39m
          [36m>[39m
            [36m<span[39m
              [33mclass[39m=[32m"group/badge inline-flex h-5 w-fit shrink-0 items-center gap-1 overflow-hidden rounded-4xl border border-transparent px-2 py-0.5 text-xs font-medium whitespace-nowrap transition-all focus-visible:border-ring focus-visible:ring-[3px] focus-visible:ring-ring/5...
 ❯ waitForWrapper node_modules/@testing-library/dom/dist/wait-for.js:163:27
 ❯ node_modules/@testing-library/dom/dist/query-helpers.js:86:33
 ❯ src/features/system-settings/models/__tests__/time-rule-editor.test.tsx:46:18
     44|     render(<EditorFixture initialRule={initialRule} />)
     45|
     46|     await screen.findByText(
       |                  ^
     47|       'This expression is too complex for the visual editor. Please sw…
     48|     )

⎯⎯⎯⎯⎯⎯⎯⎯⎯⎯⎯⎯⎯⎯⎯⎯⎯⎯⎯⎯⎯⎯⎯⎯[1/2]⎯

 FAIL  src/features/system-settings/models/__tests__/time-rule-editor.test.tsx > saved request rules in the pricing editor > explains daytime and overnight ranges and applies an edited end bound
TestingLibraryElementError: Unable to find an element with the text: Start ≤ end: within the day; start > end: across midnight. This could be because the text is broken up by multiple elements. In this case, you can provide a function for your text matcher to make your matcher more flexible.

Ignored nodes: comments, script, style
[36m<body>[39m
  [36m<div>[39m
    [36m<div[39m
      [33mclass[39m=[32m"space-y-5"[39m
    [36m>[39m
      [36m<div[39m
        [33mclass[39m=[32m"grid gap-3 sm:grid-cols-[minmax(0,1fr)_auto] sm:items-end"[39m
      [36m>[39m
        [36m<div[39m
          [33mclass[39m=[32m"group/field flex w-full data-[invalid=true]:text-destructive flex-col *:w-full [&>.sr-only]:w-auto gap-2"[39m
          [33mdata-orientation[39m=[32m"vertical"[39m
          [33mdata-slot[39m=[32m"field"[39m
          [33mrole[39m=[32m"group"[39m
        [36m>[39m
          [36m<label[39m
            [33mclass[39m=[32m"items-center text-sm font-medium select-none group-data-[disabled=true]:pointer-events-none group-data-[disabled=true]:opacity-50 peer-disabled:cursor-not-allowed peer-disabled:opacity-50 group/field-label peer/field-label has-data-checked:border-primary/30 has-data-checked:bg-primary/5 dark:has-data-checked:border-primary/20 dark:has-data-checked:bg-primary/10 flex w-fit gap-2 leading-snug group-data-[disabled=true]/field:opacity-50 has-[>[data-slot=field]]:rounded-lg has-[>[data-slot=field]]:border *:data-[slot=field]:p-2.5 has-[>[data-slot=field]]:w-full has-[>[data-slot=field]]:flex-col"[39m
            [33mdata-slot[39m=[32m"field-label"[39m
          [36m>[39m
            [0mEditor mode[0m
          [36m</label>[39m
          [36m<button[39m
            [33maria-expanded[39m=[32m"false"[39m
            [33maria-haspopup[39m=[32m"listbox"[39m
            [33mclass[39m=[32m"border-input focus-visible:border-ring focus-visible:ring-ring/50 aria-invalid:border-destructive aria-invalid:ring-destructive/20 data-placeholder:text-muted-foreground dark:bg-input/30 dark:hover:bg-input/50 dark:aria-invalid:border-destructive/50 dark:aria-invalid:ring-destructive/40 flex items-center justify-between gap-1.5 rounded-lg border bg-transparent py-2 pr-2 pl-2.5 text-sm whitespace-nowrap transition-colors outline-none select-none focus-visible:ring-3 disabled:cursor-not-allowed disabled:opacity-50 aria-invalid:ring-3 data-[size=default]:h-8 data-[size=sm]:h-7 data-[size=sm]:rounded-md *:data-[slot=select-value]:line-clamp-1 *:data-[slot=select-value]:flex *:data-[slot=select-value]:items-center *:data-[slot=select-value]:gap-1.5 [&_svg]:pointer-events-none [&_svg]:shrink-0 [&_svg:not([class*='size-'])]:size-4 w-full sm:w-56"[39m
            [33mdata-size[39m=[32m"sm"[39m
            [33mdata-slot[39m=[32m"select-trigger"[39m
            [33mid[39m=[32m"base-ui-_r_c_"[39m
            [33mrole[39m=[32m"combobox"[39m
            [33mtabindex[39m=[32m"0"[39m
            [33mtype[39m=[32m"button"[39m
          [36m>[39m
            [36m<span[39m
              [33mclass[39m=[32m"flex flex-1 text-left"[39m
              [33mdata-slot[39m=[32m"select-value"[39m
            [36m>[39m
              [0mVisual editor[0m
            [36m</span>[39m
            [36m<svg[39m
              [33maria-hidden[39m=[32m"true"[39m
              [33mclass[39m=[32m"text-muted-foreground pointer-events-none size-4"[39m
              [33mcolor[39m=[32m"currentColor"[39m
              [33mfill[39m=[32m"none"[39m
              [33mheight[39m=[32m"24"[39m
              [33mstroke[39m=[32m"currentColor"[39m
              [33mstroke-width[39m=[32m"2"[39m
              [33mviewBox[39m=[32m"0 0 24 24"[39m
              [33mwidth[39m=[32m"24"[39m
              [33mxmlns[39m=[32m"http://www.w3.org/2000/svg"[39m
            [36m>[39m
              [36m<path[39m
                [33md[39m=[32m"M18 14C18 14 13.5811 19 12 19C10.4188 19 6 14 6 14"[39m
                [33mstroke[39m=[32m"currentColor"[39m
                [33mstroke-linecap[39m=[32m"round"[39m
                [33mstroke-linejoin[39m=[32m"round"[39m
                [33mstroke-width[39m=[32m"2"[39m
              [36m/>[39m
              [36m<path[39m
                [33md[39m=[32m"M18 9.99996C18 9.99996 13.5811 5.00001 12 5C10.4188 4.99999 6 10 6 10"[39m
                [33mstroke[39m=[32m"currentColor"[39m
                [33mstroke-linecap[39m=[32m"round"[39m
                [33mstroke-linejoin[39m=[32m"round"[39m
                [33mstroke-width[39m=[32m"2"[39m
              [36m/>[39m
            [36m</svg>[39m
          [36m</button>[39m
          [36m<input[39m
            [33maria-hidden[39m=[32m"true"[39m
            [33mid[39m=[32m"base-ui-_r_c_-hidden-input"[39m
            [33mstyle[39m=[32m"clip-path: inset(50%); overflow: hidden; white-space: nowrap; border: 0px; padding: 0px; width: 1px; height: 1px; margin: -1px; position: fixed; top: 0px; left: 0px;"[39m
            [33mtabindex[39m=[32m"-1"[39m
            [33mvalue[39m=[32m"visual"[39m
          [36m/>[39m
        [36m</div>[39m
      [36m</div>[39m
      [36m<div[39m
        [33mclass[39m=[32m"space-y-2"[39m
      [36m>[39m
        [36m<div[39m
          [33mclass[39m=[32m"flex items-center gap-2"[39m
        [36m>[39m
          [36m<span[39m
            [33mclass[39m=[32m"text-sm font-medium"[39m
          [36m>[39m
            [0mPreset templates[0m
          [36m</span>[39m
          [36m<button[39m
            [33mclass[39m=[32m"group/button inline-flex shrink-0 items-center justify-center border border-transparent bg-clip-padding font-medium whitespace-nowrap transition-all outline-none select-none focus-visible:border-ring focus-visible:ring-3 focus-visible:ring-ring/50 active:not-aria-[haspopup]:translate-y-px disabled:pointer-events-none disabled:opacity-50 aria-invalid:border-destructive aria-invalid:ring-3 aria-invalid:ring-destructive/20 dark:aria-invalid:border-destructive/50 dark:aria-invalid:ring-destructive/40 [&_svg]:pointer-events-none [&_svg]:shrink-0 hover:bg-muted hover:text-foreground aria-expanded:bg-muted aria-expanded:text-foreground dark:hover:bg-muted/50 gap-1 rounded-md in-data-[slot=button-group]:rounded-lg has-data-[icon=inline-end]:pr-1.5 has-data-[icon=inline-start]:pl-1.5 [&_svg:not([class*='size-'])]:size-3.5 h-6 px-2 text-xs"[39m
            [33mdata-slot[39m=[32m"button"[39m
            [33mtabindex[39m=[32m"0"[39m
            [33mtype[39m=[32m"button"[39m
          [36m>[39m
            [0mMore templates...[0m
          [36m</button>[39m
        [36m</div>[39m
        [36m<div[39m
          [33mclass[39m=[32m"space-y-1"[39m
        [36m>[39m
          [36m<div[39m
            [33mclass[39m=[32m"flex flex-wrap items-center gap-2"[39m
          [36m>[39m
            [36m<span[39m
              [33mclass[39m=[32m"group/badge inline-flex h-5 w-fit shrink-0 items-center gap-1 overflow-hidden rounded-4xl border border-transparent px-2 py-0.5 text-xs font-medium whitespace-nowrap transition-all focus-visible:border-ring focus-visible:ring-[3px] focus-visible:ring-ring/5...

Ignored nodes: comments, script, style
[36m<body>[39m
  [36m<div>[39m
    [36m<div[39m
      [33mclass[39m=[32m"space-y-5"[39m
    [36m>[39m
      [36m<div[39m
        [33mclass[39m=[32m"grid gap-3 sm:grid-cols-[minmax(0,1fr)_auto] sm:items-end"[39m
      [36m>[39m
        [36m<div[39m
          [33mclass[39m=[32m"group/field flex w-full data-[invalid=true]:text-destructive flex-col *:w-full [&>.sr-only]:w-auto gap-2"[39m
          [33mdata-orientation[39m=[32m"vertical"[39m
          [33mdata-slot[39m=[32m"field"[39m
          [33mrole[39m=[32m"group"[39m
        [36m>[39m
          [36m<label[39m
            [33mclass[39m=[32m"items-center text-sm font-medium select-none group-data-[disabled=true]:pointer-events-none group-data-[disabled=true]:opacity-50 peer-disabled:cursor-not-allowed peer-disabled:opacity-50 group/field-label peer/field-label has-data-checked:border-primary/30 has-data-checked:bg-primary/5 dark:has-data-checked:border-primary/20 dark:has-data-checked:bg-primary/10 flex w-fit gap-2 leading-snug group-data-[disabled=true]/field:opacity-50 has-[>[data-slot=field]]:rounded-lg has-[>[data-slot=field]]:border *:data-[slot=field]:p-2.5 has-[>[data-slot=field]]:w-full has-[>[data-slot=field]]:flex-col"[39m
            [33mdata-slot[39m=[32m"field-label"[39m
          [36m>[39m
            [0mEditor mode[0m
          [36m</label>[39m
          [36m<button[39m
            [33maria-expanded[39m=[32m"false"[39m
            [33maria-haspopup[39m=[32m"listbox"[39m
            [33mclass[39m=[32m"border-input focus-visible:border-ring focus-visible:ring-ring/50 aria-invalid:border-destructive aria-invalid:ring-destructive/20 data-placeholder:text-muted-foreground dark:bg-input/30 dark:hover:bg-input/50 dark:aria-invalid:border-destructive/50 dark:aria-invalid:ring-destructive/40 flex items-center justify-between gap-1.5 rounded-lg border bg-transparent py-2 pr-2 pl-2.5 text-sm whitespace-nowrap transition-colors outline-none select-none focus-visible:ring-3 disabled:cursor-not-allowed disabled:opacity-50 aria-invalid:ring-3 data-[size=default]:h-8 data-[size=sm]:h-7 data-[size=sm]:rounded-md *:data-[slot=select-value]:line-clamp-1 *:data-[slot=select-value]:flex *:data-[slot=select-value]:items-center *:data-[slot=select-value]:gap-1.5 [&_svg]:pointer-events-none [&_svg]:shrink-0 [&_svg:not([class*='size-'])]:size-4 w-full sm:w-56"[39m
            [33mdata-size[39m=[32m"sm"[39m
            [33mdata-slot[39m=[32m"select-trigger"[39m
            [33mid[39m=[32m"base-ui-_r_c_"[39m
            [33mrole[39m=[32m"combobox"[39m
            [33mtabindex[39m=[32m"0"[39m
            [33mtype[39m=[32m"button"[39m
          [36m>[39m
            [36m<span[39m
              [33mclass[39m=[32m"flex flex-1 text-left"[39m
              [33mdata-slot[39m=[32m"select-value"[39m
            [36m>[39m
              [0mVisual editor[0m
            [36m</span>[39m
            [36m<svg[39m
              [33maria-hidden[39m=[32m"true"[39m
              [33mclass[39m=[32m"text-muted-foreground pointer-events-none size-4"[39m
              [33mcolor[39m=[32m"currentColor"[39m
              [33mfill[39m=[32m"none"[39m
              [33mheight[39m=[32m"24"[39m
              [33mstroke[39m=[32m"currentColor"[39m
              [33mstroke-width[39m=[32m"2"[39m
              [33mviewBox[39m=[32m"0 0 24 24"[39m
              [33mwidth[39m=[32m"24"[39m
              [33mxmlns[39m=[32m"http://www.w3.org/2000/svg"[39m
            [36m>[39m
              [36m<path[39m
                [33md[39m=[32m"M18 14C18 14 13.5811 19 12 19C10.4188 19 6 14 6 14"[39m
                [33mstroke[39m=[32m"currentColor"[39m
                [33mstroke-linecap[39m=[32m"round"[39m
                [33mstroke-linejoin[39m=[32m"round"[39m
                [33mstroke-width[39m=[32m"2"[39m
              [36m/>[39m
              [36m<path[39m
                [33md[39m=[32m"M18 9.99996C18 9.99996 13.5811 5.00001 12 5C10.4188 4.99999 6 10 6 10"[39m
                [33mstroke[39m=[32m"currentColor"[39m
                [33mstroke-linecap[39m=[32m"round"[39m
                [33mstroke-linejoin[39m=[32m"round"[39m
                [33mstroke-width[39m=[32m"2"[39m
              [36m/>[39m
            [36m</svg>[39m
          [36m</button>[39m
          [36m<input[39m
            [33maria-hidden[39m=[32m"true"[39m
            [33mid[39m=[32m"base-ui-_r_c_-hidden-input"[39m
            [33mstyle[39m=[32m"clip-path: inset(50%); overflow: hidden; white-space: nowrap; border: 0px; padding: 0px; width: 1px; height: 1px; margin: -1px; position: fixed; top: 0px; left: 0px;"[39m
            [33mtabindex[39m=[32m"-1"[39m
            [33mvalue[39m=[32m"visual"[39m
          [36m/>[39m
        [36m</div>[39m
      [36m</div>[39m
      [36m<div[39m
        [33mclass[39m=[32m"space-y-2"[39m
      [36m>[39m
        [36m<div[39m
          [33mclass[39m=[32m"flex items-center gap-2"[39m
        [36m>[39m
          [36m<span[39m
            [33mclass[39m=[32m"text-sm font-medium"[39m
          [36m>[39m
            [0mPreset templates[0m
          [36m</span>[39m
          [36m<button[39m
            [33mclass[39m=[32m"group/button inline-flex shrink-0 items-center justify-center border border-transparent bg-clip-padding font-medium whitespace-nowrap transition-all outline-none select-none focus-visible:border-ring focus-visible:ring-3 focus-visible:ring-ring/50 active:not-aria-[haspopup]:translate-y-px disabled:pointer-events-none disabled:opacity-50 aria-invalid:border-destructive aria-invalid:ring-3 aria-invalid:ring-destructive/20 dark:aria-invalid:border-destructive/50 dark:aria-invalid:ring-destructive/40 [&_svg]:pointer-events-none [&_svg]:shrink-0 hover:bg-muted hover:text-foreground aria-expanded:bg-muted aria-expanded:text-foreground dark:hover:bg-muted/50 gap-1 rounded-md in-data-[slot=button-group]:rounded-lg has-data-[icon=inline-end]:pr-1.5 has-data-[icon=inline-start]:pl-1.5 [&_svg:not([class*='size-'])]:size-3.5 h-6 px-2 text-xs"[39m
            [33mdata-slot[39m=[32m"button"[39m
            [33mtabindex[39m=[32m"0"[39m
            [33mtype[39m=[32m"button"[39m
          [36m>[39m
            [0mMore templates...[0m
          [36m</button>[39m
        [36m</div>[39m
        [36m<div[39m
          [33mclass[39m=[32m"space-y-1"[39m
        [36m>[39m
          [36m<div[39m
            [33mclass[39m=[32m"flex flex-wrap items-center gap-2"[39m
          [36m>[39m
            [36m<span[39m
              [33mclass[39m=[32m"group/badge inline-flex h-5 w-fit shrink-0 items-center gap-1 overflow-hidden rounded-4xl border border-transparent px-2 py-0.5 text-xs font-medium whitespace-nowrap transition-all focus-visible:border-ring focus-visible:ring-[3px] focus-visible:ring-ring/5...
 ❯ waitForWrapper node_modules/@testing-library/dom/dist/wait-for.js:163:27
 ❯ node_modules/@testing-library/dom/dist/query-helpers.js:86:33
 ❯ src/features/system-settings/models/__tests__/time-rule-editor.test.tsx:59:18
     57|     )
     58|
     59|     await screen.findByText(
       |                  ^
     60|       'Start ≤ end: within the day; start > end: across midnight'
     61|     )

⎯⎯⎯⎯⎯⎯⎯⎯⎯⎯⎯⎯⎯⎯⎯⎯⎯⎯⎯⎯⎯⎯⎯⎯[2/2]⎯


 Test Files  1 failed (1)
      Tests  2 failed (2)
   Start at  07:15:10
   Duration  7.91s (import 54%, tests 28%, environment 10%, setup 4%, transform 4%)

error: script "test:sync" exited with code 1
