src/features/users/components/data-table-bulk-actions.tsx:32:7: error react(jsx-no-useless-fragment): Fragments should contain more than one child.
src/features/wallet/components/creem-products-section.tsx:45:21: error react(no-array-index-key): Usage of Array index in keys is not allowed help: Use a unique data-dependent key to avoid unnecessary rerenders
src/features/models/components/deployment-access-guard.tsx:202:10: error react(jsx-no-useless-fragment): Fragments should contain more than one child.
src/features/wallet/components/dialogs/billing-history-dialog.tsx:150:14: error eslint(no-nested-ternary): Do not nest ternary expressions. help: Refactor nested ternary expressions into if-else statements for better readability.
src/features/wallet/components/dialogs/billing-history-dialog.tsx:153:24: error react(no-array-index-key): Usage of Array index in keys is not allowed help: Use a unique data-dependent key to avoid unnecessary rerenders
src/components/layout/components/public-navigation.tsx:59:15: error react(no-array-index-key): Usage of Array index in keys is not allowed help: Use a unique data-dependent key to avoid unnecessary rerenders
src/components/layout/components/public-navigation.tsx:75:13: error react(no-array-index-key): Usage of Array index in keys is not allowed help: Use a unique data-dependent key to avoid unnecessary rerenders
src/components/layout/components/nav-link-item.tsx:81:11: error react(no-array-index-key): Usage of Array index in keys is not allowed help: Use a unique data-dependent key to avoid unnecessary rerenders
src/features/pricing/components/model-details-uptime-sparkline.tsx:160:5: error eslint(no-nested-ternary): Do not nest ternary expressions. help: Refactor nested ternary expressions into if-else statements for better readability.
src/features/pricing/components/model-details-uptime-sparkline.tsx:167:5: error eslint(no-nested-ternary): Do not nest ternary expressions. help: Refactor nested ternary expressions into if-else statements for better readability.
src/features/pricing/components/model-details-uptime-sparkline.tsx:169:9: error eslint(no-nested-ternary): Do not nest ternary expressions. help: Refactor nested ternary expressions into if-else statements for better readability.
src/features/pricing/components/model-details-uptime-sparkline.tsx:176:5: error eslint(no-nested-ternary): Do not nest ternary expressions. help: Refactor nested ternary expressions into if-else statements for better readability.
src/features/pricing/components/model-details-uptime-sparkline.tsx:178:9: error eslint(no-nested-ternary): Do not nest ternary expressions. help: Refactor nested ternary expressions into if-else statements for better readability.
src/features/pricing/components/model-details-apps.tsx:50:5: error eslint(no-nested-ternary): Do not nest ternary expressions. help: Refactor nested ternary expressions into if-else statements for better readability.
src/features/pricing/components/model-details-apps.tsx:52:9: error eslint(no-nested-ternary): Do not nest ternary expressions. help: Refactor nested ternary expressions into if-else statements for better readability.
src/features/pricing/components/model-details-apps.tsx:73:19: error eslint(no-nested-ternary): Do not nest ternary expressions. help: Refactor nested ternary expressions into if-else statements for better readability.
src/features/pricing/components/model-details-apps.tsx:78:16: error eslint(no-nested-ternary): Do not nest ternary expressions. help: Refactor nested ternary expressions into if-else statements for better readability.
src/components/data-table/core/column-header.tsx:67:12: error eslint(no-nested-ternary): Do not nest ternary expressions. help: Refactor nested ternary expressions into if-else statements for better readability.
src/features/home/components/scrolling-icons.tsx:50:21: error react(no-array-index-key): Usage of Array index in keys is not allowed help: Use a unique data-dependent key to avoid unnecessary rerenders
src/features/home/components/scrolling-icons.tsx:55:13: error react(no-array-index-key): Usage of Array index in keys is not allowed help: Use a unique data-dependent key to avoid unnecessary rerenders
src/features/models/components/prefill-group-shared.ts:102:11: error eslint(no-nested-ternary): Do not nest ternary expressions. help: Refactor nested ternary expressions into if-else statements for better readability.
src/components/data-table/toolbar/faceted-filter.tsx:146:22: error eslint(no-nested-ternary): Do not nest ternary expressions. help: Refactor nested ternary expressions into if-else statements for better readability.
src/components/data-table/toolbar/faceted-filter.tsx:159:22: error eslint(no-nested-ternary): Do not nest ternary expressions. help: Refactor nested ternary expressions into if-else statements for better readability.
src/features/system-settings/utils/json-parser.ts:76:22: warning unicorn(prefer-string-slice): Prefer String#slice() over String#substring()
src/features/models/lib/deployments-utils.ts:25:5: error eslint(no-nested-ternary): Do not nest ternary expressions. help: Refactor nested ternary expressions into if-else statements for better readability.
src/features/home/components/gateway-card.tsx:62:15: error react(no-array-index-key): Usage of Array index in keys is not allowed help: Use a unique data-dependent key to avoid unnecessary rerenders
src/features/system-settings/integrations/utils.ts:56:30: warning unicorn(prefer-string-slice): Prefer String#slice() over String#substring()
src/features/channels/components/model-mapping-editor.tsx:133:5: error react-hooks(exhaustive-deps): React Hook useEffect has a missing dependency: 'parseJsonToRows' help: Either include it or remove the dependency array.
src/features/system-settings/models/utils.ts:72:30: warning unicorn(prefer-string-slice): Prefer String#slice() over String#substring()
src/features/system-settings/general/pricing-section.tsx:240:24: error eslint(no-nested-ternary): Do not nest ternary expressions. help: Refactor nested ternary expressions into if-else statements for better readability.
src/features/home/components/hero-terminal-demo.tsx:229:16: error react(button-has-type): `button` elements must have an explicit `type` attribute. help: Add a `type` attribute to the `button` element.
src/features/home/components/hero-terminal-demo.tsx:346:21: error react(no-array-index-key): Usage of Array index in keys is not allowed help: Use a unique data-dependent key to avoid unnecessary rerenders
src/features/home/components/hero-terminal-demo.tsx:376:21: error react(no-array-index-key): Usage of Array index in keys is not allowed help: Use a unique data-dependent key to avoid unnecessary rerenders
src/features/home/components/hero-terminal-demo.tsx:412:15: error react(no-array-index-key): Usage of Array index in keys is not allowed help: Use a unique data-dependent key to avoid unnecessary rerenders
src/features/home/components/hero-terminal-demo.tsx:418:17: error react(no-array-index-key): Usage of Array index in keys is not allowed help: Use a unique data-dependent key to avoid unnecessary rerenders
src/features/home/components/hero-terminal-demo.tsx:423:33: error react(no-array-index-key): Usage of Array index in keys is not allowed help: Use a unique data-dependent key to avoid unnecessary rerenders
src/features/home/components/hero-terminal-demo.tsx:426:21: error react(no-array-index-key): Usage of Array index in keys is not allowed help: Use a unique data-dependent key to avoid unnecessary rerenders
src/features/home/components/hero-terminal-demo.tsx:432:21: error react(no-array-index-key): Usage of Array index in keys is not allowed help: Use a unique data-dependent key to avoid unnecessary rerenders
src/features/home/components/hero-terminal-demo.tsx:437:28: error react(no-array-index-key): Usage of Array index in keys is not allowed help: Use a unique data-dependent key to avoid unnecessary rerenders
src/features/home/components/hero-terminal-demo.tsx:469:16: error react(no-array-index-key): Usage of Array index in keys is not allowed help: Use a unique data-dependent key to avoid unnecessary rerenders
src/features/home/components/hero-terminal-demo.tsx:476:26: error react(no-array-index-key): Usage of Array index in keys is not allowed help: Use a unique data-dependent key to avoid unnecessary rerenders
src/features/home/components/hero-terminal-demo.tsx:478:33: error react(no-array-index-key): Usage of Array index in keys is not allowed help: Use a unique data-dependent key to avoid unnecessary rerenders
src/components/risk-acknowledgement-dialog.tsx:250:25: error react(no-array-index-key): Usage of Array index in keys is not allowed help: Use a unique data-dependent key to avoid unnecessary rerenders
src/components/risk-acknowledgement-dialog.tsx:257:25: error react(no-array-index-key): Usage of Array index in keys is not allowed help: Use a unique data-dependent key to avoid unnecessary rerenders
src/components/layout/components/footer.tsx:237:15: warning react(no-danger): Do not use `dangerouslySetInnerHTML` prop help: `dangerouslySetInnerHTML` is a way to inject HTML into your React component. This is dangerous because it can easily lead to XSS vulnerabilities.
src/components/layout/components/footer.tsx:276:22: error react(no-array-index-key): Usage of Array index in keys is not allowed help: Use a unique data-dependent key to avoid unnecessary rerenders
src/components/layout/components/footer.tsx:282:27: error react(no-array-index-key): Usage of Array index in keys is not allowed help: Use a unique data-dependent key to avoid unnecessary rerenders
src/components/ai-elements/web-preview.tsx:215:17: error react(iframe-missing-sandbox): An `iframe` element defines a sandbox attribute with both allow-scripts and allow-same-origin which is invalid help: Remove `allow-scripts` or `allow-same-origin`.
src/components/ai-elements/web-preview.tsx:283:17: error react(no-array-index-key): Usage of Array index in keys is not allowed help: Use a unique data-dependent key to avoid unnecessary rerenders
src/routes/_authenticated/chat/$chatId.tsx:157:6: error react(iframe-missing-sandbox): An iframe element is missing a sandbox attribute help: Add a `sandbox` attribute to the `iframe` element.
src/features/pricing/lib/mock-stats.ts:816:19: error eslint(no-nested-ternary): Do not nest ternary expressions. help: Refactor nested ternary expressions into if-else statements for better readability.
src/features/pricing/lib/mock-stats.ts:817:19: error eslint(no-nested-ternary): Do not nest ternary expressions. help: Refactor nested ternary expressions into if-else statements for better readability.
src/features/pricing/lib/mock-stats.ts:818:19: error eslint(no-nested-ternary): Do not nest ternary expressions. help: Refactor nested ternary expressions into if-else statements for better readability.
src/features/dashboard/lib/text.ts:32:17: warning unicorn(prefer-string-slice): Prefer String#slice() over String#substring()
src/components/confirm-dialog.tsx:65:41: error oxc(const-comparisons): Both sides of the logical operator are the same help: This logical expression will always evaluate to the same value as the expression itself.
src/features/dashboard/lib/charts.ts:241:22: error typescript(no-non-null-assertion): Forbidden non-null assertion.
src/features/dashboard/lib/charts.ts:284:7: error eslint(no-nested-ternary): Do not nest ternary expressions. help: Refactor nested ternary expressions into if-else statements for better readability.
src/features/dashboard/lib/charts.ts:812:17: error typescript(no-non-null-assertion): Forbidden non-null assertion.
src/components/ai-elements/prompt-input.tsx:184:7: error unicorn(prefer-spread): Prefer the spread operator (`...`) over array.concat() help: The spread operator (`...`) is more concise and readable.
src/components/ai-elements/prompt-input.tsx:555:16: error unicorn(prefer-spread): Prefer the spread operator (`...`) over array.concat() help: The spread operator (`...`) is more concise and readable.
src/components/ai-elements/prompt-input.tsx:695:14: warning unicorn(prefer-add-event-listener): Prefer `addEventListener()` over their `on`-function counterparts. help: `addEventListener()` can register multiple handlers and accepts options such as `{ once: true }`; assigning to `on<event>` replaces any previously registered handler.
src/components/ai-elements/prompt-input.tsx:730:5: error promise(catch-or-return): Expected `catch` or `return`. help: Return the promise or chain a `catch()`.
src/components/ai-elements/prompt-input.tsx:1161:25: warning unicorn(prefer-add-event-listener): Prefer `addEventListener()` over their `on`-function counterparts. help: `addEventListener()` can register multiple handlers and accepts options such as `{ once: true }`; assigning to `on<event>` replaces any previously registered handler.
src/components/layout/components/app-header.tsx:114:5: error react(jsx-no-useless-fragment): Fragments should contain more than one child. help: Replace `<> <Header> <SystemBrand variant='inline' /> {leftContent ? ( <div className='ms-2 flex items-center'>{leftContent}</div> ) : null} {rightContent ?? ( <div className='ms-auto flex items-center gap...` with `<Header> <SystemBrand variant='inline' /> {leftContent ? ( <div className='ms-2 flex items-center'>{leftContent}</div> ) : null} {rightContent ?? ( <div className='ms-auto flex items-center gap-1 sm:gap...`.
src/components/page-transition.tsx:135:12: error react(jsx-no-useless-fragment): Fragments should contain more than one child.
src/context/search-provider.tsx:21:29: error import(no-cycle): Dependency cycle detected help: Refactor to remove the cycle. Consider extracting shared code into a separate module that both files can import.
src/hooks/use-table-url-state.ts:225:14: error typescript(no-non-null-assertion): Forbidden non-null assertion. help: Consider using the optional chain operator `?.` instead. `x!.y` is equivalent to `x.y` at runtime and will throw if `x` is `null` or `undefined`, but `x?.y` will return `undefined`.
src/components/command-menu.tsx:34:27: error import(no-cycle): Dependency cycle detected help: Refactor to remove the cycle. Consider extracting shared code into a separate module that both files can import.
src/components/command-menu.tsx:74:25: error react(no-array-index-key): Usage of Array index in keys is not allowed help: Use a unique data-dependent key to avoid unnecessary rerenders
src/components/command-menu.tsx:89:23: error react(no-array-index-key): Usage of Array index in keys is not allowed help: Use a unique data-dependent key to avoid unnecessary rerenders
