$ oxlint -c .oxlintrc.json .
src/features/system-settings/integrations/amount-discount-visual-editor.tsx:62:26: warning unicorn(prefer-number-properties): Use `Number.isNaN` instead of the global `isNaN` help: Replace it with `Number.isNaN`
src/features/system-settings/integrations/amount-discount-visual-editor.tsx:62:49: warning unicorn(prefer-number-properties): Use `Number.isNaN` instead of the global `isNaN` help: Replace it with `Number.isNaN`
src/features/system-settings/integrations/amount-options-visual-editor.tsx:52:54: warning unicorn(prefer-number-properties): Use `Number.isNaN` instead of the global `isNaN` help: Replace it with `Number.isNaN`
src/features/system-settings/integrations/amount-options-visual-editor.tsx:58:20: warning unicorn(prefer-number-properties): Use `Number.parseFloat` instead of the global `parseFloat` help: Replace it with `Number.parseFloat`
src/features/system-settings/integrations/amount-options-visual-editor.tsx:59:9: warning unicorn(prefer-number-properties): Use `Number.isNaN` instead of the global `isNaN` help: Replace it with `Number.isNaN`
src/features/system-settings/integrations/amount-options-visual-editor.tsx:159:35: warning unicorn(prefer-number-properties): Use `Number.parseFloat` instead of the global `parseFloat` help: Replace it with `Number.parseFloat`
src/features/playground/drawing/lib/canvas-storage.ts:29:13: warning unicorn(prefer-add-event-listener): Prefer `addEventListener()` over their `on`-function counterparts. help: `addEventListener()` can register multiple handlers and accepts options such as `{ once: true }`; assigning to `on<event>` replaces any previously registered handler.
src/features/playground/drawing/lib/canvas-storage.ts:49:15: warning unicorn(prefer-add-event-listener): Prefer `addEventListener()` over their `on`-function counterparts. help: `addEventListener()` can register multiple handlers and accepts options such as `{ once: true }`; assigning to `on<event>` replaces any previously registered handler.
src/features/playground/drawing/lib/canvas-storage.ts:69:19: warning unicorn(prefer-add-event-listener): Prefer `addEventListener()` over their `on`-function counterparts. help: `addEventListener()` can register multiple handlers and accepts options such as `{ once: true }`; assigning to `on<event>` replaces any previously registered handler.
src/features/playground/drawing/lib/canvas-storage.ts:70:19: warning unicorn(prefer-add-event-listener): Prefer `addEventListener()` over their `on`-function counterparts. help: `addEventListener()` can register multiple handlers and accepts options such as `{ once: true }`; assigning to `on<event>` replaces any previously registered handler.
src/stores/system-config-store.ts:95:9: warning unicorn(no-useless-fallback-in-spread): Empty fallbacks in spreads are unnecessary help: Spreading falsy values in object literals won't add any unexpected properties, so it's unnecessary to add an empty object as fallback.
src/stores/system-config-store.ts:99:9: warning unicorn(no-useless-fallback-in-spread): Empty fallbacks in spreads are unnecessary help: Spreading falsy values in object literals won't add any unexpected properties, so it's unnecessary to add an empty object as fallback.
src/stores/system-config-store.ts:131:15: warning unicorn(no-useless-fallback-in-spread): Empty fallbacks in spreads are unnecessary help: Spreading falsy values in object literals won't add any unexpected properties, so it's unnecessary to add an empty object as fallback.
src/features/system-settings/general/channel-affinity/constants.ts:133:10: warning unicorn(prefer-structured-clone): Use `structuredClone(…)` to create a deep clone. help: Switch to `structuredClone(…)`.
src/hooks/use-system-config.ts:39:7: warning unicorn(prefer-add-event-listener): Prefer `addEventListener()` over their `on`-function counterparts. help: `addEventListener()` can register multiple handlers and accepts options such as `{ once: true }`; assigning to `on<event>` replaces any previously registered handler.
src/hooks/use-system-config.ts:40:7: warning unicorn(prefer-add-event-listener): Prefer `addEventListener()` over their `on`-function counterparts. help: `addEventListener()` can register multiple handlers and accepts options such as `{ once: true }`; assigning to `on<event>` replaces any previously registered handler.
src/hooks/use-system-config.ts:44:9: warning unicorn(prefer-add-event-listener): Prefer `addEventListener()` over their `on`-function counterparts. help: `addEventListener()` can register multiple handlers and accepts options such as `{ once: true }`; assigning to `on<event>` replaces any previously registered handler.
src/hooks/use-system-config.ts:45:9: warning unicorn(prefer-add-event-listener): Prefer `addEventListener()` over their `on`-function counterparts. help: `addEventListener()` can register multiple handlers and accepts options such as `{ once: true }`; assigning to `on<event>` replaces any previously registered handler.
src/features/system-settings/utils/json-parser.ts:76:22: warning unicorn(prefer-string-slice): Prefer String#slice() over String#substring()
src/features/system-settings/integrations/utils.ts:56:30: warning unicorn(prefer-string-slice): Prefer String#slice() over String#substring()
src/features/playground/drawing/lib/image-assets.ts:91:12: warning unicorn(prefer-add-event-listener): Prefer `addEventListener()` over their `on`-function counterparts. help: `addEventListener()` can register multiple handlers and accepts options such as `{ once: true }`; assigning to `on<event>` replaces any previously registered handler.
src/features/playground/drawing/lib/image-assets.ts:92:12: warning unicorn(prefer-add-event-listener): Prefer `addEventListener()` over their `on`-function counterparts. help: `addEventListener()` can register multiple handlers and accepts options such as `{ once: true }`; assigning to `on<event>` replaces any previously registered handler.
src/features/dashboard/lib/stats.ts:30:7: warning unicorn(prefer-number-properties): Use `Number.isNaN` instead of the global `isNaN` help: Replace it with `Number.isNaN`
src/features/dashboard/lib/stats.ts:30:25: warning unicorn(prefer-number-properties): Use `Number.isFinite` instead of the global `isFinite` help: Replace it with `Number.isFinite`
src/components/ai-elements/prompt-input.tsx:695:14: warning unicorn(prefer-add-event-listener): Prefer `addEventListener()` over their `on`-function counterparts. help: `addEventListener()` can register multiple handlers and accepts options such as `{ once: true }`; assigning to `on<event>` replaces any previously registered handler.
src/components/ai-elements/prompt-input.tsx:1168:25: warning unicorn(prefer-add-event-listener): Prefer `addEventListener()` over their `on`-function counterparts. help: `addEventListener()` can register multiple handlers and accepts options such as `{ once: true }`; assigning to `on<event>` replaces any previously registered handler.
src/features/dashboard/lib/text.ts:32:20: warning unicorn(prefer-string-slice): Prefer String#slice() over String#substring()
src/features/dashboard/components/overview/__tests__/setup-guide.test.tsx:123:28: warning unicorn(prefer-query-selector): Prefer `.querySelector()` over `.getElementById()`. help: It's better to use the same method to query DOM elements. This helps keep consistency and it lends itself to future improvements (e.g. more specific selectors).
src/features/dashboard/components/overview/__tests__/setup-guide.test.tsx:140:16: warning unicorn(prefer-query-selector): Prefer `.querySelector()` over `.getElementById()`. help: It's better to use the same method to query DOM elements. This helps keep consistency and it lends itself to future improvements (e.g. more specific selectors).
src/components/turnstile.tsx:66:18: warning unicorn(prefer-query-selector): Prefer `.querySelector()` over `.getElementById()`. help: It's better to use the same method to query DOM elements. This helps keep consistency and it lends itself to future improvements (e.g. more specific selectors).
src/components/turnstile.tsx:73:7: warning unicorn(prefer-add-event-listener): Prefer `addEventListener()` over their `on`-function counterparts. help: `addEventListener()` can register multiple handlers and accepts options such as `{ once: true }`; assigning to `on<event>` replaces any previously registered handler.
src/components/skip-to-main.tsx:25:18: warning react(jsx-curly-brace-presence): Curly braces are unnecessary here. help: Replace `{`bg-primary text-primary-foreground hover:bg-primary/90 focus-visible:ring-ring fixed start-44 z-999 -translate-y-52 px-4 py-2 text-sm font-medium whitespace-nowrap opacity-95 shadow-sm transition focus:translate-y-3 focus:transform focus-visible:ring-1`}` with `"bg-primary text-primary-foreground hover:bg-primary/90 focus-visible:ring-ring fixed start-44 z-999 -translate-y-52 px-4 py-2 text-sm font-medium whitespace-nowrap opacity-95 shadow-sm transition focus:translate-y-3 focus:transform focus-visible:ring-1"`.
src/features/system-settings/models/utils.ts:72:30: warning unicorn(prefer-string-slice): Prefer String#slice() over String#substring()
src/features/usage-logs/components/columns/column-helpers.tsx:57:10: warning react(self-closing-comp): Unnecessary closing tag help: Make the component self closing
src/features/chat/lib/send-to-fluent.ts:24:30: warning unicorn(prefer-query-selector): Prefer `.querySelector()` over `.getElementById()`. help: It's better to use the same method to query DOM elements. This helps keep consistency and it lends itself to future improvements (e.g. more specific selectors).
src/components/layout/components/footer.tsx:237:15: warning react(no-danger): Do not use `dangerouslySetInnerHTML` prop help: `dangerouslySetInnerHTML` is a way to inject HTML into your React component. This is dangerous because it can easily lead to XSS vulnerabilities.
src/components/ai-elements/artifact.tsx:151:43: warning react(self-closing-comp): Unnecessary closing tag help: Make the component self closing
src/components/ai-elements/actions.tsx:74:43: warning react(self-closing-comp): Unnecessary closing tag help: Make the component self closing
src/components/navigation-progress.tsx:39:13: warning react(jsx-boolean-value): Value must be omitted for boolean attribute "shadow" help: Delete this code.
src/components/ai-elements/canvas.tsx:35:20: warning react(jsx-boolean-value): Value must be omitted for boolean attribute "selectionOnDrag" help: Delete this code.
src/components/ai-elements/plan.tsx:142:4: warning react(self-closing-comp): Unnecessary closing tag help: Make the component self closing
scripts/sync-i18n.mjs:129:10: warning eslint(prefer-template): Unexpected string concatenation. help: Use template literals instead of string concatenation.
scripts/sync-i18n.mjs:160:11: warning eslint(prefer-object-has-own): Disallow use of `Object.prototype.hasOwnProperty.call()` and prefer use of `Object.hasOwn()`. help: Replace `Object.prototype.hasOwnProperty.call` with `Object.hasOwn`.
scripts/sync-i18n.mjs:183:12: warning eslint(prefer-object-has-own): Disallow use of `Object.prototype.hasOwnProperty.call()` and prefer use of `Object.hasOwn()`. help: Replace `Object.prototype.hasOwnProperty.call` with ` Object.hasOwn`.
scripts/sync-i18n.mjs:216:5: warning unicorn(prefer-string-starts-ends-with): Prefer String#startsWith over a regex with a caret. help: Replace `/^org-/.test(s)` with `s.startsWith('org-')`.
scripts/sync-i18n.mjs:218:5: warning unicorn(prefer-string-starts-ends-with): Prefer String#startsWith over a regex with a caret. help: Replace `/^checkout\./.test(s)` with `s.startsWith('checkout.')`.
scripts/sync-i18n.mjs:219:5: warning unicorn(prefer-string-starts-ends-with): Prefer String#startsWith over a regex with a caret. help: Replace `/^footer\./.test(s)` with `s.startsWith('footer.')`.
