=== RUN   TestModelManagementDatabaseMatrix
=== RUN   TestModelManagementDatabaseMatrix/postgres

2026/09/11 14:41:00 [32mD:/10178/Projects/new-api-upstream-sync/controller/access_token_audit_test.go:483 [33mSLOW SQL >= 200ms
[0m[31;1m[580.865ms] [33m[rows:0][35m CREATE DATABASE newapi_audit_1789108860296445300[0m
    model_management_test.go:115: isolated database: newapi_audit_1789108860296445300 (postgres)
[SYS] 2026/09/11 - 14:41:00 | using PostgreSQL as database 
    model_management_test.go:115: database version: PostgreSQL 9.6.24 on x86_64-pc-linux-gnu (Debian 9.6.24-1.pgdg90+1), compiled by gcc (Debian 6.3.0-18+deb9u1) 6.3.0 20170516, 64-bit
=== RUN   TestModelManagementDatabaseMatrix/postgres/square_states_follow_catalog_policy
[GIN-debug] [WARNING] Running in "debug" mode. Switch to "release" mode in production.
 - using env:	export GIN_MODE=release
 - using code:	gin.SetMode(gin.ReleaseMode)

=== RUN   TestModelManagementDatabaseMatrix/postgres/square_states_follow_catalog_policy/filter_square_state_before_pagination
=== RUN   TestModelManagementDatabaseMatrix/postgres/square_states_follow_catalog_policy/filter_square_state_before_pagination/visible
[GIN-debug] [WARNING] Running in "debug" mode. Switch to "release" mode in production.
 - using env:	export GIN_MODE=release
 - using code:	gin.SetMode(gin.ReleaseMode)

[GIN-debug] [WARNING] Running in "debug" mode. Switch to "release" mode in production.
 - using env:	export GIN_MODE=release
 - using code:	gin.SetMode(gin.ReleaseMode)

[GIN-debug] [WARNING] Running in "debug" mode. Switch to "release" mode in production.
 - using env:	export GIN_MODE=release
 - using code:	gin.SetMode(gin.ReleaseMode)

[GIN-debug] [WARNING] Running in "debug" mode. Switch to "release" mode in production.
 - using env:	export GIN_MODE=release
 - using code:	gin.SetMode(gin.ReleaseMode)

=== RUN   TestModelManagementDatabaseMatrix/postgres/square_states_follow_catalog_policy/filter_square_state_before_pagination/unavailable
[GIN-debug] [WARNING] Running in "debug" mode. Switch to "release" mode in production.
 - using env:	export GIN_MODE=release
 - using code:	gin.SetMode(gin.ReleaseMode)

[GIN-debug] [WARNING] Running in "debug" mode. Switch to "release" mode in production.
 - using env:	export GIN_MODE=release
 - using code:	gin.SetMode(gin.ReleaseMode)

[GIN-debug] [WARNING] Running in "debug" mode. Switch to "release" mode in production.
 - using env:	export GIN_MODE=release
 - using code:	gin.SetMode(gin.ReleaseMode)

=== RUN   TestModelManagementDatabaseMatrix/postgres/square_states_follow_catalog_policy/filter_square_state_before_pagination/hidden
[GIN-debug] [WARNING] Running in "debug" mode. Switch to "release" mode in production.
 - using env:	export GIN_MODE=release
 - using code:	gin.SetMode(gin.ReleaseMode)

[GIN-debug] [WARNING] Running in "debug" mode. Switch to "release" mode in production.
 - using env:	export GIN_MODE=release
 - using code:	gin.SetMode(gin.ReleaseMode)

[GIN-debug] [WARNING] Running in "debug" mode. Switch to "release" mode in production.
 - using env:	export GIN_MODE=release
 - using code:	gin.SetMode(gin.ReleaseMode)

[GIN-debug] [WARNING] Running in "debug" mode. Switch to "release" mode in production.
 - using env:	export GIN_MODE=release
 - using code:	gin.SetMode(gin.ReleaseMode)

[GIN-debug] [WARNING] Running in "debug" mode. Switch to "release" mode in production.
 - using env:	export GIN_MODE=release
 - using code:	gin.SetMode(gin.ReleaseMode)

[GIN-debug] [WARNING] Running in "debug" mode. Switch to "release" mode in production.
 - using env:	export GIN_MODE=release
 - using code:	gin.SetMode(gin.ReleaseMode)

=== RUN   TestModelManagementDatabaseMatrix/postgres/square_states_follow_catalog_policy/filter_square_state_before_pagination/partial
[GIN-debug] [WARNING] Running in "debug" mode. Switch to "release" mode in production.
 - using env:	export GIN_MODE=release
 - using code:	gin.SetMode(gin.ReleaseMode)

[GIN-debug] [WARNING] Running in "debug" mode. Switch to "release" mode in production.
 - using env:	export GIN_MODE=release
 - using code:	gin.SetMode(gin.ReleaseMode)

=== RUN   TestModelManagementDatabaseMatrix/postgres/square_states_follow_catalog_policy/filter_square_state_before_pagination/list
[GIN-debug] [WARNING] Running in "debug" mode. Switch to "release" mode in production.
 - using env:	export GIN_MODE=release
 - using code:	gin.SetMode(gin.ReleaseMode)

=== RUN   TestModelManagementDatabaseMatrix/postgres/square_states_follow_catalog_policy/filter_square_state_before_pagination/metadata_only
[GIN-debug] [WARNING] Running in "debug" mode. Switch to "release" mode in production.
 - using env:	export GIN_MODE=release
 - using code:	gin.SetMode(gin.ReleaseMode)

=== RUN   TestModelManagementDatabaseMatrix/postgres/square_states_follow_catalog_policy/filter_square_state_before_pagination/keyword
[GIN-debug] [WARNING] Running in "debug" mode. Switch to "release" mode in production.
 - using env:	export GIN_MODE=release
 - using code:	gin.SetMode(gin.ReleaseMode)

=== RUN   TestModelManagementDatabaseMatrix/postgres/square_states_follow_catalog_policy/filter_square_state_before_pagination/policy
[GIN-debug] [WARNING] Running in "debug" mode. Switch to "release" mode in production.
 - using env:	export GIN_MODE=release
 - using code:	gin.SetMode(gin.ReleaseMode)

=== RUN   TestModelManagementDatabaseMatrix/postgres/square_states_follow_catalog_policy/filter_square_state_before_pagination/vendor_and_sync
[GIN-debug] [WARNING] Running in "debug" mode. Switch to "release" mode in production.
 - using env:	export GIN_MODE=release
 - using code:	gin.SetMode(gin.ReleaseMode)

=== RUN   TestModelManagementDatabaseMatrix/postgres/square_states_follow_catalog_policy/filter_square_state_before_pagination/no_matches
[GIN-debug] [WARNING] Running in "debug" mode. Switch to "release" mode in production.
 - using env:	export GIN_MODE=release
 - using code:	gin.SetMode(gin.ReleaseMode)

[GIN-debug] [WARNING] Running in "debug" mode. Switch to "release" mode in production.
 - using env:	export GIN_MODE=release
 - using code:	gin.SetMode(gin.ReleaseMode)

[GIN-debug] [WARNING] Running in "debug" mode. Switch to "release" mode in production.
 - using env:	export GIN_MODE=release
 - using code:	gin.SetMode(gin.ReleaseMode)

[GIN-debug] [WARNING] Running in "debug" mode. Switch to "release" mode in production.
 - using env:	export GIN_MODE=release
 - using code:	gin.SetMode(gin.ReleaseMode)

[GIN-debug] [WARNING] Running in "debug" mode. Switch to "release" mode in production.
 - using env:	export GIN_MODE=release
 - using code:	gin.SetMode(gin.ReleaseMode)

[GIN-debug] [WARNING] Running in "debug" mode. Switch to "release" mode in production.
 - using env:	export GIN_MODE=release
 - using code:	gin.SetMode(gin.ReleaseMode)

[GIN-debug] [WARNING] Running in "debug" mode. Switch to "release" mode in production.
 - using env:	export GIN_MODE=release
 - using code:	gin.SetMode(gin.ReleaseMode)

=== RUN   TestModelManagementDatabaseMatrix/postgres/channel_model_listing
[GIN-debug] [WARNING] Running in "debug" mode. Switch to "release" mode in production.
 - using env:	export GIN_MODE=release
 - using code:	gin.SetMode(gin.ReleaseMode)

[GIN-debug] [WARNING] Running in "debug" mode. Switch to "release" mode in production.
 - using env:	export GIN_MODE=release
 - using code:	gin.SetMode(gin.ReleaseMode)

[GIN-debug] [WARNING] Running in "debug" mode. Switch to "release" mode in production.
 - using env:	export GIN_MODE=release
 - using code:	gin.SetMode(gin.ReleaseMode)

[GIN-debug] [WARNING] Running in "debug" mode. Switch to "release" mode in production.
 - using env:	export GIN_MODE=release
 - using code:	gin.SetMode(gin.ReleaseMode)

[GIN-debug] [WARNING] Running in "debug" mode. Switch to "release" mode in production.
 - using env:	export GIN_MODE=release
 - using code:	gin.SetMode(gin.ReleaseMode)

[GIN-debug] [WARNING] Running in "debug" mode. Switch to "release" mode in production.
 - using env:	export GIN_MODE=release
 - using code:	gin.SetMode(gin.ReleaseMode)

[GIN-debug] [WARNING] Running in "debug" mode. Switch to "release" mode in production.
 - using env:	export GIN_MODE=release
 - using code:	gin.SetMode(gin.ReleaseMode)

[GIN-debug] [WARNING] Running in "debug" mode. Switch to "release" mode in production.
 - using env:	export GIN_MODE=release
 - using code:	gin.SetMode(gin.ReleaseMode)

[GIN-debug] [WARNING] Running in "debug" mode. Switch to "release" mode in production.
 - using env:	export GIN_MODE=release
 - using code:	gin.SetMode(gin.ReleaseMode)

[GIN-debug] [WARNING] Running in "debug" mode. Switch to "release" mode in production.
 - using env:	export GIN_MODE=release
 - using code:	gin.SetMode(gin.ReleaseMode)

[GIN-debug] [WARNING] Running in "debug" mode. Switch to "release" mode in production.
 - using env:	export GIN_MODE=release
 - using code:	gin.SetMode(gin.ReleaseMode)


2026/09/11 14:41:01 [34;1mD:/10178/Projects/new-api-upstream-sync/controller/model_management_test.go:390
[0m[35m[warn] [0mremoving callback `fail_listing_channels` from D:/10178/Projects/new-api-upstream-sync/controller/model_management_test.go:390
=== RUN   TestModelManagementDatabaseMatrix/postgres/pricing_saves_zero_switches_modes_and_rejects_stale_batches

2026/09/11 14:41:01 [34;1mD:/10178/Projects/new-api-upstream-sync/controller/model_management_test.go:440
[0m[35m[warn] [0mremoving callback `fail_pricing_matrix` from D:/10178/Projects/new-api-upstream-sync/controller/model_management_test.go:440
=== RUN   TestModelManagementDatabaseMatrix/postgres/builtin_reset
=== RUN   TestModelManagementDatabaseMatrix/postgres/concurrent_import_creates_one_record
=== RUN   TestModelManagementDatabaseMatrix/postgres/metadata_keeps_pricing_and_channel_identity
[GIN-debug] [WARNING] Running in "debug" mode. Switch to "release" mode in production.
 - using env:	export GIN_MODE=release
 - using code:	gin.SetMode(gin.ReleaseMode)

=== RUN   TestModelManagementDatabaseMatrix/postgres/metadata_preview_selection_versions_and_transaction
[GIN-debug] [WARNING] Running in "debug" mode. Switch to "release" mode in production.
 - using env:	export GIN_MODE=release
 - using code:	gin.SetMode(gin.ReleaseMode)

[GIN-debug] [WARNING] Running in "debug" mode. Switch to "release" mode in production.
 - using env:	export GIN_MODE=release
 - using code:	gin.SetMode(gin.ReleaseMode)


2026/09/11 14:41:01 [34;1mD:/10178/Projects/new-api-upstream-sync/controller/model_management_test.go:633
[0m[35m[warn] [0mremoving callback `fail_metadata_matrix` from D:/10178/Projects/new-api-upstream-sync/controller/model_management_test.go:633
[GIN-debug] [WARNING] Running in "debug" mode. Switch to "release" mode in production.
 - using env:	export GIN_MODE=release
 - using code:	gin.SetMode(gin.ReleaseMode)

[GIN-debug] [WARNING] Running in "debug" mode. Switch to "release" mode in production.
 - using env:	export GIN_MODE=release
 - using code:	gin.SetMode(gin.ReleaseMode)

[GIN-debug] [WARNING] Running in "debug" mode. Switch to "release" mode in production.
 - using env:	export GIN_MODE=release
 - using code:	gin.SetMode(gin.ReleaseMode)

[GIN-debug] [WARNING] Running in "debug" mode. Switch to "release" mode in production.
 - using env:	export GIN_MODE=release
 - using code:	gin.SetMode(gin.ReleaseMode)

[GIN-debug] [WARNING] Running in "debug" mode. Switch to "release" mode in production.
 - using env:	export GIN_MODE=release
 - using code:	gin.SetMode(gin.ReleaseMode)

[GIN-debug] [WARNING] Running in "debug" mode. Switch to "release" mode in production.
 - using env:	export GIN_MODE=release
 - using code:	gin.SetMode(gin.ReleaseMode)

--- PASS: TestModelManagementDatabaseMatrix (1.43s)
    --- PASS: TestModelManagementDatabaseMatrix/postgres (1.43s)
        --- PASS: TestModelManagementDatabaseMatrix/postgres/square_states_follow_catalog_policy (0.18s)
            --- PASS: TestModelManagementDatabaseMatrix/postgres/square_states_follow_catalog_policy/filter_square_state_before_pagination (0.09s)
                --- PASS: TestModelManagementDatabaseMatrix/postgres/square_states_follow_catalog_policy/filter_square_state_before_pagination/visible (0.02s)
                --- PASS: TestModelManagementDatabaseMatrix/postgres/square_states_follow_catalog_policy/filter_square_state_before_pagination/unavailable (0.01s)
                --- PASS: TestModelManagementDatabaseMatrix/postgres/square_states_follow_catalog_policy/filter_square_state_before_pagination/hidden (0.03s)
                --- PASS: TestModelManagementDatabaseMatrix/postgres/square_states_follow_catalog_policy/filter_square_state_before_pagination/partial (0.01s)
                --- PASS: TestModelManagementDatabaseMatrix/postgres/square_states_follow_catalog_policy/filter_square_state_before_pagination/list (0.00s)
                --- PASS: TestModelManagementDatabaseMatrix/postgres/square_states_follow_catalog_policy/filter_square_state_before_pagination/metadata_only (0.00s)
                --- PASS: TestModelManagementDatabaseMatrix/postgres/square_states_follow_catalog_policy/filter_square_state_before_pagination/keyword (0.00s)
                --- PASS: TestModelManagementDatabaseMatrix/postgres/square_states_follow_catalog_policy/filter_square_state_before_pagination/policy (0.00s)
                --- PASS: TestModelManagementDatabaseMatrix/postgres/square_states_follow_catalog_policy/filter_square_state_before_pagination/vendor_and_sync (0.00s)
                --- PASS: TestModelManagementDatabaseMatrix/postgres/square_states_follow_catalog_policy/filter_square_state_before_pagination/no_matches (0.00s)
        --- PASS: TestModelManagementDatabaseMatrix/postgres/channel_model_listing (0.10s)
        --- PASS: TestModelManagementDatabaseMatrix/postgres/pricing_saves_zero_switches_modes_and_rejects_stale_batches (0.05s)
        --- PASS: TestModelManagementDatabaseMatrix/postgres/builtin_reset (0.02s)
        --- PASS: TestModelManagementDatabaseMatrix/postgres/concurrent_import_creates_one_record (0.01s)
        --- PASS: TestModelManagementDatabaseMatrix/postgres/metadata_keeps_pricing_and_channel_identity (0.06s)
        --- PASS: TestModelManagementDatabaseMatrix/postgres/metadata_preview_selection_versions_and_transaction (0.07s)
=== RUN   TestPricingWriterCompatibilityDatabaseMatrix
=== RUN   TestPricingWriterCompatibilityDatabaseMatrix/postgres

2026/09/11 14:41:02 [32mD:/10178/Projects/new-api-upstream-sync/controller/access_token_audit_test.go:483 [33mSLOW SQL >= 200ms
[0m[31;1m[427.054ms] [33m[rows:0][35m CREATE DATABASE newapi_audit_1789108861724664200[0m
    pricing_writer_compatibility_test.go:22: isolated database: newapi_audit_1789108861724664200 (postgres)
[SYS] 2026/09/11 - 14:41:02 | using PostgreSQL as database 
    pricing_writer_compatibility_test.go:22: database version: PostgreSQL 9.6.24 on x86_64-pc-linux-gnu (Debian 9.6.24-1.pgdg90+1), compiled by gcc (Debian 6.3.0-18+deb9u1) 6.3.0 20170516, 64-bit
=== RUN   TestPricingWriterCompatibilityDatabaseMatrix/postgres/builtin_display_does_not_change_raw_CAS_values
[GIN-debug] [WARNING] Running in "debug" mode. Switch to "release" mode in production.
 - using env:	export GIN_MODE=release
 - using code:	gin.SetMode(gin.ReleaseMode)

[GIN-debug] [WARNING] Running in "debug" mode. Switch to "release" mode in production.
 - using env:	export GIN_MODE=release
 - using code:	gin.SetMode(gin.ReleaseMode)

=== RUN   TestPricingWriterCompatibilityDatabaseMatrix/postgres/different_models_survive_concurrent_old_and_new_writers
=== RUN   TestPricingWriterCompatibilityDatabaseMatrix/postgres/same_model_has_one_winner_and_both_APIs_reject_stale_edits
[GIN-debug] [WARNING] Running in "debug" mode. Switch to "release" mode in production.
 - using env:	export GIN_MODE=release
 - using code:	gin.SetMode(gin.ReleaseMode)

[GIN-debug] [WARNING] Running in "debug" mode. Switch to "release" mode in production.
 - using env:	export GIN_MODE=release
 - using code:	gin.SetMode(gin.ReleaseMode)

=== RUN   TestPricingWriterCompatibilityDatabaseMatrix/postgres/missing_canonical_row_rejects_both_writers_without_partial_writes
--- PASS: TestPricingWriterCompatibilityDatabaseMatrix (0.76s)
    --- PASS: TestPricingWriterCompatibilityDatabaseMatrix/postgres (0.76s)
        --- PASS: TestPricingWriterCompatibilityDatabaseMatrix/postgres/builtin_display_does_not_change_raw_CAS_values (0.00s)
        --- PASS: TestPricingWriterCompatibilityDatabaseMatrix/postgres/different_models_survive_concurrent_old_and_new_writers (0.02s)
        --- PASS: TestPricingWriterCompatibilityDatabaseMatrix/postgres/same_model_has_one_winner_and_both_APIs_reject_stale_edits (0.03s)
        --- PASS: TestPricingWriterCompatibilityDatabaseMatrix/postgres/missing_canonical_row_rejects_both_writers_without_partial_writes (0.01s)
PASS
ok  	github.com/QuantumNous/new-api/controller	3.030s
