{"Time":"2026-09-11T04:02:39.4630178+08:00","Action":"start","Package":"github.com/QuantumNous/new-api/relay/channel"}
{"Time":"2026-09-11T04:02:39.9939014+08:00","Action":"run","Package":"github.com/QuantumNous/new-api/relay/channel","Test":"TestRequestDebugCapturePreservesRequestStreamAndBoundsBody"}
{"Time":"2026-09-11T04:02:39.9939014+08:00","Action":"output","Package":"github.com/QuantumNous/new-api/relay/channel","Test":"TestRequestDebugCapturePreservesRequestStreamAndBoundsBody","Output":"=== RUN   TestRequestDebugCapturePreservesRequestStreamAndBoundsBody\n"}
{"Time":"2026-09-11T04:02:39.9944137+08:00","Action":"output","Package":"github.com/QuantumNous/new-api/relay/channel","Test":"TestRequestDebugCapturePreservesRequestStreamAndBoundsBody","Output":"--- PASS: TestRequestDebugCapturePreservesRequestStreamAndBoundsBody (0.00s)\n"}
{"Time":"2026-09-11T04:02:39.9944137+08:00","Action":"pass","Package":"github.com/QuantumNous/new-api/relay/channel","Test":"TestRequestDebugCapturePreservesRequestStreamAndBoundsBody","Elapsed":0}
{"Time":"2026-09-11T04:02:39.9944137+08:00","Action":"run","Package":"github.com/QuantumNous/new-api/relay/channel","Test":"TestRequestDebugCaptureUsesReplayedBodyAndHonorsRawSetting"}
{"Time":"2026-09-11T04:02:39.9944137+08:00","Action":"output","Package":"github.com/QuantumNous/new-api/relay/channel","Test":"TestRequestDebugCaptureUsesReplayedBodyAndHonorsRawSetting","Output":"=== RUN   TestRequestDebugCaptureUsesReplayedBodyAndHonorsRawSetting\n"}
{"Time":"2026-09-11T04:02:39.9944137+08:00","Action":"run","Package":"github.com/QuantumNous/new-api/relay/channel","Test":"TestRequestDebugCaptureUsesReplayedBodyAndHonorsRawSetting/raw_enabled"}
{"Time":"2026-09-11T04:02:39.9944137+08:00","Action":"output","Package":"github.com/QuantumNous/new-api/relay/channel","Test":"TestRequestDebugCaptureUsesReplayedBodyAndHonorsRawSetting/raw_enabled","Output":"=== RUN   TestRequestDebugCaptureUsesReplayedBodyAndHonorsRawSetting/raw_enabled\n"}
{"Time":"2026-09-11T04:02:39.9944137+08:00","Action":"output","Package":"github.com/QuantumNous/new-api/relay/channel","Test":"TestRequestDebugCaptureUsesReplayedBodyAndHonorsRawSetting/raw_enabled","Output":"[GIN-debug] [WARNING] Running in \"debug\" mode. Switch to \"release\" mode in production.\n"}
{"Time":"2026-09-11T04:02:39.9944137+08:00","Action":"output","Package":"github.com/QuantumNous/new-api/relay/channel","Test":"TestRequestDebugCaptureUsesReplayedBodyAndHonorsRawSetting/raw_enabled","Output":" - using env:\texport GIN_MODE=release\n"}
{"Time":"2026-09-11T04:02:39.9944137+08:00","Action":"output","Package":"github.com/QuantumNous/new-api/relay/channel","Test":"TestRequestDebugCaptureUsesReplayedBodyAndHonorsRawSetting/raw_enabled","Output":" - using code:\tgin.SetMode(gin.ReleaseMode)\n"}
{"Time":"2026-09-11T04:02:39.9944137+08:00","Action":"output","Package":"github.com/QuantumNous/new-api/relay/channel","Test":"TestRequestDebugCaptureUsesReplayedBodyAndHonorsRawSetting/raw_enabled","Output":"\n"}
{"Time":"2026-09-11T04:02:39.9944137+08:00","Action":"output","Package":"github.com/QuantumNous/new-api/relay/channel","Test":"TestRequestDebugCaptureUsesReplayedBodyAndHonorsRawSetting/raw_enabled","Output":"    api_request_debug_test.go:92: \n"}
{"Time":"2026-09-11T04:02:39.9944137+08:00","Action":"output","Package":"github.com/QuantumNous/new-api/relay/channel","Test":"TestRequestDebugCaptureUsesReplayedBodyAndHonorsRawSetting/raw_enabled","Output":"        \tError Trace:\tD:/10178/Projects/new-api-upstream-sync/relay/channel/api_request_debug_test.go:92\n"}
{"Time":"2026-09-11T04:02:39.9944137+08:00","Action":"output","Package":"github.com/QuantumNous/new-api/relay/channel","Test":"TestRequestDebugCaptureUsesReplayedBodyAndHonorsRawSetting/raw_enabled","Output":"        \tError:      \tNot equal: \n"}
{"Time":"2026-09-11T04:02:39.9944137+08:00","Action":"output","Package":"github.com/QuantumNous/new-api/relay/channel","Test":"TestRequestDebugCaptureUsesReplayedBodyAndHonorsRawSetting/raw_enabled","Output":"        \t            \texpected: \"complete replay request\"\n"}
{"Time":"2026-09-11T04:02:39.9944137+08:00","Action":"output","Package":"github.com/QuantumNous/new-api/relay/channel","Test":"TestRequestDebugCaptureUsesReplayedBodyAndHonorsRawSetting/raw_enabled","Output":"        \t            \tactual  : \"com\"\n"}
{"Time":"2026-09-11T04:02:39.9944137+08:00","Action":"output","Package":"github.com/QuantumNous/new-api/relay/channel","Test":"TestRequestDebugCaptureUsesReplayedBodyAndHonorsRawSetting/raw_enabled","Output":"        \t            \t\n"}
{"Time":"2026-09-11T04:02:39.9944137+08:00","Action":"output","Package":"github.com/QuantumNous/new-api/relay/channel","Test":"TestRequestDebugCaptureUsesReplayedBodyAndHonorsRawSetting/raw_enabled","Output":"        \t            \tDiff:\n"}
{"Time":"2026-09-11T04:02:39.9944137+08:00","Action":"output","Package":"github.com/QuantumNous/new-api/relay/channel","Test":"TestRequestDebugCaptureUsesReplayedBodyAndHonorsRawSetting/raw_enabled","Output":"        \t            \t--- Expected\n"}
{"Time":"2026-09-11T04:02:39.9944137+08:00","Action":"output","Package":"github.com/QuantumNous/new-api/relay/channel","Test":"TestRequestDebugCaptureUsesReplayedBodyAndHonorsRawSetting/raw_enabled","Output":"        \t            \t+++ Actual\n"}
{"Time":"2026-09-11T04:02:39.9944137+08:00","Action":"output","Package":"github.com/QuantumNous/new-api/relay/channel","Test":"TestRequestDebugCaptureUsesReplayedBodyAndHonorsRawSetting/raw_enabled","Output":"        \t            \t@@ -1 +1 @@\n"}
{"Time":"2026-09-11T04:02:39.9944137+08:00","Action":"output","Package":"github.com/QuantumNous/new-api/relay/channel","Test":"TestRequestDebugCaptureUsesReplayedBodyAndHonorsRawSetting/raw_enabled","Output":"        \t            \t-complete replay request\n"}
{"Time":"2026-09-11T04:02:39.9944137+08:00","Action":"output","Package":"github.com/QuantumNous/new-api/relay/channel","Test":"TestRequestDebugCaptureUsesReplayedBodyAndHonorsRawSetting/raw_enabled","Output":"        \t            \t+com\n"}
{"Time":"2026-09-11T04:02:39.9944137+08:00","Action":"output","Package":"github.com/QuantumNous/new-api/relay/channel","Test":"TestRequestDebugCaptureUsesReplayedBodyAndHonorsRawSetting/raw_enabled","Output":"        \tTest:       \tTestRequestDebugCaptureUsesReplayedBodyAndHonorsRawSetting/raw_enabled\n"}
{"Time":"2026-09-11T04:02:39.9944137+08:00","Action":"output","Package":"github.com/QuantumNous/new-api/relay/channel","Test":"TestRequestDebugCaptureUsesReplayedBodyAndHonorsRawSetting/raw_enabled","Output":"--- FAIL: TestRequestDebugCaptureUsesReplayedBodyAndHonorsRawSetting/raw_enabled (0.00s)\n"}
{"Time":"2026-09-11T04:02:39.9944137+08:00","Action":"fail","Package":"github.com/QuantumNous/new-api/relay/channel","Test":"TestRequestDebugCaptureUsesReplayedBodyAndHonorsRawSetting/raw_enabled","Elapsed":0}
{"Time":"2026-09-11T04:02:39.9944137+08:00","Action":"run","Package":"github.com/QuantumNous/new-api/relay/channel","Test":"TestRequestDebugCaptureUsesReplayedBodyAndHonorsRawSetting/raw_disabled"}
{"Time":"2026-09-11T04:02:39.9944137+08:00","Action":"output","Package":"github.com/QuantumNous/new-api/relay/channel","Test":"TestRequestDebugCaptureUsesReplayedBodyAndHonorsRawSetting/raw_disabled","Output":"=== RUN   TestRequestDebugCaptureUsesReplayedBodyAndHonorsRawSetting/raw_disabled\n"}
{"Time":"2026-09-11T04:02:39.9944137+08:00","Action":"output","Package":"github.com/QuantumNous/new-api/relay/channel","Test":"TestRequestDebugCaptureUsesReplayedBodyAndHonorsRawSetting/raw_disabled","Output":"[GIN-debug] [WARNING] Running in \"debug\" mode. Switch to \"release\" mode in production.\n"}
{"Time":"2026-09-11T04:02:39.9944137+08:00","Action":"output","Package":"github.com/QuantumNous/new-api/relay/channel","Test":"TestRequestDebugCaptureUsesReplayedBodyAndHonorsRawSetting/raw_disabled","Output":" - using env:\texport GIN_MODE=release\n"}
{"Time":"2026-09-11T04:02:39.9949275+08:00","Action":"output","Package":"github.com/QuantumNous/new-api/relay/channel","Test":"TestRequestDebugCaptureUsesReplayedBodyAndHonorsRawSetting/raw_disabled","Output":" - using code:\tgin.SetMode(gin.ReleaseMode)\n"}
{"Time":"2026-09-11T04:02:39.9949275+08:00","Action":"output","Package":"github.com/QuantumNous/new-api/relay/channel","Test":"TestRequestDebugCaptureUsesReplayedBodyAndHonorsRawSetting/raw_disabled","Output":"\n"}
{"Time":"2026-09-11T04:02:39.9949275+08:00","Action":"output","Package":"github.com/QuantumNous/new-api/relay/channel","Test":"TestRequestDebugCaptureUsesReplayedBodyAndHonorsRawSetting/raw_disabled","Output":"--- PASS: TestRequestDebugCaptureUsesReplayedBodyAndHonorsRawSetting/raw_disabled (0.00s)\n"}
{"Time":"2026-09-11T04:02:39.9949275+08:00","Action":"pass","Package":"github.com/QuantumNous/new-api/relay/channel","Test":"TestRequestDebugCaptureUsesReplayedBodyAndHonorsRawSetting/raw_disabled","Elapsed":0}
{"Time":"2026-09-11T04:02:39.9949275+08:00","Action":"output","Package":"github.com/QuantumNous/new-api/relay/channel","Test":"TestRequestDebugCaptureUsesReplayedBodyAndHonorsRawSetting","Output":"--- FAIL: TestRequestDebugCaptureUsesReplayedBodyAndHonorsRawSetting (0.00s)\n"}
{"Time":"2026-09-11T04:02:39.9949275+08:00","Action":"fail","Package":"github.com/QuantumNous/new-api/relay/channel","Test":"TestRequestDebugCaptureUsesReplayedBodyAndHonorsRawSetting","Elapsed":0}
{"Time":"2026-09-11T04:02:39.9949275+08:00","Action":"output","Package":"github.com/QuantumNous/new-api/relay/channel","Output":"FAIL\n"}
{"Time":"2026-09-11T04:02:39.9981167+08:00","Action":"output","Package":"github.com/QuantumNous/new-api/relay/channel","Output":"FAIL\tgithub.com/QuantumNous/new-api/relay/channel\t0.535s\n"}
{"Time":"2026-09-11T04:02:39.9981167+08:00","Action":"fail","Package":"github.com/QuantumNous/new-api/relay/channel","Elapsed":0.535}
