=== RUN   TestAuditDatabaseMatrix
=== RUN   TestAuditDatabaseMatrix/mysql
=== RUN   TestAuditDatabaseMatrix/mysql/upgrade=false
    access_token_audit_test.go:678: isolated database: newapi_audit_1789085485175001000 (mysql)
    access_token_audit_test.go:694: database version: 5.7.44
[SYS] 2026/09/11 - 08:11:25 | using MySQL as database 
[SYS] 2026/09/11 - 08:11:25 | database migration started 
[SYS] 2026/09/11 - 08:11:27 | using MySQL as database 
[SYS] 2026/09/11 - 08:11:27 | database migration started 

2026/09/11 08:11:29 [31;1mD:/10178/Projects/new-api-upstream-sync/controller/access_token_audit_test.go:728 [35;1mError 1062 (23000): Duplicate entry 'matrix-token' for key 'idx_users_access_token'
[0m[33m[50.720ms] [34;1m[rows:0][0m INSERT INTO `users` (`username`,`password`,`display_name`,`role`,`status`,`email`,`github_id`,`discord_id`,`oidc_id`,`wechat_id`,`telegram_id`,`access_token`,`access_token_created_at`,`quota`,`used_quota`,`request_count`,`requests_per_minute`,`group`,`aff_code`,`aff_count`,`aff_quota`,`aff_history`,`inviter_id`,`deleted_at`,`linux_do_id`,`setting`,`remark`,`stripe_customer`,`created_at`,`last_login_at`,`auth_version`,`auto_ban_until`,`auto_ban_rule`,`auto_ban_record_id`,`auto_ban_response_status`,`auto_ban_response_code`,`auto_ban_response_message`) VALUES ('duplicate','placeholder','',1,1,'','','','','','','matrix-token',NULL,0,0,0,NULL,'default','duplicate-aff',0,0,0,0,NULL,'','','','',1789085489,0,1,0,'',0,403,'','')
[ERR] 2026/09/11 - 08:11:29 | SYSTEM | audit actor role unavailable (request_id=matrix-role-0, actor_role=0) 
[ERR] 2026/09/11 - 08:11:29 | SYSTEM | audit actor role unavailable (request_id=matrix-role-99, actor_role=99) 
=== RUN   TestAuditDatabaseMatrix/mysql/upgrade=true
    access_token_audit_test.go:678: isolated database: newapi_audit_1789085491264269100 (mysql)
    access_token_audit_test.go:694: database version: 5.7.44
[SYS] 2026/09/11 - 08:11:31 | using MySQL as database 
[SYS] 2026/09/11 - 08:11:31 | database migration started 

2026/09/11 08:11:32 [32mD:/10178/Projects/new-api-upstream-sync/model/main.go:285 [33mSLOW SQL >= 200ms
[0m[31;1m[216.147ms] [33m[rows:0][35m ALTER TABLE `users` ADD `access_token_created_at` bigint[0m
[SYS] 2026/09/11 - 08:11:35 | using MySQL as database 
[SYS] 2026/09/11 - 08:11:35 | database migration started 

2026/09/11 08:11:36 [31;1mD:/10178/Projects/new-api-upstream-sync/controller/access_token_audit_test.go:728 [35;1mError 1062 (23000): Duplicate entry 'matrix-token' for key 'idx_users_access_token'
[0m[33m[97.021ms] [34;1m[rows:0][0m INSERT INTO `users` (`username`,`password`,`display_name`,`role`,`status`,`email`,`github_id`,`discord_id`,`oidc_id`,`wechat_id`,`telegram_id`,`access_token`,`access_token_created_at`,`quota`,`used_quota`,`request_count`,`requests_per_minute`,`group`,`aff_code`,`aff_count`,`aff_quota`,`aff_history`,`inviter_id`,`deleted_at`,`linux_do_id`,`setting`,`remark`,`stripe_customer`,`created_at`,`last_login_at`,`auth_version`,`auto_ban_until`,`auto_ban_rule`,`auto_ban_record_id`,`auto_ban_response_status`,`auto_ban_response_code`,`auto_ban_response_message`) VALUES ('duplicate','placeholder','',1,1,'','','','','','','matrix-token',NULL,0,0,0,NULL,'default','duplicate-aff',0,0,0,0,NULL,'','','','',1789085496,0,1,0,'',0,403,'','')
[ERR] 2026/09/11 - 08:11:36 | SYSTEM | audit actor role unavailable (request_id=matrix-role-0, actor_role=0) 
[ERR] 2026/09/11 - 08:11:36 | SYSTEM | audit actor role unavailable (request_id=matrix-role-99, actor_role=99) 
--- PASS: TestAuditDatabaseMatrix (12.74s)
    --- PASS: TestAuditDatabaseMatrix/mysql (12.74s)
        --- PASS: TestAuditDatabaseMatrix/mysql/upgrade=false (6.09s)
        --- PASS: TestAuditDatabaseMatrix/mysql/upgrade=true (6.65s)
=== RUN   TestIndependentAuditLogStores
=== RUN   TestIndependentAuditLogStores/mysql/upgrade=false
    access_token_audit_test.go:794: isolated database: newapi_audit_1789085497922798000 (mysql)
[SYS] 2026/09/11 - 08:11:37 | using MySQL as database 
[SYS] 2026/09/11 - 08:11:37 | database migration started 
[SYS] 2026/09/11 - 08:11:38 | using MySQL as database 
[SYS] 2026/09/11 - 08:11:38 | database migration started 
[ERR] 2026/09/11 - 08:11:38 | SYSTEM | audit actor role unavailable (request_id=matrix-role-0, actor_role=0) 
[ERR] 2026/09/11 - 08:11:38 | SYSTEM | audit actor role unavailable (request_id=matrix-role-99, actor_role=99) 
[SYS] 2026/09/11 - 08:11:38 | using MySQL as database 
[SYS] 2026/09/11 - 08:11:38 | database migration started 
[SYS] 2026/09/11 - 08:11:38 | using MySQL as database 
[SYS] 2026/09/11 - 08:11:38 | database migration started 
=== RUN   TestIndependentAuditLogStores/mysql/upgrade=true
    access_token_audit_test.go:794: isolated database: newapi_audit_1789085498716014600 (mysql)
[SYS] 2026/09/11 - 08:11:38 | using MySQL as database 
[SYS] 2026/09/11 - 08:11:38 | database migration started 
[SYS] 2026/09/11 - 08:11:39 | using MySQL as database 
[SYS] 2026/09/11 - 08:11:39 | database migration started 
[ERR] 2026/09/11 - 08:11:39 | SYSTEM | audit actor role unavailable (request_id=matrix-role-0, actor_role=0) 
[ERR] 2026/09/11 - 08:11:39 | SYSTEM | audit actor role unavailable (request_id=matrix-role-99, actor_role=99) 
[SYS] 2026/09/11 - 08:11:39 | using MySQL as database 
[SYS] 2026/09/11 - 08:11:39 | database migration started 
[SYS] 2026/09/11 - 08:11:39 | using MySQL as database 
[SYS] 2026/09/11 - 08:11:39 | database migration started 
--- PASS: TestIndependentAuditLogStores (1.82s)
    --- PASS: TestIndependentAuditLogStores/mysql/upgrade=false (0.79s)
    --- PASS: TestIndependentAuditLogStores/mysql/upgrade=true (1.02s)
PASS
ok  	github.com/QuantumNous/new-api/controller	15.444s
