{
  "en": {
    "This model is billed by usage, but the administrator has not configured its pricing yet.": "This model is billed by usage, but the administrator has not configured its pricing yet.",
    "Applicable conditions": "Applicable conditions",
    "Other cases": "Other cases",
    "All requests": "All requests",
    "Price examples": "Price examples",
    "Spec": "Spec",
    "Example price": "Example price",
    "Approximate prices for common specs.": "Approximate prices for common specs.",
    "Prices shown per usage unit": "Prices shown per usage unit",
    "Additional charge": "Additional charge",
    "Allow clients to query configured prices via `/api/ratio`.": "Allow clients to query configured prices via `/api/ratio`.",
    "Unit price: {{field}}": "Unit price: {{field}}",
    "Added to the usage cost. Set to 0 for no additional charge.": "Added to the usage cost. Set to 0 for no additional charge.",
    "Cost calculator": "Cost calculator",
    "Enter sample usage to estimate the cost. Group and request multipliers are not included.": "Enter sample usage to estimate the cost. Group and request multipliers are not included.",
    "Usage · {{price}}": "Usage · {{price}}",
    "Current pricing conditions": "Current pricing conditions",
    "Prices are in {{currency}}, with units shown below. Use USD when editing expressions directly.": "Prices are in {{currency}}, with units shown below. Use USD when editing expressions directly.",
    "Set prices for each set of conditions below. Cost = usage × unit price + additional charge. Token prices are per million tokens.": "Set prices for each set of conditions below. Cost = usage × unit price + additional charge. Token prices are per million tokens."
  },
  "zh": {
    "This model is billed by usage, but the administrator has not configured its pricing yet.": "此模型按用量计费，但管理员尚未配置价格。",
    "Applicable conditions": "适用条件",
    "Other cases": "其他情况",
    "All requests": "所有请求",
    "Price examples": "价格示例",
    "Spec": "规格",
    "Example price": "示例价格",
    "Approximate prices for common specs.": "常见规格的参考价。",
    "Prices shown per usage unit": "价格按每个用量单位显示",
    "Additional charge": "加收费用",
    "Allow clients to query configured prices via `/api/ratio`.": "允许客户端通过 `/api/ratio` 查询配置的价格。",
    "Unit price: {{field}}": "{{field}} 单价",
    "Added to the usage cost. Set to 0 for no additional charge.": "在用量费用基础上加收的金额，不加收时填 0。",
    "Cost calculator": "费用试算",
    "Enter sample usage to estimate the cost. Group and request multipliers are not included.": "填写一次请求的用量，查看预计费用。结果未乘以分组倍率和请求规则倍率。",
    "Usage · {{price}}": "用量 · {{price}}",
    "Current pricing conditions": "当前计价条件",
    "Prices are in {{currency}}, with units shown below. Use USD when editing expressions directly.": "价格以 {{currency}} 计，单位见下方标注。手动编辑表达式时请使用美元。",
    "Set prices for each set of conditions below. Cost = usage × unit price + additional charge. Token prices are per million tokens.": "为下方不同条件分别填写价格。费用 = 用量 × 单价 + 加收费用；Token 单价按每百万 Token 填写。"
  },
  "zh-TW": {
    "This model is billed by usage, but the administrator has not configured its pricing yet.": "此模型按用量計費，但管理員尚未設定價格。",
    "Applicable conditions": "適用條件",
    "Other cases": "其他情況",
    "All requests": "所有請求",
    "Price examples": "價格示例",
    "Spec": "規格",
    "Example price": "示例價格",
    "Approximate prices for common specs.": "常見規格的參考價。",
    "Prices shown per usage unit": "價格按每個用量單位顯示",
    "Additional charge": "加收費用",
    "Allow clients to query configured prices via `/api/ratio`.": "允許用戶端透過 `/api/ratio` 查詢已設定的價格。",
    "Unit price: {{field}}": "{{field}} 單價",
    "Added to the usage cost. Set to 0 for no additional charge.": "在用量費用基礎上加收的金額，不加收時填 0。",
    "Cost calculator": "費用試算",
    "Enter sample usage to estimate the cost. Group and request multipliers are not included.": "填寫一次請求的用量，查看預估費用。結果未乘以群組倍率和請求規則倍率。",
    "Usage · {{price}}": "用量 · {{price}}",
    "Current pricing conditions": "目前計價條件",
    "Prices are in {{currency}}, with units shown below. Use USD when editing expressions directly.": "價格以 {{currency}} 計，單位見下方標示。手動編輯運算式時請使用美元。",
    "Set prices for each set of conditions below. Cost = usage × unit price + additional charge. Token prices are per million tokens.": "為下方不同條件分別填寫價格。費用 = 用量 × 單價 + 加收費用；Token 單價按每百萬 Token 填寫。"
  },
  "fr": {
    "This model is billed by usage, but the administrator has not configured its pricing yet.": "Ce modèle est facturé selon l’utilisation, mais l’administrateur n’a pas encore configuré sa tarification.",
    "Applicable conditions": "Conditions applicables",
    "Other cases": "Autres cas",
    "All requests": "Toutes les requêtes",
    "Price examples": "Exemples de prix",
    "Spec": "Spécification",
    "Example price": "Prix d'exemple",
    "Approximate prices for common specs.": "Prix approximatifs pour les spécifications courantes.",
    "Prices shown per usage unit": "Prix affichés par unité d'utilisation",
    "Additional charge": "Supplément",
    "Allow clients to query configured prices via `/api/ratio`.": "Autoriser les clients à consulter les prix configurés via `/api/ratio`.",
    "Unit price: {{field}}": "Prix unitaire : {{field}}",
    "Added to the usage cost. Set to 0 for no additional charge.": "Montant ajouté au coût d’usage. Saisissez 0 pour ne rien ajouter.",
    "Cost calculator": "Calcul des frais",
    "Enter sample usage to estimate the cost. Group and request multipliers are not included.": "Saisissez l’usage d’une requête pour estimer son coût, hors multiplicateurs de groupe et de requête.",
    "Usage · {{price}}": "Usage · {{price}}",
    "Current pricing conditions": "Conditions tarifaires actuelles",
    "Prices are in {{currency}}, with units shown below. Use USD when editing expressions directly.": "Prix en {{currency}}, selon les unités indiquées ci-dessous. Utilisez les USD pour modifier directement les expressions.",
    "Set prices for each set of conditions below. Cost = usage × unit price + additional charge. Token prices are per million tokens.": "Définissez les prix selon les conditions ci-dessous. Coût = usage × prix unitaire + supplément. Les prix des tokens sont par million."
  },
  "ja": {
    "This model is billed by usage, but the administrator has not configured its pricing yet.": "このモデルは使用量に基づいて課金されますが、管理者がまだ料金を設定していません。",
    "Applicable conditions": "適用条件",
    "Other cases": "その他の場合",
    "All requests": "すべてのリクエスト",
    "Price examples": "価格例",
    "Spec": "仕様",
    "Example price": "例の価格",
    "Approximate prices for common specs.": "一般的な仕様の参考価格です。",
    "Prices shown per usage unit": "使用単位ごとの価格を表示",
    "Additional charge": "追加料金",
    "Allow clients to query configured prices via `/api/ratio`.": "クライアントが `/api/ratio` 経由で設定された価格を照会できるようにします。",
    "Unit price: {{field}}": "{{field}}の単価",
    "Added to the usage cost. Set to 0 for no additional charge.": "使用量に応じた料金に加算する金額です。加算しない場合は0を入力してください。",
    "Cost calculator": "料金シミュレーション",
    "Enter sample usage to estimate the cost. Group and request multipliers are not included.": "1回のリクエストの使用量を入力して料金を確認できます。グループ倍率とリクエストルールの倍率は含みません。",
    "Usage · {{price}}": "使用量 · {{price}}",
    "Current pricing conditions": "現在の料金条件",
    "Prices are in {{currency}}, with units shown below. Use USD when editing expressions directly.": "価格は{{currency}}で入力してください。単位は下に表示されています。式を直接編集する場合は米ドルを使用してください。",
    "Set prices for each set of conditions below. Cost = usage × unit price + additional charge. Token prices are per million tokens.": "以下の条件ごとに料金を設定してください。料金 = 使用量 × 単価 + 追加料金。トークン単価は100万トークンあたりで入力します。"
  },
  "ru": {
    "This model is billed by usage, but the administrator has not configured its pricing yet.": "Эта модель оплачивается по объёму использования, но администратор ещё не настроил её цену.",
    "Applicable conditions": "Условия применения",
    "Other cases": "Остальные случаи",
    "All requests": "Все запросы",
    "Price examples": "Примеры цен",
    "Spec": "Спецификация",
    "Example price": "Пример цены",
    "Approximate prices for common specs.": "Ориентировочные цены для типичных конфигураций.",
    "Prices shown per usage unit": "Цены указаны за единицу использования",
    "Additional charge": "Доплата",
    "Allow clients to query configured prices via `/api/ratio`.": "Разрешить клиентам запрашивать настроенные цены через `/api/ratio`.",
    "Unit price: {{field}}": "Цена за единицу: {{field}}",
    "Added to the usage cost. Set to 0 for no additional charge.": "Сумма сверх стоимости использования. Укажите 0, если доплата не нужна.",
    "Cost calculator": "Расчёт стоимости",
    "Enter sample usage to estimate the cost. Group and request multipliers are not included.": "Введите объём использования для одного запроса. Множители группы и правил запроса не учитываются.",
    "Usage · {{price}}": "Объём · {{price}}",
    "Current pricing conditions": "Текущие условия тарификации",
    "Prices are in {{currency}}, with units shown below. Use USD when editing expressions directly.": "Цены указаны в {{currency}}, единицы — ниже. При ручном редактировании выражений используйте USD.",
    "Set prices for each set of conditions below. Cost = usage × unit price + additional charge. Token prices are per million tokens.": "Задайте цены для условий ниже. Стоимость = объём × цена за единицу + доплата. Цены токенов указываются за миллион."
  },
  "vi": {
    "This model is billed by usage, but the administrator has not configured its pricing yet.": "Mô hình này được tính phí theo mức sử dụng, nhưng quản trị viên chưa cấu hình giá.",
    "Applicable conditions": "Điều kiện áp dụng",
    "Other cases": "Các trường hợp khác",
    "All requests": "Tất cả yêu cầu",
    "Price examples": "Ví dụ giá",
    "Spec": "Thông số",
    "Example price": "Giá ví dụ",
    "Approximate prices for common specs.": "Giá tham khảo cho các cấu hình phổ biến.",
    "Prices shown per usage unit": "Giá hiển thị theo từng đơn vị sử dụng",
    "Additional charge": "Phí bổ sung",
    "Allow clients to query configured prices via `/api/ratio`.": "Cho phép ứng dụng khách truy vấn giá đã cấu hình qua `/api/ratio`.",
    "Unit price: {{field}}": "Đơn giá: {{field}}",
    "Added to the usage cost. Set to 0 for no additional charge.": "Khoản cộng thêm vào chi phí sử dụng. Nhập 0 nếu không thu thêm.",
    "Cost calculator": "Ước tính chi phí",
    "Enter sample usage to estimate the cost. Group and request multipliers are not included.": "Nhập mức sử dụng của một yêu cầu để ước tính chi phí, chưa áp dụng hệ số nhóm và quy tắc yêu cầu.",
    "Usage · {{price}}": "Mức sử dụng · {{price}}",
    "Current pricing conditions": "Điều kiện tính giá hiện tại",
    "Prices are in {{currency}}, with units shown below. Use USD when editing expressions directly.": "Giá tính bằng {{currency}}, theo đơn vị ghi bên dưới. Khi sửa trực tiếp biểu thức, hãy dùng USD.",
    "Set prices for each set of conditions below. Cost = usage × unit price + additional charge. Token prices are per million tokens.": "Đặt giá cho từng điều kiện bên dưới. Chi phí = mức sử dụng × đơn giá + phí bổ sung. Đơn giá token tính trên mỗi triệu token."
  }
}
