
 RUN  v5.0.0 D:/10178/Projects/new-api-upstream-sync/web

 ❯ src/features/users/components/dialogs/__tests__/user-binding-dialog.test.tsx (3 tests | 1 failed) 1472ms
   ❯ UserBindingDialog built-in bindings (3)
     × submits every built-in provider type accepted by the backend 1256ms

⎯⎯⎯⎯⎯⎯⎯ Failed Tests 1 ⎯⎯⎯⎯⎯⎯⎯

 FAIL  src/features/users/components/dialogs/__tests__/user-binding-dialog.test.tsx > UserBindingDialog built-in bindings > submits every built-in provider type accepted by the backend
AssertionError: expected '/api/user/7/bindings/github_id' to be '/api/user/7/bindings/github' // Object.is equality

Ignored nodes: comments, script, style
[36m<html[39m
  [33mstyle[39m=[32m"scrollbar-gutter: stable;"[39m
[36m>[39m
  [36m<head />[39m
  [36m<body[39m
    [33mstyle[39m=[32m"overflow-y: hidden; overflow-x: hidden;"[39m
  [36m>[39m
    [36m<div[39m
      [33maria-hidden[39m=[32m"true"[39m
      [33mdata-base-ui-inert[39m=[32m""[39m
    [36m/>[39m
    [36m<div[39m
      [33mdata-base-ui-portal[39m=[32m""[39m
      [33mdata-slot[39m=[32m"dialog-portal"[39m
      [33mid[39m=[32m"_r_2_"[39m
    [36m>[39m
      [36m<div[39m
        [33maria-hidden[39m=[32m"true"[39m
        [33mdata-base-ui-inert[39m=[32m""[39m
        [33mrole[39m=[32m"presentation"[39m
        [33mstyle[39m=[32m"position: fixed; user-select: none;"[39m
      [36m/>[39m
      [36m<div[39m
        [33maria-hidden[39m=[32m"true"[39m
        [33mclass[39m=[32m"data-open:animate-in data-open:fade-in-0 data-closed:animate-out data-closed:fade-out-0 fixed inset-0 isolate z-50 bg-black/10 duration-100 supports-backdrop-filter:backdrop-blur-xs"[39m
        [33mdata-base-ui-inert[39m=[32m""[39m
        [33mdata-open[39m=[32m""[39m
        [33mdata-slot[39m=[32m"dialog-overlay"[39m
        [33mrole[39m=[32m"presentation"[39m
        [33mstyle[39m=[32m"user-select: none;"[39m
      [36m/>[39m
      [36m<span[39m
        [33maria-hidden[39m=[32m"true"[39m
        [33mdata-base-ui-focus-guard[39m=[32m""[39m
        [33mdata-base-ui-inert[39m=[32m""[39m
        [33mdata-type[39m=[32m"inside"[39m
        [33mstyle[39m=[32m"clip-path: inset(50%); overflow: hidden; white-space: nowrap; border: 0px; padding: 0px; width: 1px; height: 1px; margin: -1px; position: fixed; top: 0px; left: 0px;"[39m
        [33mtabindex[39m=[32m"0"[39m
      [36m/>[39m
      [36m<div[39m
        [33maria-describedby[39m=[32m"base-ui-_r_4_"[39m
        [33maria-labelledby[39m=[32m"base-ui-_r_3_"[39m
        [33mclass[39m=[32m"bg-popover text-popover-foreground ring-foreground/10 data-open:animate-in data-open:fade-in-0 data-open:zoom-in-95 data-closed:animate-out data-closed:fade-out-0 data-closed:zoom-out-95 fixed top-1/2 left-1/2 z-50 max-w-[calc(100%-2rem)] -translate-x-1/2 -translate-y-1/2 rounded-xl text-sm ring-1 outline-none flex max-h-[calc(100vh-2rem)] w-full flex-col gap-4 overflow-hidden p-4 sm:p-6 sm:max-w-lg data-open:animate-in data-open:fade-in-0 data-open:zoom-in-95 data-closed:animate-out data-closed:fade-out-0 data-closed:zoom-out-95 duration-100"[39m
        [33mdata-base-ui-focusable[39m=[32m""[39m
        [33mdata-open[39m=[32m""[39m
        [33mdata-slot[39m=[32m"dialog-content"[39m
        [33mid[39m=[32m"_r_0_"[39m
        [33mrole[39m=[32m"dialog"[39m
        [33mstyle[39m=[32m"--nested-dialogs: 0; --dialog-content-height: auto;"[39m
        [33mtabindex[39m=[32m"-1"[39m
      [36m>[39m
        [36m<div[39m
          [33mclass[39m=[32m"flex flex-col gap-2 flex-shrink-0 text-start"[39m
          [33mdata-slot[39m=[32m"dialog-header"[39m
        [36m>[39m
          [36m<h2[39m
            [33mclass[39m=[32m"text-base leading-none font-medium flex items-center gap-2"[39m
            [33mdata-slot[39m=[32m"dialog-title"[39m
            [33mid[39m=[32m"base-ui-_r_3_"[39m
          [36m>[39m
            [36m<svg[39m
              [33maria-hidden[39m=[32m"true"[39m
              [33mclass[39m=[32m"lucide lucide-link2 lucide-link-2 h-5 w-5"[39m
              [33mfill[39m=[32m"none"[39m
              [33mheight[39m=[32m"24"[39m
              [33mstroke[39m=[32m"currentColor"[39m
              [33mstroke-linecap[39m=[32m"round"[39m
              [33mstroke-linejoin[39m=[32m"round"[39m
              [33mstroke-width[39m=[32m"2"[39m
              [33mviewBox[39m=[32m"0 0 24 24"[39m
              [33mwidth[39m=[32m"24"[39m
              [33mxmlns[39m=[32m"http://www.w3.org/2000/svg"[39m
            [36m>[39m
              [36m<path[39m
                [33md[39m=[32m"M9 17H7A5 5 0 0 1 7 7h2"[39m
              [36m/>[39m
              [36m<path[39m
                [33md[39m=[32m"M15 7h2a5 5 0 1 1 0 10h-2"[39m
              [36m/>[39m
              [36m<line[39m
                [33mx1[39m=[32m"8"[39m
                [33mx2[39m=[32m"16"[39m
                [33my1[39m=[32m"12"[39m
                [33my2[39m=[32m"12"[39m
              [36m/>[39m
            [36m</svg>[39m
            [0mAccount Binding Management[0m
          [36m</h2>[39m
          [36m<p[39m
            [33mclass[39m=[32m"text-muted-foreground *:[a]:hover:text-foreground text-sm *:[a]:underline *:[a]:underline-offset-3 sr-only"[39m
            [33mdata-slot[39m=[32m"dialog-description"[39m
            [33mid[39m=[32m"base-ui-_r_4_"[39m
          [36m>[39m
            [0mManage account bindings for this user[0m
          [36m</p>[39m
        [36m</div>[39m
        [36m<div[39m
          [33mclass[39m=[32m"-mx-1 min-h-0 overflow-x-hidden overflow-y-auto overscroll-contain h-[var(--dialog-content-height)] max-h-[calc(100vh-14rem)]"[39m
        [36m>[39m
          [36m<div[39m
            [33mclass[39m=[32m"min-w-0 px-1 py-1 [&_form]:overflow-x-visible [&_[data-slot=scroll-area-viewport]]:px-1 [&_[data-slot=scroll-area-viewport]]:py-1 space-y-4"[39m
          [36m>[39m
            [36m<div[39m
              [33mclass[39m=[32m"space-y-3"[39m
            [36m>[39m
              [36m<div[39m
                [33mclass[39m=[32m"flex items-center justify-between"[39m
              [36m>[39m
                [36m<p[39m
                  [33mclass[39m=[32m"text-muted-foreground text-sm"[39m
                [36m>[39m
                  [0mbound-user[0m
                  [0m (ID: [0m
                  [0m7[0m
                  [0m)[0m
                [36m</p>[39m
                [36m<button[39m
                  [33mclass[39m=[32m"group/button inline-flex shrink-0 items-center justify-center border border-transparent bg-clip-padding font-medium whitespace-nowrap transition-all outline-none select-none focus-visible:border-ring focus-visible:ring-3 focus-visible:ring-ring/50 active:not-aria-[haspopup]:translate-y-px disabled:pointer-events-none disabled:opacity-50 aria-invalid:border-destructive aria-invalid:ring-3 aria-invalid:ring-destructive/20 dark:aria-invalid:border-destructive/50 dark:aria-invalid:ring-destructive/40 [&_svg]:pointer-events-none [&_svg]:shrink-0 hover:bg-muted hover:text-foreground aria-expanded:bg-muted aria-expanded:text-foreground dark:hover:bg-muted/50 rounded-md in-data-[slot=button-group]:rounded-lg has-data-[icon=inline-end]:pr-1.5 has-data-[icon=inline-start]:pl-1.5 [&_svg:not([class*='size-'])]:size-3.5 h-7 gap-1.5 px-2 text-xs"[39m
                  [33mdata-base-ui-tooltip-trigger[39m=[32m""[39m
                  [33mdata-slot[39m...

Expected: "/api/user/7/bindings/github"
Received: "/api/user/7/bindings/github_id"

 ❯ src/features/users/components/dialogs/__tests__/user-binding-dialog.test.tsx:131:36
    129|       await interaction.click(screen.getByRole('button', { name: 'Conf…
    130|       await waitFor(() => {
    131|         expect(deletedUrls.at(-1)).toBe(`/api/user/7/bindings/${bindin…
       |                                    ^
    132|       })
    133|       await waitFor(() => {
 ❯ runWithExpensiveErrorDiagnosticsDisabled node_modules/@testing-library/dom/dist/config.js:47:12
 ❯ checkCallback node_modules/@testing-library/dom/dist/wait-for.js:124:77
 ❯ Timeout.checkRealTimersCallback node_modules/@testing-library/dom/dist/wait-for.js:118:16

⎯⎯⎯⎯⎯⎯⎯⎯⎯⎯⎯⎯⎯⎯⎯⎯⎯⎯⎯⎯⎯⎯⎯⎯[1/1]⎯


 Test Files  1 failed (1)
      Tests  1 failed | 2 passed (3)
   Start at  06:42:50
   Duration  5.15s (import 51%, tests 29%, environment 11%, setup 6%, transform 3%)

