{
  "en": {
    "{{currency}} price per 1M input tokens.": "{{currency}} price per 1M input tokens.",
    "{{currency}} price per 1M tokens.": "{{currency}} price per 1M tokens.",
    "About pricing currency": "About pricing currency",
    "Cost in {{currency}} per request, regardless of tokens used.": "Cost in {{currency}} per request, regardless of tokens used.",
    "Current exchange rate: 1 USD = {{rate}} {{currency}}": "Current exchange rate: 1 USD = {{rate}} {{currency}}",
    "Pricing currency": "Pricing currency",
    "Raw expressions and presets use USD. Currency selection only converts visual price inputs and monetary previews.": "Raw expressions and presets use USD. Currency selection only converts visual price inputs and monetary previews.",
    "Site currency ({{currency}})": "Site currency ({{currency}})",
    "The converted price must be a finite, non-negative number.": "The converted price must be a finite, non-negative number.",
    "The site exchange rate is invalid. Prices are shown in USD.": "The site exchange rate is invalid. Prices are shown in USD.",
    "The system always bills in USD. Site currency makes entering and converting prices easier; amounts are converted to USD using the site exchange rate. Switching currencies does not change the actual price. Raw billing expressions always use USD.": "The system always bills in USD. Site currency makes entering and converting prices easier; amounts are converted to USD using the site exchange rate. Switching currencies does not change the actual price. Raw billing expressions always use USD.",
    "US dollar (USD)": "US dollar (USD)",
    "Visual prices use {{currency}} per declared unit; token prices are per 1M tokens. Raw expressions always use USD, with token terms divided by 1000000.": "Visual prices use {{currency}} per declared unit; token prices are per 1M tokens. Raw expressions always use USD, with token terms divided by 1000000."
  },
  "zh": {
    "{{currency}} price per 1M input tokens.": "每百万输入 Token 的价格，单位为 {{currency}}。",
    "{{currency}} price per 1M tokens.": "每百万 Token 的价格，单位为 {{currency}}。",
    "About pricing currency": "关于定价货币",
    "Cost in {{currency}} per request, regardless of tokens used.": "每次请求的费用（{{currency}}），与 Token 用量无关。",
    "Current exchange rate: 1 USD = {{rate}} {{currency}}": "当前汇率：1 USD = {{rate}} {{currency}}",
    "Pricing currency": "定价货币",
    "Raw expressions and presets use USD. Currency selection only converts visual price inputs and monetary previews.": "原始表达式和预设使用美元。货币选择仅换算可视化价格输入和金额预览。",
    "Site currency ({{currency}})": "站点货币（{{currency}}）",
    "The converted price must be a finite, non-negative number.": "换算后的价格必须是有限的非负数。",
    "The site exchange rate is invalid. Prices are shown in USD.": "站点汇率无效，价格以美元显示。",
    "The system always bills in USD. Site currency makes entering and converting prices easier; amounts are converted to USD using the site exchange rate. Switching currencies does not change the actual price. Raw billing expressions always use USD.": "系统底层统一使用美元计价。选择站点货币是为了方便输入和换算，金额会按站点汇率转换为美元。切换货币不会改变实际价格；原始计费表达式始终使用美元。",
    "US dollar (USD)": "美元（USD）",
    "Visual prices use {{currency}} per declared unit; token prices are per 1M tokens. Raw expressions always use USD, with token terms divided by 1000000.": "可视化价格以 {{currency}} 按声明的单位计价；Token 价格按每百万 Token 计价。原始表达式始终使用美元，Token 项除以 1000000。"
  },
  "zh-TW": {
    "{{currency}} price per 1M input tokens.": "每百萬輸入 Token 的價格，單位為 {{currency}}。",
    "{{currency}} price per 1M tokens.": "每百萬 Token 的價格，單位為 {{currency}}。",
    "About pricing currency": "關於定價貨幣",
    "Cost in {{currency}} per request, regardless of tokens used.": "每次請求的費用（{{currency}}），與 Token 用量無關。",
    "Current exchange rate: 1 USD = {{rate}} {{currency}}": "目前匯率：1 USD = {{rate}} {{currency}}",
    "Pricing currency": "定價貨幣",
    "Raw expressions and presets use USD. Currency selection only converts visual price inputs and monetary previews.": "原始表達式和預設使用美元。貨幣選擇僅換算視覺化價格輸入和金額預覽。",
    "Site currency ({{currency}})": "站點貨幣（{{currency}}）",
    "The converted price must be a finite, non-negative number.": "換算後的價格必須是有限的非負數。",
    "The site exchange rate is invalid. Prices are shown in USD.": "站點匯率無效，價格以美元顯示。",
    "The system always bills in USD. Site currency makes entering and converting prices easier; amounts are converted to USD using the site exchange rate. Switching currencies does not change the actual price. Raw billing expressions always use USD.": "系統底層統一使用美元計價。選擇站點貨幣是為了方便輸入和換算，金額會按站點匯率轉換為美元。切換貨幣不會改變實際價格；原始計費表達式一律使用美元。",
    "US dollar (USD)": "美元（USD）",
    "Visual prices use {{currency}} per declared unit; token prices are per 1M tokens. Raw expressions always use USD, with token terms divided by 1000000.": "視覺化價格以 {{currency}} 按宣告的單位計價；Token 價格按每百萬 Token 計價。原始表達式一律使用美元，Token 項除以 1000000。"
  },
  "fr": {
    "{{currency}} price per 1M input tokens.": "Prix en {{currency}} par million de tokens en entrée.",
    "{{currency}} price per 1M tokens.": "Prix en {{currency}} par million de tokens.",
    "About pricing currency": "À propos de la devise de tarification",
    "Cost in {{currency}} per request, regardless of tokens used.": "Coût en {{currency}} par requête, quel que soit le nombre de tokens utilisés.",
    "Current exchange rate: 1 USD = {{rate}} {{currency}}": "Taux actuel : 1 USD = {{rate}} {{currency}}",
    "Pricing currency": "Devise de tarification",
    "Raw expressions and presets use USD. Currency selection only converts visual price inputs and monetary previews.": "Les expressions brutes et les préréglages utilisent les USD. Le choix de devise convertit uniquement les prix de l’éditeur visuel et les aperçus des montants.",
    "Site currency ({{currency}})": "Devise du site ({{currency}})",
    "The converted price must be a finite, non-negative number.": "Le prix converti doit être un nombre fini et positif ou nul.",
    "The site exchange rate is invalid. Prices are shown in USD.": "Le taux de change du site est invalide. Les prix sont affichés en USD.",
    "The system always bills in USD. Site currency makes entering and converting prices easier; amounts are converted to USD using the site exchange rate. Switching currencies does not change the actual price. Raw billing expressions always use USD.": "Le système facture toujours en USD. La devise du site facilite la saisie et la conversion des prix ; les montants sont convertis en USD au taux du site. Changer de devise ne modifie pas le prix réel. Les expressions de facturation brutes utilisent toujours les USD.",
    "US dollar (USD)": "Dollar américain (USD)",
    "Visual prices use {{currency}} per declared unit; token prices are per 1M tokens. Raw expressions always use USD, with token terms divided by 1000000.": "Les prix visuels sont en {{currency}} par unité déclarée ; les prix des tokens sont par million. Les expressions brutes utilisent toujours les USD, avec les termes de tokens divisés par 1000000."
  },
  "ja": {
    "{{currency}} price per 1M input tokens.": "入力100万トークンあたりの価格（{{currency}}）。",
    "{{currency}} price per 1M tokens.": "100万トークンあたりの価格（{{currency}}）。",
    "About pricing currency": "価格設定の通貨について",
    "Cost in {{currency}} per request, regardless of tokens used.": "トークン使用量に関係なく、リクエストごとにかかる料金（{{currency}}）。",
    "Current exchange rate: 1 USD = {{rate}} {{currency}}": "現在の為替レート：1 USD = {{rate}} {{currency}}",
    "Pricing currency": "価格設定の通貨",
    "Raw expressions and presets use USD. Currency selection only converts visual price inputs and monetary previews.": "式の直接編集とプリセットでは米ドルを使用します。通貨の選択はビジュアルエディターの価格入力と金額プレビューにのみ適用されます。",
    "Site currency ({{currency}})": "サイト通貨（{{currency}}）",
    "The converted price must be a finite, non-negative number.": "換算後の価格は有限の非負数である必要があります。",
    "The site exchange rate is invalid. Prices are shown in USD.": "サイトの為替レートが無効なため、価格は米ドルで表示されます。",
    "The system always bills in USD. Site currency makes entering and converting prices easier; amounts are converted to USD using the site exchange rate. Switching currencies does not change the actual price. Raw billing expressions always use USD.": "システムの内部計算は常に米ドルです。サイト通貨は価格の入力と換算を簡単にするためのもので、金額はサイトの為替レートで米ドルに換算されます。通貨を切り替えても実際の価格は変わりません。課金式の直接編集では常に米ドルを使用します。",
    "US dollar (USD)": "米ドル（USD）",
    "Visual prices use {{currency}} per declared unit; token prices are per 1M tokens. Raw expressions always use USD, with token terms divided by 1000000.": "ビジュアル価格は宣言された単位ごとの{{currency}}で、トークン価格は100万トークンあたりです。式の直接編集では常に米ドルを使用し、トークン項は1000000で割ります。"
  },
  "ru": {
    "{{currency}} price per 1M input tokens.": "Цена в {{currency}} за 1 млн входных токенов.",
    "{{currency}} price per 1M tokens.": "Цена в {{currency}} за 1 млн токенов.",
    "About pricing currency": "О валюте цен",
    "Cost in {{currency}} per request, regardless of tokens used.": "Стоимость запроса в {{currency}}, независимо от числа токенов.",
    "Current exchange rate: 1 USD = {{rate}} {{currency}}": "Текущий курс: 1 USD = {{rate}} {{currency}}",
    "Pricing currency": "Валюта цен",
    "Raw expressions and presets use USD. Currency selection only converts visual price inputs and monetary previews.": "Исходные выражения и шаблоны используют USD. Выбор валюты влияет только на ввод цен в визуальном редакторе и предпросмотр сумм.",
    "Site currency ({{currency}})": "Валюта сайта ({{currency}})",
    "The converted price must be a finite, non-negative number.": "Цена после пересчёта должна быть конечным неотрицательным числом.",
    "The site exchange rate is invalid. Prices are shown in USD.": "Курс сайта недействителен. Цены отображаются в USD.",
    "The system always bills in USD. Site currency makes entering and converting prices easier; amounts are converted to USD using the site exchange rate. Switching currencies does not change the actual price. Raw billing expressions always use USD.": "Система всегда рассчитывает стоимость в USD. Валюта сайта упрощает ввод и пересчёт цен; суммы переводятся в USD по курсу сайта. Переключение валюты не меняет фактическую цену. В исходных выражениях тарификации всегда используется USD.",
    "US dollar (USD)": "Доллар США (USD)",
    "Visual prices use {{currency}} per declared unit; token prices are per 1M tokens. Raw expressions always use USD, with token terms divided by 1000000.": "В визуальном редакторе цены задаются в {{currency}} за указанную единицу, а для токенов — за 1 млн. Исходные выражения всегда используют USD; слагаемые для токенов делятся на 1000000."
  },
  "vi": {
    "{{currency}} price per 1M input tokens.": "Giá bằng {{currency}} cho mỗi 1 triệu token đầu vào.",
    "{{currency}} price per 1M tokens.": "Giá bằng {{currency}} cho mỗi 1 triệu token.",
    "About pricing currency": "Về tiền tệ định giá",
    "Cost in {{currency}} per request, regardless of tokens used.": "Chi phí mỗi yêu cầu bằng {{currency}}, không phụ thuộc số token sử dụng.",
    "Current exchange rate: 1 USD = {{rate}} {{currency}}": "Tỷ giá hiện tại: 1 USD = {{rate}} {{currency}}",
    "Pricing currency": "Tiền tệ định giá",
    "Raw expressions and presets use USD. Currency selection only converts visual price inputs and monetary previews.": "Biểu thức gốc và mẫu có sẵn dùng USD. Lựa chọn tiền tệ chỉ quy đổi giá nhập trong trình chỉnh sửa trực quan và số tiền xem trước.",
    "Site currency ({{currency}})": "Tiền tệ trang web ({{currency}})",
    "The converted price must be a finite, non-negative number.": "Giá sau quy đổi phải là số hữu hạn không âm.",
    "The site exchange rate is invalid. Prices are shown in USD.": "Tỷ giá trang web không hợp lệ. Giá được hiển thị bằng USD.",
    "The system always bills in USD. Site currency makes entering and converting prices easier; amounts are converted to USD using the site exchange rate. Switching currencies does not change the actual price. Raw billing expressions always use USD.": "Hệ thống luôn tính phí bằng USD. Tiền tệ trang web giúp nhập và quy đổi giá thuận tiện hơn; số tiền được quy đổi sang USD theo tỷ giá của trang web. Đổi tiền tệ không làm thay đổi giá thực tế. Biểu thức tính phí gốc luôn dùng USD.",
    "US dollar (USD)": "Đô la Mỹ (USD)",
    "Visual prices use {{currency}} per declared unit; token prices are per 1M tokens. Raw expressions always use USD, with token terms divided by 1000000.": "Giá trực quan dùng {{currency}} cho mỗi đơn vị đã khai báo; giá token tính theo 1 triệu token. Biểu thức gốc luôn dùng USD, với các hạng tử token chia cho 1000000."
  }
}
