=== RUN   TestOptionPrimaryKeyMigration
[SYS] 2026/09/11 - 14:04:00 | SQL_DSN not set, using SQLite as database 
    option_primary_key_migration_test.go:28: TEST_OPTIONS_MIGRATION_DSN: 3.50.4
=== RUN   TestOptionPrimaryKeyMigration/identical_duplicates_restart_and_pricing_seed
[SYS] 2026/09/11 - 14:04:00 | repaired options uniqueness from 4 rows into 3 keys; original rows kept in options_legacy_1789106640094849300 

2026/09/11 14:04:00 [31;1mD:/10178/Projects/new-api-upstream-sync/model/option_primary_key_migration_test.go:55 [35;1msqlite error 2067
[0m[33m[0.524ms] [34;1m[rows:0][0m INSERT INTO `options` (`key`,`value`) VALUES (?,?)
=== RUN   TestOptionPrimaryKeyMigration/ambiguous_prices_stop_startup_without_writes
=== RUN   TestOptionPrimaryKeyMigration/invalid_legacy_row
=== RUN   TestOptionPrimaryKeyMigration/invalid_legacy_row#01
=== RUN   TestOptionPrimaryKeyMigration/invalid_legacy_row#02
=== RUN   TestOptionPrimaryKeyMigration/interrupted_repair_keeps_values_and_accepts_restart

2026/09/11 14:04:00 [31;1mD:/10178/Projects/new-api-upstream-sync/model/option_primary_key_migration.go:197 [35;1mfixture constraint failure
[0m[33m[0.000ms] [34;1m[rows:0][0m CREATE UNIQUE INDEX `idx_options_key_repaired` ON `options` (`key`)

2026/09/11 14:04:00 [34;1mD:/10178/Projects/new-api-upstream-sync/model/option_primary_key_migration_test.go:133
[0m[35m[warn] [0mremoving callback `fail_option_constraint` from D:/10178/Projects/new-api-upstream-sync/model/option_primary_key_migration_test.go:133
[SYS] 2026/09/11 - 14:04:00 | repaired options uniqueness from 2 rows into 1 keys; original rows kept in options_legacy_1789106640120605700 
=== RUN   TestOptionPrimaryKeyMigration/ordinary_writers_wait_for_snapshot
[SYS] 2026/09/11 - 14:04:00 | SQL_DSN not set, using SQLite as database 
[SYS] 2026/09/11 - 14:04:00 | repaired options uniqueness from 1 rows into 1 keys; original rows kept in options_legacy_1789106640127016800 

2026/09/11 14:04:00 [34;1mD:/10178/Projects/new-api-upstream-sync/model/option_primary_key_migration_test.go:173
[0m[35m[warn] [0mremoving callback `pause_option_snapshot` from D:/10178/Projects/new-api-upstream-sync/model/option_primary_key_migration_test.go:173
=== RUN   TestOptionPrimaryKeyMigration/partial_unique_index_does_not_protect_pricing
[SYS] 2026/09/11 - 14:04:00 | repaired options uniqueness from 2 rows into 1 keys; original rows kept in options_legacy_1789106640134026600 

2026/09/11 14:04:00 [31;1mD:/10178/Projects/new-api-upstream-sync/model/option_primary_key_migration_test.go:204 [35;1msqlite error 2067
[0m[33m[0.000ms] [34;1m[rows:0][0m INSERT INTO `options` (`key`,`value`) VALUES (?,?)
--- PASS: TestOptionPrimaryKeyMigration (0.10s)
    --- PASS: TestOptionPrimaryKeyMigration/identical_duplicates_restart_and_pricing_seed (0.01s)
    --- PASS: TestOptionPrimaryKeyMigration/ambiguous_prices_stop_startup_without_writes (0.00s)
    --- PASS: TestOptionPrimaryKeyMigration/invalid_legacy_row (0.00s)
    --- PASS: TestOptionPrimaryKeyMigration/invalid_legacy_row#01 (0.00s)
    --- PASS: TestOptionPrimaryKeyMigration/invalid_legacy_row#02 (0.00s)
    --- PASS: TestOptionPrimaryKeyMigration/interrupted_repair_keeps_values_and_accepts_restart (0.01s)
    --- PASS: TestOptionPrimaryKeyMigration/ordinary_writers_wait_for_snapshot (0.01s)
    --- PASS: TestOptionPrimaryKeyMigration/partial_unique_index_does_not_protect_pricing (0.01s)
=== RUN   TestSeedCanonicalPricingOptionsOnlyAddsMissingRows
--- PASS: TestSeedCanonicalPricingOptionsOnlyAddsMissingRows (0.00s)
=== RUN   TestGenericPricingWritesAreRejected
--- PASS: TestGenericPricingWritesAreRejected (0.00s)
PASS
ok  	github.com/QuantumNous/new-api/model	0.744s
