$ node scripts/test-preservation.mjs features/keys group-auto-limit-validation
bun test v1.3.14 (0d9b296a)

src\features\keys\components\__tests__\api-key-group-cell.test.tsx:
(pass) API key group table cell > renders two unclipped rings and a localized Auto ratio when API data uses a nonlocalized string [95.29ms]
(pass) API key group table cell > keeps static Auto frames but omits both moving layers for reduced motion [20.71ms]
(pass) API key group table cell > shows only the Auto badge when ratio data is unavailable [11.81ms]
(pass) API key group table cell > narrows normal group ratios to numbers and never applies Auto rings [16.30ms]

 4 pass
 0 fail
Ran 4 tests across 1 file. [5.53s]
bun test v1.3.14 (0d9b296a)

src\features\keys\components\__tests__\api-key-group-combobox.test.tsx:
(pass) API key group combobox Auto effect > rings the selected Auto trigger and its localized ratio without rendering the API ratio text [211.68ms]
(pass) API key group combobox Auto effect > keeps search and selection behavior while leaving normal groups unstyled [96.51ms]
(pass) API key group combobox Auto effect > preserves the static Auto treatment but omits moving layers for reduced motion [103.72ms]

 3 pass
 0 fail
Ran 3 tests across 1 file. [1.70s]
bun test v1.3.14 (0d9b296a)

src\features\keys\components\__tests__\api-keys-mutate-drawer.test.tsx:
(pass) API keys mutate drawer Auto group integration > inherits the root Auto order and sends an empty override for every batch-created key [521.33ms]
(pass) API keys mutate drawer Auto group integration > preserves an unsaved custom order and mode after Auto to ordinary to Auto changes [758.43ms]

 2 pass
 0 fail
Ran 2 tests across 1 file. [3.88s]
bun test v1.3.14 (0d9b296a)

src\features\keys\components\__tests__\auto-group-order-editor.test.tsx:
(pass) Auto group order editor > enforces the limit and exposes accessible reorder controls [179.80ms]
(pass) Auto group order editor > adds and removes groups, then restores inheritance as an empty value [166.00ms]
(pass) Auto group order editor > shows the complete inherited order with metadata beyond the custom limit [22.05ms]
(pass) Auto group order editor > shows an explicit empty state when the global Auto order has no groups [24.05ms]
(pass) Auto group order editor > keeps an empty custom order distinct from global inheritance [19.23ms]
(pass) Auto group order editor > adding a group from inheritance explicitly creates a custom order [106.15ms]
(pass) Auto group order editor > removing the last custom group does not silently enable inheritance [28.06ms]

 7 pass
 0 fail
Ran 7 tests across 1 file. [2.00s]
bun test v1.3.14 (0d9b296a)

src\features\keys\lib\__tests__\auto-group-form.test.ts:
(pass) API key Auto group form mapping > treats legacy token responses without auto_groups as inheritance [3.47ms]
(pass) API key Auto group form mapping > creates an Auto token that inherits the global order [0.14ms]
(pass) API key Auto group form mapping > maps omitted, null, and empty snapshots to inheritance on edit [0.20ms]
(pass) API key Auto group form mapping > filters a stored snapshot before applying a lowered limit [0.06ms]
(pass) API key Auto group form mapping > keeps a fully filtered snapshot custom and rejects it until resolved [3.39ms]
(pass) API key Auto group form mapping > submits a valid custom snapshot in its configured order [0.04ms]
(pass) API key Auto group form mapping > submits an empty array for inheritance and for non-Auto groups [0.04ms]
(pass) API key Auto group form mapping > rejects snapshots over the configured limit [0.87ms]
(pass) API key Auto group form mapping > rejects duplicate custom groups [0.79ms]

 9 pass
 0 fail
Ran 9 tests across 1 file. [158.00ms]
bun test v1.3.14 (0d9b296a)

src\features\system-settings\models\__tests__\group-auto-limit-validation.test.ts:
(pass) per-token Auto group limit validation > accepts any positive integer without a product upper bound [0.65ms]
(pass) per-token Auto group limit validation > rejects zero, negative, and fractional limits [0.46ms]

 2 pass
 0 fail
Ran 2 tests across 1 file. [146.00ms]
{"files":6,"passed":6,"failed":[]}
