{"Time":"2026-09-11T02:35:39.2093562+08:00","Action":"start","Package":"github.com/QuantumNous/new-api/model"}
{"Time":"2026-09-11T02:35:39.8241642+08:00","Action":"run","Package":"github.com/QuantumNous/new-api/model","Test":"TestDatabaseUpgradePreservesDownstreamData"}
{"Time":"2026-09-11T02:35:39.8241642+08:00","Action":"output","Package":"github.com/QuantumNous/new-api/model","Test":"TestDatabaseUpgradePreservesDownstreamData","Output":"=== RUN   TestDatabaseUpgradePreservesDownstreamData\n"}
{"Time":"2026-09-11T02:35:39.8682802+08:00","Action":"output","Package":"github.com/QuantumNous/new-api/model","Test":"TestDatabaseUpgradePreservesDownstreamData","Output":"[SYS] 2026/09/11 - 02:35:39 | SQL_DSN not set, using SQLite as database \n"}
{"Time":"2026-09-11T02:35:39.8745601+08:00","Action":"output","Package":"github.com/QuantumNous/new-api/model","Test":"TestDatabaseUpgradePreservesDownstreamData","Output":"    database_upgrade_test.go:42: TEST_UPGRADE_DSN: 3.50.4\n"}
{"Time":"2026-09-11T02:35:39.8745601+08:00","Action":"output","Package":"github.com/QuantumNous/new-api/model","Test":"TestDatabaseUpgradePreservesDownstreamData","Output":"[SYS] 2026/09/11 - 02:35:39 | SQL_DSN not set, using SQLite as database \n"}
{"Time":"2026-09-11T02:35:39.8802915+08:00","Action":"output","Package":"github.com/QuantumNous/new-api/model","Test":"TestDatabaseUpgradePreservesDownstreamData","Output":"    database_upgrade_test.go:43: TEST_UPGRADE_LOG_DSN: 3.50.4\n"}
{"Time":"2026-09-11T02:35:40.1958+08:00","Action":"output","Package":"github.com/QuantumNous/new-api/model","Test":"TestDatabaseUpgradePreservesDownstreamData","Output":"    database_upgrade_test.go:61: \n"}
{"Time":"2026-09-11T02:35:40.1965414+08:00","Action":"output","Package":"github.com/QuantumNous/new-api/model","Test":"TestDatabaseUpgradePreservesDownstreamData","Output":"        \tError Trace:\tD:/10178/Projects/new-api-upstream-sync/model/database_upgrade_test.go:61\n"}
{"Time":"2026-09-11T02:35:40.1965414+08:00","Action":"output","Package":"github.com/QuantumNous/new-api/model","Test":"TestDatabaseUpgradePreservesDownstreamData","Output":"        \tError:      \tShould be empty, but was [DROP INDEX `idx_passkey_credentials_user_id` CREATE INDEX `idx_passkey_credentials_user_id` ON `passkey_credentials`(`user_id`)]\n"}
{"Time":"2026-09-11T02:35:40.1965414+08:00","Action":"output","Package":"github.com/QuantumNous/new-api/model","Test":"TestDatabaseUpgradePreservesDownstreamData","Output":"        \tTest:       \tTestDatabaseUpgradePreservesDownstreamData\n"}
{"Time":"2026-09-11T02:35:40.1965414+08:00","Action":"output","Package":"github.com/QuantumNous/new-api/model","Test":"TestDatabaseUpgradePreservesDownstreamData","Output":"        \tMessages:   \tunchanged restart 1 must not issue DDL\n"}
{"Time":"2026-09-11T02:35:40.2125394+08:00","Action":"output","Package":"github.com/QuantumNous/new-api/model","Test":"TestDatabaseUpgradePreservesDownstreamData","Output":"    database_upgrade_test.go:61: \n"}
{"Time":"2026-09-11T02:35:40.2135443+08:00","Action":"output","Package":"github.com/QuantumNous/new-api/model","Test":"TestDatabaseUpgradePreservesDownstreamData","Output":"        \tError Trace:\tD:/10178/Projects/new-api-upstream-sync/model/database_upgrade_test.go:61\n"}
{"Time":"2026-09-11T02:35:40.2135443+08:00","Action":"output","Package":"github.com/QuantumNous/new-api/model","Test":"TestDatabaseUpgradePreservesDownstreamData","Output":"        \tError:      \tShould be empty, but was [DROP INDEX `idx_passkey_credentials_user_id` CREATE INDEX `idx_passkey_credentials_user_id` ON `passkey_credentials`(`user_id`)]\n"}
{"Time":"2026-09-11T02:35:40.2135443+08:00","Action":"output","Package":"github.com/QuantumNous/new-api/model","Test":"TestDatabaseUpgradePreservesDownstreamData","Output":"        \tTest:       \tTestDatabaseUpgradePreservesDownstreamData\n"}
{"Time":"2026-09-11T02:35:40.2135443+08:00","Action":"output","Package":"github.com/QuantumNous/new-api/model","Test":"TestDatabaseUpgradePreservesDownstreamData","Output":"        \tMessages:   \tunchanged restart 2 must not issue DDL\n"}
{"Time":"2026-09-11T02:35:40.224498+08:00","Action":"output","Package":"github.com/QuantumNous/new-api/model","Test":"TestDatabaseUpgradePreservesDownstreamData","Output":"--- FAIL: TestDatabaseUpgradePreservesDownstreamData (0.40s)\n"}
{"Time":"2026-09-11T02:35:40.224498+08:00","Action":"fail","Package":"github.com/QuantumNous/new-api/model","Test":"TestDatabaseUpgradePreservesDownstreamData","Elapsed":0.4}
{"Time":"2026-09-11T02:35:40.224498+08:00","Action":"output","Package":"github.com/QuantumNous/new-api/model","Output":"FAIL\n"}
{"Time":"2026-09-11T02:35:40.2289348+08:00","Action":"output","Package":"github.com/QuantumNous/new-api/model","Output":"FAIL\tgithub.com/QuantumNous/new-api/model\t1.019s\n"}
{"Time":"2026-09-11T02:35:40.2289348+08:00","Action":"fail","Package":"github.com/QuantumNous/new-api/model","Elapsed":1.02}
