=== RUN   TestModelManagementDatabaseMatrix
=== RUN   TestModelManagementDatabaseMatrix/mysql
    model_management_test.go:125: isolated database: newapi_audit_1789120853661949900 (mysql)
[SYS] 2026/09/11 - 18:00:53 | using MySQL as database 
    model_management_test.go:125: database version: 11.4.4-MariaDB-ubu2404
=== RUN   TestModelManagementDatabaseMatrix/mysql/square_states_follow_catalog_policy
[GIN-debug] [WARNING] Running in "debug" mode. Switch to "release" mode in production.
 - using env:	export GIN_MODE=release
 - using code:	gin.SetMode(gin.ReleaseMode)

=== RUN   TestModelManagementDatabaseMatrix/mysql/square_states_follow_catalog_policy/filter_square_state_before_pagination
=== RUN   TestModelManagementDatabaseMatrix/mysql/square_states_follow_catalog_policy/filter_square_state_before_pagination/visible
[GIN-debug] [WARNING] Running in "debug" mode. Switch to "release" mode in production.
 - using env:	export GIN_MODE=release
 - using code:	gin.SetMode(gin.ReleaseMode)

[GIN-debug] [WARNING] Running in "debug" mode. Switch to "release" mode in production.
 - using env:	export GIN_MODE=release
 - using code:	gin.SetMode(gin.ReleaseMode)

[GIN-debug] [WARNING] Running in "debug" mode. Switch to "release" mode in production.
 - using env:	export GIN_MODE=release
 - using code:	gin.SetMode(gin.ReleaseMode)

[GIN-debug] [WARNING] Running in "debug" mode. Switch to "release" mode in production.
 - using env:	export GIN_MODE=release
 - using code:	gin.SetMode(gin.ReleaseMode)

=== RUN   TestModelManagementDatabaseMatrix/mysql/square_states_follow_catalog_policy/filter_square_state_before_pagination/unavailable
[GIN-debug] [WARNING] Running in "debug" mode. Switch to "release" mode in production.
 - using env:	export GIN_MODE=release
 - using code:	gin.SetMode(gin.ReleaseMode)

[GIN-debug] [WARNING] Running in "debug" mode. Switch to "release" mode in production.
 - using env:	export GIN_MODE=release
 - using code:	gin.SetMode(gin.ReleaseMode)

[GIN-debug] [WARNING] Running in "debug" mode. Switch to "release" mode in production.
 - using env:	export GIN_MODE=release
 - using code:	gin.SetMode(gin.ReleaseMode)

=== RUN   TestModelManagementDatabaseMatrix/mysql/square_states_follow_catalog_policy/filter_square_state_before_pagination/hidden
[GIN-debug] [WARNING] Running in "debug" mode. Switch to "release" mode in production.
 - using env:	export GIN_MODE=release
 - using code:	gin.SetMode(gin.ReleaseMode)

[GIN-debug] [WARNING] Running in "debug" mode. Switch to "release" mode in production.
 - using env:	export GIN_MODE=release
 - using code:	gin.SetMode(gin.ReleaseMode)

[GIN-debug] [WARNING] Running in "debug" mode. Switch to "release" mode in production.
 - using env:	export GIN_MODE=release
 - using code:	gin.SetMode(gin.ReleaseMode)

[GIN-debug] [WARNING] Running in "debug" mode. Switch to "release" mode in production.
 - using env:	export GIN_MODE=release
 - using code:	gin.SetMode(gin.ReleaseMode)

[GIN-debug] [WARNING] Running in "debug" mode. Switch to "release" mode in production.
 - using env:	export GIN_MODE=release
 - using code:	gin.SetMode(gin.ReleaseMode)

[GIN-debug] [WARNING] Running in "debug" mode. Switch to "release" mode in production.
 - using env:	export GIN_MODE=release
 - using code:	gin.SetMode(gin.ReleaseMode)

=== RUN   TestModelManagementDatabaseMatrix/mysql/square_states_follow_catalog_policy/filter_square_state_before_pagination/partial
[GIN-debug] [WARNING] Running in "debug" mode. Switch to "release" mode in production.
 - using env:	export GIN_MODE=release
 - using code:	gin.SetMode(gin.ReleaseMode)

[GIN-debug] [WARNING] Running in "debug" mode. Switch to "release" mode in production.
 - using env:	export GIN_MODE=release
 - using code:	gin.SetMode(gin.ReleaseMode)

=== RUN   TestModelManagementDatabaseMatrix/mysql/square_states_follow_catalog_policy/filter_square_state_before_pagination/list
[GIN-debug] [WARNING] Running in "debug" mode. Switch to "release" mode in production.
 - using env:	export GIN_MODE=release
 - using code:	gin.SetMode(gin.ReleaseMode)

=== RUN   TestModelManagementDatabaseMatrix/mysql/square_states_follow_catalog_policy/filter_square_state_before_pagination/metadata_only
[GIN-debug] [WARNING] Running in "debug" mode. Switch to "release" mode in production.
 - using env:	export GIN_MODE=release
 - using code:	gin.SetMode(gin.ReleaseMode)

=== RUN   TestModelManagementDatabaseMatrix/mysql/square_states_follow_catalog_policy/filter_square_state_before_pagination/keyword
[GIN-debug] [WARNING] Running in "debug" mode. Switch to "release" mode in production.
 - using env:	export GIN_MODE=release
 - using code:	gin.SetMode(gin.ReleaseMode)

=== RUN   TestModelManagementDatabaseMatrix/mysql/square_states_follow_catalog_policy/filter_square_state_before_pagination/policy
[GIN-debug] [WARNING] Running in "debug" mode. Switch to "release" mode in production.
 - using env:	export GIN_MODE=release
 - using code:	gin.SetMode(gin.ReleaseMode)

=== RUN   TestModelManagementDatabaseMatrix/mysql/square_states_follow_catalog_policy/filter_square_state_before_pagination/vendor_and_sync
[GIN-debug] [WARNING] Running in "debug" mode. Switch to "release" mode in production.
 - using env:	export GIN_MODE=release
 - using code:	gin.SetMode(gin.ReleaseMode)

=== RUN   TestModelManagementDatabaseMatrix/mysql/square_states_follow_catalog_policy/filter_square_state_before_pagination/no_matches
[GIN-debug] [WARNING] Running in "debug" mode. Switch to "release" mode in production.
 - using env:	export GIN_MODE=release
 - using code:	gin.SetMode(gin.ReleaseMode)

[GIN-debug] [WARNING] Running in "debug" mode. Switch to "release" mode in production.
 - using env:	export GIN_MODE=release
 - using code:	gin.SetMode(gin.ReleaseMode)

[GIN-debug] [WARNING] Running in "debug" mode. Switch to "release" mode in production.
 - using env:	export GIN_MODE=release
 - using code:	gin.SetMode(gin.ReleaseMode)

[GIN-debug] [WARNING] Running in "debug" mode. Switch to "release" mode in production.
 - using env:	export GIN_MODE=release
 - using code:	gin.SetMode(gin.ReleaseMode)

[GIN-debug] [WARNING] Running in "debug" mode. Switch to "release" mode in production.
 - using env:	export GIN_MODE=release
 - using code:	gin.SetMode(gin.ReleaseMode)

[GIN-debug] [WARNING] Running in "debug" mode. Switch to "release" mode in production.
 - using env:	export GIN_MODE=release
 - using code:	gin.SetMode(gin.ReleaseMode)

[GIN-debug] [WARNING] Running in "debug" mode. Switch to "release" mode in production.
 - using env:	export GIN_MODE=release
 - using code:	gin.SetMode(gin.ReleaseMode)

=== RUN   TestModelManagementDatabaseMatrix/mysql/channel_model_listing
[GIN-debug] [WARNING] Running in "debug" mode. Switch to "release" mode in production.
 - using env:	export GIN_MODE=release
 - using code:	gin.SetMode(gin.ReleaseMode)

[GIN-debug] [WARNING] Running in "debug" mode. Switch to "release" mode in production.
 - using env:	export GIN_MODE=release
 - using code:	gin.SetMode(gin.ReleaseMode)

[GIN-debug] [WARNING] Running in "debug" mode. Switch to "release" mode in production.
 - using env:	export GIN_MODE=release
 - using code:	gin.SetMode(gin.ReleaseMode)

[GIN-debug] [WARNING] Running in "debug" mode. Switch to "release" mode in production.
 - using env:	export GIN_MODE=release
 - using code:	gin.SetMode(gin.ReleaseMode)

[GIN-debug] [WARNING] Running in "debug" mode. Switch to "release" mode in production.
 - using env:	export GIN_MODE=release
 - using code:	gin.SetMode(gin.ReleaseMode)

[GIN-debug] [WARNING] Running in "debug" mode. Switch to "release" mode in production.
 - using env:	export GIN_MODE=release
 - using code:	gin.SetMode(gin.ReleaseMode)

[GIN-debug] [WARNING] Running in "debug" mode. Switch to "release" mode in production.
 - using env:	export GIN_MODE=release
 - using code:	gin.SetMode(gin.ReleaseMode)

[GIN-debug] [WARNING] Running in "debug" mode. Switch to "release" mode in production.
 - using env:	export GIN_MODE=release
 - using code:	gin.SetMode(gin.ReleaseMode)

[GIN-debug] [WARNING] Running in "debug" mode. Switch to "release" mode in production.
 - using env:	export GIN_MODE=release
 - using code:	gin.SetMode(gin.ReleaseMode)

[GIN-debug] [WARNING] Running in "debug" mode. Switch to "release" mode in production.
 - using env:	export GIN_MODE=release
 - using code:	gin.SetMode(gin.ReleaseMode)

[GIN-debug] [WARNING] Running in "debug" mode. Switch to "release" mode in production.
 - using env:	export GIN_MODE=release
 - using code:	gin.SetMode(gin.ReleaseMode)


2026/09/11 18:00:56 [34;1mD:/10178/Projects/new-api-upstream-sync/controller/model_management_test.go:400
[0m[35m[warn] [0mremoving callback `fail_listing_channels` from D:/10178/Projects/new-api-upstream-sync/controller/model_management_test.go:400
=== RUN   TestModelManagementDatabaseMatrix/mysql/pricing_saves_zero_switches_modes_and_rejects_stale_batches

2026/09/11 18:00:56 [34;1mD:/10178/Projects/new-api-upstream-sync/controller/model_management_test.go:450
[0m[35m[warn] [0mremoving callback `fail_pricing_matrix` from D:/10178/Projects/new-api-upstream-sync/controller/model_management_test.go:450
=== RUN   TestModelManagementDatabaseMatrix/mysql/task_usage
=== RUN   TestModelManagementDatabaseMatrix/mysql/builtin_reset
=== RUN   TestModelManagementDatabaseMatrix/mysql/concurrent_import_creates_one_record
=== RUN   TestModelManagementDatabaseMatrix/mysql/metadata_keeps_pricing_and_channel_identity
[GIN-debug] [WARNING] Running in "debug" mode. Switch to "release" mode in production.
 - using env:	export GIN_MODE=release
 - using code:	gin.SetMode(gin.ReleaseMode)

=== RUN   TestModelManagementDatabaseMatrix/mysql/metadata_preview_selection_versions_and_transaction
[GIN-debug] [WARNING] Running in "debug" mode. Switch to "release" mode in production.
 - using env:	export GIN_MODE=release
 - using code:	gin.SetMode(gin.ReleaseMode)

[GIN-debug] [WARNING] Running in "debug" mode. Switch to "release" mode in production.
 - using env:	export GIN_MODE=release
 - using code:	gin.SetMode(gin.ReleaseMode)


2026/09/11 18:00:57 [34;1mD:/10178/Projects/new-api-upstream-sync/controller/model_management_test.go:657
[0m[35m[warn] [0mremoving callback `fail_metadata_matrix` from D:/10178/Projects/new-api-upstream-sync/controller/model_management_test.go:657
[GIN-debug] [WARNING] Running in "debug" mode. Switch to "release" mode in production.
 - using env:	export GIN_MODE=release
 - using code:	gin.SetMode(gin.ReleaseMode)

[GIN-debug] [WARNING] Running in "debug" mode. Switch to "release" mode in production.
 - using env:	export GIN_MODE=release
 - using code:	gin.SetMode(gin.ReleaseMode)

[GIN-debug] [WARNING] Running in "debug" mode. Switch to "release" mode in production.
 - using env:	export GIN_MODE=release
 - using code:	gin.SetMode(gin.ReleaseMode)

[GIN-debug] [WARNING] Running in "debug" mode. Switch to "release" mode in production.
 - using env:	export GIN_MODE=release
 - using code:	gin.SetMode(gin.ReleaseMode)

[GIN-debug] [WARNING] Running in "debug" mode. Switch to "release" mode in production.
 - using env:	export GIN_MODE=release
 - using code:	gin.SetMode(gin.ReleaseMode)

[GIN-debug] [WARNING] Running in "debug" mode. Switch to "release" mode in production.
 - using env:	export GIN_MODE=release
 - using code:	gin.SetMode(gin.ReleaseMode)

--- PASS: TestModelManagementDatabaseMatrix (4.54s)
    --- PASS: TestModelManagementDatabaseMatrix/mysql (4.53s)
        --- PASS: TestModelManagementDatabaseMatrix/mysql/square_states_follow_catalog_policy (1.23s)
            --- PASS: TestModelManagementDatabaseMatrix/mysql/square_states_follow_catalog_policy/filter_square_state_before_pagination (0.09s)
                --- PASS: TestModelManagementDatabaseMatrix/mysql/square_states_follow_catalog_policy/filter_square_state_before_pagination/visible (0.02s)
                --- PASS: TestModelManagementDatabaseMatrix/mysql/square_states_follow_catalog_policy/filter_square_state_before_pagination/unavailable (0.01s)
                --- PASS: TestModelManagementDatabaseMatrix/mysql/square_states_follow_catalog_policy/filter_square_state_before_pagination/hidden (0.03s)
                --- PASS: TestModelManagementDatabaseMatrix/mysql/square_states_follow_catalog_policy/filter_square_state_before_pagination/partial (0.01s)
                --- PASS: TestModelManagementDatabaseMatrix/mysql/square_states_follow_catalog_policy/filter_square_state_before_pagination/list (0.00s)
                --- PASS: TestModelManagementDatabaseMatrix/mysql/square_states_follow_catalog_policy/filter_square_state_before_pagination/metadata_only (0.00s)
                --- PASS: TestModelManagementDatabaseMatrix/mysql/square_states_follow_catalog_policy/filter_square_state_before_pagination/keyword (0.00s)
                --- PASS: TestModelManagementDatabaseMatrix/mysql/square_states_follow_catalog_policy/filter_square_state_before_pagination/policy (0.00s)
                --- PASS: TestModelManagementDatabaseMatrix/mysql/square_states_follow_catalog_policy/filter_square_state_before_pagination/vendor_and_sync (0.00s)
                --- PASS: TestModelManagementDatabaseMatrix/mysql/square_states_follow_catalog_policy/filter_square_state_before_pagination/no_matches (0.00s)
        --- PASS: TestModelManagementDatabaseMatrix/mysql/channel_model_listing (0.80s)
        --- PASS: TestModelManagementDatabaseMatrix/mysql/pricing_saves_zero_switches_modes_and_rejects_stale_batches (0.31s)
        --- PASS: TestModelManagementDatabaseMatrix/mysql/task_usage (0.11s)
        --- PASS: TestModelManagementDatabaseMatrix/mysql/builtin_reset (0.12s)
        --- PASS: TestModelManagementDatabaseMatrix/mysql/concurrent_import_creates_one_record (0.06s)
        --- PASS: TestModelManagementDatabaseMatrix/mysql/metadata_keeps_pricing_and_channel_identity (0.45s)
        --- PASS: TestModelManagementDatabaseMatrix/mysql/metadata_preview_selection_versions_and_transaction (0.91s)
PASS
