{"ImportPath":"github.com/QuantumNous/new-api/relay/channel/newapi [github.com/QuantumNous/new-api/relay/channel/newapi.test]","Action":"build-output","Output":"# github.com/QuantumNous/new-api/relay/channel/newapi [github.com/QuantumNous/new-api/relay/channel/newapi.test]\n"}
{"ImportPath":"github.com/QuantumNous/new-api/relay/channel/newapi [github.com/QuantumNous/new-api/relay/channel/newapi.test]","Action":"build-output","Output":"relay\\channel\\newapi\\image_edit_test.go:80:89: cannot use common.GetPointer(0) (value of type *int) as \"encoding/json\".RawMessage value in struct literal\n"}
{"ImportPath":"github.com/QuantumNous/new-api/relay/channel/newapi [github.com/QuantumNous/new-api/relay/channel/newapi.test]","Action":"build-fail"}
{"Time":"2026-09-10T18:00:21.2778152+08:00","Action":"start","Package":"github.com/QuantumNous/new-api/controller"}
{"Time":"2026-09-10T18:00:21.2778152+08:00","Action":"start","Package":"github.com/QuantumNous/new-api/relay/channel/newapi"}
{"Time":"2026-09-10T18:00:21.2783421+08:00","Action":"output","Package":"github.com/QuantumNous/new-api/relay/channel/newapi","Output":"FAIL\tgithub.com/QuantumNous/new-api/relay/channel/newapi [build failed]\n"}
{"Time":"2026-09-10T18:00:21.2783421+08:00","Action":"fail","Package":"github.com/QuantumNous/new-api/relay/channel/newapi","Elapsed":0.001,"FailedBuild":"github.com/QuantumNous/new-api/relay/channel/newapi [github.com/QuantumNous/new-api/relay/channel/newapi.test]"}
{"Time":"2026-09-10T18:00:22.0279962+08:00","Action":"run","Package":"github.com/QuantumNous/new-api/controller","Test":"TestFetchVolcEngineModelsPreservesProviderEndpointAndAuthentication"}
{"Time":"2026-09-10T18:00:22.0279962+08:00","Action":"output","Package":"github.com/QuantumNous/new-api/controller","Test":"TestFetchVolcEngineModelsPreservesProviderEndpointAndAuthentication","Output":"=== RUN   TestFetchVolcEngineModelsPreservesProviderEndpointAndAuthentication\n"}
{"Time":"2026-09-10T18:00:22.0279962+08:00","Action":"run","Package":"github.com/QuantumNous/new-api/controller","Test":"TestFetchVolcEngineModelsPreservesProviderEndpointAndAuthentication/standard_Ark_endpoint"}
{"Time":"2026-09-10T18:00:22.0279962+08:00","Action":"output","Package":"github.com/QuantumNous/new-api/controller","Test":"TestFetchVolcEngineModelsPreservesProviderEndpointAndAuthentication/standard_Ark_endpoint","Output":"=== RUN   TestFetchVolcEngineModelsPreservesProviderEndpointAndAuthentication/standard_Ark_endpoint\n"}
{"Time":"2026-09-10T18:00:22.0301079+08:00","Action":"output","Package":"github.com/QuantumNous/new-api/controller","Test":"TestFetchVolcEngineModelsPreservesProviderEndpointAndAuthentication/standard_Ark_endpoint","Output":"    channel_upstream_volcengine_test.go:43: \n"}
{"Time":"2026-09-10T18:00:22.0301079+08:00","Action":"output","Package":"github.com/QuantumNous/new-api/controller","Test":"TestFetchVolcEngineModelsPreservesProviderEndpointAndAuthentication/standard_Ark_endpoint","Output":"        \tError Trace:\tD:/10178/Projects/new-api-upstream-sync/controller/channel_upstream_volcengine_test.go:43\n"}
{"Time":"2026-09-10T18:00:22.0301079+08:00","Action":"output","Package":"github.com/QuantumNous/new-api/controller","Test":"TestFetchVolcEngineModelsPreservesProviderEndpointAndAuthentication/standard_Ark_endpoint","Output":"        \tError:      \tNot equal: \n"}
{"Time":"2026-09-10T18:00:22.0301079+08:00","Action":"output","Package":"github.com/QuantumNous/new-api/controller","Test":"TestFetchVolcEngineModelsPreservesProviderEndpointAndAuthentication/standard_Ark_endpoint","Output":"        \t            \texpected: \"/api/v3/models\"\n"}
{"Time":"2026-09-10T18:00:22.0301079+08:00","Action":"output","Package":"github.com/QuantumNous/new-api/controller","Test":"TestFetchVolcEngineModelsPreservesProviderEndpointAndAuthentication/standard_Ark_endpoint","Output":"        \t            \tactual  : \"/v1/models\"\n"}
{"Time":"2026-09-10T18:00:22.0301079+08:00","Action":"output","Package":"github.com/QuantumNous/new-api/controller","Test":"TestFetchVolcEngineModelsPreservesProviderEndpointAndAuthentication/standard_Ark_endpoint","Output":"        \t            \t\n"}
{"Time":"2026-09-10T18:00:22.0301079+08:00","Action":"output","Package":"github.com/QuantumNous/new-api/controller","Test":"TestFetchVolcEngineModelsPreservesProviderEndpointAndAuthentication/standard_Ark_endpoint","Output":"        \t            \tDiff:\n"}
{"Time":"2026-09-10T18:00:22.0301079+08:00","Action":"output","Package":"github.com/QuantumNous/new-api/controller","Test":"TestFetchVolcEngineModelsPreservesProviderEndpointAndAuthentication/standard_Ark_endpoint","Output":"        \t            \t--- Expected\n"}
{"Time":"2026-09-10T18:00:22.0301079+08:00","Action":"output","Package":"github.com/QuantumNous/new-api/controller","Test":"TestFetchVolcEngineModelsPreservesProviderEndpointAndAuthentication/standard_Ark_endpoint","Output":"        \t            \t+++ Actual\n"}
{"Time":"2026-09-10T18:00:22.0301079+08:00","Action":"output","Package":"github.com/QuantumNous/new-api/controller","Test":"TestFetchVolcEngineModelsPreservesProviderEndpointAndAuthentication/standard_Ark_endpoint","Output":"        \t            \t@@ -1 +1 @@\n"}
{"Time":"2026-09-10T18:00:22.0301079+08:00","Action":"output","Package":"github.com/QuantumNous/new-api/controller","Test":"TestFetchVolcEngineModelsPreservesProviderEndpointAndAuthentication/standard_Ark_endpoint","Output":"        \t            \t-/api/v3/models\n"}
{"Time":"2026-09-10T18:00:22.0301079+08:00","Action":"output","Package":"github.com/QuantumNous/new-api/controller","Test":"TestFetchVolcEngineModelsPreservesProviderEndpointAndAuthentication/standard_Ark_endpoint","Output":"        \t            \t+/v1/models\n"}
{"Time":"2026-09-10T18:00:22.0301079+08:00","Action":"output","Package":"github.com/QuantumNous/new-api/controller","Test":"TestFetchVolcEngineModelsPreservesProviderEndpointAndAuthentication/standard_Ark_endpoint","Output":"        \tTest:       \tTestFetchVolcEngineModelsPreservesProviderEndpointAndAuthentication/standard_Ark_endpoint\n"}
{"Time":"2026-09-10T18:00:22.03063+08:00","Action":"output","Package":"github.com/QuantumNous/new-api/controller","Test":"TestFetchVolcEngineModelsPreservesProviderEndpointAndAuthentication/standard_Ark_endpoint","Output":"--- FAIL: TestFetchVolcEngineModelsPreservesProviderEndpointAndAuthentication/standard_Ark_endpoint (0.00s)\n"}
{"Time":"2026-09-10T18:00:22.03063+08:00","Action":"fail","Package":"github.com/QuantumNous/new-api/controller","Test":"TestFetchVolcEngineModelsPreservesProviderEndpointAndAuthentication/standard_Ark_endpoint","Elapsed":0}
{"Time":"2026-09-10T18:00:22.03063+08:00","Action":"run","Package":"github.com/QuantumNous/new-api/controller","Test":"TestFetchVolcEngineModelsPreservesProviderEndpointAndAuthentication/explicit_coding_plan_keeps_its_existing_endpoint"}
{"Time":"2026-09-10T18:00:22.03063+08:00","Action":"output","Package":"github.com/QuantumNous/new-api/controller","Test":"TestFetchVolcEngineModelsPreservesProviderEndpointAndAuthentication/explicit_coding_plan_keeps_its_existing_endpoint","Output":"=== RUN   TestFetchVolcEngineModelsPreservesProviderEndpointAndAuthentication/explicit_coding_plan_keeps_its_existing_endpoint\n"}
{"Time":"2026-09-10T18:00:22.0311561+08:00","Action":"output","Package":"github.com/QuantumNous/new-api/controller","Test":"TestFetchVolcEngineModelsPreservesProviderEndpointAndAuthentication/explicit_coding_plan_keeps_its_existing_endpoint","Output":"--- PASS: TestFetchVolcEngineModelsPreservesProviderEndpointAndAuthentication/explicit_coding_plan_keeps_its_existing_endpoint (0.00s)\n"}
{"Time":"2026-09-10T18:00:22.0311561+08:00","Action":"pass","Package":"github.com/QuantumNous/new-api/controller","Test":"TestFetchVolcEngineModelsPreservesProviderEndpointAndAuthentication/explicit_coding_plan_keeps_its_existing_endpoint","Elapsed":0}
{"Time":"2026-09-10T18:00:22.0311561+08:00","Action":"output","Package":"github.com/QuantumNous/new-api/controller","Test":"TestFetchVolcEngineModelsPreservesProviderEndpointAndAuthentication","Output":"--- FAIL: TestFetchVolcEngineModelsPreservesProviderEndpointAndAuthentication (0.00s)\n"}
{"Time":"2026-09-10T18:00:22.0311561+08:00","Action":"fail","Package":"github.com/QuantumNous/new-api/controller","Test":"TestFetchVolcEngineModelsPreservesProviderEndpointAndAuthentication","Elapsed":0}
{"Time":"2026-09-10T18:00:22.031679+08:00","Action":"output","Package":"github.com/QuantumNous/new-api/controller","Output":"FAIL\n"}
{"Time":"2026-09-10T18:00:22.0358947+08:00","Action":"output","Package":"github.com/QuantumNous/new-api/controller","Output":"FAIL\tgithub.com/QuantumNous/new-api/controller\t0.758s\n"}
{"Time":"2026-09-10T18:00:22.0358947+08:00","Action":"fail","Package":"github.com/QuantumNous/new-api/controller","Elapsed":0.758}
