{
  "en": {
    "{{currency}} / {{unit}} tokens": "{{currency}} / {{unit}} tokens",
    "Add metadata": "Add metadata",
    "Add metadata to all selected models first.": "Add metadata to all selected models first.",
    "Allow listing when a channel is available and the user has group access. This does not change API access.": "Allow listing when a channel is available and the user has group access. This does not change API access.",
    "Available channels: {{count}}": "Available channels: {{count}}",
    "Channels {{channels}} · Groups {{groups}}": "Channels {{channels}} · Groups {{groups}}",
    "Display policy": "Display policy",
    "Displayed": "Displayed",
    "Hidden from the model square by metadata policy.": "Hidden from the model square by metadata policy.",
    "Listing also depends on metadata visibility and the user’s group access.": "Listing also depends on metadata visibility and the user’s group access.",
    "Listing hidden": "Listing hidden",
    "Metadata only": "Metadata only",
    "Missing metadata": "Missing metadata",
    "No channel is configured. This model will not appear in the model square.": "No channel is configured. This model will not appear in the model square.",
    "No channel is currently available. This model will not appear in the model square.": "No channel is currently available. This model will not appear in the model square.",
    "No configured channel models match this metadata rule.": "No configured channel models match this metadata rule.",
    "No matching channels": "No matching channels",
    "Not listed": "Not listed",
    "Partly shown": "Partly shown",
    "Requires an available channel and access to its group.": "Requires an available channel and access to its group.",
    "Some matching models are hidden or have no available channel.": "Some matching models are hidden or have no available channel.",
    "Unavailable": "Unavailable",
    "View pricing for {{model}}": "View pricing for {{model}}",
    "Visible only to users with access to the model’s groups.": "Visible only to users with access to the model’s groups."
  },
  "zh": {
    "{{currency}} / {{unit}} tokens": "{{currency}} / {{unit}} Token",
    "Add metadata": "补充资料",
    "Add metadata to all selected models first.": "请先为所有选中模型补充元数据。",
    "Allow listing when a channel is available and the user has group access. This does not change API access.": "允许展示后，仍需有可用渠道，并满足用户分组访问条件。不影响 API 访问权限。",
    "Available channels: {{count}}": "可用渠道 {{count}}",
    "Channels {{channels}} · Groups {{groups}}": "渠道 {{channels}} · 分组 {{groups}}",
    "Display policy": "展示策略",
    "Displayed": "正常展示",
    "Hidden from the model square by metadata policy.": "已通过元数据策略在模型广场隐藏。",
    "Listing also depends on metadata visibility and the user’s group access.": "是否展示还取决于元数据展示策略和用户可用分组。",
    "Listing hidden": "已隐藏",
    "Metadata only": "仅元数据",
    "Missing metadata": "缺元数据",
    "Model square visibility": "广场展示",
    "No channel is configured. This model will not appear in the model square.": "尚未配置渠道，不会在模型广场展示。",
    "No channel is currently available. This model will not appear in the model square.": "暂无可用渠道，当前不会在模型广场展示。",
    "No configured channel models match this metadata rule.": "没有渠道模型匹配此元数据规则。",
    "No matching channels": "无匹配渠道",
    "Not listed": "隐藏",
    "Partly shown": "部分展示",
    "Requires an available channel and access to its group.": "仍需有可用渠道，并满足用户分组访问条件。",
    "Some matching models are hidden or have no available channel.": "部分匹配模型已隐藏或暂无可用渠道。",
    "Unavailable": "无法展示",
    "View pricing for {{model}}": "查看 {{model}} 的定价",
    "Visible only to users with access to the model’s groups.": "仅向有权访问模型所属分组的用户展示。"
  },
  "zh-TW": {
    "{{currency}} / {{unit}} tokens": "{{currency}} / {{unit}} Token",
    "Add metadata": "補充資料",
    "Add metadata to all selected models first.": "請先為所有選取模型補充中繼資料。",
    "Allow listing when a channel is available and the user has group access. This does not change API access.": "允許顯示後，仍需有可用渠道，並符合使用者群組存取條件。不影響 API 存取權限。",
    "Available channels: {{count}}": "可用渠道 {{count}}",
    "Channels {{channels}} · Groups {{groups}}": "渠道 {{channels}} · 群組 {{groups}}",
    "Display policy": "顯示策略",
    "Displayed": "正常顯示",
    "Hidden from the model square by metadata policy.": "已透過中繼資料策略在模型廣場隱藏。",
    "Listing also depends on metadata visibility and the user’s group access.": "是否顯示亦取決於中繼資料顯示策略及使用者可用群組。",
    "Listing hidden": "已隱藏",
    "Metadata only": "僅中繼資料",
    "Missing metadata": "缺中繼資料",
    "Model square visibility": "廣場顯示",
    "No channel is configured. This model will not appear in the model square.": "尚未設定渠道，不會在模型廣場顯示。",
    "No channel is currently available. This model will not appear in the model square.": "暫無可用渠道，目前不會在模型廣場顯示。",
    "No configured channel models match this metadata rule.": "沒有渠道模型符合此中繼資料規則。",
    "No matching channels": "無相符渠道",
    "Not listed": "隱藏",
    "Partly shown": "部分顯示",
    "Requires an available channel and access to its group.": "仍需有可用渠道，並符合使用者群組存取條件。",
    "Some matching models are hidden or have no available channel.": "部分符合規則的模型已隱藏或暫無可用渠道。",
    "Unavailable": "無法顯示",
    "View pricing for {{model}}": "查看 {{model}} 的定價",
    "Visible only to users with access to the model’s groups.": "僅向有權存取模型所屬群組的使用者顯示。"
  },
  "fr": {
    "{{currency}} / {{unit}} tokens": "{{currency}} / {{unit}} jetons",
    "Add metadata": "Compléter",
    "Add metadata to all selected models first.": "Complétez d’abord les métadonnées de tous les modèles sélectionnés.",
    "Allow listing when a channel is available and the user has group access. This does not change API access.": "Autorise l’affichage si un canal est disponible et son groupe accessible. Ne modifie pas l’accès API.",
    "Available channels: {{count}}": "Canaux : {{count}}",
    "Channels {{channels}} · Groups {{groups}}": "Canaux {{channels}} · Groupes {{groups}}",
    "Display policy": "Règle d’affichage",
    "Displayed": "Affiché",
    "Hidden from the model square by metadata policy.": "Masqué dans le catalogue par la politique de métadonnées.",
    "Listing also depends on metadata visibility and the user’s group access.": "L’affichage dépend aussi de la visibilité des métadonnées et des groupes accessibles à l’utilisateur.",
    "Listing hidden": "Masqué",
    "Metadata only": "Métadonnées seules",
    "Missing metadata": "Sans métadonnées",
    "Model square visibility": "Visibilité",
    "No channel is configured. This model will not appear in the model square.": "Aucun canal configuré. Ce modèle ne figurera pas dans le catalogue.",
    "No channel is currently available. This model will not appear in the model square.": "Aucun canal disponible. Ce modèle ne figure pas dans le catalogue.",
    "No configured channel models match this metadata rule.": "Aucun modèle de canal ne correspond à cette règle de métadonnées.",
    "No matching channels": "Aucun canal associé",
    "Not listed": "Masqué",
    "Partly shown": "Affichage partiel",
    "Requires an available channel and access to its group.": "Nécessite un canal disponible et l’accès à son groupe.",
    "Some matching models are hidden or have no available channel.": "Certains modèles correspondants sont masqués ou n’ont aucun canal disponible.",
    "Unavailable": "Indisponible",
    "View pricing for {{model}}": "Voir les tarifs de {{model}}",
    "Visible only to users with access to the model’s groups.": "Visible uniquement aux utilisateurs ayant accès aux groupes du modèle."
  },
  "ja": {
    "{{currency}} / {{unit}} tokens": "{{currency}} / {{unit}} トークン",
    "Add metadata": "情報追加",
    "Add metadata to all selected models first.": "選択したすべてのモデルにメタデータを追加してください。",
    "Allow listing when a channel is available and the user has group access. This does not change API access.": "表示を許可しても、利用可能なチャネルとグループへのアクセス権が必要です。API のアクセス権は変更されません。",
    "Available channels: {{count}}": "利用可能 {{count}}",
    "Channels {{channels}} · Groups {{groups}}": "チャネル {{channels}} · グループ {{groups}}",
    "Display policy": "表示設定",
    "Displayed": "表示中",
    "Hidden from the model square by metadata policy.": "メタデータ設定によりモデル一覧で非表示になっています。",
    "Listing also depends on metadata visibility and the user’s group access.": "表示はメタデータの表示設定とユーザーのグループアクセスにも依存します。",
    "Listing hidden": "非表示",
    "Metadata only": "情報のみ",
    "Missing metadata": "情報未設定",
    "Model square visibility": "一覧表示",
    "No channel is configured. This model will not appear in the model square.": "チャネルが未設定のため、モデル一覧には表示されません。",
    "No channel is currently available. This model will not appear in the model square.": "利用可能なチャネルがないため、現在モデル一覧には表示されません。",
    "No configured channel models match this metadata rule.": "このメタデータルールに一致するチャネルモデルはありません。",
    "No matching channels": "該当チャネルなし",
    "Not listed": "非表示",
    "Partly shown": "一部表示",
    "Requires an available channel and access to its group.": "利用可能なチャネルと、そのグループへのアクセス権が必要です。",
    "Some matching models are hidden or have no available channel.": "一致するモデルの一部は非表示、または利用可能なチャネルがありません。",
    "Unavailable": "表示不可",
    "View pricing for {{model}}": "{{model}} の料金を表示",
    "Visible only to users with access to the model’s groups.": "モデルのグループにアクセスできるユーザーにのみ表示されます。"
  },
  "ru": {
    "{{currency}} / {{unit}} tokens": "{{currency}} / {{unit}} токенов",
    "Add metadata": "Дополнить",
    "Add metadata to all selected models first.": "Сначала добавьте метаданные ко всем выбранным моделям.",
    "Allow listing when a channel is available and the user has group access. This does not change API access.": "Разрешает отображение при наличии доступного канала и доступа к его группе. Не меняет доступ к API.",
    "Available channels: {{count}}": "Доступно: {{count}}",
    "Channels {{channels}} · Groups {{groups}}": "Каналы {{channels}} · Группы {{groups}}",
    "Display policy": "Правило показа",
    "Displayed": "Отображается",
    "Hidden from the model square by metadata policy.": "Модель скрыта из каталога настройками метаданных.",
    "Listing also depends on metadata visibility and the user’s group access.": "Отображение также зависит от настроек видимости метаданных и доступа пользователя к группам.",
    "Listing hidden": "Скрыто",
    "Metadata only": "Только метаданные",
    "Missing metadata": "Нет метаданных",
    "Model square visibility": "В каталоге",
    "No channel is configured. This model will not appear in the model square.": "Каналы не настроены. Модель не появится в каталоге.",
    "No channel is currently available. This model will not appear in the model square.": "Нет доступных каналов. Сейчас модель не отображается в каталоге.",
    "No configured channel models match this metadata rule.": "Ни одна модель настроенных каналов не соответствует этому правилу метаданных.",
    "No matching channels": "Нет совпадений",
    "Not listed": "Скрыта",
    "Partly shown": "Частично",
    "Requires an available channel and access to its group.": "Нужен доступный канал и доступ к его группе.",
    "Some matching models are hidden or have no available channel.": "Часть соответствующих моделей скрыта или не имеет доступных каналов.",
    "Unavailable": "Недоступно",
    "View pricing for {{model}}": "Цены для {{model}}",
    "Visible only to users with access to the model’s groups.": "Отображается только пользователям с доступом к группам модели."
  },
  "vi": {
    "{{currency}} / {{unit}} tokens": "{{currency}} / {{unit}} token",
    "Add metadata": "Bổ sung",
    "Add metadata to all selected models first.": "Hãy bổ sung siêu dữ liệu cho tất cả mô hình đã chọn trước.",
    "Allow listing when a channel is available and the user has group access. This does not change API access.": "Cho phép hiển thị khi có kênh khả dụng và quyền truy cập nhóm. Không thay đổi quyền truy cập API.",
    "Available channels: {{count}}": "Kênh khả dụng: {{count}}",
    "Channels {{channels}} · Groups {{groups}}": "Kênh {{channels}} · Nhóm {{groups}}",
    "Display policy": "Quy tắc hiển thị",
    "Displayed": "Đang hiển thị",
    "Hidden from the model square by metadata policy.": "Đã ẩn khỏi danh mục theo cài đặt siêu dữ liệu.",
    "Listing also depends on metadata visibility and the user’s group access.": "Việc hiển thị còn phụ thuộc vào cài đặt siêu dữ liệu và quyền truy cập nhóm của người dùng.",
    "Listing hidden": "Đã ẩn",
    "Metadata only": "Chỉ siêu dữ liệu",
    "Missing metadata": "Thiếu siêu dữ liệu",
    "Model square visibility": "Hiển thị",
    "No channel is configured. This model will not appear in the model square.": "Chưa cấu hình kênh. Mô hình này sẽ không xuất hiện trong danh mục.",
    "No channel is currently available. This model will not appear in the model square.": "Hiện không có kênh khả dụng. Mô hình này sẽ không xuất hiện trong danh mục.",
    "No configured channel models match this metadata rule.": "Không có mô hình nào trong các kênh đã cấu hình khớp với quy tắc siêu dữ liệu này.",
    "No matching channels": "Không có kênh khớp",
    "Not listed": "Ẩn",
    "Partly shown": "Hiển thị một phần",
    "Requires an available channel and access to its group.": "Cần có kênh khả dụng và quyền truy cập nhóm tương ứng.",
    "Some matching models are hidden or have no available channel.": "Một số mô hình khớp đã bị ẩn hoặc không có kênh khả dụng.",
    "Unavailable": "Không thể hiển thị",
    "View pricing for {{model}}": "Xem giá {{model}}",
    "Visible only to users with access to the model’s groups.": "Chỉ hiển thị cho người dùng có quyền truy cập các nhóm của mô hình."
  }
}
