=== RUN   TestSecurityLoginCodeCompletesOnce
=== RUN   TestSecurityLoginCodeCompletesOnce//api/user/login/verify/backup=false
    auth_flow_test.go:76: database: sqlite 3.50.4
=== RUN   TestSecurityLoginCodeCompletesOnce//api/user/login/2fa/backup=false
    auth_flow_test.go:76: database: sqlite 3.50.4
=== RUN   TestSecurityLoginCodeCompletesOnce//api/user/login/verify/backup=true
    auth_flow_test.go:76: database: sqlite 3.50.4
--- PASS: TestSecurityLoginCodeCompletesOnce (0.92s)
    --- PASS: TestSecurityLoginCodeCompletesOnce//api/user/login/verify/backup=false (0.32s)
    --- PASS: TestSecurityLoginCodeCompletesOnce//api/user/login/2fa/backup=false (0.26s)
    --- PASS: TestSecurityLoginCodeCompletesOnce//api/user/login/verify/backup=true (0.34s)
=== RUN   TestSecurityLoginRejectsChangedOrExpiredAuthorization
=== RUN   TestSecurityLoginRejectsChangedOrExpiredAuthorization/expired
    auth_flow_test.go:121: database: sqlite 3.50.4
=== RUN   TestSecurityLoginRejectsChangedOrExpiredAuthorization/disabled_user
    auth_flow_test.go:121: database: sqlite 3.50.4
=== RUN   TestSecurityLoginRejectsChangedOrExpiredAuthorization/auth_version
    auth_flow_test.go:121: database: sqlite 3.50.4
=== RUN   TestSecurityLoginRejectsChangedOrExpiredAuthorization/factor_removed
    auth_flow_test.go:121: database: sqlite 3.50.4
=== RUN   TestSecurityLoginRejectsChangedOrExpiredAuthorization/factor_locked
    auth_flow_test.go:121: database: sqlite 3.50.4
=== RUN   TestSecurityLoginRejectsChangedOrExpiredAuthorization/legacy_flow
    auth_flow_test.go:121: database: sqlite 3.50.4
=== RUN   TestSecurityLoginRejectsChangedOrExpiredAuthorization/wrong_method
    auth_flow_test.go:121: database: sqlite 3.50.4
=== RUN   TestSecurityLoginRejectsChangedOrExpiredAuthorization/other_purpose
    auth_flow_test.go:121: database: sqlite 3.50.4
--- PASS: TestSecurityLoginRejectsChangedOrExpiredAuthorization (1.99s)
    --- PASS: TestSecurityLoginRejectsChangedOrExpiredAuthorization/expired (0.25s)
    --- PASS: TestSecurityLoginRejectsChangedOrExpiredAuthorization/disabled_user (0.25s)
    --- PASS: TestSecurityLoginRejectsChangedOrExpiredAuthorization/auth_version (0.25s)
    --- PASS: TestSecurityLoginRejectsChangedOrExpiredAuthorization/factor_removed (0.25s)
    --- PASS: TestSecurityLoginRejectsChangedOrExpiredAuthorization/factor_locked (0.25s)
    --- PASS: TestSecurityLoginRejectsChangedOrExpiredAuthorization/legacy_flow (0.25s)
    --- PASS: TestSecurityLoginRejectsChangedOrExpiredAuthorization/wrong_method (0.25s)
    --- PASS: TestSecurityLoginRejectsChangedOrExpiredAuthorization/other_purpose (0.25s)
=== RUN   TestSecurityLoginPasskeyDoesNotRequireAdditionalTwoFA
=== RUN   TestSecurityLoginPasskeyDoesNotRequireAdditionalTwoFA/direct=false
    auth_flow_test.go:164: database: sqlite 3.50.4
=== RUN   TestSecurityLoginPasskeyDoesNotRequireAdditionalTwoFA/direct=true
    auth_flow_test.go:164: database: sqlite 3.50.4
--- PASS: TestSecurityLoginPasskeyDoesNotRequireAdditionalTwoFA (0.56s)
    --- PASS: TestSecurityLoginPasskeyDoesNotRequireAdditionalTwoFA/direct=false (0.28s)
    --- PASS: TestSecurityLoginPasskeyDoesNotRequireAdditionalTwoFA/direct=true (0.27s)
=== RUN   TestSecurityLoginPasskeyConcurrentCompletionCreatesOneSession
    auth_flow_test.go:226: database: sqlite 3.50.4
--- PASS: TestSecurityLoginPasskeyConcurrentCompletionCreatesOneSession (0.28s)
=== RUN   TestSecurityLoginSessionFailureRollsBackChallengeConsumption
    auth_flow_test.go:269: database: sqlite 3.50.4
[ERR] 2026/09/11 - 08:45:46 | SYSTEM | auth session internal error (POST /api/user/login/passkey/finish): private session creation failure 
--- PASS: TestSecurityLoginSessionFailureRollsBackChallengeConsumption (0.29s)
=== RUN   TestSecurityLoginFactorStateDoesNotAddPasswordLoginQueries
    auth_flow_test.go:301: database: sqlite 3.50.4
--- PASS: TestSecurityLoginFactorStateDoesNotAddPasswordLoginQueries (0.29s)
=== RUN   TestSecurityLoginAllPrimaryTransportsRequireAdditionalVerification
=== RUN   TestSecurityLoginAllPrimaryTransportsRequireAdditionalVerification/oauth
    auth_flow_test.go:345: database: sqlite 3.50.4
=== RUN   TestSecurityLoginAllPrimaryTransportsRequireAdditionalVerification/custom_oauth
    auth_flow_test.go:345: database: sqlite 3.50.4
=== RUN   TestSecurityLoginAllPrimaryTransportsRequireAdditionalVerification/wechat
    auth_flow_test.go:345: database: sqlite 3.50.4
=== RUN   TestSecurityLoginAllPrimaryTransportsRequireAdditionalVerification/telegram
    auth_flow_test.go:342: database: sqlite 3.50.4
--- PASS: TestSecurityLoginAllPrimaryTransportsRequireAdditionalVerification (1.05s)
    --- PASS: TestSecurityLoginAllPrimaryTransportsRequireAdditionalVerification/oauth (0.25s)
    --- PASS: TestSecurityLoginAllPrimaryTransportsRequireAdditionalVerification/custom_oauth (0.25s)
    --- PASS: TestSecurityLoginAllPrimaryTransportsRequireAdditionalVerification/wechat (0.25s)
    --- PASS: TestSecurityLoginAllPrimaryTransportsRequireAdditionalVerification/telegram (0.30s)
=== RUN   TestSecurityLoginPasskeyCannotCompleteAnotherChallenge
=== RUN   TestSecurityLoginPasskeyCannotCompleteAnotherChallenge/other-user=false
    auth_flow_test.go:413: database: sqlite 3.50.4
=== RUN   TestSecurityLoginPasskeyCannotCompleteAnotherChallenge/other-user=true
    auth_flow_test.go:413: database: sqlite 3.50.4
--- PASS: TestSecurityLoginPasskeyCannotCompleteAnotherChallenge (0.52s)
    --- PASS: TestSecurityLoginPasskeyCannotCompleteAnotherChallenge/other-user=false (0.26s)
    --- PASS: TestSecurityLoginPasskeyCannotCompleteAnotherChallenge/other-user=true (0.26s)
=== RUN   TestSecurityLoginPasskeyCanManageTwoFAWithScopedProofs
=== RUN   TestSecurityLoginPasskeyCanManageTwoFAWithScopedProofs/2fa.disable
    auth_flow_test.go:442: database: sqlite 3.50.4
=== RUN   TestSecurityLoginPasskeyCanManageTwoFAWithScopedProofs/2fa.backup_codes.regenerate
    auth_flow_test.go:442: database: sqlite 3.50.4
--- PASS: TestSecurityLoginPasskeyCanManageTwoFAWithScopedProofs (0.79s)
    --- PASS: TestSecurityLoginPasskeyCanManageTwoFAWithScopedProofs/2fa.disable (0.32s)
    --- PASS: TestSecurityLoginPasskeyCanManageTwoFAWithScopedProofs/2fa.backup_codes.regenerate (0.47s)
=== RUN   TestSecurityLoginRegisteredPasskeyRequiresUserVerification
=== RUN   TestSecurityLoginRegisteredPasskeyRequiresUserVerification/verified=false
    auth_flow_test.go:514: database: sqlite 3.50.4
=== RUN   TestSecurityLoginRegisteredPasskeyRequiresUserVerification/verified=true
    auth_flow_test.go:514: database: sqlite 3.50.4
--- PASS: TestSecurityLoginRegisteredPasskeyRequiresUserVerification (0.52s)
    --- PASS: TestSecurityLoginRegisteredPasskeyRequiresUserVerification/verified=false (0.25s)
    --- PASS: TestSecurityLoginRegisteredPasskeyRequiresUserVerification/verified=true (0.27s)
=== RUN   TestSecurityLoginRequiresConfiguredFactors
=== RUN   TestSecurityLoginRequiresConfiguredFactors/password_without_additional_factors
    auth_flow_test.go:570: database: sqlite 3.50.4
=== RUN   TestSecurityLoginRequiresConfiguredFactors/passkey_requires_verification
    auth_flow_test.go:570: database: sqlite 3.50.4
=== RUN   TestSecurityLoginRequiresConfiguredFactors/twofa_requires_verification
    auth_flow_test.go:570: database: sqlite 3.50.4
=== RUN   TestSecurityLoginRequiresConfiguredFactors/both_factors_are_alternatives
    auth_flow_test.go:570: database: sqlite 3.50.4
=== RUN   TestSecurityLoginRequiresConfiguredFactors/locked_twofa_permits_passkey
    auth_flow_test.go:570: database: sqlite 3.50.4
=== RUN   TestSecurityLoginRequiresConfiguredFactors/disabled_passkey_permits_twofa
    auth_flow_test.go:570: database: sqlite 3.50.4
=== RUN   TestSecurityLoginRequiresConfiguredFactors/only_passkey_disabled_blocks_password
    auth_flow_test.go:570: database: sqlite 3.50.4
=== RUN   TestSecurityLoginRequiresConfiguredFactors/both_factors_unavailable_block_password
    auth_flow_test.go:570: database: sqlite 3.50.4
--- PASS: TestSecurityLoginRequiresConfiguredFactors (2.25s)
    --- PASS: TestSecurityLoginRequiresConfiguredFactors/password_without_additional_factors (0.28s)
    --- PASS: TestSecurityLoginRequiresConfiguredFactors/passkey_requires_verification (0.28s)
    --- PASS: TestSecurityLoginRequiresConfiguredFactors/twofa_requires_verification (0.28s)
    --- PASS: TestSecurityLoginRequiresConfiguredFactors/both_factors_are_alternatives (0.29s)
    --- PASS: TestSecurityLoginRequiresConfiguredFactors/locked_twofa_permits_passkey (0.28s)
    --- PASS: TestSecurityLoginRequiresConfiguredFactors/disabled_passkey_permits_twofa (0.28s)
    --- PASS: TestSecurityLoginRequiresConfiguredFactors/only_passkey_disabled_blocks_password (0.28s)
    --- PASS: TestSecurityLoginRequiresConfiguredFactors/both_factors_unavailable_block_password (0.29s)
=== RUN   TestSetupLoginReturnsConfiguredAutoBanResponse
=== RUN   TestSetupLoginReturnsConfiguredAutoBanResponse/banned_snapshot
=== RUN   TestSetupLoginReturnsConfiguredAutoBanResponse/ban_after_snapshot
--- PASS: TestSetupLoginReturnsConfiguredAutoBanResponse (0.00s)
    --- PASS: TestSetupLoginReturnsConfiguredAutoBanResponse/banned_snapshot (0.00s)
    --- PASS: TestSetupLoginReturnsConfiguredAutoBanResponse/ban_after_snapshot (0.00s)
=== RUN   TestSecurityLoginAutoBanAtEveryAuthorizationBoundary
=== RUN   TestSecurityLoginAutoBanAtEveryAuthorizationBoundary/primary_authentication
    login_verification_preservation_test.go:22: database: sqlite 3.50.4
=== RUN   TestSecurityLoginAutoBanAtEveryAuthorizationBoundary/factor_validation
    login_verification_preservation_test.go:22: database: sqlite 3.50.4
=== RUN   TestSecurityLoginAutoBanAtEveryAuthorizationBoundary/session_commit
    login_verification_preservation_test.go:22: database: sqlite 3.50.4
--- PASS: TestSecurityLoginAutoBanAtEveryAuthorizationBoundary (0.75s)
    --- PASS: TestSecurityLoginAutoBanAtEveryAuthorizationBoundary/primary_authentication (0.25s)
    --- PASS: TestSecurityLoginAutoBanAtEveryAuthorizationBoundary/factor_validation (0.25s)
    --- PASS: TestSecurityLoginAutoBanAtEveryAuthorizationBoundary/session_commit (0.25s)
=== RUN   TestSecurityLoginAcceptsSecondNamedPasskeyAndUpdatesOnlyThatDevice
    login_verification_preservation_test.go:75: database: sqlite 3.50.4
--- PASS: TestSecurityLoginAcceptsSecondNamedPasskeyAndUpdatesOnlyThatDevice (0.28s)
=== RUN   TestPasswordLoginEncryptionPreservesAuthentication

2026/09/11 08:45:53 [31;1mD:/10178/Projects/new-api-upstream-sync/model/password_crypto.go:27 [35;1mrecord not found
[0m[33m[0.000ms] [34;1m[rows:0][0m SELECT * FROM `login_encryption_keys` WHERE slot = "active" ORDER BY `login_encryption_keys`.`id` LIMIT 1
=== RUN   TestPasswordLoginEncryptionPreservesAuthentication/disabled_keeps_normal_login

2026/09/11 08:45:53 [31;1mD:/10178/Projects/new-api-upstream-sync/model/user_avatar.go:38 [35;1mrecord not found
[0m[33m[0.000ms] [34;1m[rows:0][0m SELECT * FROM `user_avatars` WHERE user_id = 1 ORDER BY `user_avatars`.`id` LIMIT 1
=== RUN   TestPasswordLoginEncryptionPreservesAuthentication/enabled_decrypts_login

2026/09/11 08:45:53 [31;1mD:/10178/Projects/new-api-upstream-sync/model/user_avatar.go:38 [35;1mrecord not found
[0m[33m[0.000ms] [34;1m[rows:0][0m SELECT * FROM `user_avatars` WHERE user_id = 1 ORDER BY `user_avatars`.`id` LIMIT 1
=== RUN   TestPasswordLoginEncryptionPreservesAuthentication/enabled_rejects_plaintext
=== RUN   TestPasswordLoginEncryptionPreservesAuthentication/invalid_ciphertext_cannot_fall_back_to_plaintext
=== RUN   TestPasswordLoginEncryptionPreservesAuthentication/stale_key_is_rejected
--- PASS: TestPasswordLoginEncryptionPreservesAuthentication (0.21s)
    --- PASS: TestPasswordLoginEncryptionPreservesAuthentication/disabled_keeps_normal_login (0.04s)
    --- PASS: TestPasswordLoginEncryptionPreservesAuthentication/enabled_decrypts_login (0.04s)
    --- PASS: TestPasswordLoginEncryptionPreservesAuthentication/enabled_rejects_plaintext (0.00s)
    --- PASS: TestPasswordLoginEncryptionPreservesAuthentication/invalid_ciphertext_cannot_fall_back_to_plaintext (0.00s)
    --- PASS: TestPasswordLoginEncryptionPreservesAuthentication/stale_key_is_rejected (0.00s)
=== RUN   TestSecurityAccountDeletionRequiresScopedProof
=== RUN   TestSecurityAccountDeletionRequiresScopedProof/missing
    security_account_test.go:39: database: sqlite 3.50.4
=== RUN   TestSecurityAccountDeletionRequiresScopedProof/wrong_scope
    security_account_test.go:39: database: sqlite 3.50.4
=== RUN   TestSecurityAccountDeletionRequiresScopedProof/expired
    security_account_test.go:39: database: sqlite 3.50.4
=== RUN   TestSecurityAccountDeletionRequiresScopedProof/consumed
    security_account_test.go:39: database: sqlite 3.50.4
=== RUN   TestSecurityAccountDeletionRequiresScopedProof/other_session
    security_account_test.go:39: database: sqlite 3.50.4
=== RUN   TestSecurityAccountDeletionRequiresScopedProof/other_account
    security_account_test.go:39: database: sqlite 3.50.4
=== RUN   TestSecurityAccountDeletionRequiresScopedProof/password_disabled
    security_account_test.go:39: database: sqlite 3.50.4
=== RUN   TestSecurityAccountDeletionRequiresScopedProof/factor_added
    security_account_test.go:39: database: sqlite 3.50.4
--- PASS: TestSecurityAccountDeletionRequiresScopedProof (1.96s)
    --- PASS: TestSecurityAccountDeletionRequiresScopedProof/missing (0.23s)
    --- PASS: TestSecurityAccountDeletionRequiresScopedProof/wrong_scope (0.24s)
    --- PASS: TestSecurityAccountDeletionRequiresScopedProof/expired (0.24s)
    --- PASS: TestSecurityAccountDeletionRequiresScopedProof/consumed (0.24s)
    --- PASS: TestSecurityAccountDeletionRequiresScopedProof/other_session (0.25s)
    --- PASS: TestSecurityAccountDeletionRequiresScopedProof/other_account (0.25s)
    --- PASS: TestSecurityAccountDeletionRequiresScopedProof/password_disabled (0.25s)
    --- PASS: TestSecurityAccountDeletionRequiresScopedProof/factor_added (0.25s)
=== RUN   TestSecurityAccountDeletionAcceptsEitherFactorAndRevokesSessions
=== RUN   TestSecurityAccountDeletionAcceptsEitherFactorAndRevokesSessions/password
    security_account_test.go:95: database: sqlite 3.50.4
=== RUN   TestSecurityAccountDeletionAcceptsEitherFactorAndRevokesSessions/oauth
    security_account_test.go:95: database: sqlite 3.50.4
=== RUN   TestSecurityAccountDeletionAcceptsEitherFactorAndRevokesSessions/2fa
    security_account_test.go:95: database: sqlite 3.50.4
=== RUN   TestSecurityAccountDeletionAcceptsEitherFactorAndRevokesSessions/passkey
    security_account_test.go:95: database: sqlite 3.50.4
--- PASS: TestSecurityAccountDeletionAcceptsEitherFactorAndRevokesSessions (1.17s)
    --- PASS: TestSecurityAccountDeletionAcceptsEitherFactorAndRevokesSessions/password (0.31s)
    --- PASS: TestSecurityAccountDeletionAcceptsEitherFactorAndRevokesSessions/oauth (0.28s)
    --- PASS: TestSecurityAccountDeletionAcceptsEitherFactorAndRevokesSessions/2fa (0.30s)
    --- PASS: TestSecurityAccountDeletionAcceptsEitherFactorAndRevokesSessions/passkey (0.28s)
=== RUN   TestSecurityAccountDeletionRechecksTransactionAndConsumesFailedProof
=== RUN   TestSecurityAccountDeletionRechecksTransactionAndConsumesFailedProof/revoked_session
    security_account_test.go:179: database: sqlite 3.50.4
=== RUN   TestSecurityAccountDeletionRechecksTransactionAndConsumesFailedProof/auth_version
    security_account_test.go:179: database: sqlite 3.50.4
=== RUN   TestSecurityAccountDeletionRechecksTransactionAndConsumesFailedProof/root
    security_account_test.go:179: database: sqlite 3.50.4
=== RUN   TestSecurityAccountDeletionRechecksTransactionAndConsumesFailedProof/write_failure
    security_account_test.go:179: database: sqlite 3.50.4
[ERR] 2026/09/11 - 08:45:57 | SYSTEM | auth session internal error (DELETE /api/user/self): injected deletion failure 
--- PASS: TestSecurityAccountDeletionRechecksTransactionAndConsumesFailedProof (1.00s)
    --- PASS: TestSecurityAccountDeletionRechecksTransactionAndConsumesFailedProof/revoked_session (0.25s)
    --- PASS: TestSecurityAccountDeletionRechecksTransactionAndConsumesFailedProof/auth_version (0.25s)
    --- PASS: TestSecurityAccountDeletionRechecksTransactionAndConsumesFailedProof/root (0.25s)
    --- PASS: TestSecurityAccountDeletionRechecksTransactionAndConsumesFailedProof/write_failure (0.26s)
=== RUN   TestSecurityAccountDeletionConcurrentRequestsHaveOneWinner
    security_account_test.go:222: database: sqlite 3.50.4
--- PASS: TestSecurityAccountDeletionConcurrentRequestsHaveOneWinner (0.27s)
PASS
ok  	github.com/QuantumNous/new-api/controller	15.854s
