=== RUN   TestAPITokenAuditDatabaseMatrix
=== RUN   TestAPITokenAuditDatabaseMatrix/mysql/separate_log=false
    token_test.go:614: isolated database: newapi_audit_1789097597098750800 (mysql)
    token_test.go:631: database version: 5.7.44
[GIN-debug] [WARNING] Running in "debug" mode. Switch to "release" mode in production.
 - using env:	export GIN_MODE=release
 - using code:	gin.SetMode(gin.ReleaseMode)

[GIN-debug] POST   /api/token/               --> github.com/QuantumNous/new-api/controller.AddToken (5 handlers)
[GIN-debug] PUT    /api/token/               --> github.com/QuantumNous/new-api/controller.UpdateToken (5 handlers)
[GIN-debug] DELETE /api/token/:id            --> github.com/QuantumNous/new-api/controller.DeleteToken (5 handlers)
[GIN-debug] POST   /api/token/batch          --> github.com/QuantumNous/new-api/controller.DeleteTokenBatch (5 handlers)
[GIN-debug] POST   /api/token/batch/keys     --> github.com/QuantumNous/new-api/controller.GetTokenKeysBatch (5 handlers)
[GIN-debug] POST   /api/token/:id/key        --> github.com/QuantumNous/new-api/controller.GetTokenKey (6 handlers)
[GIN-debug] GET    /api/token/               --> github.com/QuantumNous/new-api/controller.GetAllTokens (5 handlers)
[GIN-debug] GET    /api/token/:id            --> github.com/QuantumNous/new-api/controller.GetToken (5 handlers)
[GIN-debug] GET    /api/token/search         --> github.com/QuantumNous/new-api/controller.SearchTokens (5 handlers)
[GIN-debug] GET    /api/audit/self           --> github.com/QuantumNous/new-api/controller.GetAuditLogs (4 handlers)
=== RUN   TestAPITokenAuditDatabaseMatrix/mysql/separate_log=false/create
=== RUN   TestAPITokenAuditDatabaseMatrix/mysql/separate_log=false/invalid_create
=== RUN   TestAPITokenAuditDatabaseMatrix/mysql/separate_log=false/malformed_body
=== RUN   TestAPITokenAuditDatabaseMatrix/mysql/separate_log=false/validation_error_exceeds_audit_buffer
=== RUN   TestAPITokenAuditDatabaseMatrix/mysql/separate_log=false/create_storage_failure

2026/09/11 11:33:19 [34;1mD:/10178/Projects/new-api-upstream-sync/controller/token_test.go:729
[0m[35m[warn] [0mremoving callback `token-audit:fail` from D:/10178/Projects/new-api-upstream-sync/controller/token_test.go:729
=== RUN   TestAPITokenAuditDatabaseMatrix/mysql/separate_log=false/normalized_update
=== RUN   TestAPITokenAuditDatabaseMatrix/mysql/separate_log=false/configuration_values_stay_private
=== RUN   TestAPITokenAuditDatabaseMatrix/mysql/separate_log=false/unchanged_update
=== RUN   TestAPITokenAuditDatabaseMatrix/mysql/separate_log=false/successful_response_exceeds_audit_buffer
=== RUN   TestAPITokenAuditDatabaseMatrix/mysql/separate_log=false/update_storage_failure

2026/09/11 11:33:21 [34;1mD:/10178/Projects/new-api-upstream-sync/controller/token_test.go:732
[0m[35m[warn] [0mremoving callback `token-audit:fail` from D:/10178/Projects/new-api-upstream-sync/controller/token_test.go:732
=== RUN   TestAPITokenAuditDatabaseMatrix/mysql/separate_log=false/foreign_update

2026/09/11 11:33:21 [31;1mD:/10178/Projects/new-api-upstream-sync/model/token.go:266 [35;1mrecord not found
[0m[33m[47.841ms] [34;1m[rows:0][0m SELECT * FROM `tokens` WHERE (id = 23 and user_id = 1) AND `tokens`.`deleted_at` IS NULL AND `tokens`.`id` = 23 ORDER BY `tokens`.`id` LIMIT 1
=== RUN   TestAPITokenAuditDatabaseMatrix/mysql/separate_log=false/disable
=== RUN   TestAPITokenAuditDatabaseMatrix/mysql/separate_log=false/enable
=== RUN   TestAPITokenAuditDatabaseMatrix/mysql/separate_log=false/expired_enable
=== RUN   TestAPITokenAuditDatabaseMatrix/mysql/separate_log=false/delete
=== RUN   TestAPITokenAuditDatabaseMatrix/mysql/separate_log=false/foreign_delete

2026/09/11 11:33:23 [31;1mD:/10178/Projects/new-api-upstream-sync/model/token.go:266 [35;1mrecord not found
[0m[33m[52.422ms] [34;1m[rows:0][0m SELECT * FROM `tokens` WHERE (id = 33 and user_id = 1) AND `tokens`.`deleted_at` IS NULL AND `tokens`.`id` = 33 ORDER BY `tokens`.`id` LIMIT 1
=== RUN   TestAPITokenAuditDatabaseMatrix/mysql/separate_log=false/missing_delete

2026/09/11 11:33:24 [31;1mD:/10178/Projects/new-api-upstream-sync/model/token.go:266 [35;1mrecord not found
[0m[33m[51.992ms] [34;1m[rows:0][0m SELECT * FROM `tokens` WHERE (id = 999999 and user_id = 1) AND `tokens`.`deleted_at` IS NULL AND `tokens`.`id` = 999999 ORDER BY `tokens`.`id` LIMIT 1
=== RUN   TestAPITokenAuditDatabaseMatrix/mysql/separate_log=false/key_view
=== RUN   TestAPITokenAuditDatabaseMatrix/mysql/separate_log=false/PAT_key_view
=== RUN   TestAPITokenAuditDatabaseMatrix/mysql/separate_log=false/foreign_key_view

2026/09/11 11:33:25 [31;1mD:/10178/Projects/new-api-upstream-sync/model/token.go:266 [35;1mrecord not found
[0m[33m[47.364ms] [34;1m[rows:0][0m SELECT * FROM `tokens` WHERE (id = 41 and user_id = 1) AND `tokens`.`deleted_at` IS NULL AND `tokens`.`id` = 41 ORDER BY `tokens`.`id` LIMIT 1
=== RUN   TestAPITokenAuditDatabaseMatrix/mysql/separate_log=false/rate_limited_key_view
=== RUN   TestAPITokenAuditDatabaseMatrix/mysql/separate_log=false/batch_delete_partial_and_duplicate
=== RUN   TestAPITokenAuditDatabaseMatrix/mysql/separate_log=false/empty_batch_delete
=== RUN   TestAPITokenAuditDatabaseMatrix/mysql/separate_log=false/batch_keys_partial_and_duplicate
=== RUN   TestAPITokenAuditDatabaseMatrix/mysql/separate_log=false/batch_keys_no_matches
=== RUN   TestAPITokenAuditDatabaseMatrix/mysql/separate_log=false/empty_batch_keys
=== RUN   TestAPITokenAuditDatabaseMatrix/mysql/separate_log=false/bounded_batch_metadata
=== RUN   TestAPITokenAuditDatabaseMatrix/mysql/separate_log=false/reads_and_unauthenticated_writes_add_no_operation_audit

2026/09/11 11:33:28 [31;1mD:/10178/Projects/new-api-upstream-sync/model/token.go:266 [35;1mrecord not found
[0m[33m[47.905ms] [34;1m[rows:0][0m SELECT * FROM `tokens` WHERE (id = 999999 and user_id = 1) AND `tokens`.`deleted_at` IS NULL AND `tokens`.`id` = 999999 ORDER BY `tokens`.`id` LIMIT 1

2026/09/11 11:33:28 [31;1mD:/10178/Projects/new-api-upstream-sync/model/user.go:1297 [35;1mrecord not found
[0m[33m[47.537ms] [34;1m[rows:0][0m SELECT * FROM `users` WHERE access_token = 'Bearer' AND `users`.`deleted_at` IS NULL ORDER BY `users`.`id` LIMIT 1

2026/09/11 11:33:28 [31;1mD:/10178/Projects/new-api-upstream-sync/model/user.go:1297 [35;1mrecord not found
[0m[33m[48.049ms] [34;1m[rows:0][0m SELECT * FROM `users` WHERE access_token = 'Bearer' AND `users`.`deleted_at` IS NULL ORDER BY `users`.`id` LIMIT 1
=== RUN   TestAPITokenAuditDatabaseMatrix/mysql/separate_log=false/self_audit_excludes_other_owners
=== RUN   TestAPITokenAuditDatabaseMatrix/mysql/separate_log=false/audit_storage_failure_preserves_operation_result
[ERR] 2026/09/11 - 11:33:29 | 202609110333289899960008268d9d6dGfhnSFo | audit log write failed (request_id=202609110333289899960008268d9d6dGfhnSFo): audit unavailable 

2026/09/11 11:33:29 [34;1mD:/10178/Projects/new-api-upstream-sync/controller/token_test.go:883
[0m[35m[warn] [0mremoving callback `token-audit:log-fail` from D:/10178/Projects/new-api-upstream-sync/controller/token_test.go:883
=== RUN   TestAPITokenAuditDatabaseMatrix/mysql/separate_log=true
    token_test.go:614: isolated database: newapi_audit_1789097609246209700 (mysql)
    token_test.go:621: isolated database: newapi_audit_1789097609874985800 (mysql)
    token_test.go:631: database version: 5.7.44
[GIN-debug] [WARNING] Running in "debug" mode. Switch to "release" mode in production.
 - using env:	export GIN_MODE=release
 - using code:	gin.SetMode(gin.ReleaseMode)

[GIN-debug] POST   /api/token/               --> github.com/QuantumNous/new-api/controller.AddToken (5 handlers)
[GIN-debug] PUT    /api/token/               --> github.com/QuantumNous/new-api/controller.UpdateToken (5 handlers)
[GIN-debug] DELETE /api/token/:id            --> github.com/QuantumNous/new-api/controller.DeleteToken (5 handlers)
[GIN-debug] POST   /api/token/batch          --> github.com/QuantumNous/new-api/controller.DeleteTokenBatch (5 handlers)
[GIN-debug] POST   /api/token/batch/keys     --> github.com/QuantumNous/new-api/controller.GetTokenKeysBatch (5 handlers)
[GIN-debug] POST   /api/token/:id/key        --> github.com/QuantumNous/new-api/controller.GetTokenKey (6 handlers)
[GIN-debug] GET    /api/token/               --> github.com/QuantumNous/new-api/controller.GetAllTokens (5 handlers)
[GIN-debug] GET    /api/token/:id            --> github.com/QuantumNous/new-api/controller.GetToken (5 handlers)
[GIN-debug] GET    /api/token/search         --> github.com/QuantumNous/new-api/controller.SearchTokens (5 handlers)
[GIN-debug] GET    /api/audit/self           --> github.com/QuantumNous/new-api/controller.GetAuditLogs (4 handlers)
=== RUN   TestAPITokenAuditDatabaseMatrix/mysql/separate_log=true/create
=== RUN   TestAPITokenAuditDatabaseMatrix/mysql/separate_log=true/invalid_create
=== RUN   TestAPITokenAuditDatabaseMatrix/mysql/separate_log=true/malformed_body
=== RUN   TestAPITokenAuditDatabaseMatrix/mysql/separate_log=true/validation_error_exceeds_audit_buffer
=== RUN   TestAPITokenAuditDatabaseMatrix/mysql/separate_log=true/create_storage_failure

2026/09/11 11:33:31 [34;1mD:/10178/Projects/new-api-upstream-sync/controller/token_test.go:729
[0m[35m[warn] [0mremoving callback `token-audit:fail` from D:/10178/Projects/new-api-upstream-sync/controller/token_test.go:729
=== RUN   TestAPITokenAuditDatabaseMatrix/mysql/separate_log=true/normalized_update
=== RUN   TestAPITokenAuditDatabaseMatrix/mysql/separate_log=true/configuration_values_stay_private
=== RUN   TestAPITokenAuditDatabaseMatrix/mysql/separate_log=true/unchanged_update
=== RUN   TestAPITokenAuditDatabaseMatrix/mysql/separate_log=true/successful_response_exceeds_audit_buffer
=== RUN   TestAPITokenAuditDatabaseMatrix/mysql/separate_log=true/update_storage_failure

2026/09/11 11:33:33 [34;1mD:/10178/Projects/new-api-upstream-sync/controller/token_test.go:732
[0m[35m[warn] [0mremoving callback `token-audit:fail` from D:/10178/Projects/new-api-upstream-sync/controller/token_test.go:732
=== RUN   TestAPITokenAuditDatabaseMatrix/mysql/separate_log=true/foreign_update

2026/09/11 11:33:33 [31;1mD:/10178/Projects/new-api-upstream-sync/model/token.go:266 [35;1mrecord not found
[0m[33m[47.837ms] [34;1m[rows:0][0m SELECT * FROM `tokens` WHERE (id = 23 and user_id = 1) AND `tokens`.`deleted_at` IS NULL AND `tokens`.`id` = 23 ORDER BY `tokens`.`id` LIMIT 1
=== RUN   TestAPITokenAuditDatabaseMatrix/mysql/separate_log=true/disable
=== RUN   TestAPITokenAuditDatabaseMatrix/mysql/separate_log=true/enable
=== RUN   TestAPITokenAuditDatabaseMatrix/mysql/separate_log=true/expired_enable
=== RUN   TestAPITokenAuditDatabaseMatrix/mysql/separate_log=true/delete
=== RUN   TestAPITokenAuditDatabaseMatrix/mysql/separate_log=true/foreign_delete

2026/09/11 11:33:34 [31;1mD:/10178/Projects/new-api-upstream-sync/model/token.go:266 [35;1mrecord not found
[0m[33m[52.448ms] [34;1m[rows:0][0m SELECT * FROM `tokens` WHERE (id = 33 and user_id = 1) AND `tokens`.`deleted_at` IS NULL AND `tokens`.`id` = 33 ORDER BY `tokens`.`id` LIMIT 1
=== RUN   TestAPITokenAuditDatabaseMatrix/mysql/separate_log=true/missing_delete

2026/09/11 11:33:35 [31;1mD:/10178/Projects/new-api-upstream-sync/model/token.go:266 [35;1mrecord not found
[0m[33m[47.288ms] [34;1m[rows:0][0m SELECT * FROM `tokens` WHERE (id = 999999 and user_id = 1) AND `tokens`.`deleted_at` IS NULL AND `tokens`.`id` = 999999 ORDER BY `tokens`.`id` LIMIT 1
=== RUN   TestAPITokenAuditDatabaseMatrix/mysql/separate_log=true/key_view
=== RUN   TestAPITokenAuditDatabaseMatrix/mysql/separate_log=true/PAT_key_view
=== RUN   TestAPITokenAuditDatabaseMatrix/mysql/separate_log=true/foreign_key_view

2026/09/11 11:33:36 [31;1mD:/10178/Projects/new-api-upstream-sync/model/token.go:266 [35;1mrecord not found
[0m[33m[47.428ms] [34;1m[rows:0][0m SELECT * FROM `tokens` WHERE (id = 41 and user_id = 1) AND `tokens`.`deleted_at` IS NULL AND `tokens`.`id` = 41 ORDER BY `tokens`.`id` LIMIT 1
=== RUN   TestAPITokenAuditDatabaseMatrix/mysql/separate_log=true/rate_limited_key_view
=== RUN   TestAPITokenAuditDatabaseMatrix/mysql/separate_log=true/batch_delete_partial_and_duplicate
=== RUN   TestAPITokenAuditDatabaseMatrix/mysql/separate_log=true/empty_batch_delete
=== RUN   TestAPITokenAuditDatabaseMatrix/mysql/separate_log=true/batch_keys_partial_and_duplicate
=== RUN   TestAPITokenAuditDatabaseMatrix/mysql/separate_log=true/batch_keys_no_matches
=== RUN   TestAPITokenAuditDatabaseMatrix/mysql/separate_log=true/empty_batch_keys
=== RUN   TestAPITokenAuditDatabaseMatrix/mysql/separate_log=true/bounded_batch_metadata
=== RUN   TestAPITokenAuditDatabaseMatrix/mysql/separate_log=true/reads_and_unauthenticated_writes_add_no_operation_audit

2026/09/11 11:33:38 [31;1mD:/10178/Projects/new-api-upstream-sync/model/token.go:266 [35;1mrecord not found
[0m[33m[48.449ms] [34;1m[rows:0][0m SELECT * FROM `tokens` WHERE (id = 999999 and user_id = 1) AND `tokens`.`deleted_at` IS NULL AND `tokens`.`id` = 999999 ORDER BY `tokens`.`id` LIMIT 1

2026/09/11 11:33:38 [31;1mD:/10178/Projects/new-api-upstream-sync/model/user.go:1297 [35;1mrecord not found
[0m[33m[50.652ms] [34;1m[rows:0][0m SELECT * FROM `users` WHERE access_token = 'Bearer' AND `users`.`deleted_at` IS NULL ORDER BY `users`.`id` LIMIT 1

2026/09/11 11:33:38 [31;1mD:/10178/Projects/new-api-upstream-sync/model/user.go:1297 [35;1mrecord not found
[0m[33m[48.070ms] [34;1m[rows:0][0m SELECT * FROM `users` WHERE access_token = 'Bearer' AND `users`.`deleted_at` IS NULL ORDER BY `users`.`id` LIMIT 1
=== RUN   TestAPITokenAuditDatabaseMatrix/mysql/separate_log=true/self_audit_excludes_other_owners
=== RUN   TestAPITokenAuditDatabaseMatrix/mysql/separate_log=true/audit_storage_failure_preserves_operation_result
[ERR] 2026/09/11 - 11:33:38 | 202609110333387869045008268d9d6ls22wEeb | audit log write failed (request_id=202609110333387869045008268d9d6ls22wEeb): audit unavailable 

2026/09/11 11:33:38 [34;1mD:/10178/Projects/new-api-upstream-sync/controller/token_test.go:883
[0m[35m[warn] [0mremoving callback `token-audit:log-fail` from D:/10178/Projects/new-api-upstream-sync/controller/token_test.go:883
--- PASS: TestAPITokenAuditDatabaseMatrix (21.94s)
    --- PASS: TestAPITokenAuditDatabaseMatrix/mysql/separate_log=false (12.15s)
        --- PASS: TestAPITokenAuditDatabaseMatrix/mysql/separate_log=false/create (0.41s)
        --- PASS: TestAPITokenAuditDatabaseMatrix/mysql/separate_log=false/invalid_create (0.31s)
        --- PASS: TestAPITokenAuditDatabaseMatrix/mysql/separate_log=false/malformed_body (0.30s)
        --- PASS: TestAPITokenAuditDatabaseMatrix/mysql/separate_log=false/validation_error_exceeds_audit_buffer (0.31s)
        --- PASS: TestAPITokenAuditDatabaseMatrix/mysql/separate_log=false/create_storage_failure (0.40s)
        --- PASS: TestAPITokenAuditDatabaseMatrix/mysql/separate_log=false/normalized_update (0.36s)
        --- PASS: TestAPITokenAuditDatabaseMatrix/mysql/separate_log=false/configuration_values_stay_private (0.41s)
        --- PASS: TestAPITokenAuditDatabaseMatrix/mysql/separate_log=false/unchanged_update (0.40s)
        --- PASS: TestAPITokenAuditDatabaseMatrix/mysql/separate_log=false/successful_response_exceeds_audit_buffer (0.41s)
        --- PASS: TestAPITokenAuditDatabaseMatrix/mysql/separate_log=false/update_storage_failure (0.35s)
        --- PASS: TestAPITokenAuditDatabaseMatrix/mysql/separate_log=false/foreign_update (0.36s)
        --- PASS: TestAPITokenAuditDatabaseMatrix/mysql/separate_log=false/disable (0.41s)
        --- PASS: TestAPITokenAuditDatabaseMatrix/mysql/separate_log=false/enable (0.41s)
        --- PASS: TestAPITokenAuditDatabaseMatrix/mysql/separate_log=false/expired_enable (0.36s)
        --- PASS: TestAPITokenAuditDatabaseMatrix/mysql/separate_log=false/delete (0.41s)
        --- PASS: TestAPITokenAuditDatabaseMatrix/mysql/separate_log=false/foreign_delete (0.35s)
        --- PASS: TestAPITokenAuditDatabaseMatrix/mysql/separate_log=false/missing_delete (0.35s)
        --- PASS: TestAPITokenAuditDatabaseMatrix/mysql/separate_log=false/key_view (0.35s)
        --- PASS: TestAPITokenAuditDatabaseMatrix/mysql/separate_log=false/PAT_key_view (0.45s)
        --- PASS: TestAPITokenAuditDatabaseMatrix/mysql/separate_log=false/foreign_key_view (0.35s)
        --- PASS: TestAPITokenAuditDatabaseMatrix/mysql/separate_log=false/rate_limited_key_view (0.31s)
        --- PASS: TestAPITokenAuditDatabaseMatrix/mysql/separate_log=false/batch_delete_partial_and_duplicate (0.41s)
        --- PASS: TestAPITokenAuditDatabaseMatrix/mysql/separate_log=false/empty_batch_delete (0.31s)
        --- PASS: TestAPITokenAuditDatabaseMatrix/mysql/separate_log=false/batch_keys_partial_and_duplicate (0.35s)
        --- PASS: TestAPITokenAuditDatabaseMatrix/mysql/separate_log=false/batch_keys_no_matches (0.35s)
        --- PASS: TestAPITokenAuditDatabaseMatrix/mysql/separate_log=false/empty_batch_keys (0.30s)
        --- PASS: TestAPITokenAuditDatabaseMatrix/mysql/separate_log=false/bounded_batch_metadata (0.48s)
        --- PASS: TestAPITokenAuditDatabaseMatrix/mysql/separate_log=false/reads_and_unauthenticated_writes_add_no_operation_audit (0.83s)
        --- PASS: TestAPITokenAuditDatabaseMatrix/mysql/separate_log=false/self_audit_excludes_other_owners (0.25s)
        --- PASS: TestAPITokenAuditDatabaseMatrix/mysql/separate_log=false/audit_storage_failure_preserves_operation_result (0.26s)
    --- PASS: TestAPITokenAuditDatabaseMatrix/mysql/separate_log=true (9.79s)
        --- PASS: TestAPITokenAuditDatabaseMatrix/mysql/separate_log=true/create (0.36s)
        --- PASS: TestAPITokenAuditDatabaseMatrix/mysql/separate_log=true/invalid_create (0.25s)
        --- PASS: TestAPITokenAuditDatabaseMatrix/mysql/separate_log=true/malformed_body (0.20s)
        --- PASS: TestAPITokenAuditDatabaseMatrix/mysql/separate_log=true/validation_error_exceeds_audit_buffer (0.20s)
        --- PASS: TestAPITokenAuditDatabaseMatrix/mysql/separate_log=true/create_storage_failure (0.31s)
        --- PASS: TestAPITokenAuditDatabaseMatrix/mysql/separate_log=true/normalized_update (0.35s)
        --- PASS: TestAPITokenAuditDatabaseMatrix/mysql/separate_log=true/configuration_values_stay_private (0.35s)
        --- PASS: TestAPITokenAuditDatabaseMatrix/mysql/separate_log=true/unchanged_update (0.35s)
        --- PASS: TestAPITokenAuditDatabaseMatrix/mysql/separate_log=true/successful_response_exceeds_audit_buffer (0.36s)
        --- PASS: TestAPITokenAuditDatabaseMatrix/mysql/separate_log=true/update_storage_failure (0.30s)
        --- PASS: TestAPITokenAuditDatabaseMatrix/mysql/separate_log=true/foreign_update (0.25s)
        --- PASS: TestAPITokenAuditDatabaseMatrix/mysql/separate_log=true/disable (0.35s)
        --- PASS: TestAPITokenAuditDatabaseMatrix/mysql/separate_log=true/enable (0.36s)
        --- PASS: TestAPITokenAuditDatabaseMatrix/mysql/separate_log=true/expired_enable (0.25s)
        --- PASS: TestAPITokenAuditDatabaseMatrix/mysql/separate_log=true/delete (0.36s)
        --- PASS: TestAPITokenAuditDatabaseMatrix/mysql/separate_log=true/foreign_delete (0.27s)
        --- PASS: TestAPITokenAuditDatabaseMatrix/mysql/separate_log=true/missing_delete (0.26s)
        --- PASS: TestAPITokenAuditDatabaseMatrix/mysql/separate_log=true/key_view (0.26s)
        --- PASS: TestAPITokenAuditDatabaseMatrix/mysql/separate_log=true/PAT_key_view (0.34s)
        --- PASS: TestAPITokenAuditDatabaseMatrix/mysql/separate_log=true/foreign_key_view (0.25s)
        --- PASS: TestAPITokenAuditDatabaseMatrix/mysql/separate_log=true/rate_limited_key_view (0.20s)
        --- PASS: TestAPITokenAuditDatabaseMatrix/mysql/separate_log=true/batch_delete_partial_and_duplicate (0.36s)
        --- PASS: TestAPITokenAuditDatabaseMatrix/mysql/separate_log=true/empty_batch_delete (0.20s)
        --- PASS: TestAPITokenAuditDatabaseMatrix/mysql/separate_log=true/batch_keys_partial_and_duplicate (0.26s)
        --- PASS: TestAPITokenAuditDatabaseMatrix/mysql/separate_log=true/batch_keys_no_matches (0.26s)
        --- PASS: TestAPITokenAuditDatabaseMatrix/mysql/separate_log=true/empty_batch_keys (0.21s)
        --- PASS: TestAPITokenAuditDatabaseMatrix/mysql/separate_log=true/bounded_batch_metadata (0.35s)
        --- PASS: TestAPITokenAuditDatabaseMatrix/mysql/separate_log=true/reads_and_unauthenticated_writes_add_no_operation_audit (0.60s)
        --- PASS: TestAPITokenAuditDatabaseMatrix/mysql/separate_log=true/self_audit_excludes_other_owners (0.20s)
        --- PASS: TestAPITokenAuditDatabaseMatrix/mysql/separate_log=true/audit_storage_failure_preserves_operation_result (0.20s)
=== RUN   TestManageUserQuotaRecordsTopupAndAudit
=== RUN   TestManageUserQuotaRecordsTopupAndAudit/add
    user_manage_test.go:219: isolated database: newapi_audit_1789097619037494700 (mysql)
    user_manage_test.go:219: database: mysql 5.7.44, separate log database: false
=== RUN   TestManageUserQuotaRecordsTopupAndAudit/subtract
    user_manage_test.go:219: isolated database: newapi_audit_1789097620788865900 (mysql)
    user_manage_test.go:219: database: mysql 5.7.44, separate log database: false
=== RUN   TestManageUserQuotaRecordsTopupAndAudit/override_up
    user_manage_test.go:219: isolated database: newapi_audit_1789097622638817600 (mysql)
    user_manage_test.go:219: database: mysql 5.7.44, separate log database: false
=== RUN   TestManageUserQuotaRecordsTopupAndAudit/override_down
    user_manage_test.go:219: isolated database: newapi_audit_1789097624449693200 (mysql)
    user_manage_test.go:219: database: mysql 5.7.44, separate log database: false
=== RUN   TestManageUserQuotaRecordsTopupAndAudit/override_unchanged
    user_manage_test.go:219: isolated database: newapi_audit_1789097626221720700 (mysql)
    user_manage_test.go:219: database: mysql 5.7.44, separate log database: false
=== RUN   TestManageUserQuotaRecordsTopupAndAudit/override_zero
    user_manage_test.go:219: isolated database: newapi_audit_1789097627940774200 (mysql)
    user_manage_test.go:219: database: mysql 5.7.44, separate log database: false
=== RUN   TestManageUserQuotaRecordsTopupAndAudit/override_negative
    user_manage_test.go:219: isolated database: newapi_audit_1789097629686114300 (mysql)
    user_manage_test.go:219: database: mysql 5.7.44, separate log database: false
--- PASS: TestManageUserQuotaRecordsTopupAndAudit (12.43s)
    --- PASS: TestManageUserQuotaRecordsTopupAndAudit/add (1.75s)
    --- PASS: TestManageUserQuotaRecordsTopupAndAudit/subtract (1.85s)
    --- PASS: TestManageUserQuotaRecordsTopupAndAudit/override_up (1.81s)
    --- PASS: TestManageUserQuotaRecordsTopupAndAudit/override_down (1.77s)
    --- PASS: TestManageUserQuotaRecordsTopupAndAudit/override_unchanged (1.72s)
    --- PASS: TestManageUserQuotaRecordsTopupAndAudit/override_zero (1.75s)
    --- PASS: TestManageUserQuotaRecordsTopupAndAudit/override_negative (1.78s)
=== RUN   TestManageUserQuotaFailuresDoNotRecordTopup
=== RUN   TestManageUserQuotaFailuresDoNotRecordTopup/zero_add
    user_manage_test.go:296: isolated database: newapi_audit_1789097631466573900 (mysql)
    user_manage_test.go:296: database: mysql 5.7.44, separate log database: false
=== RUN   TestManageUserQuotaFailuresDoNotRecordTopup/negative_subtract
    user_manage_test.go:296: isolated database: newapi_audit_1789097632773281600 (mysql)
    user_manage_test.go:296: database: mysql 5.7.44, separate log database: false
=== RUN   TestManageUserQuotaFailuresDoNotRecordTopup/invalid_mode
    user_manage_test.go:296: isolated database: newapi_audit_1789097634029449200 (mysql)
    user_manage_test.go:296: database: mysql 5.7.44, separate log database: false
=== RUN   TestManageUserQuotaFailuresDoNotRecordTopup/add_update_error
    user_manage_test.go:296: isolated database: newapi_audit_1789097635333503900 (mysql)
    user_manage_test.go:296: database: mysql 5.7.44, separate log database: false
=== RUN   TestManageUserQuotaFailuresDoNotRecordTopup/subtract_update_error
    user_manage_test.go:296: isolated database: newapi_audit_1789097636647863500 (mysql)
    user_manage_test.go:296: database: mysql 5.7.44, separate log database: false
=== RUN   TestManageUserQuotaFailuresDoNotRecordTopup/override_update_error
    user_manage_test.go:296: isolated database: newapi_audit_1789097637982675000 (mysql)
    user_manage_test.go:296: database: mysql 5.7.44, separate log database: false
--- PASS: TestManageUserQuotaFailuresDoNotRecordTopup (7.96s)
    --- PASS: TestManageUserQuotaFailuresDoNotRecordTopup/zero_add (1.31s)
    --- PASS: TestManageUserQuotaFailuresDoNotRecordTopup/negative_subtract (1.26s)
    --- PASS: TestManageUserQuotaFailuresDoNotRecordTopup/invalid_mode (1.30s)
    --- PASS: TestManageUserQuotaFailuresDoNotRecordTopup/add_update_error (1.31s)
    --- PASS: TestManageUserQuotaFailuresDoNotRecordTopup/subtract_update_error (1.34s)
    --- PASS: TestManageUserQuotaFailuresDoNotRecordTopup/override_update_error (1.44s)
=== RUN   TestManageUserQuotaLogFailureKeepsSuccessfulAdjustment
=== RUN   TestManageUserQuotaLogFailureKeepsSuccessfulAdjustment/logs
    user_manage_test.go:338: isolated database: newapi_audit_1789097639423390600 (mysql)
    user_manage_test.go:338: database: mysql 5.7.44, separate log database: false
[SYS] 2026/09/11 - 11:34:00 | failed to record log: quota log unavailable 
=== RUN   TestManageUserQuotaLogFailureKeepsSuccessfulAdjustment/audit_logs
    user_manage_test.go:338: isolated database: newapi_audit_1789097640905991500 (mysql)
    user_manage_test.go:338: database: mysql 5.7.44, separate log database: false
[ERR] 2026/09/11 - 11:34:02 | SYSTEM | audit log write failed (request_id=quota-test-request): quota log unavailable 
--- PASS: TestManageUserQuotaLogFailureKeepsSuccessfulAdjustment (2.94s)
    --- PASS: TestManageUserQuotaLogFailureKeepsSuccessfulAdjustment/logs (1.48s)
    --- PASS: TestManageUserQuotaLogFailureKeepsSuccessfulAdjustment/audit_logs (1.45s)
=== RUN   TestManageUserQuotaTargetsAndWalletBounds
=== RUN   TestManageUserQuotaTargetsAndWalletBounds/zero_id
    user_manage_test.go:385: isolated database: newapi_audit_1789097642359098400 (mysql)
    user_manage_test.go:385: database: mysql 5.7.44, separate log database: false
=== RUN   TestManageUserQuotaTargetsAndWalletBounds/negative_id
    user_manage_test.go:385: isolated database: newapi_audit_1789097643680848700 (mysql)
    user_manage_test.go:385: database: mysql 5.7.44, separate log database: false
=== RUN   TestManageUserQuotaTargetsAndWalletBounds/missing
    user_manage_test.go:385: isolated database: newapi_audit_1789097645130008500 (mysql)
    user_manage_test.go:385: database: mysql 5.7.44, separate log database: false

2026/09/11 11:34:06 [31;1mD:/10178/Projects/new-api-upstream-sync/model/user_quota_adjustment.go:40 [35;1mrecord not found
[0m[33m[1.597ms] [34;1m[rows:0][0m SELECT * FROM `users` WHERE `users`.`id` = 12345 AND `users`.`deleted_at` IS NULL ORDER BY `users`.`id` LIMIT 1 FOR UPDATE
=== RUN   TestManageUserQuotaTargetsAndWalletBounds/deleted
    user_manage_test.go:385: isolated database: newapi_audit_1789097646486814700 (mysql)
    user_manage_test.go:385: database: mysql 5.7.44, separate log database: false

2026/09/11 11:34:07 [31;1mD:/10178/Projects/new-api-upstream-sync/model/user_quota_adjustment.go:40 [35;1mrecord not found
[0m[33m[1.015ms] [34;1m[rows:0][0m SELECT * FROM `users` WHERE `users`.`id` = 1 AND `users`.`deleted_at` IS NULL ORDER BY `users`.`id` LIMIT 1 FOR UPDATE
=== RUN   TestManageUserQuotaTargetsAndWalletBounds/peer_admin
    user_manage_test.go:385: isolated database: newapi_audit_1789097647852961600 (mysql)
    user_manage_test.go:385: database: mysql 5.7.44, separate log database: false
=== RUN   TestManageUserQuotaTargetsAndWalletBounds/higher_role
    user_manage_test.go:385: isolated database: newapi_audit_1789097649271052300 (mysql)
    user_manage_test.go:385: database: mysql 5.7.44, separate log database: false
=== RUN   TestManageUserQuotaTargetsAndWalletBounds/read_error
    user_manage_test.go:385: isolated database: newapi_audit_1789097650592938300 (mysql)
    user_manage_test.go:385: database: mysql 5.7.44, separate log database: false

2026/09/11 11:34:11 [34;1mD:/10178/Projects/new-api-upstream-sync/controller/user_manage_test.go:411
[0m[35m[warn] [0mremoving callback `test:quota_read_error` from D:/10178/Projects/new-api-upstream-sync/controller/user_manage_test.go:411
=== RUN   TestManageUserQuotaTargetsAndWalletBounds/add_overflow
    user_manage_test.go:385: isolated database: newapi_audit_1789097651902319800 (mysql)
    user_manage_test.go:385: database: mysql 5.7.44, separate log database: false
[SYS] 2026/09/11 - 11:34:13 | quota conversion (WalletQuotaFromDecimal) overflow: original=9.007199254740992e+15, clamped=9007199254740991 
=== RUN   TestManageUserQuotaTargetsAndWalletBounds/subtract_underflow
    user_manage_test.go:385: isolated database: newapi_audit_1789097653220143700 (mysql)
    user_manage_test.go:385: database: mysql 5.7.44, separate log database: false
[SYS] 2026/09/11 - 11:34:14 | quota conversion (WalletQuotaFromDecimal) underflow: original=-9.007199254740992e+15, clamped=-9007199254740991 
=== RUN   TestManageUserQuotaTargetsAndWalletBounds/oversized_add
    user_manage_test.go:385: isolated database: newapi_audit_1789097654529245100 (mysql)
    user_manage_test.go:385: database: mysql 5.7.44, separate log database: false
=== RUN   TestManageUserQuotaTargetsAndWalletBounds/oversized_subtract
    user_manage_test.go:385: isolated database: newapi_audit_1789097655868518300 (mysql)
    user_manage_test.go:385: database: mysql 5.7.44, separate log database: false
=== RUN   TestManageUserQuotaTargetsAndWalletBounds/oversized_override
    user_manage_test.go:385: isolated database: newapi_audit_1789097657164927500 (mysql)
    user_manage_test.go:385: database: mysql 5.7.44, separate log database: false
--- PASS: TestManageUserQuotaTargetsAndWalletBounds (16.07s)
    --- PASS: TestManageUserQuotaTargetsAndWalletBounds/zero_id (1.32s)
    --- PASS: TestManageUserQuotaTargetsAndWalletBounds/negative_id (1.45s)
    --- PASS: TestManageUserQuotaTargetsAndWalletBounds/missing (1.36s)
    --- PASS: TestManageUserQuotaTargetsAndWalletBounds/deleted (1.37s)
    --- PASS: TestManageUserQuotaTargetsAndWalletBounds/peer_admin (1.42s)
    --- PASS: TestManageUserQuotaTargetsAndWalletBounds/higher_role (1.32s)
    --- PASS: TestManageUserQuotaTargetsAndWalletBounds/read_error (1.31s)
    --- PASS: TestManageUserQuotaTargetsAndWalletBounds/add_overflow (1.32s)
    --- PASS: TestManageUserQuotaTargetsAndWalletBounds/subtract_underflow (1.31s)
    --- PASS: TestManageUserQuotaTargetsAndWalletBounds/oversized_add (1.34s)
    --- PASS: TestManageUserQuotaTargetsAndWalletBounds/oversized_subtract (1.30s)
    --- PASS: TestManageUserQuotaTargetsAndWalletBounds/oversized_override (1.27s)
=== RUN   TestManageUserQuotaMiddlewareKeepsOneOperationPerRequest
    user_manage_test.go:433: isolated database: newapi_audit_1789097658430263000 (mysql)
    user_manage_test.go:433: database: mysql 5.7.44, separate log database: false
--- PASS: TestManageUserQuotaMiddlewareKeepsOneOperationPerRequest (2.87s)
=== RUN   TestManageUserQuotaConcurrentSnapshots
    user_manage_test.go:489: isolated database: newapi_audit_1789097661296878500 (mysql)
    user_manage_test.go:489: database: mysql 5.7.44, separate log database: false

2026/09/11 11:34:22 [34;1mD:/10178/Projects/new-api-upstream-sync/controller/user_manage_test.go:528
[0m[35m[warn] [0mremoving callback `test:concurrent_quota_start` from D:/10178/Projects/new-api-upstream-sync/controller/user_manage_test.go:528
--- PASS: TestManageUserQuotaConcurrentSnapshots (1.32s)
=== RUN   TestManageUserQuotaCacheUsesCommittedIntegerDifference
=== RUN   TestManageUserQuotaCacheUsesCommittedIntegerDifference/add_preserves_reservations
    user_manage_test.go:555: isolated database: newapi_audit_1789097662616895700 (mysql)
    user_manage_test.go:555: database: mysql 5.7.44, separate log database: false
=== RUN   TestManageUserQuotaCacheUsesCommittedIntegerDifference/subtract_preserves_reservations
    user_manage_test.go:555: isolated database: newapi_audit_1789097664133274800 (mysql)
    user_manage_test.go:555: database: mysql 5.7.44, separate log database: false
=== RUN   TestManageUserQuotaCacheUsesCommittedIntegerDifference/override_preserves_reservations
    user_manage_test.go:555: isolated database: newapi_audit_1789097665505790600 (mysql)
    user_manage_test.go:555: database: mysql 5.7.44, separate log database: false
=== RUN   TestManageUserQuotaCacheUsesCommittedIntegerDifference/large_odd_difference
    user_manage_test.go:555: isolated database: newapi_audit_1789097667042133300 (mysql)
    user_manage_test.go:555: database: mysql 5.7.44, separate log database: false
=== RUN   TestManageUserQuotaCacheUsesCommittedIntegerDifference/rollback_does_not_change_cache
    user_manage_test.go:555: isolated database: newapi_audit_1789097668338431400 (mysql)
    user_manage_test.go:555: database: mysql 5.7.44, separate log database: false

2026/09/11 11:34:29 [31;1mD:/10178/Projects/new-api-upstream-sync/model/user_quota_adjustment.go:63 [35;1mquota rollback
[0m[33m[47.851ms] [34;1m[rows:1][0m UPDATE `users` SET `quota`=500 WHERE id = 10000 AND `users`.`deleted_at` IS NULL
=== RUN   TestManageUserQuotaCacheUsesCommittedIntegerDifference/cache_error_keeps_committed_change
    user_manage_test.go:555: isolated database: newapi_audit_1789097669590597700 (mysql)
    user_manage_test.go:555: database: mysql 5.7.44, separate log database: false
[SYS] 2026/09/11 - 11:34:30 | failed to sync manual quota adjustment for user 10000: ERR quota cache unavailable 
[SYS] 2026/09/11 - 11:34:30 | failed to synchronously populate user cache: ERR quota cache unavailable 
[SYS] 2026/09/11 - 11:34:30 | failed to synchronously populate user cache: ERR quota cache unavailable 
=== RUN   TestManageUserQuotaCacheUsesCommittedIntegerDifference/missing_cache_is_not_partially_created
    user_manage_test.go:555: isolated database: newapi_audit_1789097670991214700 (mysql)
    user_manage_test.go:555: database: mysql 5.7.44, separate log database: false
--- PASS: TestManageUserQuotaCacheUsesCommittedIntegerDifference (9.74s)
    --- PASS: TestManageUserQuotaCacheUsesCommittedIntegerDifference/add_preserves_reservations (1.52s)
    --- PASS: TestManageUserQuotaCacheUsesCommittedIntegerDifference/subtract_preserves_reservations (1.37s)
    --- PASS: TestManageUserQuotaCacheUsesCommittedIntegerDifference/override_preserves_reservations (1.54s)
    --- PASS: TestManageUserQuotaCacheUsesCommittedIntegerDifference/large_odd_difference (1.30s)
    --- PASS: TestManageUserQuotaCacheUsesCommittedIntegerDifference/rollback_does_not_change_cache (1.25s)
    --- PASS: TestManageUserQuotaCacheUsesCommittedIntegerDifference/cache_error_keeps_committed_change (1.40s)
    --- PASS: TestManageUserQuotaCacheUsesCommittedIntegerDifference/missing_cache_is_not_partially_created (1.37s)
PASS
