=== RUN   TestBuildTestLogOtherInjectsTieredInfo
--- PASS: TestBuildTestLogOtherInjectsTieredInfo (0.00s)
=== RUN   TestLogStatisticsDatabaseMatrix
=== RUN   TestLogStatisticsDatabaseMatrix/sqlite
[SYS] 2026/09/11 - 15:15:23 | SQL_DSN not set, using SQLite as database 
    log_statistics_test.go:19: database version: 3.50.4
=== RUN   TestLogStatisticsDatabaseMatrix/sqlite/quota_survives_rate_scan
=== RUN   TestLogStatisticsDatabaseMatrix/sqlite/historical_quota_keeps_current_rates
=== RUN   TestLogStatisticsDatabaseMatrix/sqlite/no_matching_owner
=== RUN   TestLogStatisticsDatabaseMatrix/mysql
    log_statistics_test.go:17: set TEST_MYSQL_DSN to run this database
=== RUN   TestLogStatisticsDatabaseMatrix/postgres
    log_statistics_test.go:17: set TEST_POSTGRES_DSN to run this database
--- PASS: TestLogStatisticsDatabaseMatrix (0.52s)
    --- PASS: TestLogStatisticsDatabaseMatrix/sqlite (0.52s)
        --- PASS: TestLogStatisticsDatabaseMatrix/sqlite/quota_survives_rate_scan (0.00s)
        --- PASS: TestLogStatisticsDatabaseMatrix/sqlite/historical_quota_keeps_current_rates (0.00s)
        --- PASS: TestLogStatisticsDatabaseMatrix/sqlite/no_matching_owner (0.00s)
    --- SKIP: TestLogStatisticsDatabaseMatrix/mysql (0.00s)
    --- SKIP: TestLogStatisticsDatabaseMatrix/postgres (0.00s)
=== RUN   TestDeleteRedemptionBatch
=== RUN   TestDeleteRedemptionBatch/sqlite
    redemption_batch_test.go:55: database version: 3.50.4
=== RUN   TestDeleteRedemptionBatch/sqlite/invalid_{}
=== RUN   TestDeleteRedemptionBatch/sqlite/invalid_{"ids":[]}
=== RUN   TestDeleteRedemptionBatch/sqlite/invalid_{"ids":null}
=== RUN   TestDeleteRedemptionBatch/sqlite/invalid_{"ids":[0]}
=== RUN   TestDeleteRedemptionBatch/sqlite/invalid_{"ids":[1,-1]}
=== RUN   TestDeleteRedemptionBatch/sqlite/invalid_{"ids":["1"]}
=== RUN   TestDeleteRedemptionBatch/sqlite/invalid_{
=== RUN   TestDeleteRedemptionBatch/sqlite/invalid_{"ids":[1,1,1,1,1,1,1,1,1,1,1,
=== RUN   TestDeleteRedemptionBatch/mysql
    redemption_batch_test.go:28: TEST_MYSQL_DSN is not configured
=== RUN   TestDeleteRedemptionBatch/postgres
    redemption_batch_test.go:35: TEST_POSTGRES_DSN is not configured
--- PASS: TestDeleteRedemptionBatch (0.42s)
    --- PASS: TestDeleteRedemptionBatch/sqlite (0.42s)
        --- PASS: TestDeleteRedemptionBatch/sqlite/invalid_{} (0.02s)
        --- PASS: TestDeleteRedemptionBatch/sqlite/invalid_{"ids":[]} (0.02s)
        --- PASS: TestDeleteRedemptionBatch/sqlite/invalid_{"ids":null} (0.02s)
        --- PASS: TestDeleteRedemptionBatch/sqlite/invalid_{"ids":[0]} (0.02s)
        --- PASS: TestDeleteRedemptionBatch/sqlite/invalid_{"ids":[1,-1]} (0.02s)
        --- PASS: TestDeleteRedemptionBatch/sqlite/invalid_{"ids":["1"]} (0.02s)
        --- PASS: TestDeleteRedemptionBatch/sqlite/invalid_{ (0.02s)
        --- PASS: TestDeleteRedemptionBatch/sqlite/invalid_{"ids":[1,1,1,1,1,1,1,1,1,1,1, (0.02s)
    --- SKIP: TestDeleteRedemptionBatch/mysql (0.00s)
    --- SKIP: TestDeleteRedemptionBatch/postgres (0.00s)
=== RUN   TestWriteRedemptionsCSVIncludesBOMAndManagementFields
--- PASS: TestWriteRedemptionsCSVIncludesBOMAndManagementFields (0.00s)
=== RUN   TestValidateRedemptionStatusUpdateRejectsUsedAndUnknownStatuses
--- PASS: TestValidateRedemptionStatusUpdateRejectsUsedAndUnknownStatuses (0.00s)
=== RUN   TestRegisterDefersAccountCreationUntilRegistrationCodeCompletion

2026/09/11 15:15:24 [31;1mD:/10178/Projects/new-api-upstream-sync/model/user.go:325 [35;1mrecord not found
[0m[33m[0.000ms] [34;1m[rows:0][0m SELECT * FROM `users` WHERE username = "with-code" ORDER BY `users`.`id` LIMIT 1
--- PASS: TestRegisterDefersAccountCreationUntilRegistrationCodeCompletion (0.03s)
=== RUN   TestRegistrationCodeCompletionRetainsLongUnicodePassword

2026/09/11 15:15:24 [31;1mD:/10178/Projects/new-api-upstream-sync/model/user.go:325 [35;1mrecord not found
[0m[33m[0.000ms] [34;1m[rows:0][0m SELECT * FROM `users` WHERE username = "unicode-code" ORDER BY `users`.`id` LIMIT 1
[SYS] 2026/09/11 - 15:15:24 | 为新用户 unicode-code (角色: 1) 初始化边栏配置 
--- PASS: TestRegistrationCodeCompletionRetainsLongUnicodePassword (0.04s)
PASS
ok  	github.com/QuantumNous/new-api/controller	1.784s
=== RUN   TestLegacyLogOtherVisibilityIsRoleSeparated
=== RUN   TestLegacyLogOtherVisibilityIsRoleSeparated/user
=== RUN   TestLegacyLogOtherVisibilityIsRoleSeparated/admin
=== RUN   TestLegacyLogOtherVisibilityIsRoleSeparated/root
--- PASS: TestLegacyLogOtherVisibilityIsRoleSeparated (0.00s)
    --- PASS: TestLegacyLogOtherVisibilityIsRoleSeparated/user (0.00s)
    --- PASS: TestLegacyLogOtherVisibilityIsRoleSeparated/admin (0.00s)
    --- PASS: TestLegacyLogOtherVisibilityIsRoleSeparated/root (0.00s)
=== RUN   TestLogOtherScopesAndMerges
--- PASS: TestLogOtherScopesAndMerges (0.00s)
=== RUN   TestLogOtherRejectsSensitivePublicFields
--- PASS: TestLogOtherRejectsSensitivePublicFields (0.00s)
=== RUN   TestLogOtherJSONStringDoesNotMutateReceiver
--- PASS: TestLogOtherJSONStringDoesNotMutateReceiver (0.00s)
=== RUN   TestRegistrationCodeRequiredQuotesMySQLKeyColumn
--- PASS: TestRegistrationCodeRequiredQuotesMySQLKeyColumn (0.00s)
=== RUN   TestSearchRedemptionsFiltersAndPaginates
=== RUN   TestSearchRedemptionsFiltersAndPaginates/no_filters_returns_all_rows
=== RUN   TestSearchRedemptionsFiltersAndPaginates/keyword_filters_by_name_prefix
=== RUN   TestSearchRedemptionsFiltersAndPaginates/enabled_status_excludes_expired_rows
=== RUN   TestSearchRedemptionsFiltersAndPaginates/expired_status_returns_enabled_expired_rows
=== RUN   TestSearchRedemptionsFiltersAndPaginates/disabled_status
=== RUN   TestSearchRedemptionsFiltersAndPaginates/used_status
=== RUN   TestSearchRedemptionsFiltersAndPaginates/pagination_keeps_unpaged_total
--- PASS: TestSearchRedemptionsFiltersAndPaginates (0.00s)
    --- PASS: TestSearchRedemptionsFiltersAndPaginates/no_filters_returns_all_rows (0.00s)
    --- PASS: TestSearchRedemptionsFiltersAndPaginates/keyword_filters_by_name_prefix (0.00s)
    --- PASS: TestSearchRedemptionsFiltersAndPaginates/enabled_status_excludes_expired_rows (0.00s)
    --- PASS: TestSearchRedemptionsFiltersAndPaginates/expired_status_returns_enabled_expired_rows (0.00s)
    --- PASS: TestSearchRedemptionsFiltersAndPaginates/disabled_status (0.00s)
    --- PASS: TestSearchRedemptionsFiltersAndPaginates/used_status (0.00s)
    --- PASS: TestSearchRedemptionsFiltersAndPaginates/pagination_keeps_unpaged_total (0.00s)
=== RUN   TestExhaustedRegistrationCodesAreInvalidAndDeleted
--- PASS: TestExhaustedRegistrationCodesAreInvalidAndDeleted (0.04s)
=== RUN   TestGetRedemptionsForExportSupportsSelectionAndFilters
--- PASS: TestGetRedemptionsForExportSupportsSelectionAndFilters (0.00s)
=== RUN   TestRedemptionQuotaRejectsWalletOverflow
--- PASS: TestRedemptionQuotaRejectsWalletOverflow (0.00s)
=== RUN   TestConsumeRegistrationCodeWithTxHonorsUsageLimit
--- PASS: TestConsumeRegistrationCodeWithTxHonorsUsageLimit (0.00s)
PASS
ok  	github.com/QuantumNous/new-api/model	0.648s
