$ vitest run --config vitest.sync.config.ts

 RUN  v5.0.0 D:/10178/Projects/new-api-upstream-sync/web

 ❯ src/components/layout/components/__tests__/header-layout.test.tsx (0 test)
 ❯ src/components/ui/__tests__/input-number.test.tsx (0 test)
stderr | src/routes/__tests__/setup-status.test.tsx > setup status routing > retries on the next navigation after a failed setup request
[root.beforeLoad] setup status check failed Error: Network unavailable
    at D:/10178/Projects/new-api-upstream-sync/web/src/routes/__tests__/setup-status.test.tsx:71:52
    at file:///D:/10178/Projects/new-api-upstream-sync/web/node_modules/vitest/dist/chunks/run.CQOUYP-x.js:1628:35
    at file:///D:/10178/Projects/new-api-upstream-sync/web/node_modules/vitest/dist/chunks/run.CQOUYP-x.js:2783:26
    at file:///D:/10178/Projects/new-api-upstream-sync/web/node_modules/vitest/dist/chunks/run.CQOUYP-x.js:3319:20
    at new Promise (<anonymous>)
    at runWithCancel (file:///D:/10178/Projects/new-api-upstream-sync/web/node_modules/vitest/dist/chunks/run.CQOUYP-x.js:3314:10)
    at file:///D:/10178/Projects/new-api-upstream-sync/web/node_modules/vitest/dist/chunks/run.CQOUYP-x.js:3299:20
    at new Promise (<anonymous>)
    at runWithTimeout (file:///D:/10178/Projects/new-api-upstream-sync/web/node_modules/vitest/dist/chunks/run.CQOUYP-x.js:3257:10)
    at file:///D:/10178/Projects/new-api-upstream-sync/web/node_modules/vitest/dist/chunks/run.CQOUYP-x.js:3876:64

stderr | src/routes/__tests__/setup-status.test.tsx > setup status routing > retries on the next navigation after a failed setup request
[root.beforeLoad] setup status check failed Error: Unexpected extra setup request
    at Function.<anonymous> (D:/10178/Projects/new-api-upstream-sync/web/src/routes/__tests__/setup-status.test.tsx:43:37)
    at Function.Mock [as get] (file:///D:/10178/Projects/new-api-upstream-sync/web/node_modules/vitest/dist/chunks/spy.DPLvp2J7.js:320:40)
    at getSetupStatus (D:/10178/Projects/new-api-upstream-sync/web/src/features/setup/api.ts:24:25)
    at Object.beforeLoad (D:/10178/Projects/new-api-upstream-sync/web/src/routes/__root.tsx:131:9)
    at executeBeforeLoad (file:///D:/10178/Projects/new-api-upstream-sync/web/node_modules/@tanstack/router-core/dist/esm/load-matches.js:274:37)
    at execute (file:///D:/10178/Projects/new-api-upstream-sync/web/node_modules/@tanstack/router-core/dist/esm/load-matches.js:297:24)
    at queueExecution (file:///D:/10178/Projects/new-api-upstream-sync/web/node_modules/@tanstack/router-core/dist/esm/load-matches.js:301:53)
    at serverSsr (file:///D:/10178/Projects/new-api-upstream-sync/web/node_modules/@tanstack/router-core/dist/esm/load-matches.js:295:10)
    at handleBeforeLoad (file:///D:/10178/Projects/new-api-upstream-sync/web/node_modules/@tanstack/router-core/dist/esm/load-matches.js:303:9)
    at loadMatches (file:///D:/10178/Projects/new-api-upstream-sync/web/node_modules/@tanstack/router-core/dist/esm/load-matches.js:513:23)

 ❯ src/routes/__tests__/setup-status.test.tsx (3 tests | 2 failed) 6790ms
   ❯ setup status routing (3)
     × rechecks the current server despite a completed status saved by an earlier page 5790ms
     × retries on the next navigation after a failed setup request 992ms

⎯⎯⎯⎯⎯⎯ Failed Suites 2 ⎯⎯⎯⎯⎯⎯⎯

 FAIL  src/components/ui/__tests__/input-number.test.tsx [ src/components/ui/__tests__/input-number.test.tsx ]
Error: Cannot bundle Node.js built-in "node:test" imported from "src\components\ui\__tests__\input-number.test.tsx". Consider disabling environments.client.noExternal or remove the built-in dependency.
  Plugin: builtin:vite-resolve
 ❯ EnvironmentPluginContainer.resolveId node_modules/vite/dist/node/chunks/node.js:30848:19
 ❯ TransformPluginContext.resolve node_modules/vite/dist/node/chunks/node.js:31077:13
 ❯ normalizeUrl node_modules/vite/dist/node/chunks/node.js:28075:22
 ❯ node_modules/vite/dist/node/chunks/node.js:28153:30
 ❯ TransformPluginContext.transform node_modules/vite/dist/node/chunks/node.js:28119:4
 ❯ EnvironmentPluginContainer.transform node_modules/vite/dist/node/chunks/node.js:30932:14
 ❯ loadAndTransform node_modules/vite/dist/node/chunks/node.js:20671:26

⎯⎯⎯⎯⎯⎯⎯⎯⎯⎯⎯⎯⎯⎯⎯⎯⎯⎯⎯⎯⎯⎯⎯⎯[1/4]⎯

 FAIL  src/components/layout/components/__tests__/header-layout.test.tsx [ src/components/layout/components/__tests__/header-layout.test.tsx ]
Error: Cannot bundle Node.js built-in "node:test" imported from "src\components\layout\components\__tests__\header-layout.test.tsx". Consider disabling environments.client.noExternal or remove the built-in dependency.
  Plugin: builtin:vite-resolve
 ❯ EnvironmentPluginContainer.resolveId node_modules/vite/dist/node/chunks/node.js:30848:19
 ❯ TransformPluginContext.resolve node_modules/vite/dist/node/chunks/node.js:31077:13
 ❯ normalizeUrl node_modules/vite/dist/node/chunks/node.js:28075:22
 ❯ node_modules/vite/dist/node/chunks/node.js:28153:30
 ❯ TransformPluginContext.transform node_modules/vite/dist/node/chunks/node.js:28119:4
 ❯ EnvironmentPluginContainer.transform node_modules/vite/dist/node/chunks/node.js:30932:14
 ❯ loadAndTransform node_modules/vite/dist/node/chunks/node.js:20671:26

⎯⎯⎯⎯⎯⎯⎯⎯⎯⎯⎯⎯⎯⎯⎯⎯⎯⎯⎯⎯⎯⎯⎯⎯[2/4]⎯


⎯⎯⎯⎯⎯⎯⎯ Failed Tests 2 ⎯⎯⎯⎯⎯⎯⎯

 FAIL  src/routes/__tests__/setup-status.test.tsx > setup status routing > rechecks the current server despite a completed status saved by an earlier page
Error: Test timed out in 5000ms.
If this is a long-running test, pass a timeout value as the last argument or configure it globally with "testTimeout".
 ❯ src/routes/__tests__/setup-status.test.tsx:62:3
     60|
     61| describe('setup status routing', () => {
     62|   it('rechecks the current server despite a completed status saved by …
       |   ^
     63|     localStorage.setItem('setup_status_checked', 'true')
     64|     const { router, request } = await setupRouter([false])

⎯⎯⎯⎯⎯⎯⎯⎯⎯⎯⎯⎯⎯⎯⎯⎯⎯⎯⎯⎯⎯⎯⎯⎯[3/4]⎯

 FAIL  src/routes/__tests__/setup-status.test.tsx > setup status routing > retries on the next navigation after a failed setup request
AssertionError: expected "Mock" to be called 2 times, but got 3 times
 ❯ src/routes/__tests__/setup-status.test.tsx:74:21
     72|     await router.navigate({ to: '/pricing' })
     73|
     74|     expect(request).toHaveBeenCalledTimes(2)
       |                     ^
     75|     expect(router.state.location.pathname).toBe('/setup')
     76|   })

⎯⎯⎯⎯⎯⎯⎯⎯⎯⎯⎯⎯⎯⎯⎯⎯⎯⎯⎯⎯⎯⎯⎯⎯[4/4]⎯


 Test Files  3 failed | 12 passed (15)
      Tests  2 failed | 76 passed (78)
   Start at  03:26:49
   Duration  21.12s (import 41%, environment 34%, setup 13%, tests 8%, transform 4%)

error: script "test:sync" exited with code 1
