{"Time":"2026-09-11T02:36:16.0677339+08:00","Action":"start","Package":"github.com/QuantumNous/new-api/model"}
{"Time":"2026-09-11T02:36:16.6771398+08:00","Action":"run","Package":"github.com/QuantumNous/new-api/model","Test":"TestDatabaseUpgradePreservesDownstreamData"}
{"Time":"2026-09-11T02:36:16.6771398+08:00","Action":"output","Package":"github.com/QuantumNous/new-api/model","Test":"TestDatabaseUpgradePreservesDownstreamData","Output":"=== RUN   TestDatabaseUpgradePreservesDownstreamData\n"}
{"Time":"2026-09-11T02:36:16.7207254+08:00","Action":"output","Package":"github.com/QuantumNous/new-api/model","Test":"TestDatabaseUpgradePreservesDownstreamData","Output":"[SYS] 2026/09/11 - 02:36:16 | SQL_DSN not set, using SQLite as database \n"}
{"Time":"2026-09-11T02:36:16.72648+08:00","Action":"output","Package":"github.com/QuantumNous/new-api/model","Test":"TestDatabaseUpgradePreservesDownstreamData","Output":"    database_upgrade_test.go:42: TEST_UPGRADE_DSN: 3.50.4\n"}
{"Time":"2026-09-11T02:36:16.72648+08:00","Action":"output","Package":"github.com/QuantumNous/new-api/model","Test":"TestDatabaseUpgradePreservesDownstreamData","Output":"[SYS] 2026/09/11 - 02:36:16 | SQL_DSN not set, using SQLite as database \n"}
{"Time":"2026-09-11T02:36:16.732218+08:00","Action":"output","Package":"github.com/QuantumNous/new-api/model","Test":"TestDatabaseUpgradePreservesDownstreamData","Output":"    database_upgrade_test.go:43: TEST_UPGRADE_LOG_DSN: 3.50.4\n"}
{"Time":"2026-09-11T02:36:17.0709241+08:00","Action":"output","Package":"github.com/QuantumNous/new-api/model","Test":"TestDatabaseUpgradePreservesDownstreamData","Output":"--- PASS: TestDatabaseUpgradePreservesDownstreamData (0.39s)\n"}
{"Time":"2026-09-11T02:36:17.0709241+08:00","Action":"pass","Package":"github.com/QuantumNous/new-api/model","Test":"TestDatabaseUpgradePreservesDownstreamData","Elapsed":0.39}
{"Time":"2026-09-11T02:36:17.0709241+08:00","Action":"run","Package":"github.com/QuantumNous/new-api/model","Test":"TestMigratePasskeyCredentialIndexesPreservesLegacyDataAndAllowsMultipleDevices"}
{"Time":"2026-09-11T02:36:17.0709241+08:00","Action":"output","Package":"github.com/QuantumNous/new-api/model","Test":"TestMigratePasskeyCredentialIndexesPreservesLegacyDataAndAllowsMultipleDevices","Output":"=== RUN   TestMigratePasskeyCredentialIndexesPreservesLegacyDataAndAllowsMultipleDevices\n"}
{"Time":"2026-09-11T02:36:17.0729905+08:00","Action":"output","Package":"github.com/QuantumNous/new-api/model","Test":"TestMigratePasskeyCredentialIndexesPreservesLegacyDataAndAllowsMultipleDevices","Output":"\r\n"}
{"Time":"2026-09-11T02:36:17.0729905+08:00","Action":"output","Package":"github.com/QuantumNous/new-api/model","Test":"TestMigratePasskeyCredentialIndexesPreservesLegacyDataAndAllowsMultipleDevices","Output":"2026/09/11 02:36:17 \u001b[32mC:/Users/10178/go/pkg/mod/github.com/glebarez/sqlite@v1.11.0/migrator.go:342\n"}
{"Time":"2026-09-11T02:36:17.0729905+08:00","Action":"output","Package":"github.com/QuantumNous/new-api/model","Test":"TestMigratePasskeyCredentialIndexesPreservesLegacyDataAndAllowsMultipleDevices","Output":"\u001b[0m\u001b[33m[0.000ms] \u001b[34;1m[rows:3]\u001b[0m SELECT * FROM PRAGMA_index_list(\"passkey_credentials\")\n"}
{"Time":"2026-09-11T02:36:17.0729905+08:00","Action":"output","Package":"github.com/QuantumNous/new-api/model","Test":"TestMigratePasskeyCredentialIndexesPreservesLegacyDataAndAllowsMultipleDevices","Output":"\r\n"}
{"Time":"2026-09-11T02:36:17.0729905+08:00","Action":"output","Package":"github.com/QuantumNous/new-api/model","Test":"TestMigratePasskeyCredentialIndexesPreservesLegacyDataAndAllowsMultipleDevices","Output":"2026/09/11 02:36:17 \u001b[32mC:/Users/10178/go/pkg/mod/github.com/glebarez/sqlite@v1.11.0/migrator.go:342\n"}
{"Time":"2026-09-11T02:36:17.0729905+08:00","Action":"output","Package":"github.com/QuantumNous/new-api/model","Test":"TestMigratePasskeyCredentialIndexesPreservesLegacyDataAndAllowsMultipleDevices","Output":"\u001b[0m\u001b[33m[0.000ms] \u001b[34;1m[rows:2]\u001b[0m SELECT * FROM PRAGMA_index_list(\"passkey_credentials\")\n"}
{"Time":"2026-09-11T02:36:17.0735148+08:00","Action":"output","Package":"github.com/QuantumNous/new-api/model","Test":"TestMigratePasskeyCredentialIndexesPreservesLegacyDataAndAllowsMultipleDevices","Output":"--- PASS: TestMigratePasskeyCredentialIndexesPreservesLegacyDataAndAllowsMultipleDevices (0.00s)\n"}
{"Time":"2026-09-11T02:36:17.0735148+08:00","Action":"pass","Package":"github.com/QuantumNous/new-api/model","Test":"TestMigratePasskeyCredentialIndexesPreservesLegacyDataAndAllowsMultipleDevices","Elapsed":0}
{"Time":"2026-09-11T02:36:17.0761498+08:00","Action":"output","Package":"github.com/QuantumNous/new-api/model","Output":"PASS\n"}
{"Time":"2026-09-11T02:36:17.0811994+08:00","Action":"output","Package":"github.com/QuantumNous/new-api/model","Output":"ok  \tgithub.com/QuantumNous/new-api/model\t1.013s\n"}
{"Time":"2026-09-11T02:36:17.0811994+08:00","Action":"pass","Package":"github.com/QuantumNous/new-api/model","Elapsed":1.013}
