{"Time":"2026-09-11T04:23:52.5657013+08:00","Action":"start","Package":"github.com/QuantumNous/new-api/service"}
{"Time":"2026-09-11T04:23:53.175127+08:00","Action":"run","Package":"github.com/QuantumNous/new-api/service","Test":"TestRelayHeaderTimeoutConfigurationOverridesClonedTransport"}
{"Time":"2026-09-11T04:23:53.175127+08:00","Action":"output","Package":"github.com/QuantumNous/new-api/service","Test":"TestRelayHeaderTimeoutConfigurationOverridesClonedTransport","Output":"=== RUN   TestRelayHeaderTimeoutConfigurationOverridesClonedTransport\n"}
{"Time":"2026-09-11T04:23:53.175127+08:00","Action":"run","Package":"github.com/QuantumNous/new-api/service","Test":"TestRelayHeaderTimeoutConfigurationOverridesClonedTransport/zero_disables_inherited_timeout"}
{"Time":"2026-09-11T04:23:53.175127+08:00","Action":"output","Package":"github.com/QuantumNous/new-api/service","Test":"TestRelayHeaderTimeoutConfigurationOverridesClonedTransport/zero_disables_inherited_timeout","Output":"=== RUN   TestRelayHeaderTimeoutConfigurationOverridesClonedTransport/zero_disables_inherited_timeout\n"}
{"Time":"2026-09-11T04:23:53.175127+08:00","Action":"output","Package":"github.com/QuantumNous/new-api/service","Test":"TestRelayHeaderTimeoutConfigurationOverridesClonedTransport/zero_disables_inherited_timeout","Output":"    http_header_timeout_test.go:40: \n"}
{"Time":"2026-09-11T04:23:53.175127+08:00","Action":"output","Package":"github.com/QuantumNous/new-api/service","Test":"TestRelayHeaderTimeoutConfigurationOverridesClonedTransport/zero_disables_inherited_timeout","Output":"        \tError Trace:\tD:/10178/Projects/new-api-upstream-sync/service/http_header_timeout_test.go:40\n"}
{"Time":"2026-09-11T04:23:53.175127+08:00","Action":"output","Package":"github.com/QuantumNous/new-api/service","Test":"TestRelayHeaderTimeoutConfigurationOverridesClonedTransport/zero_disables_inherited_timeout","Output":"        \tError:      \tNot equal: \n"}
{"Time":"2026-09-11T04:23:53.175127+08:00","Action":"output","Package":"github.com/QuantumNous/new-api/service","Test":"TestRelayHeaderTimeoutConfigurationOverridesClonedTransport/zero_disables_inherited_timeout","Output":"        \t            \texpected: 0s\n"}
{"Time":"2026-09-11T04:23:53.175127+08:00","Action":"output","Package":"github.com/QuantumNous/new-api/service","Test":"TestRelayHeaderTimeoutConfigurationOverridesClonedTransport/zero_disables_inherited_timeout","Output":"        \t            \tactual  : 37s\n"}
{"Time":"2026-09-11T04:23:53.175127+08:00","Action":"output","Package":"github.com/QuantumNous/new-api/service","Test":"TestRelayHeaderTimeoutConfigurationOverridesClonedTransport/zero_disables_inherited_timeout","Output":"        \tTest:       \tTestRelayHeaderTimeoutConfigurationOverridesClonedTransport/zero_disables_inherited_timeout\n"}
{"Time":"2026-09-11T04:23:53.175127+08:00","Action":"output","Package":"github.com/QuantumNous/new-api/service","Test":"TestRelayHeaderTimeoutConfigurationOverridesClonedTransport/zero_disables_inherited_timeout","Output":"--- FAIL: TestRelayHeaderTimeoutConfigurationOverridesClonedTransport/zero_disables_inherited_timeout (0.00s)\n"}
{"Time":"2026-09-11T04:23:53.175127+08:00","Action":"fail","Package":"github.com/QuantumNous/new-api/service","Test":"TestRelayHeaderTimeoutConfigurationOverridesClonedTransport/zero_disables_inherited_timeout","Elapsed":0}
{"Time":"2026-09-11T04:23:53.175127+08:00","Action":"run","Package":"github.com/QuantumNous/new-api/service","Test":"TestRelayHeaderTimeoutConfigurationOverridesClonedTransport/negative_disables_inherited_timeout"}
{"Time":"2026-09-11T04:23:53.175127+08:00","Action":"output","Package":"github.com/QuantumNous/new-api/service","Test":"TestRelayHeaderTimeoutConfigurationOverridesClonedTransport/negative_disables_inherited_timeout","Output":"=== RUN   TestRelayHeaderTimeoutConfigurationOverridesClonedTransport/negative_disables_inherited_timeout\n"}
{"Time":"2026-09-11T04:23:53.175127+08:00","Action":"output","Package":"github.com/QuantumNous/new-api/service","Test":"TestRelayHeaderTimeoutConfigurationOverridesClonedTransport/negative_disables_inherited_timeout","Output":"    http_header_timeout_test.go:40: \n"}
{"Time":"2026-09-11T04:23:53.175127+08:00","Action":"output","Package":"github.com/QuantumNous/new-api/service","Test":"TestRelayHeaderTimeoutConfigurationOverridesClonedTransport/negative_disables_inherited_timeout","Output":"        \tError Trace:\tD:/10178/Projects/new-api-upstream-sync/service/http_header_timeout_test.go:40\n"}
{"Time":"2026-09-11T04:23:53.175127+08:00","Action":"output","Package":"github.com/QuantumNous/new-api/service","Test":"TestRelayHeaderTimeoutConfigurationOverridesClonedTransport/negative_disables_inherited_timeout","Output":"        \tError:      \tNot equal: \n"}
{"Time":"2026-09-11T04:23:53.175127+08:00","Action":"output","Package":"github.com/QuantumNous/new-api/service","Test":"TestRelayHeaderTimeoutConfigurationOverridesClonedTransport/negative_disables_inherited_timeout","Output":"        \t            \texpected: 0s\n"}
{"Time":"2026-09-11T04:23:53.175127+08:00","Action":"output","Package":"github.com/QuantumNous/new-api/service","Test":"TestRelayHeaderTimeoutConfigurationOverridesClonedTransport/negative_disables_inherited_timeout","Output":"        \t            \tactual  : 37s\n"}
{"Time":"2026-09-11T04:23:53.175127+08:00","Action":"output","Package":"github.com/QuantumNous/new-api/service","Test":"TestRelayHeaderTimeoutConfigurationOverridesClonedTransport/negative_disables_inherited_timeout","Output":"        \tTest:       \tTestRelayHeaderTimeoutConfigurationOverridesClonedTransport/negative_disables_inherited_timeout\n"}
{"Time":"2026-09-11T04:23:53.175127+08:00","Action":"output","Package":"github.com/QuantumNous/new-api/service","Test":"TestRelayHeaderTimeoutConfigurationOverridesClonedTransport/negative_disables_inherited_timeout","Output":"--- FAIL: TestRelayHeaderTimeoutConfigurationOverridesClonedTransport/negative_disables_inherited_timeout (0.00s)\n"}
{"Time":"2026-09-11T04:23:53.175127+08:00","Action":"fail","Package":"github.com/QuantumNous/new-api/service","Test":"TestRelayHeaderTimeoutConfigurationOverridesClonedTransport/negative_disables_inherited_timeout","Elapsed":0}
{"Time":"2026-09-11T04:23:53.175127+08:00","Action":"run","Package":"github.com/QuantumNous/new-api/service","Test":"TestRelayHeaderTimeoutConfigurationOverridesClonedTransport/positive_limits_only_headers"}
{"Time":"2026-09-11T04:23:53.175127+08:00","Action":"output","Package":"github.com/QuantumNous/new-api/service","Test":"TestRelayHeaderTimeoutConfigurationOverridesClonedTransport/positive_limits_only_headers","Output":"=== RUN   TestRelayHeaderTimeoutConfigurationOverridesClonedTransport/positive_limits_only_headers\n"}
{"Time":"2026-09-11T04:23:53.175127+08:00","Action":"output","Package":"github.com/QuantumNous/new-api/service","Test":"TestRelayHeaderTimeoutConfigurationOverridesClonedTransport/positive_limits_only_headers","Output":"--- PASS: TestRelayHeaderTimeoutConfigurationOverridesClonedTransport/positive_limits_only_headers (0.00s)\n"}
{"Time":"2026-09-11T04:23:53.175127+08:00","Action":"pass","Package":"github.com/QuantumNous/new-api/service","Test":"TestRelayHeaderTimeoutConfigurationOverridesClonedTransport/positive_limits_only_headers","Elapsed":0}
{"Time":"2026-09-11T04:23:53.175127+08:00","Action":"run","Package":"github.com/QuantumNous/new-api/service","Test":"TestRelayHeaderTimeoutConfigurationOverridesClonedTransport/large_setting_cannot_overflow"}
{"Time":"2026-09-11T04:23:53.175127+08:00","Action":"output","Package":"github.com/QuantumNous/new-api/service","Test":"TestRelayHeaderTimeoutConfigurationOverridesClonedTransport/large_setting_cannot_overflow","Output":"=== RUN   TestRelayHeaderTimeoutConfigurationOverridesClonedTransport/large_setting_cannot_overflow\n"}
{"Time":"2026-09-11T04:23:53.175127+08:00","Action":"output","Package":"github.com/QuantumNous/new-api/service","Test":"TestRelayHeaderTimeoutConfigurationOverridesClonedTransport/large_setting_cannot_overflow","Output":"--- PASS: TestRelayHeaderTimeoutConfigurationOverridesClonedTransport/large_setting_cannot_overflow (0.00s)\n"}
{"Time":"2026-09-11T04:23:53.175127+08:00","Action":"pass","Package":"github.com/QuantumNous/new-api/service","Test":"TestRelayHeaderTimeoutConfigurationOverridesClonedTransport/large_setting_cannot_overflow","Elapsed":0}
{"Time":"2026-09-11T04:23:53.175127+08:00","Action":"output","Package":"github.com/QuantumNous/new-api/service","Test":"TestRelayHeaderTimeoutConfigurationOverridesClonedTransport","Output":"--- FAIL: TestRelayHeaderTimeoutConfigurationOverridesClonedTransport (0.00s)\n"}
{"Time":"2026-09-11T04:23:53.175127+08:00","Action":"fail","Package":"github.com/QuantumNous/new-api/service","Test":"TestRelayHeaderTimeoutConfigurationOverridesClonedTransport","Elapsed":0}
{"Time":"2026-09-11T04:23:53.1757478+08:00","Action":"run","Package":"github.com/QuantumNous/new-api/service","Test":"TestRelayHeaderTimeoutReleasesSilentUpstreamRequest"}
{"Time":"2026-09-11T04:23:53.1757478+08:00","Action":"output","Package":"github.com/QuantumNous/new-api/service","Test":"TestRelayHeaderTimeoutReleasesSilentUpstreamRequest","Output":"=== RUN   TestRelayHeaderTimeoutReleasesSilentUpstreamRequest\n"}
{"Time":"2026-09-11T04:23:54.1772819+08:00","Action":"output","Package":"github.com/QuantumNous/new-api/service","Test":"TestRelayHeaderTimeoutReleasesSilentUpstreamRequest","Output":"--- PASS: TestRelayHeaderTimeoutReleasesSilentUpstreamRequest (1.00s)\n"}
{"Time":"2026-09-11T04:23:54.1777848+08:00","Action":"pass","Package":"github.com/QuantumNous/new-api/service","Test":"TestRelayHeaderTimeoutReleasesSilentUpstreamRequest","Elapsed":1}
{"Time":"2026-09-11T04:23:54.1777848+08:00","Action":"output","Package":"github.com/QuantumNous/new-api/service","Output":"FAIL\n"}
{"Time":"2026-09-11T04:23:54.1820328+08:00","Action":"output","Package":"github.com/QuantumNous/new-api/service","Output":"FAIL\tgithub.com/QuantumNous/new-api/service\t1.616s\n"}
{"Time":"2026-09-11T04:23:54.18258+08:00","Action":"fail","Package":"github.com/QuantumNous/new-api/service","Elapsed":1.617}
