=== RUN   TestModelManagementDatabaseMatrix
=== RUN   TestModelManagementDatabaseMatrix/sqlite
[SYS] 2026/09/11 - 13:19:32 | SQL_DSN not set, using SQLite as database 
    model_management_test.go:115: database version: 3.50.4
=== RUN   TestModelManagementDatabaseMatrix/sqlite/pricing_saves_zero_switches_modes_and_rejects_stale_batches

2026/09/11 13:19:33 [34;1mD:/10178/Projects/new-api-upstream-sync/controller/model_management_test.go:161
[0m[35m[warn] [0mremoving callback `fail_pricing_matrix` from D:/10178/Projects/new-api-upstream-sync/controller/model_management_test.go:161
=== RUN   TestModelManagementDatabaseMatrix/sqlite/builtin_reset
=== RUN   TestModelManagementDatabaseMatrix/sqlite/concurrent_import_creates_one_record
=== RUN   TestModelManagementDatabaseMatrix/sqlite/metadata_keeps_pricing_and_channel_identity
[GIN-debug] [WARNING] Running in "debug" mode. Switch to "release" mode in production.
 - using env:	export GIN_MODE=release
 - using code:	gin.SetMode(gin.ReleaseMode)

=== RUN   TestModelManagementDatabaseMatrix/sqlite/metadata_preview_selection_versions_and_transaction
[GIN-debug] [WARNING] Running in "debug" mode. Switch to "release" mode in production.
 - using env:	export GIN_MODE=release
 - using code:	gin.SetMode(gin.ReleaseMode)

[GIN-debug] [WARNING] Running in "debug" mode. Switch to "release" mode in production.
 - using env:	export GIN_MODE=release
 - using code:	gin.SetMode(gin.ReleaseMode)


2026/09/11 13:19:33 [34;1mD:/10178/Projects/new-api-upstream-sync/controller/model_management_test.go:354
[0m[35m[warn] [0mremoving callback `fail_metadata_matrix` from D:/10178/Projects/new-api-upstream-sync/controller/model_management_test.go:354
[GIN-debug] [WARNING] Running in "debug" mode. Switch to "release" mode in production.
 - using env:	export GIN_MODE=release
 - using code:	gin.SetMode(gin.ReleaseMode)

[GIN-debug] [WARNING] Running in "debug" mode. Switch to "release" mode in production.
 - using env:	export GIN_MODE=release
 - using code:	gin.SetMode(gin.ReleaseMode)

[GIN-debug] [WARNING] Running in "debug" mode. Switch to "release" mode in production.
 - using env:	export GIN_MODE=release
 - using code:	gin.SetMode(gin.ReleaseMode)

[GIN-debug] [WARNING] Running in "debug" mode. Switch to "release" mode in production.
 - using env:	export GIN_MODE=release
 - using code:	gin.SetMode(gin.ReleaseMode)

[GIN-debug] [WARNING] Running in "debug" mode. Switch to "release" mode in production.
 - using env:	export GIN_MODE=release
 - using code:	gin.SetMode(gin.ReleaseMode)

[GIN-debug] [WARNING] Running in "debug" mode. Switch to "release" mode in production.
 - using env:	export GIN_MODE=release
 - using code:	gin.SetMode(gin.ReleaseMode)

--- PASS: TestModelManagementDatabaseMatrix (0.39s)
    --- PASS: TestModelManagementDatabaseMatrix/sqlite (0.39s)
        --- PASS: TestModelManagementDatabaseMatrix/sqlite/pricing_saves_zero_switches_modes_and_rejects_stale_batches (0.02s)
        --- PASS: TestModelManagementDatabaseMatrix/sqlite/builtin_reset (0.01s)
        --- PASS: TestModelManagementDatabaseMatrix/sqlite/concurrent_import_creates_one_record (0.01s)
        --- PASS: TestModelManagementDatabaseMatrix/sqlite/metadata_keeps_pricing_and_channel_identity (0.04s)
        --- PASS: TestModelManagementDatabaseMatrix/sqlite/metadata_preview_selection_versions_and_transaction (0.07s)
=== RUN   TestVendorManagementDatabaseMatrix
=== RUN   TestVendorManagementDatabaseMatrix/sqlite
[SYS] 2026/09/11 - 13:19:33 | SQL_DSN not set, using SQLite as database 
    model_management_test.go:421: database version: 3.50.4
=== RUN   TestVendorManagementDatabaseMatrix/sqlite/pricing_reads_keep_default_brands_without_writing_vendors
=== RUN   TestVendorManagementDatabaseMatrix/sqlite/metadata_ownership_preview_merge_delete_and_rollback
[GIN-debug] [WARNING] Running in "debug" mode. Switch to "release" mode in production.
 - using env:	export GIN_MODE=release
 - using code:	gin.SetMode(gin.ReleaseMode)

[GIN-debug] [WARNING] Running in "debug" mode. Switch to "release" mode in production.
 - using env:	export GIN_MODE=release
 - using code:	gin.SetMode(gin.ReleaseMode)


2026/09/11 13:19:33 [34;1mD:/10178/Projects/new-api-upstream-sync/controller/model_management_test.go:568
[0m[35m[warn] [0mremoving callback `vendor_delete_failure` from D:/10178/Projects/new-api-upstream-sync/controller/model_management_test.go:568
=== RUN   TestVendorManagementDatabaseMatrix/sqlite/concurrent_create_and_delete_never_orphan_model
--- PASS: TestVendorManagementDatabaseMatrix (0.29s)
    --- PASS: TestVendorManagementDatabaseMatrix/sqlite (0.29s)
        --- PASS: TestVendorManagementDatabaseMatrix/sqlite/pricing_reads_keep_default_brands_without_writing_vendors (0.02s)
        --- PASS: TestVendorManagementDatabaseMatrix/sqlite/metadata_ownership_preview_merge_delete_and_rollback (0.07s)
        --- PASS: TestVendorManagementDatabaseMatrix/sqlite/concurrent_create_and_delete_never_orphan_model (0.01s)
=== RUN   TestModelDeletionDatabaseMatrix
=== RUN   TestModelDeletionDatabaseMatrix/sqlite
[SYS] 2026/09/11 - 13:19:33 | SQL_DSN not set, using SQLite as database 
    model_management_test.go:632: database version: 3.50.4
[GIN-debug] [WARNING] Running in "debug" mode. Switch to "release" mode in production.
 - using env:	export GIN_MODE=release
 - using code:	gin.SetMode(gin.ReleaseMode)

=== RUN   TestModelDeletionDatabaseMatrix/sqlite/rule_0_exact_names_only_atomic_and_cached
[SYS] 2026/09/11 - 13:19:33 | channels synced from database 

2026/09/11 13:19:33 [34;1mD:/10178/Projects/new-api-upstream-sync/controller/model_management_test.go:710
[0m[35m[warn] [0mremoving callback `fail_model_deletion` from D:/10178/Projects/new-api-upstream-sync/controller/model_management_test.go:710
[GIN-debug] [WARNING] Running in "debug" mode. Switch to "release" mode in production.
 - using env:	export GIN_MODE=release
 - using code:	gin.SetMode(gin.ReleaseMode)

[SYS] 2026/09/11 - 13:19:33 | channels synced from database 
=== RUN   TestModelDeletionDatabaseMatrix/sqlite/rule_1_exact_names_only_atomic_and_cached
[SYS] 2026/09/11 - 13:19:33 | channels synced from database 
=== RUN   TestModelDeletionDatabaseMatrix/sqlite/rule_2_exact_names_only_atomic_and_cached
[SYS] 2026/09/11 - 13:19:33 | channels synced from database 
=== RUN   TestModelDeletionDatabaseMatrix/sqlite/rule_3_exact_names_only_atomic_and_cached
[SYS] 2026/09/11 - 13:19:33 | channels synced from database 
=== RUN   TestModelDeletionDatabaseMatrix/sqlite/pricing_removal_channels_false
[SYS] 2026/09/11 - 13:19:34 | channels synced from database 
[GIN-debug] [WARNING] Running in "debug" mode. Switch to "release" mode in production.
 - using env:	export GIN_MODE=release
 - using code:	gin.SetMode(gin.ReleaseMode)

[GIN-debug] [WARNING] Running in "debug" mode. Switch to "release" mode in production.
 - using env:	export GIN_MODE=release
 - using code:	gin.SetMode(gin.ReleaseMode)


2026/09/11 13:19:34 [34;1mD:/10178/Projects/new-api-upstream-sync/controller/model_management_test.go:803
[0m[35m[warn] [0mremoving callback `fail_deleted_pricing` from D:/10178/Projects/new-api-upstream-sync/controller/model_management_test.go:803
[GIN-debug] [WARNING] Running in "debug" mode. Switch to "release" mode in production.
 - using env:	export GIN_MODE=release
 - using code:	gin.SetMode(gin.ReleaseMode)

=== RUN   TestModelDeletionDatabaseMatrix/sqlite/pricing_removal_channels_true
[SYS] 2026/09/11 - 13:19:34 | channels synced from database 
[GIN-debug] [WARNING] Running in "debug" mode. Switch to "release" mode in production.
 - using env:	export GIN_MODE=release
 - using code:	gin.SetMode(gin.ReleaseMode)

[GIN-debug] [WARNING] Running in "debug" mode. Switch to "release" mode in production.
 - using env:	export GIN_MODE=release
 - using code:	gin.SetMode(gin.ReleaseMode)


2026/09/11 13:19:34 [34;1mD:/10178/Projects/new-api-upstream-sync/controller/model_management_test.go:803
[0m[35m[warn] [0mremoving callback `fail_deleted_pricing` from D:/10178/Projects/new-api-upstream-sync/controller/model_management_test.go:803
[GIN-debug] [WARNING] Running in "debug" mode. Switch to "release" mode in production.
 - using env:	export GIN_MODE=release
 - using code:	gin.SetMode(gin.ReleaseMode)

[SYS] 2026/09/11 - 13:19:34 | channels synced from database 
--- PASS: TestModelDeletionDatabaseMatrix (0.47s)
    --- PASS: TestModelDeletionDatabaseMatrix/sqlite (0.47s)
        --- PASS: TestModelDeletionDatabaseMatrix/sqlite/rule_0_exact_names_only_atomic_and_cached (0.06s)
        --- PASS: TestModelDeletionDatabaseMatrix/sqlite/rule_1_exact_names_only_atomic_and_cached (0.05s)
        --- PASS: TestModelDeletionDatabaseMatrix/sqlite/rule_2_exact_names_only_atomic_and_cached (0.05s)
        --- PASS: TestModelDeletionDatabaseMatrix/sqlite/rule_3_exact_names_only_atomic_and_cached (0.05s)
        --- PASS: TestModelDeletionDatabaseMatrix/sqlite/pricing_removal_channels_false (0.03s)
        --- PASS: TestModelDeletionDatabaseMatrix/sqlite/pricing_removal_channels_true (0.03s)
=== RUN   TestPricingWriterCompatibilityDatabaseMatrix
=== RUN   TestPricingWriterCompatibilityDatabaseMatrix/sqlite
[SYS] 2026/09/11 - 13:19:34 | SQL_DSN not set, using SQLite as database 
    pricing_writer_compatibility_test.go:22: database version: 3.50.4
=== RUN   TestPricingWriterCompatibilityDatabaseMatrix/sqlite/builtin_display_does_not_change_raw_CAS_values
[GIN-debug] [WARNING] Running in "debug" mode. Switch to "release" mode in production.
 - using env:	export GIN_MODE=release
 - using code:	gin.SetMode(gin.ReleaseMode)

[GIN-debug] [WARNING] Running in "debug" mode. Switch to "release" mode in production.
 - using env:	export GIN_MODE=release
 - using code:	gin.SetMode(gin.ReleaseMode)

=== RUN   TestPricingWriterCompatibilityDatabaseMatrix/sqlite/different_models_survive_concurrent_old_and_new_writers
=== RUN   TestPricingWriterCompatibilityDatabaseMatrix/sqlite/same_model_has_one_winner_and_both_APIs_reject_stale_edits
[GIN-debug] [WARNING] Running in "debug" mode. Switch to "release" mode in production.
 - using env:	export GIN_MODE=release
 - using code:	gin.SetMode(gin.ReleaseMode)

[GIN-debug] [WARNING] Running in "debug" mode. Switch to "release" mode in production.
 - using env:	export GIN_MODE=release
 - using code:	gin.SetMode(gin.ReleaseMode)

=== RUN   TestPricingWriterCompatibilityDatabaseMatrix/sqlite/missing_canonical_row_rejects_both_writers_without_partial_writes
--- PASS: TestPricingWriterCompatibilityDatabaseMatrix (0.21s)
    --- PASS: TestPricingWriterCompatibilityDatabaseMatrix/sqlite (0.21s)
        --- PASS: TestPricingWriterCompatibilityDatabaseMatrix/sqlite/builtin_display_does_not_change_raw_CAS_values (0.00s)
        --- PASS: TestPricingWriterCompatibilityDatabaseMatrix/sqlite/different_models_survive_concurrent_old_and_new_writers (0.01s)
        --- PASS: TestPricingWriterCompatibilityDatabaseMatrix/sqlite/same_model_has_one_winner_and_both_APIs_reject_stale_edits (0.01s)
        --- PASS: TestPricingWriterCompatibilityDatabaseMatrix/sqlite/missing_canonical_row_rejects_both_writers_without_partial_writes (0.01s)
PASS
ok  	github.com/QuantumNous/new-api/controller	2.267s
