$ vitest run --config vitest.sync.config.ts

 RUN  v5.0.0 D:/10178/Projects/new-api-upstream-sync/web

stderr | src/features/dashboard/components/overview/__tests__/setup-guide.test.tsx
Warning: KaTeX doesn't work in quirks mode. Make sure your website has a suitable doctype.

 ❯ src/features/dashboard/components/overview/__tests__/setup-guide.test.tsx (6 tests | 1 failed) 1305ms
   ❯ overview setup guide (6)
     × does not show a completed setup entry when the key lookup fails 192ms

⎯⎯⎯⎯⎯⎯⎯ Failed Tests 1 ⎯⎯⎯⎯⎯⎯⎯

 FAIL  src/features/dashboard/components/overview/__tests__/setup-guide.test.tsx > overview setup guide > does not show a completed setup entry when the key lookup fails
Error: expect(element).toBeVisible()

Received element is not visible:
  <button
  aria-controls="_r_s_"
  aria-expanded="true"
  class="group/button inline-flex shrink-0 items-center justify-center border bg-clip-padding font-medium whitespace-nowrap transition-all outline-none select-none focus-visible:border-ring focus-visible:ring-3 focus-visible:ring-ring/50 active:not-aria-[haspopup]:translate-y-px disabled:pointer-events-none disabled:opacity-50 aria-invalid:border-destructive aria-invalid:ring-3 aria-invalid:ring-destructive/20 dark:aria-invalid:border-destructive/50 dark:aria-invalid:ring-destructive/40 [&_svg]:pointer-events-none [&_svg]:shrink-0 border-border bg-background hover:bg-muted hover:text-foreground aria-expanded:bg-muted aria-expanded:text-foreground dark:border-input dark:bg-input/30 dark:hover:bg-input/50 h-7 gap-1 rounded-md px-2.5 text-[0.8rem] in-data-[slot=button-group]:rounded-lg has-data-[icon=inline-end]:pr-1.5 has-data-[icon=inline-start]:pl-1.5 [&_svg:not([class*='size-'])]:size-3.5"
  data-slot="button"
  tabindex="0"
  type="button"
/>
 ❯ src/features/dashboard/components/overview/__tests__/setup-guide.test.tsx:236:7
    234|     expect(
    235|       await screen.findByRole('button', { name: 'Hide setup guide' })
    236|     ).toBeVisible()
       |       ^
    237|     expect(
    238|       screen.queryByRole('button', { name: 'Setup guide' })

⎯⎯⎯⎯⎯⎯⎯⎯⎯⎯⎯⎯⎯⎯⎯⎯⎯⎯⎯⎯⎯⎯⎯⎯[1/1]⎯


 Test Files  1 failed | 37 passed (38)
      Tests  1 failed | 282 passed (283)
   Start at  10:31:39
   Duration  58.91s (import 59%, tests 13%, environment 13%, setup 11%, transform 4%)

    Isolate  38 workers spawned · ~3.40s startup each (spawn + environment, per file)
             at least ~5.21s faster with isolate: false — reuses workers across files instead of one per file

error: script "test:sync" exited with code 1
