
 RUN  v5.0.0 D:/10178/Projects/new-api-upstream-sync/web

 ❯ src/features/security/__tests__/enrollment.test.tsx (7 tests | 1 failed) 4671ms
   × reports registration failure without treating a successful password check as a successful binding 1008ms

⎯⎯⎯⎯⎯⎯⎯ Failed Tests 1 ⎯⎯⎯⎯⎯⎯⎯

 FAIL  src/features/security/__tests__/enrollment.test.tsx > reports registration failure without treating a successful password check as a successful binding
TestingLibraryElementError: Unable to find role="button" and name "Add Passkey"

Ignored nodes: comments, script, style
<body>
  <div>
    <div
      class="group/card bg-card text-card-foreground ring-foreground/10 flex flex-col gap-4 overflow-hidden rounded-xl py-4 text-sm ring-1 has-data-[slot=card-footer]:pb-0 has-[>img:first-child]:pt-0 data-[size=sm]:gap-3 data-[size=sm]:py-3 data-[size=sm]:has-data-[slot=card-footer]:pb-0 *:[img:first-child]:rounded-t-xl *:[img:last-child]:rounded-b-xl"
      data-size="default"
      data-slot="card"
    >
      <div
        class="group/card-header @container/card-header grid auto-rows-min items-start gap-1 rounded-t-xl px-4 group-data-[size=sm]/card:px-3 has-data-[slot=card-action]:grid-cols-[1fr_auto] has-data-[slot=card-description]:grid-rows-[auto_auto] [.border-b]:pb-4 group-data-[size=sm]/card:[.border-b]:pb-3"
        data-slot="card-header"
      >
        <div
          class="text-base leading-snug font-medium group-data-[size=sm]/card:text-sm"
          data-slot="card-title"
        >
          Passkey Login
        </div>
      </div>
      <div
        class="px-4 group-data-[size=sm]/card:px-3 space-y-3"
        data-slot="card-content"
      >
        <p
          role="alert"
        >
          Unexpected GET /api/user/passkey
        </p>
        <button
          class="group/button inline-flex shrink-0 items-center justify-center rounded-lg border border-transparent bg-clip-padding text-sm font-medium whitespace-nowrap transition-all outline-none select-none focus-visible:border-ring focus-visible:ring-3 focus-visible:ring-ring/50 active:not-aria-[haspopup]:translate-y-px disabled:pointer-events-none disabled:opacity-50 aria-invalid:border-destructive aria-invalid:ring-3 aria-invalid:ring-destructive/20 dark:aria-invalid:border-destructive/50 dark:aria-invalid:ring-destructive/40 [&_svg]:pointer-events-none [&_svg]:shrink-0 [&_svg:not([class*='size-'])]:size-4 bg-primary text-primary-foreground [a]:hover:bg-primary/80 h-8 gap-1.5 px-2.5 has-data-[icon=inline-end]:pr-2 has-data-[icon=inline-start]:pl-2"
          data-slot="button"
          tabindex="0"
          type="button"
        >
          Retry
        </button>
      </div>
    </div>
  </div>
</body>

Ignored nodes: comments, script, style
<body>
  <div>
    <div
      class="group/card bg-card text-card-foreground ring-foreground/10 flex flex-col gap-4 overflow-hidden rounded-xl py-4 text-sm ring-1 has-data-[slot=card-footer]:pb-0 has-[>img:first-child]:pt-0 data-[size=sm]:gap-3 data-[size=sm]:py-3 data-[size=sm]:has-data-[slot=card-footer]:pb-0 *:[img:first-child]:rounded-t-xl *:[img:last-child]:rounded-b-xl"
      data-size="default"
      data-slot="card"
    >
      <div
        class="group/card-header @container/card-header grid auto-rows-min items-start gap-1 rounded-t-xl px-4 group-data-[size=sm]/card:px-3 has-data-[slot=card-action]:grid-cols-[1fr_auto] has-data-[slot=card-description]:grid-rows-[auto_auto] [.border-b]:pb-4 group-data-[size=sm]/card:[.border-b]:pb-3"
        data-slot="card-header"
      >
        <div
          class="text-base leading-snug font-medium group-data-[size=sm]/card:text-sm"
          data-slot="card-title"
        >
          Passkey Login
        </div>
      </div>
      <div
        class="px-4 group-data-[size=sm]/card:px-3 space-y-3"
        data-slot="card-content"
      >
        <p
          role="alert"
        >
          Unexpected GET /api/user/passkey
        </p>
        <button
          class="group/button inline-flex shrink-0 items-center justify-center rounded-lg border border-transparent bg-clip-padding text-sm font-medium whitespace-nowrap transition-all outline-none select-none focus-visible:border-ring focus-visible:ring-3 focus-visible:ring-ring/50 active:not-aria-[haspopup]:translate-y-px disabled:pointer-events-none disabled:opacity-50 aria-invalid:border-destructive aria-invalid:ring-3 aria-invalid:ring-destructive/20 dark:aria-invalid:border-destructive/50 dark:aria-invalid:ring-destructive/40 [&_svg]:pointer-events-none [&_svg]:shrink-0 [&_svg:not([class*='size-'])]:size-4 bg-primary text-primary-foreground [a]:hover:bg-primary/80 h-8 gap-1.5 px-2.5 has-data-[icon=inline-end]:pr-2 has-data-[icon=inline-start]:pl-2"
          data-slot="button"
          tabindex="0"
          type="button"
        >
          Retry
        </button>
      </div>
    </div>
  </div>
</body>
 ❯ waitForWrapper node_modules/@testing-library/dom/dist/wait-for.js:163:27
 ❯ node_modules/@testing-library/dom/dist/query-helpers.js:86:33
 ❯ src/features/security/__tests__/enrollment.test.tsx:273:31
    271|   const user = userEvent.setup()
    272|   render(<PasskeyCard loading={false} />)
    273|   const enable = await screen.findByRole('button', { name: 'Add Passke…
       |                               ^
    274|   await waitFor(() => expect(enable).toBeEnabled())
    275|   await user.click(enable)

⎯⎯⎯⎯⎯⎯⎯⎯⎯⎯⎯⎯⎯⎯⎯⎯⎯⎯⎯⎯⎯⎯⎯⎯[1/1]⎯


 Test Files  1 failed | 1 passed (2)
      Tests  1 failed | 10 passed (11)
   Start at  07:47:40
   Duration  11.06s (import 46%, tests 32%, environment 13%, setup 6%, transform 3%)

