
 RUN  v5.0.0 D:/10178/Projects/new-api-upstream-sync/web

 ❯ src/features/users/components/dialogs/__tests__/user-binding-dialog.test.tsx (10 tests | 1 failed) 1301ms
   ❯ UserBindingDialog shared status updates (7)
     × keeps the selected account when a previous account request finishes later 31ms

⎯⎯⎯⎯⎯⎯⎯ Failed Tests 1 ⎯⎯⎯⎯⎯⎯⎯

 FAIL  src/features/users/components/dialogs/__tests__/user-binding-dialog.test.tsx > UserBindingDialog shared status updates > keeps the selected account when a previous account request finishes later
TestingLibraryElementError: Unable to find an element with the text: selected-user (ID: 8). This could be because the text is broken up by multiple elements. In this case, you can provide a function for your text matcher to make your matcher more flexible.

Ignored nodes: comments, script, style
<body
  style="overflow-y: hidden; overflow-x: hidden;"
>
  <div
    aria-hidden="true"
    data-base-ui-inert=""
  />
  <div
    data-base-ui-portal=""
    data-slot="dialog-portal"
    id="_r_1l_"
  >
    <div
      aria-hidden="true"
      data-base-ui-inert=""
      role="presentation"
      style="position: fixed; user-select: none;"
    />
    <div
      aria-hidden="true"
      class="data-open:animate-in data-open:fade-in-0 data-closed:animate-out data-closed:fade-out-0 fixed inset-0 isolate z-50 bg-black/10 duration-100 supports-backdrop-filter:backdrop-blur-xs"
      data-base-ui-inert=""
      data-open=""
      data-slot="dialog-overlay"
      role="presentation"
      style="user-select: none;"
    />
    <span
      aria-hidden="true"
      data-base-ui-focus-guard=""
      data-base-ui-inert=""
      data-type="inside"
      style="clip-path: inset(50%); overflow: hidden; white-space: nowrap; border: 0px; padding: 0px; width: 1px; height: 1px; margin: -1px; position: fixed; top: 0px; left: 0px;"
      tabindex="0"
    />
    <div
      aria-describedby="base-ui-_r_1n_"
      aria-labelledby="base-ui-_r_1m_"
      class="bg-popover text-popover-foreground ring-foreground/10 data-open:animate-in data-open:fade-in-0 data-open:zoom-in-95 data-closed:animate-out data-closed:fade-out-0 data-closed:zoom-out-95 fixed top-1/2 left-1/2 z-50 max-w-[calc(100%-2rem)] -translate-x-1/2 -translate-y-1/2 rounded-xl text-sm ring-1 outline-none flex max-h-[calc(100vh-2rem)] w-full flex-col gap-4 overflow-hidden p-4 sm:p-6 sm:max-w-lg data-open:animate-in data-open:fade-in-0 data-open:zoom-in-95 data-closed:animate-out data-closed:fade-out-0 data-closed:zoom-out-95 duration-100"
      data-base-ui-focusable=""
      data-open=""
      data-slot="dialog-content"
      id="_r_1j_"
      role="dialog"
      style="--nested-dialogs: 0; --dialog-content-height: auto;"
      tabindex="-1"
    >
      <div
        class="flex flex-col gap-2 flex-shrink-0 text-start"
        data-slot="dialog-header"
      >
        <h2
          class="text-base leading-none font-medium flex items-center gap-2"
          data-slot="dialog-title"
          id="base-ui-_r_1m_"
        >
          <svg
            aria-hidden="true"
            class="lucide lucide-link2 lucide-link-2 h-5 w-5"
            fill="none"
            height="24"
            stroke="currentColor"
            stroke-linecap="round"
            stroke-linejoin="round"
            stroke-width="2"
            viewBox="0 0 24 24"
            width="24"
            xmlns="http://www.w3.org/2000/svg"
          >
            <path
              d="M9 17H7A5 5 0 0 1 7 7h2"
            />
            <path
              d="M15 7h2a5 5 0 1 1 0 10h-2"
            />
            <line
              x1="8"
              x2="16"
              y1="12"
              y2="12"
            />
          </svg>
          Account Binding Management
        </h2>
        <p
          class="text-muted-foreground *:[a]:hover:text-foreground text-sm *:[a]:underline *:[a]:underline-offset-3 sr-only"
          data-slot="dialog-description"
          id="base-ui-_r_1n_"
        >
          Manage account bindings for this user
        </p>
      </div>
      <div
        class="-mx-1 min-h-0 overflow-x-hidden overflow-y-auto overscroll-contain h-[var(--dialog-content-height)] max-h-[calc(100vh-14rem)]"
      >
        <div
          class="min-w-0 px-1 py-1 [&_form]:overflow-x-visible [&_[data-slot=scroll-area-viewport]]:px-1 [&_[data-slot=scroll-area-viewport]]:py-1 space-y-4"
        >
          <div
            class="space-y-3"
          >
            <div
              class="flex items-center justify-between"
            >
              <p
                class="text-muted-foreground text-sm"
              >
                bound-user
                 (ID: 
                7
                )
              </p>
              <button
                class="group/button inline-flex shrink-0 items-center justify-center border border-transparent bg-clip-padding font-medium whitespace-nowrap transition-all outline-none select-none focus-visible:border-ring focus-visible:ring-3 focus-visible:ring-ring/50 active:not-aria-[haspopup]:translate-y-px disabled:pointer-events-none disabled:opacity-50 aria-invalid:border-destructive aria-invalid:ring-3 aria-invalid:ring-destructive/20 dark:aria-invalid:border-destructive/50 dark:aria-invalid:ring-destructive/40 [&_svg]:pointer-events-none [&_svg]:shrink-0 hover:bg-muted hover:text-foreground aria-expanded:bg-muted aria-expanded:text-foreground dark:hover:bg-muted/50 rounded-md in-data-[slot=button-group]:rounded-lg has-data-[icon=inline-end]:pr-1.5 has-data-[icon=inline-start]:pl-1.5 [&_svg:not([class*='size-'])]:size-3.5 h-7 gap-1.5 px-2 text-xs"
                data-base-ui-tooltip-trigger=""
                data-slot="tooltip-trigger"
                id="base-ui-_r_1p_"
                tabindex="0"
                type="button"
              >
                <svg
                  aria-hidden="true"
                  class...
 ❯ Object.getElementError node_modules/@testing-library/dom/dist/config.js:37:19
 ❯ node_modules/@testing-library/dom/dist/query-helpers.js:76:38
 ❯ node_modules/@testing-library/dom/dist/query-helpers.js:52:17
 ❯ node_modules/@testing-library/dom/dist/query-helpers.js:95:19
 ❯ src/features/users/components/dialogs/__tests__/user-binding-dialog.test.tsx:299:19
    297|       resolvePrevious({ data: { success: true, data: user } })
    298|     })
    299|     expect(screen.getByText('selected-user (ID: 8)')).toBeVisible()
       |                   ^
    300|     expect(screen.queryByText('bound-user (ID: 7)')).not.toBeInTheDocu…
    301|   })

⎯⎯⎯⎯⎯⎯⎯⎯⎯⎯⎯⎯⎯⎯⎯⎯⎯⎯⎯⎯⎯⎯⎯⎯[1/1]⎯


 Test Files  1 failed (1)
      Tests  1 failed | 9 passed (10)
   Start at  09:16:19
   Duration  5.25s (import 52%, tests 25%, environment 11%, setup 6%, transform 5%)

