
 RUN  v5.0.0 D:/10178/Projects/new-api-upstream-sync/web

 ❯ src/features/profile/components/__tests__/access-token-dialog.test.tsx (2 tests | 2 failed) 84ms
   ❯ access token rotation confirmation (2)
     × opens without rotating and cancelling confirmation preserves the current token 55ms
     × rotates only after confirmation and clears the displayed token on close 28ms

⎯⎯⎯⎯⎯⎯⎯ Failed Tests 2 ⎯⎯⎯⎯⎯⎯⎯

 FAIL  src/features/profile/components/__tests__/access-token-dialog.test.tsx > access token rotation confirmation > opens without rotating and cancelling confirmation preserves the current token
AssertionError: expected "vi.fn()" to not be called at all, but actually been called 1 times

Received:

  1st vi.fn() call:

    Array []


Number of calls: 1

 ❯ src/features/profile/components/__tests__/access-token-dialog.test.tsx:41:37
     39|     const user = userEvent.setup()
     40|     render(<AccessTokenDialog open onOpenChange={vi.fn()} />)
     41|     expect(generateAccessToken).not.toHaveBeenCalled()
       |                                     ^
     42|     await user.click(screen.getByRole('button', { name: 'Regenerate' }…
     43|     const confirmation = screen.getByRole('alertdialog', { name: 'Rege…

⎯⎯⎯⎯⎯⎯⎯⎯⎯⎯⎯⎯⎯⎯⎯⎯⎯⎯⎯⎯⎯⎯⎯⎯[1/2]⎯

 FAIL  src/features/profile/components/__tests__/access-token-dialog.test.tsx > access token rotation confirmation > rotates only after confirmation and clears the displayed token on close
TestingLibraryElementError: Unable to find an accessible element with the role "button" and name "Regenerate"

Here are the accessible roles:

  dialog:

  Name "Access Token":
  [36m<div[39m
    [33maria-describedby[39m=[32m"base-ui-_r_a_"[39m
    [33maria-labelledby[39m=[32m"base-ui-_r_9_"[39m
    [33mclass[39m=[32m"bg-popover text-popover-foreground ring-foreground/10 data-open:animate-in data-open:fade-in-0 data-open:zoom-in-95 data-closed:animate-out data-closed:fade-out-0 data-closed:zoom-out-95 fixed top-1/2 left-1/2 z-50 max-w-[calc(100%-2rem)] -translate-x-1/2 -translate-y-1/2 rounded-xl text-sm ring-1 outline-none flex max-h-[calc(100vh-2rem)] w-full flex-col gap-4 overflow-hidden p-4 sm:p-6 sm:max-w-md data-open:animate-in data-open:fade-in-0 data-open:zoom-in-95 data-closed:animate-out data-closed:fade-out-0 data-closed:zoom-out-95 duration-100"[39m
    [33mdata-base-ui-focusable[39m=[32m""[39m
    [33mdata-open[39m=[32m""[39m
    [33mdata-slot[39m=[32m"dialog-content"[39m
    [33mid[39m=[32m"_r_7_"[39m
    [33mrole[39m=[32m"dialog"[39m
    [33mstyle[39m=[32m"--nested-dialogs: 0; --dialog-content-height: auto;"[39m
    [33mtabindex[39m=[32m"-1"[39m
  [36m/>[39m

  --------------------------------------------------
  heading:

  Name "Access Token":
  [36m<h2[39m
    [33mclass[39m=[32m"text-base leading-none font-medium"[39m
    [33mdata-slot[39m=[32m"dialog-title"[39m
    [33mid[39m=[32m"base-ui-_r_9_"[39m
  [36m/>[39m

  --------------------------------------------------
  paragraph:

  Name "":
  [36m<p[39m
    [33mclass[39m=[32m"text-muted-foreground *:[a]:hover:text-foreground text-sm *:[a]:underline *:[a]:underline-offset-3"[39m
    [33mdata-slot[39m=[32m"dialog-description"[39m
    [33mid[39m=[32m"base-ui-_r_a_"[39m
  [36m/>[39m

  Name "":
  [36m<p[39m
    [33mclass[39m=[32m"text-muted-foreground text-xs"[39m
  [36m/>[39m

  --------------------------------------------------
  textbox:

  Name "Token":
  [36m<input[39m
    [33mclass[39m=[32m"border-input file:text-foreground placeholder:text-muted-foreground focus-visible:border-ring focus-visible:ring-ring/50 disabled:bg-input/50 aria-invalid:border-destructive aria-invalid:ring-destructive/20 dark:bg-input/30 dark:disabled:bg-input/80 dark:aria-invalid:border-destructive/50 dark:aria-invalid:ring-destructive/40 h-8 w-full min-w-0 rounded-lg border bg-transparent px-2.5 py-1 transition-colors outline-none file:inline-flex file:h-6 file:border-0 file:bg-transparent file:text-sm file:font-medium focus-visible:ring-3 focus-visible:ring-inset disabled:pointer-events-none disabled:cursor-not-allowed disabled:opacity-50 aria-invalid:ring-3 aria-invalid:ring-inset md:text-sm font-mono text-xs"[39m
    [33mdata-slot[39m=[32m"input"[39m
    [33mid[39m=[32m"token"[39m
    [33mplaceholder[39m=[32m"Click \"Generate\" to create a token"[39m
    [33mreadonly[39m=[32m""[39m
    [33mtype[39m=[32m"text"[39m
    [33mvalue[39m=[32m""[39m
  [36m/>[39m

  --------------------------------------------------
  button:

  Name "Copy token":
  [36m<button[39m
    [33maria-label[39m=[32m"Copy token"[39m
    [33mclass[39m=[32m"group/button inline-flex items-center justify-center rounded-lg border bg-clip-padding text-sm font-medium whitespace-nowrap transition-all outline-none select-none focus-visible:border-ring focus-visible:ring-3 focus-visible:ring-ring/50 active:not-aria-[haspopup]:translate-y-px disabled:pointer-events-none disabled:opacity-50 aria-invalid:border-destructive aria-invalid:ring-3 aria-invalid:ring-destructive/20 dark:aria-invalid:border-destructive/50 dark:aria-invalid:ring-destructive/40 [&_svg]:pointer-events-none [&_svg]:shrink-0 [&_svg:not([class*='size-'])]:size-4 border-border bg-background hover:bg-muted hover:text-foreground aria-expanded:bg-muted aria-expanded:text-foreground dark:border-input dark:bg-input/30 dark:hover:bg-input/50 shrink-0 size-9"[39m
    [33mdata-base-ui-tooltip-trigger[39m=[32m""[39m
    [33mdata-slot[39m=[32m"tooltip-trigger"[39m
    [33mid[39m=[32m"base-ui-_r_d_"[39m
    [33mtabindex[39m=[32m"0"[39m
    [33mtype[39m=[32m"button"[39m
  [36m/>[39m

  Name "Close":
  [36m<button[39m
    [33mclass[39m=[32m"group/button inline-flex shrink-0 items-center justify-center rounded-lg border bg-clip-padding text-sm font-medium whitespace-nowrap transition-all outline-none select-none focus-visible:border-ring focus-visible:ring-3 focus-visible:ring-ring/50 active:not-aria-[haspopup]:translate-y-px disabled:pointer-events-none disabled:opacity-50 aria-invalid:border-destructive aria-invalid:ring-3 aria-invalid:ring-destructive/20 dark:aria-invalid:border-destructive/50 dark:aria-invalid:ring-destructive/40 [&_svg]:pointer-events-none [&_svg]:shrink-0 [&_svg:not([class*='size-'])]:size-4 border-border bg-background hover:bg-muted hover:text-foreground aria-expanded:bg-muted aria-expanded:text-foreground dark:border-input dark:bg-input/30 dark:hover:bg-input/50 h-8 gap-1.5 px-2.5 has-data-[icon=inline-end]:pr-2 has-data-[icon=inline-start]:pl-2"[39m
    [33mdata-slot[39m=[32m"button"[39m
    [33mtabindex[39m=[32m"0"[39m
    [33mtype[39m=[32m"button"[39m
  [36m/>[39m

  Name "Generating...":
  [36m<button[39m
    [33mclass[39m=[32m"group/button inline-flex shrink-0 items-center justify-center rounded-lg border border-transparent bg-clip-padding text-sm font-medium whitespace-nowrap transition-all outline-none select-none focus-visible:border-ring focus-visible:ring-3 focus-visible:ring-ring/50 active:not-aria-[haspopup]:translate-y-px disabled:pointer-events-none disabled:opacity-50 aria-invalid:border-destructive aria-invalid:ring-3 aria-invalid:ring-destructive/20 dark:aria-invalid:border-destructive/50 dark:aria-invalid:ring-destructive/40 [&_svg]:pointer-events-none [&_svg]:shrink-0 [&_svg:not([class*='size-'])]:size-4 bg-primary text-primary-foreground [a]:hover:bg-primary/80 h-8 px-2.5 has-data-[icon=inline-end]:pr-2 has-data-[icon=inline-start]:pl-2 gap-2"[39m
    [33mdata-disabled[39m=[32m""[39m
    [33mdata-slot[39m=[32m"button"[39m
    [33mdisabled[39m=[32m""[39m
    [33mtabindex[39m=[32m"0"[39m
    [33mtype[39m=[32m"button"[39m
  [36m/>[39m

  Name "Close":
  [36m<button[39m
    [33mclass[39m=[32m"group/button inline-flex shrink-0 items-center justify-center border border-transparent bg-clip-padding text-sm font-medium whitespace-nowrap transition-all outline-none select-none focus-visible:border-ring focus-visible:ring-3 focus-visible:ring-ring/50 active:not-aria-[haspopup]:translate-y-px disabled:pointer-events-none disabled:opacity-50 aria-invalid:border-destructive aria-invalid:ring-3 aria-invalid:ring-destructive/20 dark:aria-invalid:border-destructive/50 dark:aria-invalid:ring-destructive/40 [&_svg]:pointer-events-none [&_svg]:shrink-0 [&_svg:not([class*='size-'])]:size-4 hover:bg-muted hover:text-foreground aria-expanded:bg-muted aria-expanded:text-foreground dark:hover:bg-muted/50 size-7 rounded-md in-data-[slot=button-group]:rounded-lg absolute top-2 right-2"[39m
    [33mdata-slot[39m=[32m"dialog-close"[39m
    [33mtabindex[39m=[32m"0"[39m
    [33mtype[39m=[32m"button"[39m
  [36m/>[39m

  --------------------------------------------------

Ignored nodes: comments, script, style
[36m<body>[39m
  [36m<div[39m
    [33maria-hidden[39m=[32m"true"[39m
    [33mdata-base-ui-inert[39m=[32m""[39m
  [36m/>[39m
  [36m<div[39m
    [33mdata-base-ui-portal[39m=[32m""[39m
    [33mdata-slot[39m=[32m"dialog-portal"[39m
    [33mid[39m=[32m"_r_8_"[39m
  [36m>[39m
    [36m<div[39m
      [33maria-hidden[39m=[32m"true"[39m
      [33mdata-base-ui-inert[39m=[32m""[39m
      [33mrole[39m=[32m"presentation"[39m
      [33mstyle[39m=[32m"position: fixed; user-select: none;"[39m
    [36m/>[39m
    [36m<div[39m
      [33maria-hidden[39m=[32m"true"[39m
      [33mclass[39m=[32m"data-open:animate-in data-open:fade-in-0 data-closed:animate-out data-closed:fade-out-0 fixed inset-0 isolate z-50 bg-black/10 duration-100 supports-backdrop-filter:backdrop-blur-xs"[39m
      [33mdata-base-ui-inert[39m=[32m""[39m
      [33mdata-open[39m=[32m""[39m
      [33mdata-slot[39m=[32m"dialog-overlay"[39m
      [33mrole[39m=[32m"presentation"[39m
      [33mstyle[39m=[32m"user-select: none;"[39m
    [36m/>[39m
    [36m<span[39m
      [33maria-hidden[39m=[32m"true"[39m
      [33mdata-base-ui-focus-guard[39m=[32m""[39m
      [33mdata-base-ui-inert[39m=[32m""[39m
      [33mdata-type[39m=[32m"inside"[39m
      [33mstyle[39m=[32m"clip-path: inset(50%); overflow: hidden; white-space: nowrap; border: 0px; padding: 0px; width: 1px; height: 1px; margin: -1px; position: fixed; top: 0px; left: 0px;"[39m
      [33mtabindex[39m=[32m"0"[39m
    [36m/>[39m
    [36m<div[39m
      [33maria-describedby[39m=[32m"base-ui-_r_a_"[39m
      [33maria-labelledby[39m=[32m"base-ui-_r_9_"[39m
      [33mclass[39m=[32m"bg-popover text-popover-foreground ring-foreground/10 data-open:animate-in data-open:fade-in-0 data-open:zoom-in-95 data-closed:animate-out data-closed:fade-out-0 data-closed:zoom-out-95 fixed top-1/2 left-1/2 z-50 max-w-[calc(100%-2rem)] -translate-x-1/2 -translate-y-1/2 rounded-xl text-sm ring-1 outline-none flex max-h-[calc(100vh-2rem)] w-full flex-col gap-4 overflow-hidden p-4 sm:p-6 sm:max-w-md data-open:animate-in data-open:fade-in-0 data-open:zoom-in-95 data-closed:animate-out data-closed:fade-out-0 data-closed:zoom-out-95 duration-100"[39m
      [33mdata-base-ui-focusable[39m=[32m""[39m
      [33mdata-open[39m=[32m""[39m
      [33mdata-slot[39m=[32m"dialog-content"[39m
      [33mid[39m=[32m"_r_7_"[39m
      [33mrole[39m=[32m"dialog"[39m
      [33mstyle[39m=[32m"--nested-dialogs: 0; --dialog-content-height: auto;"[39m
      [33mtabindex[39m=[32m"-1"[39m
    [36m>[39m
      [36m<div[39m
        [33mclass[39m=[32m"flex flex-col gap-2 flex-shrink-0 text-start"[39m
        [33mdata-slot[39m=[32m"dialog-header"[39m
      [36m>[39m
        [36m<h2[39m
          [33mclass[39m=[32m"text-base leading-none font-medium"[39m
          [33mdata-slot[39m=[32m"dialog-title"[39m
          [33mid[39m=[32m"base-ui-_r_9_"[39m
        [36m>[39m
          [0mAccess Token[0m
        [36m</h2>[39m
        [36m<p[39m
          [33mclass[39m=[32m"text-muted-foreground *:[a]:hover:text-foreground text-sm *:[a]:underline *:[a]:underline-offset-3"[39m
          [33mdata-slot[39m=[32m"dialog-description"[39m
          [33mid[39m=[32m"base-ui-_r_a_"[39m
        [36m>[39m
          [0mYour system access token for API authentication. Keep it secure and don't share it with others.[0m
        [36m</p>[39m
      [36m</div>[39m
      [36m<div[39m
        [33mclass[39m=[32m"-mx-1 min-h-0 overflow-x-hidden overflow-y-auto overscroll-contain h-[var(--dialog-content-height)] max-h-[calc(100vh-14rem)]"[39m
      [36m>[39m
        [36m<div[39m
          [33mclass[39m=[32m"min-w-0 px-1 py-1 [&_form]:overflow-x-visible [&_[data-slot=scroll-area-viewport]]:px-1 [&_[data-slot=scroll-area-viewport]]:py-1 space-y-4"[39m
        [36m>[39m
          [36m<div[39m
            [33mclass[39m=[32m"my-6 space-y-4"[39m
          [36m>[39m
            [36m<div[39m
              [33mclass[39m=[32m"space-y-2"[39m
            [36m>[39m
              [36m<label[39m
                [33mclass[39m=[32m"flex items-center gap-2 text-sm leading-none font-medium select-none group-data-[disabled=true]:pointer-events-none group-data-[disabled=true]:opacity-50 peer-disabled:cursor-not-allowed peer-disabled:opacity-50"[39m
                [33mdata-slot[39m=[32m"label"[39m
                [33mfor[39m=[32m"token"[39m
              [36m>[39m
                [0mToken[0m
              [36m</label>[39m
              [36m<div[39m
                [33mclass[39m=[32m"flex gap-2"[39m
              [36m>[39m
                [36m<input[39m
                  [33mclass[39m=[32m"border-input file:text-foreground placeholder:text-muted-foreground focus-visible:border-ring focus-visible:ring-ring/50 disabled:bg-input/50 aria-invalid:border-destructive aria-invalid:ring-destructive/20 dark:bg-input/30 dark:disabled:bg-input/80 dark:aria-invalid:border-destructive/50 dark:aria-invalid:ring-destructive/40 h-8 w-full min-w-0 rounded-lg border bg-transparent px-2.5 py-1 transition-colors outline-none file:inline-flex file:h-6 file:border-0 file:bg-transparent file:text-sm file:font-medium focus-visible:ring-3 focus-visible:ring-inset disabled:pointer-events-none disabled:cursor-not-allowed disabled:opacity-50 aria-invalid:ring-3 aria-invalid:ring-inset md:text-sm font-mono text-xs"[39m
                  [33mdata-slot[39m=[32m"input"[39m
                  [33mid[39m=[32m"token"[39m
                  [33mplaceholder[39m=[32m"Click \"Generate\" to create a token"[39m
                  [33mreadonly[39m=[32m""[39m
                  [33mtype[39m=[32m"text"[39m
                  [33mvalue[39m=[32m""[39m
                [36m/>[39m
                [36m<button[39m
                  [33maria-label[39m=[32m"Copy token"[39m
                  [33mclass[39m=[32m"group/button inline-flex items-center justify-center rounded-lg border bg-clip-padding text-sm font-medium whitespace-nowrap transition-all outline-none select-none focus-visible:border-ring focus-visible:ring-3 focus-visible:ring-ring/50 active:not-aria-[haspopup]:translate-y-px disabled:pointer-events-none disabled:opacity-50 aria-invalid:border-destructive aria-invalid:ring-3 aria-invalid:ring-destructive/20 dark:aria-invalid:border-destructive/50 dark:aria-invalid:ring-destructive/40 [&_svg]:pointer-events-none [&_svg]:shrink-0 [&_svg:not([class*='size-'])]:size-4 border-border bg-background hover:bg-muted hover:text-foreground aria-expanded:bg-muted aria-expanded:text-foreground dark:border-input dark:bg-input/30 dark:hover:bg-input/50 shrink-0 size-9"[39m
                  [33mdata-base-ui-tooltip-trigger[39m=[32m""[39m
                  [33mdata-slot[39m=[32m"tooltip-trigger"[39m
                  [33mid[39m=[32m"base-ui-_r_d_"[3...
 ❯ Object.getElementError node_modules/@testing-library/dom/dist/config.js:37:19
 ❯ node_modules/@testing-library/dom/dist/query-helpers.js:76:38
 ❯ node_modules/@testing-library/dom/dist/query-helpers.js:52:17
 ❯ node_modules/@testing-library/dom/dist/query-helpers.js:95:19
 ❯ src/features/profile/components/__tests__/access-token-dialog.test.tsx:54:29
     52|     const onOpenChange = vi.fn()
     53|     const view = render(<AccessTokenDialog open onOpenChange={onOpenCh…
     54|     await user.click(screen.getByRole('button', { name: 'Regenerate' }…
       |                             ^
     55|     await user.click(screen.getByRole('button', { name: 'Regenerate to…
     56|     expect(await screen.findByRole('textbox', { name: 'Token' })).toHa…

⎯⎯⎯⎯⎯⎯⎯⎯⎯⎯⎯⎯⎯⎯⎯⎯⎯⎯⎯⎯⎯⎯⎯⎯[2/2]⎯


 Test Files  1 failed (1)
      Tests  2 failed (2)
   Start at  06:33:38
   Duration  4.89s (import 57%, environment 19%, setup 18%, transform 3%, tests 2%)

