=== RUN   TestSecurityEnrollmentAccessTokenRequiresProofBeforeMutation
    security_enrollment_test.go:133: isolated database: newapi_audit_1789085654336969300 (mysql)
    security_enrollment_test.go:133: isolated database: newapi_audit_1789085654345633400 (mysql)
    security_enrollment_test.go:133: database: mysql 5.7.44
=== RUN   TestSecurityEnrollmentAccessTokenRequiresProofBeforeMutation/GET
=== RUN   TestSecurityEnrollmentAccessTokenRequiresProofBeforeMutation/POST
=== RUN   TestSecurityEnrollmentAccessTokenRequiresProofBeforeMutation/DELETE
--- PASS: TestSecurityEnrollmentAccessTokenRequiresProofBeforeMutation (1.72s)
    --- PASS: TestSecurityEnrollmentAccessTokenRequiresProofBeforeMutation/GET (0.00s)
    --- PASS: TestSecurityEnrollmentAccessTokenRequiresProofBeforeMutation/POST (0.05s)
    --- PASS: TestSecurityEnrollmentAccessTokenRequiresProofBeforeMutation/DELETE (0.05s)
=== RUN   TestSecurityEnrollmentAccessTokenMethodPolicy
=== RUN   TestSecurityEnrollmentAccessTokenMethodPolicy/password
    security_enrollment_test.go:175: isolated database: newapi_audit_1789085656055392100 (mysql)
    security_enrollment_test.go:175: isolated database: newapi_audit_1789085656061218600 (mysql)
    security_enrollment_test.go:175: database: mysql 5.7.44
=== RUN   TestSecurityEnrollmentAccessTokenMethodPolicy/existing_passkey
    security_enrollment_test.go:175: isolated database: newapi_audit_1789085657909779900 (mysql)
    security_enrollment_test.go:175: isolated database: newapi_audit_1789085657915665700 (mysql)
    security_enrollment_test.go:175: database: mysql 5.7.44
=== RUN   TestSecurityEnrollmentAccessTokenMethodPolicy/existing_twofa
    security_enrollment_test.go:175: isolated database: newapi_audit_1789085659821789400 (mysql)
    security_enrollment_test.go:175: isolated database: newapi_audit_1789085659827927300 (mysql)
    security_enrollment_test.go:175: database: mysql 5.7.44
=== RUN   TestSecurityEnrollmentAccessTokenMethodPolicy/locked_twofa_blocks_fallback
    security_enrollment_test.go:175: isolated database: newapi_audit_1789085661776139200 (mysql)
    security_enrollment_test.go:175: isolated database: newapi_audit_1789085661782538800 (mysql)
    security_enrollment_test.go:175: database: mysql 5.7.44
=== RUN   TestSecurityEnrollmentAccessTokenMethodPolicy/disabled_passkey_blocks_fallback
    security_enrollment_test.go:175: isolated database: newapi_audit_1789085666589472000 (mysql)
    security_enrollment_test.go:175: isolated database: newapi_audit_1789085666595409400 (mysql)
    security_enrollment_test.go:175: database: mysql 5.7.44
=== RUN   TestSecurityEnrollmentAccessTokenMethodPolicy/disabled_passkey_does_not_block_password
    security_enrollment_test.go:175: isolated database: newapi_audit_1789085668491807800 (mysql)
    security_enrollment_test.go:175: isolated database: newapi_audit_1789085668498306800 (mysql)
    security_enrollment_test.go:175: database: mysql 5.7.44
=== RUN   TestSecurityEnrollmentAccessTokenMethodPolicy/linked_oauth
    security_enrollment_test.go:175: isolated database: newapi_audit_1789085670359529500 (mysql)
    security_enrollment_test.go:175: isolated database: newapi_audit_1789085670366456600 (mysql)
    security_enrollment_test.go:175: database: mysql 5.7.44
=== RUN   TestSecurityEnrollmentAccessTokenMethodPolicy/wechat_session_cannot_manage_tokens
    security_enrollment_test.go:175: isolated database: newapi_audit_1789085672296851200 (mysql)
    security_enrollment_test.go:175: isolated database: newapi_audit_1789085672302277000 (mysql)
    security_enrollment_test.go:175: database: mysql 5.7.44
--- PASS: TestSecurityEnrollmentAccessTokenMethodPolicy (18.35s)
    --- PASS: TestSecurityEnrollmentAccessTokenMethodPolicy/password (1.85s)
    --- PASS: TestSecurityEnrollmentAccessTokenMethodPolicy/existing_passkey (1.91s)
    --- PASS: TestSecurityEnrollmentAccessTokenMethodPolicy/existing_twofa (1.95s)
    --- PASS: TestSecurityEnrollmentAccessTokenMethodPolicy/locked_twofa_blocks_fallback (4.81s)
    --- PASS: TestSecurityEnrollmentAccessTokenMethodPolicy/disabled_passkey_blocks_fallback (1.90s)
    --- PASS: TestSecurityEnrollmentAccessTokenMethodPolicy/disabled_passkey_does_not_block_password (1.87s)
    --- PASS: TestSecurityEnrollmentAccessTokenMethodPolicy/linked_oauth (1.94s)
    --- PASS: TestSecurityEnrollmentAccessTokenMethodPolicy/wechat_session_cannot_manage_tokens (2.11s)
=== RUN   TestSecurityEnrollmentAccessTokenLifecycleConsumesProofs
    security_enrollment_test.go:215: isolated database: newapi_audit_1789085674409058700 (mysql)
    security_enrollment_test.go:215: isolated database: newapi_audit_1789085674415525900 (mysql)
    security_enrollment_test.go:215: database: mysql 5.7.44
--- PASS: TestSecurityEnrollmentAccessTokenLifecycleConsumesProofs (5.56s)
=== RUN   TestSecurityEnrollmentAccessTokenRejectsInvalidProofs
    security_enrollment_test.go:273: isolated database: newapi_audit_1789085679973549100 (mysql)
    security_enrollment_test.go:273: isolated database: newapi_audit_1789085679983958700 (mysql)
    security_enrollment_test.go:273: database: mysql 5.7.44
=== RUN   TestSecurityEnrollmentAccessTokenRejectsInvalidProofs/GET/session
=== RUN   TestSecurityEnrollmentAccessTokenRejectsInvalidProofs/GET/user
=== RUN   TestSecurityEnrollmentAccessTokenRejectsInvalidProofs/GET/expired
=== RUN   TestSecurityEnrollmentAccessTokenRejectsInvalidProofs/POST/session
=== RUN   TestSecurityEnrollmentAccessTokenRejectsInvalidProofs/POST/user
=== RUN   TestSecurityEnrollmentAccessTokenRejectsInvalidProofs/POST/expired
=== RUN   TestSecurityEnrollmentAccessTokenRejectsInvalidProofs/DELETE/session
=== RUN   TestSecurityEnrollmentAccessTokenRejectsInvalidProofs/DELETE/user
=== RUN   TestSecurityEnrollmentAccessTokenRejectsInvalidProofs/DELETE/expired
--- PASS: TestSecurityEnrollmentAccessTokenRejectsInvalidProofs (3.51s)
    --- PASS: TestSecurityEnrollmentAccessTokenRejectsInvalidProofs/GET/session (0.05s)
    --- PASS: TestSecurityEnrollmentAccessTokenRejectsInvalidProofs/GET/user (0.10s)
    --- PASS: TestSecurityEnrollmentAccessTokenRejectsInvalidProofs/GET/expired (0.48s)
    --- PASS: TestSecurityEnrollmentAccessTokenRejectsInvalidProofs/POST/session (0.10s)
    --- PASS: TestSecurityEnrollmentAccessTokenRejectsInvalidProofs/POST/user (0.10s)
    --- PASS: TestSecurityEnrollmentAccessTokenRejectsInvalidProofs/POST/expired (0.49s)
    --- PASS: TestSecurityEnrollmentAccessTokenRejectsInvalidProofs/DELETE/session (0.10s)
    --- PASS: TestSecurityEnrollmentAccessTokenRejectsInvalidProofs/DELETE/user (0.10s)
    --- PASS: TestSecurityEnrollmentAccessTokenRejectsInvalidProofs/DELETE/expired (0.48s)
=== RUN   TestSecurityEnrollmentAccessTokenFailureDoesNotRestoreProof
    security_enrollment_test.go:310: isolated database: newapi_audit_1789085683485763400 (mysql)
    security_enrollment_test.go:310: isolated database: newapi_audit_1789085683491972700 (mysql)
    security_enrollment_test.go:310: database: mysql 5.7.44
[ERR] 2026/09/11 - 08:14:45 | SYSTEM | auth session internal error (POST /api/user/token): private database failure 
[ERR] 2026/09/11 - 08:14:46 | SYSTEM | auth session internal error (DELETE /api/user/token): private database failure 
--- PASS: TestSecurityEnrollmentAccessTokenFailureDoesNotRestoreProof (3.26s)
PASS
ok  	github.com/QuantumNous/new-api/controller	33.233s
