{"Time":"2026-09-11T03:26:56.4941649+08:00","Action":"start","Package":"github.com/QuantumNous/new-api/setting/console_setting"}
{"Time":"2026-09-11T03:26:57.1008628+08:00","Action":"run","Package":"github.com/QuantumNous/new-api/setting/console_setting","Test":"TestValidateAnnouncementsSupportsLifecycleFields"}
{"Time":"2026-09-11T03:26:57.1008628+08:00","Action":"output","Package":"github.com/QuantumNous/new-api/setting/console_setting","Test":"TestValidateAnnouncementsSupportsLifecycleFields","Output":"=== RUN   TestValidateAnnouncementsSupportsLifecycleFields\n"}
{"Time":"2026-09-11T03:26:57.1008628+08:00","Action":"output","Package":"github.com/QuantumNous/new-api/setting/console_setting","Test":"TestValidateAnnouncementsSupportsLifecycleFields","Output":"--- PASS: TestValidateAnnouncementsSupportsLifecycleFields (0.00s)\n"}
{"Time":"2026-09-11T03:26:57.1013813+08:00","Action":"pass","Package":"github.com/QuantumNous/new-api/setting/console_setting","Test":"TestValidateAnnouncementsSupportsLifecycleFields","Elapsed":0}
{"Time":"2026-09-11T03:26:57.1013813+08:00","Action":"run","Package":"github.com/QuantumNous/new-api/setting/console_setting","Test":"TestValidateAnnouncementsRejectsInvalidLifecycleFields"}
{"Time":"2026-09-11T03:26:57.1013813+08:00","Action":"output","Package":"github.com/QuantumNous/new-api/setting/console_setting","Test":"TestValidateAnnouncementsRejectsInvalidLifecycleFields","Output":"=== RUN   TestValidateAnnouncementsRejectsInvalidLifecycleFields\n"}
{"Time":"2026-09-11T03:26:57.1013813+08:00","Action":"run","Package":"github.com/QuantumNous/new-api/setting/console_setting","Test":"TestValidateAnnouncementsRejectsInvalidLifecycleFields/enabled_must_be_boolean"}
{"Time":"2026-09-11T03:26:57.1013813+08:00","Action":"output","Package":"github.com/QuantumNous/new-api/setting/console_setting","Test":"TestValidateAnnouncementsRejectsInvalidLifecycleFields/enabled_must_be_boolean","Output":"=== RUN   TestValidateAnnouncementsRejectsInvalidLifecycleFields/enabled_must_be_boolean\n"}
{"Time":"2026-09-11T03:26:57.1013813+08:00","Action":"output","Package":"github.com/QuantumNous/new-api/setting/console_setting","Test":"TestValidateAnnouncementsRejectsInvalidLifecycleFields/enabled_must_be_boolean","Output":"--- PASS: TestValidateAnnouncementsRejectsInvalidLifecycleFields/enabled_must_be_boolean (0.00s)\n"}
{"Time":"2026-09-11T03:26:57.1013813+08:00","Action":"pass","Package":"github.com/QuantumNous/new-api/setting/console_setting","Test":"TestValidateAnnouncementsRejectsInvalidLifecycleFields/enabled_must_be_boolean","Elapsed":0}
{"Time":"2026-09-11T03:26:57.1013813+08:00","Action":"run","Package":"github.com/QuantumNous/new-api/setting/console_setting","Test":"TestValidateAnnouncementsRejectsInvalidLifecycleFields/sort_order_must_be_an_integer"}
{"Time":"2026-09-11T03:26:57.1013813+08:00","Action":"output","Package":"github.com/QuantumNous/new-api/setting/console_setting","Test":"TestValidateAnnouncementsRejectsInvalidLifecycleFields/sort_order_must_be_an_integer","Output":"=== RUN   TestValidateAnnouncementsRejectsInvalidLifecycleFields/sort_order_must_be_an_integer\n"}
{"Time":"2026-09-11T03:26:57.1013813+08:00","Action":"output","Package":"github.com/QuantumNous/new-api/setting/console_setting","Test":"TestValidateAnnouncementsRejectsInvalidLifecycleFields/sort_order_must_be_an_integer","Output":"--- PASS: TestValidateAnnouncementsRejectsInvalidLifecycleFields/sort_order_must_be_an_integer (0.00s)\n"}
{"Time":"2026-09-11T03:26:57.1013813+08:00","Action":"pass","Package":"github.com/QuantumNous/new-api/setting/console_setting","Test":"TestValidateAnnouncementsRejectsInvalidLifecycleFields/sort_order_must_be_an_integer","Elapsed":0}
{"Time":"2026-09-11T03:26:57.1013813+08:00","Action":"run","Package":"github.com/QuantumNous/new-api/setting/console_setting","Test":"TestValidateAnnouncementsRejectsInvalidLifecycleFields/sort_order_must_be_bounded"}
{"Time":"2026-09-11T03:26:57.1013813+08:00","Action":"output","Package":"github.com/QuantumNous/new-api/setting/console_setting","Test":"TestValidateAnnouncementsRejectsInvalidLifecycleFields/sort_order_must_be_bounded","Output":"=== RUN   TestValidateAnnouncementsRejectsInvalidLifecycleFields/sort_order_must_be_bounded\n"}
{"Time":"2026-09-11T03:26:57.1013813+08:00","Action":"output","Package":"github.com/QuantumNous/new-api/setting/console_setting","Test":"TestValidateAnnouncementsRejectsInvalidLifecycleFields/sort_order_must_be_bounded","Output":"--- PASS: TestValidateAnnouncementsRejectsInvalidLifecycleFields/sort_order_must_be_bounded (0.00s)\n"}
{"Time":"2026-09-11T03:26:57.1013813+08:00","Action":"pass","Package":"github.com/QuantumNous/new-api/setting/console_setting","Test":"TestValidateAnnouncementsRejectsInvalidLifecycleFields/sort_order_must_be_bounded","Elapsed":0}
{"Time":"2026-09-11T03:26:57.1013813+08:00","Action":"run","Package":"github.com/QuantumNous/new-api/setting/console_setting","Test":"TestValidateAnnouncementsRejectsInvalidLifecycleFields/start_date_must_be_RFC3339"}
{"Time":"2026-09-11T03:26:57.1013813+08:00","Action":"output","Package":"github.com/QuantumNous/new-api/setting/console_setting","Test":"TestValidateAnnouncementsRejectsInvalidLifecycleFields/start_date_must_be_RFC3339","Output":"=== RUN   TestValidateAnnouncementsRejectsInvalidLifecycleFields/start_date_must_be_RFC3339\n"}
{"Time":"2026-09-11T03:26:57.1013813+08:00","Action":"output","Package":"github.com/QuantumNous/new-api/setting/console_setting","Test":"TestValidateAnnouncementsRejectsInvalidLifecycleFields/start_date_must_be_RFC3339","Output":"--- PASS: TestValidateAnnouncementsRejectsInvalidLifecycleFields/start_date_must_be_RFC3339 (0.00s)\n"}
{"Time":"2026-09-11T03:26:57.1013813+08:00","Action":"pass","Package":"github.com/QuantumNous/new-api/setting/console_setting","Test":"TestValidateAnnouncementsRejectsInvalidLifecycleFields/start_date_must_be_RFC3339","Elapsed":0}
{"Time":"2026-09-11T03:26:57.1013813+08:00","Action":"run","Package":"github.com/QuantumNous/new-api/setting/console_setting","Test":"TestValidateAnnouncementsRejectsInvalidLifecycleFields/end_date_must_be_RFC3339"}
{"Time":"2026-09-11T03:26:57.1013813+08:00","Action":"output","Package":"github.com/QuantumNous/new-api/setting/console_setting","Test":"TestValidateAnnouncementsRejectsInvalidLifecycleFields/end_date_must_be_RFC3339","Output":"=== RUN   TestValidateAnnouncementsRejectsInvalidLifecycleFields/end_date_must_be_RFC3339\n"}
{"Time":"2026-09-11T03:26:57.1013813+08:00","Action":"output","Package":"github.com/QuantumNous/new-api/setting/console_setting","Test":"TestValidateAnnouncementsRejectsInvalidLifecycleFields/end_date_must_be_RFC3339","Output":"--- PASS: TestValidateAnnouncementsRejectsInvalidLifecycleFields/end_date_must_be_RFC3339 (0.00s)\n"}
{"Time":"2026-09-11T03:26:57.1013813+08:00","Action":"pass","Package":"github.com/QuantumNous/new-api/setting/console_setting","Test":"TestValidateAnnouncementsRejectsInvalidLifecycleFields/end_date_must_be_RFC3339","Elapsed":0}
{"Time":"2026-09-11T03:26:57.1013813+08:00","Action":"run","Package":"github.com/QuantumNous/new-api/setting/console_setting","Test":"TestValidateAnnouncementsRejectsInvalidLifecycleFields/start_date_cannot_be_after_end_date"}
{"Time":"2026-09-11T03:26:57.1013813+08:00","Action":"output","Package":"github.com/QuantumNous/new-api/setting/console_setting","Test":"TestValidateAnnouncementsRejectsInvalidLifecycleFields/start_date_cannot_be_after_end_date","Output":"=== RUN   TestValidateAnnouncementsRejectsInvalidLifecycleFields/start_date_cannot_be_after_end_date\n"}
{"Time":"2026-09-11T03:26:57.1013813+08:00","Action":"output","Package":"github.com/QuantumNous/new-api/setting/console_setting","Test":"TestValidateAnnouncementsRejectsInvalidLifecycleFields/start_date_cannot_be_after_end_date","Output":"--- PASS: TestValidateAnnouncementsRejectsInvalidLifecycleFields/start_date_cannot_be_after_end_date (0.00s)\n"}
{"Time":"2026-09-11T03:26:57.1013813+08:00","Action":"pass","Package":"github.com/QuantumNous/new-api/setting/console_setting","Test":"TestValidateAnnouncementsRejectsInvalidLifecycleFields/start_date_cannot_be_after_end_date","Elapsed":0}
{"Time":"2026-09-11T03:26:57.1019028+08:00","Action":"run","Package":"github.com/QuantumNous/new-api/setting/console_setting","Test":"TestValidateAnnouncementsRejectsInvalidLifecycleFields/link_must_be_http_or_https"}
{"Time":"2026-09-11T03:26:57.1019028+08:00","Action":"output","Package":"github.com/QuantumNous/new-api/setting/console_setting","Test":"TestValidateAnnouncementsRejectsInvalidLifecycleFields/link_must_be_http_or_https","Output":"=== RUN   TestValidateAnnouncementsRejectsInvalidLifecycleFields/link_must_be_http_or_https\n"}
{"Time":"2026-09-11T03:26:57.1019028+08:00","Action":"output","Package":"github.com/QuantumNous/new-api/setting/console_setting","Test":"TestValidateAnnouncementsRejectsInvalidLifecycleFields/link_must_be_http_or_https","Output":"--- PASS: TestValidateAnnouncementsRejectsInvalidLifecycleFields/link_must_be_http_or_https (0.00s)\n"}
{"Time":"2026-09-11T03:26:57.1019028+08:00","Action":"pass","Package":"github.com/QuantumNous/new-api/setting/console_setting","Test":"TestValidateAnnouncementsRejectsInvalidLifecycleFields/link_must_be_http_or_https","Elapsed":0}
{"Time":"2026-09-11T03:26:57.1019028+08:00","Action":"run","Package":"github.com/QuantumNous/new-api/setting/console_setting","Test":"TestValidateAnnouncementsRejectsInvalidLifecycleFields/link_must_be_bounded"}
{"Time":"2026-09-11T03:26:57.1019028+08:00","Action":"output","Package":"github.com/QuantumNous/new-api/setting/console_setting","Test":"TestValidateAnnouncementsRejectsInvalidLifecycleFields/link_must_be_bounded","Output":"=== RUN   TestValidateAnnouncementsRejectsInvalidLifecycleFields/link_must_be_bounded\n"}
{"Time":"2026-09-11T03:26:57.1019028+08:00","Action":"output","Package":"github.com/QuantumNous/new-api/setting/console_setting","Test":"TestValidateAnnouncementsRejectsInvalidLifecycleFields/link_must_be_bounded","Output":"--- PASS: TestValidateAnnouncementsRejectsInvalidLifecycleFields/link_must_be_bounded (0.00s)\n"}
{"Time":"2026-09-11T03:26:57.1019028+08:00","Action":"pass","Package":"github.com/QuantumNous/new-api/setting/console_setting","Test":"TestValidateAnnouncementsRejectsInvalidLifecycleFields/link_must_be_bounded","Elapsed":0}
{"Time":"2026-09-11T03:26:57.1019028+08:00","Action":"output","Package":"github.com/QuantumNous/new-api/setting/console_setting","Test":"TestValidateAnnouncementsRejectsInvalidLifecycleFields","Output":"--- PASS: TestValidateAnnouncementsRejectsInvalidLifecycleFields (0.00s)\n"}
{"Time":"2026-09-11T03:26:57.1019028+08:00","Action":"pass","Package":"github.com/QuantumNous/new-api/setting/console_setting","Test":"TestValidateAnnouncementsRejectsInvalidLifecycleFields","Elapsed":0}
{"Time":"2026-09-11T03:26:57.1019028+08:00","Action":"run","Package":"github.com/QuantumNous/new-api/setting/console_setting","Test":"TestConsoleLengthsMatchBrowserUTF16Limits"}
{"Time":"2026-09-11T03:26:57.1019028+08:00","Action":"output","Package":"github.com/QuantumNous/new-api/setting/console_setting","Test":"TestConsoleLengthsMatchBrowserUTF16Limits","Output":"=== RUN   TestConsoleLengthsMatchBrowserUTF16Limits\n"}
{"Time":"2026-09-11T03:26:57.1019028+08:00","Action":"run","Package":"github.com/QuantumNous/new-api/setting/console_setting","Test":"TestConsoleLengthsMatchBrowserUTF16Limits/API_route"}
{"Time":"2026-09-11T03:26:57.1019028+08:00","Action":"output","Package":"github.com/QuantumNous/new-api/setting/console_setting","Test":"TestConsoleLengthsMatchBrowserUTF16Limits/API_route","Output":"=== RUN   TestConsoleLengthsMatchBrowserUTF16Limits/API_route\n"}
{"Time":"2026-09-11T03:26:57.1019028+08:00","Action":"run","Package":"github.com/QuantumNous/new-api/setting/console_setting","Test":"TestConsoleLengthsMatchBrowserUTF16Limits/API_route/BMP_at_limit"}
{"Time":"2026-09-11T03:26:57.1019028+08:00","Action":"output","Package":"github.com/QuantumNous/new-api/setting/console_setting","Test":"TestConsoleLengthsMatchBrowserUTF16Limits/API_route/BMP_at_limit","Output":"=== RUN   TestConsoleLengthsMatchBrowserUTF16Limits/API_route/BMP_at_limit\n"}
{"Time":"2026-09-11T03:26:57.1019028+08:00","Action":"output","Package":"github.com/QuantumNous/new-api/setting/console_setting","Test":"TestConsoleLengthsMatchBrowserUTF16Limits/API_route/BMP_at_limit","Output":"--- PASS: TestConsoleLengthsMatchBrowserUTF16Limits/API_route/BMP_at_limit (0.00s)\n"}
{"Time":"2026-09-11T03:26:57.1019028+08:00","Action":"pass","Package":"github.com/QuantumNous/new-api/setting/console_setting","Test":"TestConsoleLengthsMatchBrowserUTF16Limits/API_route/BMP_at_limit","Elapsed":0}
{"Time":"2026-09-11T03:26:57.1019028+08:00","Action":"run","Package":"github.com/QuantumNous/new-api/setting/console_setting","Test":"TestConsoleLengthsMatchBrowserUTF16Limits/API_route/BMP_over_limit"}
{"Time":"2026-09-11T03:26:57.1019028+08:00","Action":"output","Package":"github.com/QuantumNous/new-api/setting/console_setting","Test":"TestConsoleLengthsMatchBrowserUTF16Limits/API_route/BMP_over_limit","Output":"=== RUN   TestConsoleLengthsMatchBrowserUTF16Limits/API_route/BMP_over_limit\n"}
{"Time":"2026-09-11T03:26:57.1019028+08:00","Action":"output","Package":"github.com/QuantumNous/new-api/setting/console_setting","Test":"TestConsoleLengthsMatchBrowserUTF16Limits/API_route/BMP_over_limit","Output":"--- PASS: TestConsoleLengthsMatchBrowserUTF16Limits/API_route/BMP_over_limit (0.00s)\n"}
{"Time":"2026-09-11T03:26:57.1019028+08:00","Action":"pass","Package":"github.com/QuantumNous/new-api/setting/console_setting","Test":"TestConsoleLengthsMatchBrowserUTF16Limits/API_route/BMP_over_limit","Elapsed":0}
{"Time":"2026-09-11T03:26:57.1019028+08:00","Action":"run","Package":"github.com/QuantumNous/new-api/setting/console_setting","Test":"TestConsoleLengthsMatchBrowserUTF16Limits/API_route/surrogate_pairs_at_limit"}
{"Time":"2026-09-11T03:26:57.1019028+08:00","Action":"output","Package":"github.com/QuantumNous/new-api/setting/console_setting","Test":"TestConsoleLengthsMatchBrowserUTF16Limits/API_route/surrogate_pairs_at_limit","Output":"=== RUN   TestConsoleLengthsMatchBrowserUTF16Limits/API_route/surrogate_pairs_at_limit\n"}
{"Time":"2026-09-11T03:26:57.1019028+08:00","Action":"output","Package":"github.com/QuantumNous/new-api/setting/console_setting","Test":"TestConsoleLengthsMatchBrowserUTF16Limits/API_route/surrogate_pairs_at_limit","Output":"--- PASS: TestConsoleLengthsMatchBrowserUTF16Limits/API_route/surrogate_pairs_at_limit (0.00s)\n"}
{"Time":"2026-09-11T03:26:57.1019028+08:00","Action":"pass","Package":"github.com/QuantumNous/new-api/setting/console_setting","Test":"TestConsoleLengthsMatchBrowserUTF16Limits/API_route/surrogate_pairs_at_limit","Elapsed":0}
{"Time":"2026-09-11T03:26:57.1019028+08:00","Action":"run","Package":"github.com/QuantumNous/new-api/setting/console_setting","Test":"TestConsoleLengthsMatchBrowserUTF16Limits/API_route/surrogate_pairs_over_limit"}
{"Time":"2026-09-11T03:26:57.1019028+08:00","Action":"output","Package":"github.com/QuantumNous/new-api/setting/console_setting","Test":"TestConsoleLengthsMatchBrowserUTF16Limits/API_route/surrogate_pairs_over_limit","Output":"=== RUN   TestConsoleLengthsMatchBrowserUTF16Limits/API_route/surrogate_pairs_over_limit\n"}
{"Time":"2026-09-11T03:26:57.1019028+08:00","Action":"output","Package":"github.com/QuantumNous/new-api/setting/console_setting","Test":"TestConsoleLengthsMatchBrowserUTF16Limits/API_route/surrogate_pairs_over_limit","Output":"--- PASS: TestConsoleLengthsMatchBrowserUTF16Limits/API_route/surrogate_pairs_over_limit (0.00s)\n"}
{"Time":"2026-09-11T03:26:57.1019028+08:00","Action":"pass","Package":"github.com/QuantumNous/new-api/setting/console_setting","Test":"TestConsoleLengthsMatchBrowserUTF16Limits/API_route/surrogate_pairs_over_limit","Elapsed":0}
{"Time":"2026-09-11T03:26:57.1019028+08:00","Action":"output","Package":"github.com/QuantumNous/new-api/setting/console_setting","Test":"TestConsoleLengthsMatchBrowserUTF16Limits/API_route","Output":"--- PASS: TestConsoleLengthsMatchBrowserUTF16Limits/API_route (0.00s)\n"}
{"Time":"2026-09-11T03:26:57.1019028+08:00","Action":"pass","Package":"github.com/QuantumNous/new-api/setting/console_setting","Test":"TestConsoleLengthsMatchBrowserUTF16Limits/API_route","Elapsed":0}
{"Time":"2026-09-11T03:26:57.1019028+08:00","Action":"run","Package":"github.com/QuantumNous/new-api/setting/console_setting","Test":"TestConsoleLengthsMatchBrowserUTF16Limits/announcement_content"}
{"Time":"2026-09-11T03:26:57.1019028+08:00","Action":"output","Package":"github.com/QuantumNous/new-api/setting/console_setting","Test":"TestConsoleLengthsMatchBrowserUTF16Limits/announcement_content","Output":"=== RUN   TestConsoleLengthsMatchBrowserUTF16Limits/announcement_content\n"}
{"Time":"2026-09-11T03:26:57.1019028+08:00","Action":"run","Package":"github.com/QuantumNous/new-api/setting/console_setting","Test":"TestConsoleLengthsMatchBrowserUTF16Limits/announcement_content/BMP_at_limit"}
{"Time":"2026-09-11T03:26:57.1019028+08:00","Action":"output","Package":"github.com/QuantumNous/new-api/setting/console_setting","Test":"TestConsoleLengthsMatchBrowserUTF16Limits/announcement_content/BMP_at_limit","Output":"=== RUN   TestConsoleLengthsMatchBrowserUTF16Limits/announcement_content/BMP_at_limit\n"}
{"Time":"2026-09-11T03:26:57.1019028+08:00","Action":"output","Package":"github.com/QuantumNous/new-api/setting/console_setting","Test":"TestConsoleLengthsMatchBrowserUTF16Limits/announcement_content/BMP_at_limit","Output":"--- PASS: TestConsoleLengthsMatchBrowserUTF16Limits/announcement_content/BMP_at_limit (0.00s)\n"}
{"Time":"2026-09-11T03:26:57.1019028+08:00","Action":"pass","Package":"github.com/QuantumNous/new-api/setting/console_setting","Test":"TestConsoleLengthsMatchBrowserUTF16Limits/announcement_content/BMP_at_limit","Elapsed":0}
{"Time":"2026-09-11T03:26:57.1019028+08:00","Action":"run","Package":"github.com/QuantumNous/new-api/setting/console_setting","Test":"TestConsoleLengthsMatchBrowserUTF16Limits/announcement_content/BMP_over_limit"}
{"Time":"2026-09-11T03:26:57.1019028+08:00","Action":"output","Package":"github.com/QuantumNous/new-api/setting/console_setting","Test":"TestConsoleLengthsMatchBrowserUTF16Limits/announcement_content/BMP_over_limit","Output":"=== RUN   TestConsoleLengthsMatchBrowserUTF16Limits/announcement_content/BMP_over_limit\n"}
{"Time":"2026-09-11T03:26:57.1019028+08:00","Action":"output","Package":"github.com/QuantumNous/new-api/setting/console_setting","Test":"TestConsoleLengthsMatchBrowserUTF16Limits/announcement_content/BMP_over_limit","Output":"--- PASS: TestConsoleLengthsMatchBrowserUTF16Limits/announcement_content/BMP_over_limit (0.00s)\n"}
{"Time":"2026-09-11T03:26:57.1019028+08:00","Action":"pass","Package":"github.com/QuantumNous/new-api/setting/console_setting","Test":"TestConsoleLengthsMatchBrowserUTF16Limits/announcement_content/BMP_over_limit","Elapsed":0}
{"Time":"2026-09-11T03:26:57.1019028+08:00","Action":"run","Package":"github.com/QuantumNous/new-api/setting/console_setting","Test":"TestConsoleLengthsMatchBrowserUTF16Limits/announcement_content/surrogate_pairs_at_limit"}
{"Time":"2026-09-11T03:26:57.1019028+08:00","Action":"output","Package":"github.com/QuantumNous/new-api/setting/console_setting","Test":"TestConsoleLengthsMatchBrowserUTF16Limits/announcement_content/surrogate_pairs_at_limit","Output":"=== RUN   TestConsoleLengthsMatchBrowserUTF16Limits/announcement_content/surrogate_pairs_at_limit\n"}
{"Time":"2026-09-11T03:26:57.1019028+08:00","Action":"output","Package":"github.com/QuantumNous/new-api/setting/console_setting","Test":"TestConsoleLengthsMatchBrowserUTF16Limits/announcement_content/surrogate_pairs_at_limit","Output":"--- PASS: TestConsoleLengthsMatchBrowserUTF16Limits/announcement_content/surrogate_pairs_at_limit (0.00s)\n"}
{"Time":"2026-09-11T03:26:57.1019028+08:00","Action":"pass","Package":"github.com/QuantumNous/new-api/setting/console_setting","Test":"TestConsoleLengthsMatchBrowserUTF16Limits/announcement_content/surrogate_pairs_at_limit","Elapsed":0}
{"Time":"2026-09-11T03:26:57.1019028+08:00","Action":"run","Package":"github.com/QuantumNous/new-api/setting/console_setting","Test":"TestConsoleLengthsMatchBrowserUTF16Limits/announcement_content/surrogate_pairs_over_limit"}
{"Time":"2026-09-11T03:26:57.1019028+08:00","Action":"output","Package":"github.com/QuantumNous/new-api/setting/console_setting","Test":"TestConsoleLengthsMatchBrowserUTF16Limits/announcement_content/surrogate_pairs_over_limit","Output":"=== RUN   TestConsoleLengthsMatchBrowserUTF16Limits/announcement_content/surrogate_pairs_over_limit\n"}
{"Time":"2026-09-11T03:26:57.1019028+08:00","Action":"output","Package":"github.com/QuantumNous/new-api/setting/console_setting","Test":"TestConsoleLengthsMatchBrowserUTF16Limits/announcement_content/surrogate_pairs_over_limit","Output":"--- PASS: TestConsoleLengthsMatchBrowserUTF16Limits/announcement_content/surrogate_pairs_over_limit (0.00s)\n"}
{"Time":"2026-09-11T03:26:57.1019028+08:00","Action":"pass","Package":"github.com/QuantumNous/new-api/setting/console_setting","Test":"TestConsoleLengthsMatchBrowserUTF16Limits/announcement_content/surrogate_pairs_over_limit","Elapsed":0}
{"Time":"2026-09-11T03:26:57.1019028+08:00","Action":"output","Package":"github.com/QuantumNous/new-api/setting/console_setting","Test":"TestConsoleLengthsMatchBrowserUTF16Limits/announcement_content","Output":"--- PASS: TestConsoleLengthsMatchBrowserUTF16Limits/announcement_content (0.00s)\n"}
{"Time":"2026-09-11T03:26:57.1019028+08:00","Action":"pass","Package":"github.com/QuantumNous/new-api/setting/console_setting","Test":"TestConsoleLengthsMatchBrowserUTF16Limits/announcement_content","Elapsed":0}
{"Time":"2026-09-11T03:26:57.1019028+08:00","Action":"run","Package":"github.com/QuantumNous/new-api/setting/console_setting","Test":"TestConsoleLengthsMatchBrowserUTF16Limits/announcement_extra"}
{"Time":"2026-09-11T03:26:57.1019028+08:00","Action":"output","Package":"github.com/QuantumNous/new-api/setting/console_setting","Test":"TestConsoleLengthsMatchBrowserUTF16Limits/announcement_extra","Output":"=== RUN   TestConsoleLengthsMatchBrowserUTF16Limits/announcement_extra\n"}
{"Time":"2026-09-11T03:26:57.1019028+08:00","Action":"run","Package":"github.com/QuantumNous/new-api/setting/console_setting","Test":"TestConsoleLengthsMatchBrowserUTF16Limits/announcement_extra/BMP_at_limit"}
{"Time":"2026-09-11T03:26:57.1019028+08:00","Action":"output","Package":"github.com/QuantumNous/new-api/setting/console_setting","Test":"TestConsoleLengthsMatchBrowserUTF16Limits/announcement_extra/BMP_at_limit","Output":"=== RUN   TestConsoleLengthsMatchBrowserUTF16Limits/announcement_extra/BMP_at_limit\n"}
{"Time":"2026-09-11T03:26:57.1019028+08:00","Action":"output","Package":"github.com/QuantumNous/new-api/setting/console_setting","Test":"TestConsoleLengthsMatchBrowserUTF16Limits/announcement_extra/BMP_at_limit","Output":"--- PASS: TestConsoleLengthsMatchBrowserUTF16Limits/announcement_extra/BMP_at_limit (0.00s)\n"}
{"Time":"2026-09-11T03:26:57.1019028+08:00","Action":"pass","Package":"github.com/QuantumNous/new-api/setting/console_setting","Test":"TestConsoleLengthsMatchBrowserUTF16Limits/announcement_extra/BMP_at_limit","Elapsed":0}
{"Time":"2026-09-11T03:26:57.1019028+08:00","Action":"run","Package":"github.com/QuantumNous/new-api/setting/console_setting","Test":"TestConsoleLengthsMatchBrowserUTF16Limits/announcement_extra/BMP_over_limit"}
{"Time":"2026-09-11T03:26:57.1019028+08:00","Action":"output","Package":"github.com/QuantumNous/new-api/setting/console_setting","Test":"TestConsoleLengthsMatchBrowserUTF16Limits/announcement_extra/BMP_over_limit","Output":"=== RUN   TestConsoleLengthsMatchBrowserUTF16Limits/announcement_extra/BMP_over_limit\n"}
{"Time":"2026-09-11T03:26:57.1019028+08:00","Action":"output","Package":"github.com/QuantumNous/new-api/setting/console_setting","Test":"TestConsoleLengthsMatchBrowserUTF16Limits/announcement_extra/BMP_over_limit","Output":"--- PASS: TestConsoleLengthsMatchBrowserUTF16Limits/announcement_extra/BMP_over_limit (0.00s)\n"}
{"Time":"2026-09-11T03:26:57.1019028+08:00","Action":"pass","Package":"github.com/QuantumNous/new-api/setting/console_setting","Test":"TestConsoleLengthsMatchBrowserUTF16Limits/announcement_extra/BMP_over_limit","Elapsed":0}
{"Time":"2026-09-11T03:26:57.1019028+08:00","Action":"run","Package":"github.com/QuantumNous/new-api/setting/console_setting","Test":"TestConsoleLengthsMatchBrowserUTF16Limits/announcement_extra/surrogate_pairs_at_limit"}
{"Time":"2026-09-11T03:26:57.1019028+08:00","Action":"output","Package":"github.com/QuantumNous/new-api/setting/console_setting","Test":"TestConsoleLengthsMatchBrowserUTF16Limits/announcement_extra/surrogate_pairs_at_limit","Output":"=== RUN   TestConsoleLengthsMatchBrowserUTF16Limits/announcement_extra/surrogate_pairs_at_limit\n"}
{"Time":"2026-09-11T03:26:57.1024232+08:00","Action":"output","Package":"github.com/QuantumNous/new-api/setting/console_setting","Test":"TestConsoleLengthsMatchBrowserUTF16Limits/announcement_extra/surrogate_pairs_at_limit","Output":"--- PASS: TestConsoleLengthsMatchBrowserUTF16Limits/announcement_extra/surrogate_pairs_at_limit (0.00s)\n"}
{"Time":"2026-09-11T03:26:57.1024232+08:00","Action":"pass","Package":"github.com/QuantumNous/new-api/setting/console_setting","Test":"TestConsoleLengthsMatchBrowserUTF16Limits/announcement_extra/surrogate_pairs_at_limit","Elapsed":0}
{"Time":"2026-09-11T03:26:57.1024232+08:00","Action":"run","Package":"github.com/QuantumNous/new-api/setting/console_setting","Test":"TestConsoleLengthsMatchBrowserUTF16Limits/announcement_extra/surrogate_pairs_over_limit"}
{"Time":"2026-09-11T03:26:57.1024232+08:00","Action":"output","Package":"github.com/QuantumNous/new-api/setting/console_setting","Test":"TestConsoleLengthsMatchBrowserUTF16Limits/announcement_extra/surrogate_pairs_over_limit","Output":"=== RUN   TestConsoleLengthsMatchBrowserUTF16Limits/announcement_extra/surrogate_pairs_over_limit\n"}
{"Time":"2026-09-11T03:26:57.1024232+08:00","Action":"output","Package":"github.com/QuantumNous/new-api/setting/console_setting","Test":"TestConsoleLengthsMatchBrowserUTF16Limits/announcement_extra/surrogate_pairs_over_limit","Output":"--- PASS: TestConsoleLengthsMatchBrowserUTF16Limits/announcement_extra/surrogate_pairs_over_limit (0.00s)\n"}
{"Time":"2026-09-11T03:26:57.1024232+08:00","Action":"pass","Package":"github.com/QuantumNous/new-api/setting/console_setting","Test":"TestConsoleLengthsMatchBrowserUTF16Limits/announcement_extra/surrogate_pairs_over_limit","Elapsed":0}
{"Time":"2026-09-11T03:26:57.1024232+08:00","Action":"output","Package":"github.com/QuantumNous/new-api/setting/console_setting","Test":"TestConsoleLengthsMatchBrowserUTF16Limits/announcement_extra","Output":"--- PASS: TestConsoleLengthsMatchBrowserUTF16Limits/announcement_extra (0.00s)\n"}
{"Time":"2026-09-11T03:26:57.1024232+08:00","Action":"pass","Package":"github.com/QuantumNous/new-api/setting/console_setting","Test":"TestConsoleLengthsMatchBrowserUTF16Limits/announcement_extra","Elapsed":0}
{"Time":"2026-09-11T03:26:57.1024232+08:00","Action":"run","Package":"github.com/QuantumNous/new-api/setting/console_setting","Test":"TestConsoleLengthsMatchBrowserUTF16Limits/FAQ_question"}
{"Time":"2026-09-11T03:26:57.1024232+08:00","Action":"output","Package":"github.com/QuantumNous/new-api/setting/console_setting","Test":"TestConsoleLengthsMatchBrowserUTF16Limits/FAQ_question","Output":"=== RUN   TestConsoleLengthsMatchBrowserUTF16Limits/FAQ_question\n"}
{"Time":"2026-09-11T03:26:57.1024232+08:00","Action":"run","Package":"github.com/QuantumNous/new-api/setting/console_setting","Test":"TestConsoleLengthsMatchBrowserUTF16Limits/FAQ_question/BMP_at_limit"}
{"Time":"2026-09-11T03:26:57.1024232+08:00","Action":"output","Package":"github.com/QuantumNous/new-api/setting/console_setting","Test":"TestConsoleLengthsMatchBrowserUTF16Limits/FAQ_question/BMP_at_limit","Output":"=== RUN   TestConsoleLengthsMatchBrowserUTF16Limits/FAQ_question/BMP_at_limit\n"}
{"Time":"2026-09-11T03:26:57.1024232+08:00","Action":"output","Package":"github.com/QuantumNous/new-api/setting/console_setting","Test":"TestConsoleLengthsMatchBrowserUTF16Limits/FAQ_question/BMP_at_limit","Output":"--- PASS: TestConsoleLengthsMatchBrowserUTF16Limits/FAQ_question/BMP_at_limit (0.00s)\n"}
{"Time":"2026-09-11T03:26:57.1024232+08:00","Action":"pass","Package":"github.com/QuantumNous/new-api/setting/console_setting","Test":"TestConsoleLengthsMatchBrowserUTF16Limits/FAQ_question/BMP_at_limit","Elapsed":0}
{"Time":"2026-09-11T03:26:57.1024232+08:00","Action":"run","Package":"github.com/QuantumNous/new-api/setting/console_setting","Test":"TestConsoleLengthsMatchBrowserUTF16Limits/FAQ_question/BMP_over_limit"}
{"Time":"2026-09-11T03:26:57.1024232+08:00","Action":"output","Package":"github.com/QuantumNous/new-api/setting/console_setting","Test":"TestConsoleLengthsMatchBrowserUTF16Limits/FAQ_question/BMP_over_limit","Output":"=== RUN   TestConsoleLengthsMatchBrowserUTF16Limits/FAQ_question/BMP_over_limit\n"}
{"Time":"2026-09-11T03:26:57.1024232+08:00","Action":"output","Package":"github.com/QuantumNous/new-api/setting/console_setting","Test":"TestConsoleLengthsMatchBrowserUTF16Limits/FAQ_question/BMP_over_limit","Output":"--- PASS: TestConsoleLengthsMatchBrowserUTF16Limits/FAQ_question/BMP_over_limit (0.00s)\n"}
{"Time":"2026-09-11T03:26:57.1024232+08:00","Action":"pass","Package":"github.com/QuantumNous/new-api/setting/console_setting","Test":"TestConsoleLengthsMatchBrowserUTF16Limits/FAQ_question/BMP_over_limit","Elapsed":0}
{"Time":"2026-09-11T03:26:57.1024232+08:00","Action":"run","Package":"github.com/QuantumNous/new-api/setting/console_setting","Test":"TestConsoleLengthsMatchBrowserUTF16Limits/FAQ_question/surrogate_pairs_at_limit"}
{"Time":"2026-09-11T03:26:57.1024232+08:00","Action":"output","Package":"github.com/QuantumNous/new-api/setting/console_setting","Test":"TestConsoleLengthsMatchBrowserUTF16Limits/FAQ_question/surrogate_pairs_at_limit","Output":"=== RUN   TestConsoleLengthsMatchBrowserUTF16Limits/FAQ_question/surrogate_pairs_at_limit\n"}
{"Time":"2026-09-11T03:26:57.1024232+08:00","Action":"output","Package":"github.com/QuantumNous/new-api/setting/console_setting","Test":"TestConsoleLengthsMatchBrowserUTF16Limits/FAQ_question/surrogate_pairs_at_limit","Output":"--- PASS: TestConsoleLengthsMatchBrowserUTF16Limits/FAQ_question/surrogate_pairs_at_limit (0.00s)\n"}
{"Time":"2026-09-11T03:26:57.1024232+08:00","Action":"pass","Package":"github.com/QuantumNous/new-api/setting/console_setting","Test":"TestConsoleLengthsMatchBrowserUTF16Limits/FAQ_question/surrogate_pairs_at_limit","Elapsed":0}
{"Time":"2026-09-11T03:26:57.1024232+08:00","Action":"run","Package":"github.com/QuantumNous/new-api/setting/console_setting","Test":"TestConsoleLengthsMatchBrowserUTF16Limits/FAQ_question/surrogate_pairs_over_limit"}
{"Time":"2026-09-11T03:26:57.1024232+08:00","Action":"output","Package":"github.com/QuantumNous/new-api/setting/console_setting","Test":"TestConsoleLengthsMatchBrowserUTF16Limits/FAQ_question/surrogate_pairs_over_limit","Output":"=== RUN   TestConsoleLengthsMatchBrowserUTF16Limits/FAQ_question/surrogate_pairs_over_limit\n"}
{"Time":"2026-09-11T03:26:57.1024232+08:00","Action":"output","Package":"github.com/QuantumNous/new-api/setting/console_setting","Test":"TestConsoleLengthsMatchBrowserUTF16Limits/FAQ_question/surrogate_pairs_over_limit","Output":"--- PASS: TestConsoleLengthsMatchBrowserUTF16Limits/FAQ_question/surrogate_pairs_over_limit (0.00s)\n"}
{"Time":"2026-09-11T03:26:57.1024232+08:00","Action":"pass","Package":"github.com/QuantumNous/new-api/setting/console_setting","Test":"TestConsoleLengthsMatchBrowserUTF16Limits/FAQ_question/surrogate_pairs_over_limit","Elapsed":0}
{"Time":"2026-09-11T03:26:57.1024232+08:00","Action":"output","Package":"github.com/QuantumNous/new-api/setting/console_setting","Test":"TestConsoleLengthsMatchBrowserUTF16Limits/FAQ_question","Output":"--- PASS: TestConsoleLengthsMatchBrowserUTF16Limits/FAQ_question (0.00s)\n"}
{"Time":"2026-09-11T03:26:57.1024232+08:00","Action":"pass","Package":"github.com/QuantumNous/new-api/setting/console_setting","Test":"TestConsoleLengthsMatchBrowserUTF16Limits/FAQ_question","Elapsed":0}
{"Time":"2026-09-11T03:26:57.1029485+08:00","Action":"run","Package":"github.com/QuantumNous/new-api/setting/console_setting","Test":"TestConsoleLengthsMatchBrowserUTF16Limits/uptime_category"}
{"Time":"2026-09-11T03:26:57.1029485+08:00","Action":"output","Package":"github.com/QuantumNous/new-api/setting/console_setting","Test":"TestConsoleLengthsMatchBrowserUTF16Limits/uptime_category","Output":"=== RUN   TestConsoleLengthsMatchBrowserUTF16Limits/uptime_category\n"}
{"Time":"2026-09-11T03:26:57.1029485+08:00","Action":"run","Package":"github.com/QuantumNous/new-api/setting/console_setting","Test":"TestConsoleLengthsMatchBrowserUTF16Limits/uptime_category/BMP_at_limit"}
{"Time":"2026-09-11T03:26:57.1029485+08:00","Action":"output","Package":"github.com/QuantumNous/new-api/setting/console_setting","Test":"TestConsoleLengthsMatchBrowserUTF16Limits/uptime_category/BMP_at_limit","Output":"=== RUN   TestConsoleLengthsMatchBrowserUTF16Limits/uptime_category/BMP_at_limit\n"}
{"Time":"2026-09-11T03:26:57.1029485+08:00","Action":"output","Package":"github.com/QuantumNous/new-api/setting/console_setting","Test":"TestConsoleLengthsMatchBrowserUTF16Limits/uptime_category/BMP_at_limit","Output":"--- PASS: TestConsoleLengthsMatchBrowserUTF16Limits/uptime_category/BMP_at_limit (0.00s)\n"}
{"Time":"2026-09-11T03:26:57.1029485+08:00","Action":"pass","Package":"github.com/QuantumNous/new-api/setting/console_setting","Test":"TestConsoleLengthsMatchBrowserUTF16Limits/uptime_category/BMP_at_limit","Elapsed":0}
{"Time":"2026-09-11T03:26:57.1029485+08:00","Action":"run","Package":"github.com/QuantumNous/new-api/setting/console_setting","Test":"TestConsoleLengthsMatchBrowserUTF16Limits/uptime_category/BMP_over_limit"}
{"Time":"2026-09-11T03:26:57.1029485+08:00","Action":"output","Package":"github.com/QuantumNous/new-api/setting/console_setting","Test":"TestConsoleLengthsMatchBrowserUTF16Limits/uptime_category/BMP_over_limit","Output":"=== RUN   TestConsoleLengthsMatchBrowserUTF16Limits/uptime_category/BMP_over_limit\n"}
{"Time":"2026-09-11T03:26:57.1029485+08:00","Action":"output","Package":"github.com/QuantumNous/new-api/setting/console_setting","Test":"TestConsoleLengthsMatchBrowserUTF16Limits/uptime_category/BMP_over_limit","Output":"--- PASS: TestConsoleLengthsMatchBrowserUTF16Limits/uptime_category/BMP_over_limit (0.00s)\n"}
{"Time":"2026-09-11T03:26:57.1029485+08:00","Action":"pass","Package":"github.com/QuantumNous/new-api/setting/console_setting","Test":"TestConsoleLengthsMatchBrowserUTF16Limits/uptime_category/BMP_over_limit","Elapsed":0}
{"Time":"2026-09-11T03:26:57.1029485+08:00","Action":"run","Package":"github.com/QuantumNous/new-api/setting/console_setting","Test":"TestConsoleLengthsMatchBrowserUTF16Limits/uptime_category/surrogate_pairs_at_limit"}
{"Time":"2026-09-11T03:26:57.1029485+08:00","Action":"output","Package":"github.com/QuantumNous/new-api/setting/console_setting","Test":"TestConsoleLengthsMatchBrowserUTF16Limits/uptime_category/surrogate_pairs_at_limit","Output":"=== RUN   TestConsoleLengthsMatchBrowserUTF16Limits/uptime_category/surrogate_pairs_at_limit\n"}
{"Time":"2026-09-11T03:26:57.1029485+08:00","Action":"output","Package":"github.com/QuantumNous/new-api/setting/console_setting","Test":"TestConsoleLengthsMatchBrowserUTF16Limits/uptime_category/surrogate_pairs_at_limit","Output":"--- PASS: TestConsoleLengthsMatchBrowserUTF16Limits/uptime_category/surrogate_pairs_at_limit (0.00s)\n"}
{"Time":"2026-09-11T03:26:57.1029485+08:00","Action":"pass","Package":"github.com/QuantumNous/new-api/setting/console_setting","Test":"TestConsoleLengthsMatchBrowserUTF16Limits/uptime_category/surrogate_pairs_at_limit","Elapsed":0}
{"Time":"2026-09-11T03:26:57.1029485+08:00","Action":"run","Package":"github.com/QuantumNous/new-api/setting/console_setting","Test":"TestConsoleLengthsMatchBrowserUTF16Limits/uptime_category/surrogate_pairs_over_limit"}
{"Time":"2026-09-11T03:26:57.1029485+08:00","Action":"output","Package":"github.com/QuantumNous/new-api/setting/console_setting","Test":"TestConsoleLengthsMatchBrowserUTF16Limits/uptime_category/surrogate_pairs_over_limit","Output":"=== RUN   TestConsoleLengthsMatchBrowserUTF16Limits/uptime_category/surrogate_pairs_over_limit\n"}
{"Time":"2026-09-11T03:26:57.1029485+08:00","Action":"output","Package":"github.com/QuantumNous/new-api/setting/console_setting","Test":"TestConsoleLengthsMatchBrowserUTF16Limits/uptime_category/surrogate_pairs_over_limit","Output":"--- PASS: TestConsoleLengthsMatchBrowserUTF16Limits/uptime_category/surrogate_pairs_over_limit (0.00s)\n"}
{"Time":"2026-09-11T03:26:57.1029485+08:00","Action":"pass","Package":"github.com/QuantumNous/new-api/setting/console_setting","Test":"TestConsoleLengthsMatchBrowserUTF16Limits/uptime_category/surrogate_pairs_over_limit","Elapsed":0}
{"Time":"2026-09-11T03:26:57.1029485+08:00","Action":"output","Package":"github.com/QuantumNous/new-api/setting/console_setting","Test":"TestConsoleLengthsMatchBrowserUTF16Limits/uptime_category","Output":"--- PASS: TestConsoleLengthsMatchBrowserUTF16Limits/uptime_category (0.00s)\n"}
{"Time":"2026-09-11T03:26:57.1029485+08:00","Action":"pass","Package":"github.com/QuantumNous/new-api/setting/console_setting","Test":"TestConsoleLengthsMatchBrowserUTF16Limits/uptime_category","Elapsed":0}
{"Time":"2026-09-11T03:26:57.1029485+08:00","Action":"output","Package":"github.com/QuantumNous/new-api/setting/console_setting","Test":"TestConsoleLengthsMatchBrowserUTF16Limits","Output":"--- PASS: TestConsoleLengthsMatchBrowserUTF16Limits (0.00s)\n"}
{"Time":"2026-09-11T03:26:57.1029485+08:00","Action":"pass","Package":"github.com/QuantumNous/new-api/setting/console_setting","Test":"TestConsoleLengthsMatchBrowserUTF16Limits","Elapsed":0}
{"Time":"2026-09-11T03:26:57.1029485+08:00","Action":"run","Package":"github.com/QuantumNous/new-api/setting/console_setting","Test":"TestGetAnnouncementsFiltersAndSortsLifecycleFields"}
{"Time":"2026-09-11T03:26:57.1029485+08:00","Action":"output","Package":"github.com/QuantumNous/new-api/setting/console_setting","Test":"TestGetAnnouncementsFiltersAndSortsLifecycleFields","Output":"=== RUN   TestGetAnnouncementsFiltersAndSortsLifecycleFields\n"}
{"Time":"2026-09-11T03:26:57.1029485+08:00","Action":"output","Package":"github.com/QuantumNous/new-api/setting/console_setting","Test":"TestGetAnnouncementsFiltersAndSortsLifecycleFields","Output":"--- PASS: TestGetAnnouncementsFiltersAndSortsLifecycleFields (0.00s)\n"}
{"Time":"2026-09-11T03:26:57.1029485+08:00","Action":"pass","Package":"github.com/QuantumNous/new-api/setting/console_setting","Test":"TestGetAnnouncementsFiltersAndSortsLifecycleFields","Elapsed":0}
{"Time":"2026-09-11T03:26:57.1029485+08:00","Action":"output","Package":"github.com/QuantumNous/new-api/setting/console_setting","Output":"PASS\n"}
{"Time":"2026-09-11T03:26:57.106246+08:00","Action":"output","Package":"github.com/QuantumNous/new-api/setting/console_setting","Output":"ok  \tgithub.com/QuantumNous/new-api/setting/console_setting\t0.611s\n"}
{"Time":"2026-09-11T03:26:57.106246+08:00","Action":"pass","Package":"github.com/QuantumNous/new-api/setting/console_setting","Elapsed":0.612}
