=== RUN   TestOptionPrimaryKeyMigration
[SYS] 2026/09/11 - 14:03:59 | using PostgreSQL as database 
    option_primary_key_migration_test.go:28: TEST_OPTIONS_MIGRATION_DSN: PostgreSQL 9.6.24 on x86_64-pc-linux-gnu (Debian 9.6.24-1.pgdg90+1), compiled by gcc (Debian 6.3.0-18+deb9u1) 6.3.0 20170516, 64-bit
=== RUN   TestOptionPrimaryKeyMigration/identical_duplicates_restart_and_pricing_seed
[SYS] 2026/09/11 - 14:03:59 | repaired options uniqueness from 4 rows into 3 keys; original rows kept in options_legacy_1789106639920161100 

2026/09/11 14:03:59 [31;1mD:/10178/Projects/new-api-upstream-sync/model/option_primary_key_migration_test.go:55 [35;1mpostgres error SQLSTATE 23505
[0m[33m[2.083ms] [34;1m[rows:0][0m INSERT INTO "options" ("key","value") VALUES ($1$,$2$)
=== RUN   TestOptionPrimaryKeyMigration/ambiguous_prices_stop_startup_without_writes
=== RUN   TestOptionPrimaryKeyMigration/invalid_legacy_row
=== RUN   TestOptionPrimaryKeyMigration/invalid_legacy_row#01
=== RUN   TestOptionPrimaryKeyMigration/invalid_legacy_row#02
=== RUN   TestOptionPrimaryKeyMigration/interrupted_repair_keeps_values_and_accepts_restart

2026/09/11 14:04:00 [31;1mD:/10178/Projects/new-api-upstream-sync/model/option_primary_key_migration.go:197 [35;1mfixture constraint failure
[0m[33m[0.000ms] [34;1m[rows:0][0m CREATE UNIQUE INDEX "idx_options_key_repaired" ON "options" ("key")

2026/09/11 14:04:00 [34;1mD:/10178/Projects/new-api-upstream-sync/model/option_primary_key_migration_test.go:133
[0m[35m[warn] [0mremoving callback `fail_option_constraint` from D:/10178/Projects/new-api-upstream-sync/model/option_primary_key_migration_test.go:133
[SYS] 2026/09/11 - 14:04:00 | repaired options uniqueness from 2 rows into 1 keys; original rows kept in options_legacy_1789106640068081500 
=== RUN   TestOptionPrimaryKeyMigration/ordinary_writers_wait_for_snapshot
[SYS] 2026/09/11 - 14:04:00 | using PostgreSQL as database 

2026/09/11 14:04:00 [31;1mD:/10178/Projects/new-api-upstream-sync/model/option_primary_key_migration_test.go:188 [35;1mtimeout: context deadline exceeded; sql: transaction has already been committed or rolled back
[0m[33m[250.114ms] [34;1m[rows:0][0m UPDATE "options" SET "value"=$1$ WHERE "options"."key" = $2$

2026/09/11 14:04:00 [32mD:/10178/Projects/new-api-upstream-sync/model/option_primary_key_migration.go:130 [33mSLOW SQL >= 200ms
[0m[31;1m[250.739ms] [33m[rows:1][35m SELECT * FROM "options"[0m
[SYS] 2026/09/11 - 14:04:00 | repaired options uniqueness from 1 rows into 1 keys; original rows kept in options_legacy_1789106640110559100 

2026/09/11 14:04:00 [34;1mD:/10178/Projects/new-api-upstream-sync/model/option_primary_key_migration_test.go:173
[0m[35m[warn] [0mremoving callback `pause_option_snapshot` from D:/10178/Projects/new-api-upstream-sync/model/option_primary_key_migration_test.go:173
=== RUN   TestOptionPrimaryKeyMigration/partial_unique_index_does_not_protect_pricing
[SYS] 2026/09/11 - 14:04:00 | repaired options uniqueness from 2 rows into 1 keys; original rows kept in options_legacy_1789106640401042300 

2026/09/11 14:04:00 [31;1mD:/10178/Projects/new-api-upstream-sync/model/option_primary_key_migration_test.go:204 [35;1mpostgres error SQLSTATE 23505
[0m[33m[1.584ms] [34;1m[rows:0][0m INSERT INTO "options" ("key","value") VALUES ($1$,$2$)
--- PASS: TestOptionPrimaryKeyMigration (0.61s)
    --- PASS: TestOptionPrimaryKeyMigration/identical_duplicates_restart_and_pricing_seed (0.08s)
    --- PASS: TestOptionPrimaryKeyMigration/ambiguous_prices_stop_startup_without_writes (0.02s)
    --- PASS: TestOptionPrimaryKeyMigration/invalid_legacy_row (0.01s)
    --- PASS: TestOptionPrimaryKeyMigration/invalid_legacy_row#01 (0.01s)
    --- PASS: TestOptionPrimaryKeyMigration/invalid_legacy_row#02 (0.01s)
    --- PASS: TestOptionPrimaryKeyMigration/interrupted_repair_keeps_values_and_accepts_restart (0.04s)
    --- PASS: TestOptionPrimaryKeyMigration/ordinary_writers_wait_for_snapshot (0.30s)
    --- PASS: TestOptionPrimaryKeyMigration/partial_unique_index_does_not_protect_pricing (0.04s)
=== RUN   TestSeedCanonicalPricingOptionsOnlyAddsMissingRows
--- PASS: TestSeedCanonicalPricingOptionsOnlyAddsMissingRows (0.00s)
=== RUN   TestGenericPricingWritesAreRejected
--- PASS: TestGenericPricingWritesAreRejected (0.00s)
PASS
ok  	github.com/QuantumNous/new-api/model	1.255s
