{"Time":"2026-09-11T04:08:04.3622566+08:00","Action":"start","Package":"github.com/QuantumNous/new-api/relay/channel"}
{"Time":"2026-09-11T04:08:04.9977884+08:00","Action":"run","Package":"github.com/QuantumNous/new-api/relay/channel","Test":"TestRequestDebugCapturePreservesRequestStreamAndBoundsBody"}
{"Time":"2026-09-11T04:08:04.9977884+08:00","Action":"output","Package":"github.com/QuantumNous/new-api/relay/channel","Test":"TestRequestDebugCapturePreservesRequestStreamAndBoundsBody","Output":"=== RUN   TestRequestDebugCapturePreservesRequestStreamAndBoundsBody\n"}
{"Time":"2026-09-11T04:08:04.9988824+08:00","Action":"output","Package":"github.com/QuantumNous/new-api/relay/channel","Test":"TestRequestDebugCapturePreservesRequestStreamAndBoundsBody","Output":"--- PASS: TestRequestDebugCapturePreservesRequestStreamAndBoundsBody (0.00s)\n"}
{"Time":"2026-09-11T04:08:04.9993967+08:00","Action":"pass","Package":"github.com/QuantumNous/new-api/relay/channel","Test":"TestRequestDebugCapturePreservesRequestStreamAndBoundsBody","Elapsed":0}
{"Time":"2026-09-11T04:08:04.9993967+08:00","Action":"run","Package":"github.com/QuantumNous/new-api/relay/channel","Test":"TestRequestDebugCaptureUsesReplayedBodyAndHonorsRawSetting"}
{"Time":"2026-09-11T04:08:04.9993967+08:00","Action":"output","Package":"github.com/QuantumNous/new-api/relay/channel","Test":"TestRequestDebugCaptureUsesReplayedBodyAndHonorsRawSetting","Output":"=== RUN   TestRequestDebugCaptureUsesReplayedBodyAndHonorsRawSetting\n"}
{"Time":"2026-09-11T04:08:04.9993967+08:00","Action":"run","Package":"github.com/QuantumNous/new-api/relay/channel","Test":"TestRequestDebugCaptureUsesReplayedBodyAndHonorsRawSetting/raw_enabled"}
{"Time":"2026-09-11T04:08:04.9993967+08:00","Action":"output","Package":"github.com/QuantumNous/new-api/relay/channel","Test":"TestRequestDebugCaptureUsesReplayedBodyAndHonorsRawSetting/raw_enabled","Output":"=== RUN   TestRequestDebugCaptureUsesReplayedBodyAndHonorsRawSetting/raw_enabled\n"}
{"Time":"2026-09-11T04:08:04.9993967+08:00","Action":"output","Package":"github.com/QuantumNous/new-api/relay/channel","Test":"TestRequestDebugCaptureUsesReplayedBodyAndHonorsRawSetting/raw_enabled","Output":"[GIN-debug] [WARNING] Running in \"debug\" mode. Switch to \"release\" mode in production.\n"}
{"Time":"2026-09-11T04:08:04.9993967+08:00","Action":"output","Package":"github.com/QuantumNous/new-api/relay/channel","Test":"TestRequestDebugCaptureUsesReplayedBodyAndHonorsRawSetting/raw_enabled","Output":" - using env:\texport GIN_MODE=release\n"}
{"Time":"2026-09-11T04:08:04.9993967+08:00","Action":"output","Package":"github.com/QuantumNous/new-api/relay/channel","Test":"TestRequestDebugCaptureUsesReplayedBodyAndHonorsRawSetting/raw_enabled","Output":" - using code:\tgin.SetMode(gin.ReleaseMode)\n"}
{"Time":"2026-09-11T04:08:04.9993967+08:00","Action":"output","Package":"github.com/QuantumNous/new-api/relay/channel","Test":"TestRequestDebugCaptureUsesReplayedBodyAndHonorsRawSetting/raw_enabled","Output":"\n"}
{"Time":"2026-09-11T04:08:04.9993967+08:00","Action":"output","Package":"github.com/QuantumNous/new-api/relay/channel","Test":"TestRequestDebugCaptureUsesReplayedBodyAndHonorsRawSetting/raw_enabled","Output":"--- PASS: TestRequestDebugCaptureUsesReplayedBodyAndHonorsRawSetting/raw_enabled (0.00s)\n"}
{"Time":"2026-09-11T04:08:04.9993967+08:00","Action":"pass","Package":"github.com/QuantumNous/new-api/relay/channel","Test":"TestRequestDebugCaptureUsesReplayedBodyAndHonorsRawSetting/raw_enabled","Elapsed":0}
{"Time":"2026-09-11T04:08:04.9993967+08:00","Action":"run","Package":"github.com/QuantumNous/new-api/relay/channel","Test":"TestRequestDebugCaptureUsesReplayedBodyAndHonorsRawSetting/raw_disabled"}
{"Time":"2026-09-11T04:08:04.9993967+08:00","Action":"output","Package":"github.com/QuantumNous/new-api/relay/channel","Test":"TestRequestDebugCaptureUsesReplayedBodyAndHonorsRawSetting/raw_disabled","Output":"=== RUN   TestRequestDebugCaptureUsesReplayedBodyAndHonorsRawSetting/raw_disabled\n"}
{"Time":"2026-09-11T04:08:04.9993967+08:00","Action":"output","Package":"github.com/QuantumNous/new-api/relay/channel","Test":"TestRequestDebugCaptureUsesReplayedBodyAndHonorsRawSetting/raw_disabled","Output":"[GIN-debug] [WARNING] Running in \"debug\" mode. Switch to \"release\" mode in production.\n"}
{"Time":"2026-09-11T04:08:04.999914+08:00","Action":"output","Package":"github.com/QuantumNous/new-api/relay/channel","Test":"TestRequestDebugCaptureUsesReplayedBodyAndHonorsRawSetting/raw_disabled","Output":" - using env:\texport GIN_MODE=release\n"}
{"Time":"2026-09-11T04:08:04.999914+08:00","Action":"output","Package":"github.com/QuantumNous/new-api/relay/channel","Test":"TestRequestDebugCaptureUsesReplayedBodyAndHonorsRawSetting/raw_disabled","Output":" - using code:\tgin.SetMode(gin.ReleaseMode)\n"}
{"Time":"2026-09-11T04:08:04.999914+08:00","Action":"output","Package":"github.com/QuantumNous/new-api/relay/channel","Test":"TestRequestDebugCaptureUsesReplayedBodyAndHonorsRawSetting/raw_disabled","Output":"\n"}
{"Time":"2026-09-11T04:08:04.999914+08:00","Action":"output","Package":"github.com/QuantumNous/new-api/relay/channel","Test":"TestRequestDebugCaptureUsesReplayedBodyAndHonorsRawSetting/raw_disabled","Output":"--- PASS: TestRequestDebugCaptureUsesReplayedBodyAndHonorsRawSetting/raw_disabled (0.00s)\n"}
{"Time":"2026-09-11T04:08:04.999914+08:00","Action":"pass","Package":"github.com/QuantumNous/new-api/relay/channel","Test":"TestRequestDebugCaptureUsesReplayedBodyAndHonorsRawSetting/raw_disabled","Elapsed":0}
{"Time":"2026-09-11T04:08:04.999914+08:00","Action":"output","Package":"github.com/QuantumNous/new-api/relay/channel","Test":"TestRequestDebugCaptureUsesReplayedBodyAndHonorsRawSetting","Output":"--- PASS: TestRequestDebugCaptureUsesReplayedBodyAndHonorsRawSetting (0.00s)\n"}
{"Time":"2026-09-11T04:08:04.999914+08:00","Action":"pass","Package":"github.com/QuantumNous/new-api/relay/channel","Test":"TestRequestDebugCaptureUsesReplayedBodyAndHonorsRawSetting","Elapsed":0}
{"Time":"2026-09-11T04:08:04.999914+08:00","Action":"run","Package":"github.com/QuantumNous/new-api/relay/channel","Test":"TestUpstreamGetBody_HTTP2RetryAfterUpstreamStreamReset"}
{"Time":"2026-09-11T04:08:04.999914+08:00","Action":"output","Package":"github.com/QuantumNous/new-api/relay/channel","Test":"TestUpstreamGetBody_HTTP2RetryAfterUpstreamStreamReset","Output":"=== RUN   TestUpstreamGetBody_HTTP2RetryAfterUpstreamStreamReset\n"}
{"Time":"2026-09-11T04:08:05.0024499+08:00","Action":"output","Package":"github.com/QuantumNous/new-api/relay/channel","Test":"TestUpstreamGetBody_HTTP2RetryAfterUpstreamStreamReset","Output":"--- PASS: TestUpstreamGetBody_HTTP2RetryAfterUpstreamStreamReset (0.00s)\n"}
{"Time":"2026-09-11T04:08:05.0024499+08:00","Action":"pass","Package":"github.com/QuantumNous/new-api/relay/channel","Test":"TestUpstreamGetBody_HTTP2RetryAfterUpstreamStreamReset","Elapsed":0}
{"Time":"2026-09-11T04:08:05.0024499+08:00","Action":"run","Package":"github.com/QuantumNous/new-api/relay/channel","Test":"TestUpstreamGetBody_HTTP2RetryAfterUpstreamStreamReset_PassThrough"}
{"Time":"2026-09-11T04:08:05.0024499+08:00","Action":"output","Package":"github.com/QuantumNous/new-api/relay/channel","Test":"TestUpstreamGetBody_HTTP2RetryAfterUpstreamStreamReset_PassThrough","Output":"=== RUN   TestUpstreamGetBody_HTTP2RetryAfterUpstreamStreamReset_PassThrough\n"}
{"Time":"2026-09-11T04:08:05.0034968+08:00","Action":"output","Package":"github.com/QuantumNous/new-api/relay/channel","Test":"TestUpstreamGetBody_HTTP2RetryAfterUpstreamStreamReset_PassThrough","Output":"--- PASS: TestUpstreamGetBody_HTTP2RetryAfterUpstreamStreamReset_PassThrough (0.00s)\n"}
{"Time":"2026-09-11T04:08:05.0034968+08:00","Action":"pass","Package":"github.com/QuantumNous/new-api/relay/channel","Test":"TestUpstreamGetBody_HTTP2RetryAfterUpstreamStreamReset_PassThrough","Elapsed":0}
{"Time":"2026-09-11T04:08:05.0034968+08:00","Action":"run","Package":"github.com/QuantumNous/new-api/relay/channel","Test":"TestUpstreamGetBody_HTTP2RetryAfterGracefulGoAway_PassThrough"}
{"Time":"2026-09-11T04:08:05.0034968+08:00","Action":"output","Package":"github.com/QuantumNous/new-api/relay/channel","Test":"TestUpstreamGetBody_HTTP2RetryAfterGracefulGoAway_PassThrough","Output":"=== RUN   TestUpstreamGetBody_HTTP2RetryAfterGracefulGoAway_PassThrough\n"}
{"Time":"2026-09-11T04:08:05.0051004+08:00","Action":"output","Package":"github.com/QuantumNous/new-api/relay/channel","Test":"TestUpstreamGetBody_HTTP2RetryAfterGracefulGoAway_PassThrough","Output":"--- PASS: TestUpstreamGetBody_HTTP2RetryAfterGracefulGoAway_PassThrough (0.00s)\n"}
{"Time":"2026-09-11T04:08:05.0051004+08:00","Action":"pass","Package":"github.com/QuantumNous/new-api/relay/channel","Test":"TestUpstreamGetBody_HTTP2RetryAfterGracefulGoAway_PassThrough","Elapsed":0}
{"Time":"2026-09-11T04:08:05.0051004+08:00","Action":"run","Package":"github.com/QuantumNous/new-api/relay/channel","Test":"TestUpstreamGetBody_HTTP2CannotRetryWithoutGetBody"}
{"Time":"2026-09-11T04:08:05.0051004+08:00","Action":"output","Package":"github.com/QuantumNous/new-api/relay/channel","Test":"TestUpstreamGetBody_HTTP2CannotRetryWithoutGetBody","Output":"=== RUN   TestUpstreamGetBody_HTTP2CannotRetryWithoutGetBody\n"}
{"Time":"2026-09-11T04:08:05.0061391+08:00","Action":"output","Package":"github.com/QuantumNous/new-api/relay/channel","Test":"TestUpstreamGetBody_HTTP2CannotRetryWithoutGetBody","Output":"--- PASS: TestUpstreamGetBody_HTTP2CannotRetryWithoutGetBody (0.00s)\n"}
{"Time":"2026-09-11T04:08:05.0061391+08:00","Action":"pass","Package":"github.com/QuantumNous/new-api/relay/channel","Test":"TestUpstreamGetBody_HTTP2CannotRetryWithoutGetBody","Elapsed":0}
{"Time":"2026-09-11T04:08:05.0071653+08:00","Action":"output","Package":"github.com/QuantumNous/new-api/relay/channel","Output":"PASS\n"}
{"Time":"2026-09-11T04:08:06.020789+08:00","Action":"output","Package":"github.com/QuantumNous/new-api/relay/channel","Output":"ok  \tgithub.com/QuantumNous/new-api/relay/channel\t1.659s\n"}
{"Time":"2026-09-11T04:08:06.020789+08:00","Action":"pass","Package":"github.com/QuantumNous/new-api/relay/channel","Elapsed":1.659}
