=== RUN   TestOptionPrimaryKeyMigration
[SYS] 2026/09/11 - 14:03:59 | using MySQL as database 
    option_primary_key_migration_test.go:28: TEST_OPTIONS_MIGRATION_DSN: 5.7.44
=== RUN   TestOptionPrimaryKeyMigration/identical_duplicates_restart_and_pricing_seed
[SYS] 2026/09/11 - 14:04:00 | repaired options uniqueness from 4 rows into 3 keys; original rows kept in options_legacy_1789106640075374100 

2026/09/11 14:04:00 [31;1mD:/10178/Projects/new-api-upstream-sync/model/option_primary_key_migration_test.go:55 [35;1mmysql error 1062
[0m[33m[2.591ms] [34;1m[rows:0][0m INSERT INTO `options` (`key`,`value`) VALUES (?,?)
=== RUN   TestOptionPrimaryKeyMigration/ambiguous_prices_stop_startup_without_writes
=== RUN   TestOptionPrimaryKeyMigration/invalid_legacy_row
=== RUN   TestOptionPrimaryKeyMigration/invalid_legacy_row#01
=== RUN   TestOptionPrimaryKeyMigration/invalid_legacy_row#02
=== RUN   TestOptionPrimaryKeyMigration/interrupted_repair_keeps_values_and_accepts_restart

2026/09/11 14:04:01 [31;1mD:/10178/Projects/new-api-upstream-sync/model/option_primary_key_migration.go:193 [35;1mfixture constraint failure
[0m[33m[0.000ms] [34;1m[rows:0][0m ALTER TABLE `options` MODIFY COLUMN `key` varchar(191) CHARACTER SET `utf8mb4` COLLATE `utf8mb4_unicode_ci` NOT NULL, ADD UNIQUE INDEX `idx_options_key_repaired` (`key`)

2026/09/11 14:04:01 [34;1mD:/10178/Projects/new-api-upstream-sync/model/option_primary_key_migration_test.go:133
[0m[35m[warn] [0mremoving callback `fail_option_constraint` from D:/10178/Projects/new-api-upstream-sync/model/option_primary_key_migration_test.go:133
[SYS] 2026/09/11 - 14:04:01 | repaired options uniqueness from 1 rows into 1 keys; original rows kept in options_legacy_1789106641548916300 
=== RUN   TestOptionPrimaryKeyMigration/ordinary_writers_wait_for_snapshot
[SYS] 2026/09/11 - 14:04:01 | using MySQL as database 

2026/09/11 14:04:02 [31;1mD:/10178/Projects/new-api-upstream-sync/model/option_primary_key_migration_test.go:188 [35;1mcontext deadline exceeded; sql: transaction has already been committed or rolled back
[0m[33m[250.332ms] [34;1m[rows:0][0m UPDATE `options` SET `value`=? WHERE `options`.`key` = ?

2026/09/11 14:04:02 [32mD:/10178/Projects/new-api-upstream-sync/model/option_primary_key_migration.go:130 [33mSLOW SQL >= 200ms
[0m[31;1m[296.466ms] [33m[rows:1][35m SELECT * FROM `options`[0m
[SYS] 2026/09/11 - 14:04:02 | repaired options uniqueness from 1 rows into 1 keys; original rows kept in options_legacy_1789106641731233300 

2026/09/11 14:04:02 [34;1mD:/10178/Projects/new-api-upstream-sync/model/option_primary_key_migration_test.go:173
[0m[35m[warn] [0mremoving callback `pause_option_snapshot` from D:/10178/Projects/new-api-upstream-sync/model/option_primary_key_migration_test.go:173
--- PASS: TestOptionPrimaryKeyMigration (2.30s)
    --- PASS: TestOptionPrimaryKeyMigration/identical_duplicates_restart_and_pricing_seed (0.63s)
    --- PASS: TestOptionPrimaryKeyMigration/ambiguous_prices_stop_startup_without_writes (0.22s)
    --- PASS: TestOptionPrimaryKeyMigration/invalid_legacy_row (0.16s)
    --- PASS: TestOptionPrimaryKeyMigration/invalid_legacy_row#01 (0.16s)
    --- PASS: TestOptionPrimaryKeyMigration/invalid_legacy_row#02 (0.15s)
    --- PASS: TestOptionPrimaryKeyMigration/interrupted_repair_keeps_values_and_accepts_restart (0.37s)
    --- PASS: TestOptionPrimaryKeyMigration/ordinary_writers_wait_for_snapshot (0.47s)
=== RUN   TestSeedCanonicalPricingOptionsOnlyAddsMissingRows
--- PASS: TestSeedCanonicalPricingOptionsOnlyAddsMissingRows (0.00s)
=== RUN   TestGenericPricingWritesAreRejected
--- PASS: TestGenericPricingWritesAreRejected (0.00s)
PASS
ok  	github.com/QuantumNous/new-api/model	2.953s
