$ oxlint -c .oxlintrc.json .
src/features/redemption-codes/components/__tests__/redemptions-mutate-drawer.test.tsx:158:7: error eslint(curly): Expected { after 'if' condition. help: Replace `expected = 'Failed to load redemption code'` with `{expected = 'Failed to load redemption code'}`.
src/features/system-settings/integrations/amount-options-visual-editor.tsx:52:54: warning unicorn(prefer-number-properties): Use `Number.isNaN` instead of the global `isNaN` help: Replace it with `Number.isNaN`
src/features/system-settings/integrations/amount-options-visual-editor.tsx:58:20: warning unicorn(prefer-number-properties): Use `Number.parseFloat` instead of the global `parseFloat` help: Replace it with `Number.parseFloat`
src/features/system-settings/integrations/amount-options-visual-editor.tsx:59:9: warning unicorn(prefer-number-properties): Use `Number.isNaN` instead of the global `isNaN` help: Replace it with `Number.isNaN`
src/features/system-settings/integrations/amount-options-visual-editor.tsx:159:35: warning unicorn(prefer-number-properties): Use `Number.parseFloat` instead of the global `parseFloat` help: Replace it with `Number.parseFloat`
src/features/system-settings/integrations/amount-discount-visual-editor.tsx:62:26: warning unicorn(prefer-number-properties): Use `Number.isNaN` instead of the global `isNaN` help: Replace it with `Number.isNaN`
src/features/system-settings/integrations/amount-discount-visual-editor.tsx:62:49: warning unicorn(prefer-number-properties): Use `Number.isNaN` instead of the global `isNaN` help: Replace it with `Number.isNaN`
src/stores/system-config-store.ts:95:9: warning unicorn(no-useless-fallback-in-spread): Empty fallbacks in spreads are unnecessary help: Spreading falsy values in object literals won't add any unexpected properties, so it's unnecessary to add an empty object as fallback.
src/stores/system-config-store.ts:99:9: warning unicorn(no-useless-fallback-in-spread): Empty fallbacks in spreads are unnecessary help: Spreading falsy values in object literals won't add any unexpected properties, so it's unnecessary to add an empty object as fallback.
src/stores/system-config-store.ts:131:15: warning unicorn(no-useless-fallback-in-spread): Empty fallbacks in spreads are unnecessary help: Spreading falsy values in object literals won't add any unexpected properties, so it's unnecessary to add an empty object as fallback.
src/features/playground/drawing/lib/canvas-storage.ts:29:13: warning unicorn(prefer-add-event-listener): Prefer `addEventListener()` over their `on`-function counterparts. help: `addEventListener()` can register multiple handlers and accepts options such as `{ once: true }`; assigning to `on<event>` replaces any previously registered handler.
src/features/playground/drawing/lib/canvas-storage.ts:49:15: warning unicorn(prefer-add-event-listener): Prefer `addEventListener()` over their `on`-function counterparts. help: `addEventListener()` can register multiple handlers and accepts options such as `{ once: true }`; assigning to `on<event>` replaces any previously registered handler.
src/features/playground/drawing/lib/canvas-storage.ts:69:19: warning unicorn(prefer-add-event-listener): Prefer `addEventListener()` over their `on`-function counterparts. help: `addEventListener()` can register multiple handlers and accepts options such as `{ once: true }`; assigning to `on<event>` replaces any previously registered handler.
src/features/playground/drawing/lib/canvas-storage.ts:70:19: warning unicorn(prefer-add-event-listener): Prefer `addEventListener()` over their `on`-function counterparts. help: `addEventListener()` can register multiple handlers and accepts options such as `{ once: true }`; assigning to `on<event>` replaces any previously registered handler.
src/lib/utils.ts:39:39: error unicorn(prefer-string-replace-all): Prefer `String#replaceAll()` over `String#replace()` when using a regex with the global flag. help: Replace `replace` with `replaceAll`.
src/lib/utils.ts:39:15: error unicorn(prefer-string-replace-all): Prefer `String#replaceAll()` over `String#replace()` when using a regex with the global flag. help: Replace `replace` with `replaceAll`.
src/lib/utils.ts:86:10: warning eslint(prefer-template): Unexpected string concatenation. help: Use template literals instead of string concatenation.
src/components/confirm-dialog.tsx:65:41: error oxc(const-comparisons): Both sides of the logical operator are the same help: This logical expression will always evaluate to the same value as the expression itself.
src/components/copy-button.tsx:20:1: error typescript(no-import-type-side-effects): TypeScript will only remove the inline type specifiers which will leave behind a side effect import at runtime. help: Convert this to a top-level type qualifier to properly remove the entire import.
src/components/copy-button.tsx:83:41: warning react(self-closing-comp): Unnecessary closing tag help: Make the component self closing
src/features/subscriptions/components/subscriptions-provider.tsx:27:1: error typescript(no-import-type-side-effects): TypeScript will only remove the inline type specifiers which will leave behind a side effect import at runtime. help: Convert this to a top-level type qualifier to properly remove the entire import.
src/features/system-settings/general/channel-affinity/constants.ts:133:10: warning unicorn(prefer-structured-clone): Use `structuredClone(…)` to create a deep clone. help: Switch to `structuredClone(…)`.
src/features/system-settings/integrations/utils.ts:55:22: warning unicorn(prefer-number-properties): Use `Number.parseInt` instead of the global `parseInt` help: Replace it with `Number.parseInt`
src/features/system-settings/integrations/utils.ts:56:30: warning unicorn(prefer-string-slice): Prefer String#slice() over String#substring()
src/features/system-settings/integrations/utils.ts:59:15: error unicorn(prefer-at): Prefer `.at()` over `[index]`. help: Use `.at()` for index access.
src/features/system-settings/integrations/utils.ts:66:13: warning unicorn(prefer-number-properties): Use `Number.parseInt` instead of the global `parseInt` help: Replace it with `Number.parseInt`
src/features/system-settings/integrations/utils.ts:67:15: warning unicorn(prefer-number-properties): Use `Number.parseInt` instead of the global `parseInt` help: Replace it with `Number.parseInt`
src/features/system-settings/utils/json-parser.ts:55:22: warning unicorn(prefer-number-properties): Use `Number.parseInt` instead of the global `parseInt` help: Replace it with `Number.parseInt`
src/features/system-settings/utils/json-parser.ts:64:13: warning unicorn(prefer-number-properties): Use `Number.parseInt` instead of the global `parseInt` help: Replace it with `Number.parseInt`
src/features/system-settings/utils/json-parser.ts:65:15: warning unicorn(prefer-number-properties): Use `Number.parseInt` instead of the global `parseInt` help: Replace it with `Number.parseInt`
src/features/system-settings/utils/json-parser.ts:76:22: warning unicorn(prefer-string-slice): Prefer String#slice() over String#substring()
src/features/system-settings/utils/json-parser.ts:79:13: error unicorn(prefer-at): Prefer `.at()` over `[index]`. help: Use `.at()` for index access.
src/hooks/use-system-config.ts:39:7: warning unicorn(prefer-add-event-listener): Prefer `addEventListener()` over their `on`-function counterparts. help: `addEventListener()` can register multiple handlers and accepts options such as `{ once: true }`; assigning to `on<event>` replaces any previously registered handler.
src/hooks/use-system-config.ts:40:7: warning unicorn(prefer-add-event-listener): Prefer `addEventListener()` over their `on`-function counterparts. help: `addEventListener()` can register multiple handlers and accepts options such as `{ once: true }`; assigning to `on<event>` replaces any previously registered handler.
src/hooks/use-system-config.ts:44:9: warning unicorn(prefer-add-event-listener): Prefer `addEventListener()` over their `on`-function counterparts. help: `addEventListener()` can register multiple handlers and accepts options such as `{ once: true }`; assigning to `on<event>` replaces any previously registered handler.
src/hooks/use-system-config.ts:45:9: warning unicorn(prefer-add-event-listener): Prefer `addEventListener()` over their `on`-function counterparts. help: `addEventListener()` can register multiple handlers and accepts options such as `{ once: true }`; assigning to `on<event>` replaces any previously registered handler.
src/features/models/components/prefill-group-shared.ts:21:1: error typescript(no-import-type-side-effects): TypeScript will only remove the inline type specifiers which will leave behind a side effect import at runtime. help: Convert this to a top-level type qualifier to properly remove the entire import.
src/features/models/components/prefill-group-shared.ts:102:11: error eslint(no-nested-ternary): Do not nest ternary expressions. help: Refactor nested ternary expressions into if-else statements for better readability.
src/features/users/components/dialogs/user-binding-dialog.tsx:201:9: error eslint(curly): Expected { after 'if' condition. help: Replace `handleServerError(error, t('Failed to load'))` with `{handleServerError(error, t('Failed to load'))}`.
src/features/channels/lib/model-mapping-validation.ts:39:10: error unicorn(prefer-spread): Prefer the spread operator (`...`) over Array.from() help: The spread operator (`...`) is more concise and readable.
src/features/channels/lib/model-mapping-validation.ts:68:12: error unicorn(prefer-spread): Prefer the spread operator (`...`) over Array.from() help: The spread operator (`...`) is more concise and readable.
src/features/channels/lib/model-mapping-validation.ts:93:12: error unicorn(prefer-spread): Prefer the spread operator (`...`) over Array.from() help: The spread operator (`...`) is more concise and readable.
src/features/channels/lib/model-mapping-validation.ts:160:10: error unicorn(prefer-spread): Prefer the spread operator (`...`) over Array.from() help: The spread operator (`...`) is more concise and readable.
src/features/channels/lib/model-mapping-validation.ts:242:5: error unicorn(prefer-spread): Prefer the spread operator (`...`) over Array.from() help: The spread operator (`...`) is more concise and readable.
src/features/playground/drawing/lib/image-assets.ts:91:12: warning unicorn(prefer-add-event-listener): Prefer `addEventListener()` over their `on`-function counterparts. help: `addEventListener()` can register multiple handlers and accepts options such as `{ once: true }`; assigning to `on<event>` replaces any previously registered handler.
src/features/playground/drawing/lib/image-assets.ts:92:12: warning unicorn(prefer-add-event-listener): Prefer `addEventListener()` over their `on`-function counterparts. help: `addEventListener()` can register multiple handlers and accepts options such as `{ once: true }`; assigning to `on<event>` replaces any previously registered handler.
src/features/dashboard/lib/text.ts:29:6: error unicorn(prefer-string-replace-all): Prefer `String#replaceAll()` over `String#replace()` when using a regex with the global flag. help: Replace `replace` with `replaceAll`.
src/features/dashboard/lib/text.ts:28:6: error unicorn(prefer-string-replace-all): Prefer `String#replaceAll()` over `String#replace()` when using a regex with the global flag. help: Replace `replace` with `replaceAll`.
src/features/dashboard/lib/text.ts:32:7: warning eslint(prefer-template): Unexpected string concatenation. help: Use template literals instead of string concatenation.
src/features/dashboard/lib/text.ts:32:17: warning unicorn(prefer-string-slice): Prefer String#slice() over String#substring()
src/features/dashboard/lib/api-info.ts:49:12: error unicorn(prefer-optional-catch-binding): Prefer omitting the catch binding parameter if it is unused help: Delete this code.
src/features/dashboard/lib/stats.ts:30:7: warning unicorn(prefer-number-properties): Use `Number.isNaN` instead of the global `isNaN` help: Replace it with `Number.isNaN`
src/features/dashboard/lib/stats.ts:30:25: warning unicorn(prefer-number-properties): Use `Number.isFinite` instead of the global `isFinite` help: Replace it with `Number.isFinite`
src/components/data-table/toolbar/view-options.tsx:19:1: error typescript(no-import-type-side-effects): TypeScript will only remove the inline type specifiers which will leave behind a side effect import at runtime. help: Convert this to a top-level type qualifier to properly remove the entire import.
src/components/data-table/core/column-header.tsx:19:1: error typescript(no-import-type-side-effects): TypeScript will only remove the inline type specifiers which will leave behind a side effect import at runtime. help: Convert this to a top-level type qualifier to properly remove the entire import.
src/components/data-table/core/column-header.tsx:67:12: error eslint(no-nested-ternary): Do not nest ternary expressions. help: Refactor nested ternary expressions into if-else statements for better readability.
src/features/dashboard/lib/charts.ts:47:10: error unicorn(prefer-at): Prefer `.at()` over `[index]`. help: Use `.at()` for index access.
src/features/dashboard/lib/charts.ts:62:7: warning unicorn(prefer-number-properties): Use `Number.parseFloat` instead of the global `parseFloat` help: Replace it with `Number.parseFloat`
src/features/dashboard/lib/charts.ts:241:22: error typescript(no-non-null-assertion): Forbidden non-null assertion.
src/features/dashboard/lib/charts.ts:262:21: error unicorn(prefer-spread): Prefer the spread operator (`...`) over Array.from() help: The spread operator (`...`) is more concise and readable.
src/features/dashboard/lib/charts.ts:263:23: error unicorn(prefer-spread): Prefer the spread operator (`...`) over Array.from() help: The spread operator (`...`) is more concise and readable.
src/features/dashboard/lib/charts.ts:265:28: error unicorn(prefer-spread): Prefer the spread operator (`...`) over Array.from() help: The spread operator (`...`) is more concise and readable.
src/features/dashboard/lib/charts.ts:284:7: error eslint(no-nested-ternary): Do not nest ternary expressions. help: Refactor nested ternary expressions into if-else statements for better readability.
src/features/dashboard/lib/charts.ts:299:22: error unicorn(prefer-spread): Prefer the spread operator (`...`) over Array.from() help: The spread operator (`...`) is more concise and readable.
src/features/dashboard/lib/charts.ts:303:25: error unicorn(prefer-spread): Prefer the spread operator (`...`) over Array.from() help: The spread operator (`...`) is more concise and readable.
src/features/dashboard/lib/charts.ts:309:21: error unicorn(prefer-spread): Prefer the spread operator (`...`) over Array.from() help: The spread operator (`...`) is more concise and readable.
src/features/dashboard/lib/charts.ts:350:29: error unicorn(prefer-spread): Prefer the spread operator (`...`) over Array.from() help: The spread operator (`...`) is more concise and readable.
src/features/dashboard/lib/charts.ts:392:29: error unicorn(prefer-spread): Prefer the spread operator (`...`) over Array.from() help: The spread operator (`...`) is more concise and readable.
src/features/dashboard/lib/charts.ts:436:25: error unicorn(prefer-spread): Prefer the spread operator (`...`) over Array.from() help: The spread operator (`...`) is more concise and readable.
src/features/dashboard/lib/charts.ts:779:18: error unicorn(prefer-spread): Prefer the spread operator (`...`) over Array.from() help: The spread operator (`...`) is more concise and readable.
src/features/dashboard/lib/charts.ts:812:17: error typescript(no-non-null-assertion): Forbidden non-null assertion.
src/features/dashboard/lib/charts.ts:816:28: error unicorn(prefer-spread): Prefer the spread operator (`...`) over Array.from() help: The spread operator (`...`) is more concise and readable.
src/features/channels/lib/upstream-update-utils.ts:20:10: error unicorn(prefer-spread): Prefer the spread operator (`...`) over Array.from() help: The spread operator (`...`) is more concise and readable.
src/components/data-table/toolbar/faceted-filter.tsx:19:1: error typescript(no-import-type-side-effects): TypeScript will only remove the inline type specifiers which will leave behind a side effect import at runtime. help: Convert this to a top-level type qualifier to properly remove the entire import.
src/components/data-table/toolbar/faceted-filter.tsx:146:22: error eslint(no-nested-ternary): Do not nest ternary expressions. help: Refactor nested ternary expressions into if-else statements for better readability.
src/components/data-table/toolbar/faceted-filter.tsx:159:22: error eslint(no-nested-ternary): Do not nest ternary expressions. help: Refactor nested ternary expressions into if-else statements for better readability.
src/components/data-table/toolbar/faceted-filter.tsx:212:10: error unicorn(prefer-spread): Prefer the spread operator (`...`) over Array.from() help: The spread operator (`...`) is more concise and readable.
src/components/ai-elements/prompt-input.tsx:180:22: error unicorn(prefer-spread): Prefer the spread operator (`...`) over Array.from() help: The spread operator (`...`) is more concise and readable.
src/components/ai-elements/prompt-input.tsx:184:7: error unicorn(prefer-spread): Prefer the spread operator (`...`) over array.concat() help: The spread operator (`...`) is more concise and readable.
src/components/ai-elements/prompt-input.tsx:512:24: error unicorn(prefer-spread): Prefer the spread operator (`...`) over Array.from() help: The spread operator (`...`) is more concise and readable.
src/components/ai-elements/prompt-input.tsx:555:16: error unicorn(prefer-spread): Prefer the spread operator (`...`) over array.concat() help: The spread operator (`...`) is more concise and readable.
src/components/ai-elements/prompt-input.tsx:695:14: warning unicorn(prefer-add-event-listener): Prefer `addEventListener()` over their `on`-function counterparts. help: `addEventListener()` can register multiple handlers and accepts options such as `{ once: true }`; assigning to `on<event>` replaces any previously registered handler.
src/components/ai-elements/prompt-input.tsx:730:5: error promise(catch-or-return): Expected `catch` or `return`. help: Return the promise or chain a `catch()`.
src/components/ai-elements/prompt-input.tsx:763:16: error unicorn(prefer-optional-catch-binding): Prefer omitting the catch binding parameter if it is unused help: Delete this code.
src/components/ai-elements/prompt-input.tsx:846:13: error unicorn(prefer-at): Prefer `.at()` over `[index]`. help: Use `.at()` for index access.
src/components/ai-elements/prompt-input.tsx:1141:25: error unicorn(prefer-spread): Prefer the spread operator (`...`) over Array.from() help: The spread operator (`...`) is more concise and readable.
src/components/ai-elements/prompt-input.tsx:1161:25: warning unicorn(prefer-add-event-listener): Prefer `addEventListener()` over their `on`-function counterparts. help: `addEventListener()` can register multiple handlers and accepts options such as `{ once: true }`; assigning to `on<event>` replaces any previously registered handler.
src/features/dashboard/components/overview/__tests__/setup-guide.test.tsx:123:28: warning unicorn(prefer-query-selector): Prefer `.querySelector()` over `.getElementById()`. help: It's better to use the same method to query DOM elements. This helps keep consistency and it lends itself to future improvements (e.g. more specific selectors).
src/features/dashboard/components/overview/__tests__/setup-guide.test.tsx:140:16: warning unicorn(prefer-query-selector): Prefer `.querySelector()` over `.getElementById()`. help: It's better to use the same method to query DOM elements. This helps keep consistency and it lends itself to future improvements (e.g. more specific selectors).
src/features/dashboard/components/models/models-chart-preferences.tsx:95:13: error unicorn(no-useless-spread): Using a spread operator here creates a new array unnecessarily. help: `TIME_RANGE_PRESETS.map` returns a new array. Spreading it into an array expression to create a new array is redundant.
src/features/dashboard/components/models/models-chart-preferences.tsx:128:13: error unicorn(no-useless-spread): Using a spread operator here creates a new array unnecessarily. help: `TIME_GRANULARITY_OPTIONS.map` returns a new array. Spreading it into an array expression to create a new array is redundant.
src/features/dashboard/components/models/models-chart-preferences.tsx:161:13: error unicorn(no-useless-spread): Using a spread operator here creates a new array unnecessarily. help: `CONSUMPTION_DISTRIBUTION_CHART_OPTIONS.map` returns a new array. Spreading it into an array expression to create a new array is redundant.
src/features/dashboard/components/models/models-chart-preferences.tsx:195:13: error unicorn(no-useless-spread): Using a spread operator here creates a new array unnecessarily. help: `MODEL_ANALYTICS_CHART_OPTIONS.map` returns a new array. Spreading it into an array expression to create a new array is redundant.
src/features/subscriptions/constants.ts:19:1: error typescript(no-import-type-side-effects): TypeScript will only remove the inline type specifiers which will leave behind a side effect import at runtime. help: Convert this to a top-level type qualifier to properly remove the entire import.
src/components/turnstile.tsx:66:18: warning unicorn(prefer-query-selector): Prefer `.querySelector()` over `.getElementById()`. help: It's better to use the same method to query DOM elements. This helps keep consistency and it lends itself to future improvements (e.g. more specific selectors).
src/components/turnstile.tsx:73:7: warning unicorn(prefer-add-event-listener): Prefer `addEventListener()` over their `on`-function counterparts. help: `addEventListener()` can register multiple handlers and accepts options such as `{ once: true }`; assigning to `on<event>` replaces any previously registered handler.
src/components/layout/types.ts:19:1: error typescript(no-import-type-side-effects): TypeScript will only remove the inline type specifiers which will leave behind a side effect import at runtime. help: Convert this to a top-level type qualifier to properly remove the entire import.
src/components/layout/types.ts:20:1: error typescript(no-import-type-side-effects): TypeScript will only remove the inline type specifiers which will leave behind a side effect import at runtime. help: Convert this to a top-level type qualifier to properly remove the entire import.
src/components/risk-acknowledgement-dialog.tsx:68:32: error unicorn(prefer-spread): Prefer the spread operator (`...`) over Array.from() help: The spread operator (`...`) is more concise and readable.
src/components/risk-acknowledgement-dialog.tsx:250:25: error react(no-array-index-key): Usage of Array index in keys is not allowed help: Use a unique data-dependent key to avoid unnecessary rerenders
src/components/risk-acknowledgement-dialog.tsx:257:25: error react(no-array-index-key): Usage of Array index in keys is not allowed help: Use a unique data-dependent key to avoid unnecessary rerenders
src/components/layout/lib/url-utils.ts:91:7: error eslint(curly): Expected { after 'if' condition. help: Replace `return true` with `{return true}`.
src/features/dashboard/components/ui/panel-wrapper.tsx:19:1: error typescript(no-import-type-side-effects): TypeScript will only remove the inline type specifiers which will leave behind a side effect import at runtime. help: Convert this to a top-level type qualifier to properly remove the entire import.
src/components/page-transition.tsx:135:12: error react(jsx-no-useless-fragment): Fragments should contain more than one child.
src/features/keys/constants.ts:19:1: error typescript(no-import-type-side-effects): TypeScript will only remove the inline type specifiers which will leave behind a side effect import at runtime. help: Convert this to a top-level type qualifier to properly remove the entire import.
src/components/layout/config/top-nav.config.ts:19:1: error typescript(no-import-type-side-effects): TypeScript will only remove the inline type specifiers which will leave behind a side effect import at runtime. help: Convert this to a top-level type qualifier to properly remove the entire import.
src/components/layout/components/nav-link-item.tsx:81:11: error react(no-array-index-key): Usage of Array index in keys is not allowed help: Use a unique data-dependent key to avoid unnecessary rerenders
src/components/layout/components/public-navigation.tsx:59:15: error react(no-array-index-key): Usage of Array index in keys is not allowed help: Use a unique data-dependent key to avoid unnecessary rerenders
src/components/layout/components/public-navigation.tsx:75:13: error react(no-array-index-key): Usage of Array index in keys is not allowed help: Use a unique data-dependent key to avoid unnecessary rerenders
src/components/layout/components/top-nav.tsx:32:1: error typescript(no-import-type-side-effects): TypeScript will only remove the inline type specifiers which will leave behind a side effect import at runtime. help: Convert this to a top-level type qualifier to properly remove the entire import.
src/components/layout/components/top-nav.tsx:90:18: warning react(self-closing-comp): Unnecessary closing tag help: Make the component self closing
src/assets/brand-icons/icon-github.tsx:19:1: error typescript(no-import-type-side-effects): TypeScript will only remove the inline type specifiers which will leave behind a side effect import at runtime. help: Convert this to a top-level type qualifier to properly remove the entire import.
src/assets/brand-icons/icon-telegram.tsx:19:1: error typescript(no-import-type-side-effects): TypeScript will only remove the inline type specifiers which will leave behind a side effect import at runtime. help: Convert this to a top-level type qualifier to properly remove the entire import.
src/assets/brand-icons/icon-linuxdo.tsx:19:1: error typescript(no-import-type-side-effects): TypeScript will only remove the inline type specifiers which will leave behind a side effect import at runtime. help: Convert this to a top-level type qualifier to properly remove the entire import.
src/assets/brand-icons/icon-zoom.tsx:19:1: error typescript(no-import-type-side-effects): TypeScript will only remove the inline type specifiers which will leave behind a side effect import at runtime. help: Convert this to a top-level type qualifier to properly remove the entire import.
src/assets/brand-icons/icon-notion.tsx:19:1: error typescript(no-import-type-side-effects): TypeScript will only remove the inline type specifiers which will leave behind a side effect import at runtime. help: Convert this to a top-level type qualifier to properly remove the entire import.
src/assets/brand-icons/icon-gmail.tsx:19:1: error typescript(no-import-type-side-effects): TypeScript will only remove the inline type specifiers which will leave behind a side effect import at runtime. help: Convert this to a top-level type qualifier to properly remove the entire import.
src/assets/brand-icons/icon-whatsapp.tsx:19:1: error typescript(no-import-type-side-effects): TypeScript will only remove the inline type specifiers which will leave behind a side effect import at runtime. help: Convert this to a top-level type qualifier to properly remove the entire import.
src/assets/brand-icons/icon-facebook.tsx:19:1: error typescript(no-import-type-side-effects): TypeScript will only remove the inline type specifiers which will leave behind a side effect import at runtime. help: Convert this to a top-level type qualifier to properly remove the entire import.
src/assets/brand-icons/icon-slack.tsx:19:1: error typescript(no-import-type-side-effects): TypeScript will only remove the inline type specifiers which will leave behind a side effect import at runtime. help: Convert this to a top-level type qualifier to properly remove the entire import.
src/assets/brand-icons/icon-trello.tsx:19:1: error typescript(no-import-type-side-effects): TypeScript will only remove the inline type specifiers which will leave behind a side effect import at runtime. help: Convert this to a top-level type qualifier to properly remove the entire import.
src/assets/brand-icons/icon-stripe.tsx:19:1: error typescript(no-import-type-side-effects): TypeScript will only remove the inline type specifiers which will leave behind a side effect import at runtime. help: Convert this to a top-level type qualifier to properly remove the entire import.
src/assets/brand-icons/icon-medium.tsx:19:1: error typescript(no-import-type-side-effects): TypeScript will only remove the inline type specifiers which will leave behind a side effect import at runtime. help: Convert this to a top-level type qualifier to properly remove the entire import.
src/assets/brand-icons/icon-docker.tsx:19:1: error typescript(no-import-type-side-effects): TypeScript will only remove the inline type specifiers which will leave behind a side effect import at runtime. help: Convert this to a top-level type qualifier to properly remove the entire import.
src/assets/brand-icons/icon-discord.tsx:19:1: error typescript(no-import-type-side-effects): TypeScript will only remove the inline type specifiers which will leave behind a side effect import at runtime. help: Convert this to a top-level type qualifier to properly remove the entire import.
src/assets/brand-icons/icon-gitlab.tsx:19:1: error typescript(no-import-type-side-effects): TypeScript will only remove the inline type specifiers which will leave behind a side effect import at runtime. help: Convert this to a top-level type qualifier to properly remove the entire import.
src/assets/brand-icons/icon-figma.tsx:19:1: error typescript(no-import-type-side-effects): TypeScript will only remove the inline type specifiers which will leave behind a side effect import at runtime. help: Convert this to a top-level type qualifier to properly remove the entire import.
src/assets/brand-icons/icon-skype.tsx:19:1: error typescript(no-import-type-side-effects): TypeScript will only remove the inline type specifiers which will leave behind a side effect import at runtime. help: Convert this to a top-level type qualifier to properly remove the entire import.
src/components/skip-to-main.tsx:25:18: warning react(jsx-curly-brace-presence): Curly braces are unnecessary here. help: Replace `{`bg-primary text-primary-foreground hover:bg-primary/90 focus-visible:ring-ring fixed start-44 z-999 -translate-y-52 px-4 py-2 text-sm font-medium whitespace-nowrap opacity-95 shadow-sm transition focus:translate-y-3 focus:transform focus-visible:ring-1`}` with `"bg-primary text-primary-foreground hover:bg-primary/90 focus-visible:ring-ring fixed start-44 z-999 -translate-y-52 px-4 py-2 text-sm font-medium whitespace-nowrap opacity-95 shadow-sm transition focus:translate-y-3 focus:transform focus-visible:ring-1"`.
src/components/layout/lib/sidebar-view-registry.ts:19:1: error typescript(no-import-type-side-effects): TypeScript will only remove the inline type specifiers which will leave behind a side effect import at runtime. help: Convert this to a top-level type qualifier to properly remove the entire import.
src/components/layout/components/app-header.tsx:28:1: error typescript(no-import-type-side-effects): TypeScript will only remove the inline type specifiers which will leave behind a side effect import at runtime. help: Convert this to a top-level type qualifier to properly remove the entire import.
src/components/layout/components/app-header.tsx:114:5: error react(jsx-no-useless-fragment): Fragments should contain more than one child. help: Replace `<> <Header> <SystemBrand variant='inline' /> {leftContent ? ( <div className='ms-2 flex items-center'>{leftContent}</div> ) : null} {rightContent ?? ( <div className='ms-auto flex items-center gap...` with `<Header> <SystemBrand variant='inline' /> {leftContent ? ( <div className='ms-2 flex items-center'>{leftContent}</div> ) : null} {rightContent ?? ( <div className='ms-auto flex items-center gap-1 sm:gap...`.
src/context/search-provider.tsx:21:29: error import(no-cycle): Dependency cycle detected help: Refactor to remove the cycle. Consider extracting shared code into a separate module that both files can import.
src/components/layout/config/system-settings.config.ts:19:1: error typescript(no-import-type-side-effects): TypeScript will only remove the inline type specifiers which will leave behind a side effect import at runtime. help: Convert this to a top-level type qualifier to properly remove the entire import.
src/assets/brand-icons/icon-wechat.tsx:19:1: error typescript(no-import-type-side-effects): TypeScript will only remove the inline type specifiers which will leave behind a side effect import at runtime. help: Convert this to a top-level type qualifier to properly remove the entire import.
src/features/system-settings/general/pricing-section.tsx:240:24: error eslint(no-nested-ternary): Do not nest ternary expressions. help: Refactor nested ternary expressions into if-else statements for better readability.
src/features/system-settings/content/dashboard-section.tsx:158:23: error unicorn(no-useless-spread): Using a spread operator here creates a new array unnecessarily. help: `granularityOptions.map` returns a new array. Spreading it into an array expression to create a new array is redundant.
src/components/command-menu.tsx:34:27: error import(no-cycle): Dependency cycle detected help: Refactor to remove the cycle. Consider extracting shared code into a separate module that both files can import.
src/components/command-menu.tsx:72:21: error eslint(curly): Expected { after 'if' condition. help: Replace `return ( <CommandItem key={`${navItem.url}-${i}`} value={navItem.title} onSelect={() => { runCommand(() => navigate({ to: navItem.url })...` with `{return ( <CommandItem key={`${navItem.url}-${i}`} value={navItem.title} onSelect={() => { runCommand(() => navigate({ to: navItem.url }...`.
src/components/command-menu.tsx:74:25: error react(no-array-index-key): Usage of Array index in keys is not allowed help: Use a unique data-dependent key to avoid unnecessary rerenders
src/components/command-menu.tsx:89:23: error react(no-array-index-key): Usage of Array index in keys is not allowed help: Use a unique data-dependent key to avoid unnecessary rerenders
src/assets/custom/icon-dir.tsx:19:1: error typescript(no-import-type-side-effects): TypeScript will only remove the inline type specifiers which will leave behind a side effect import at runtime. help: Convert this to a top-level type qualifier to properly remove the entire import.
src/assets/custom/icon-dir.tsx:21:1: error typescript(no-import-type-side-effects): TypeScript will only remove the inline type specifiers which will leave behind a side effect import at runtime. help: Convert this to a top-level type qualifier to properly remove the entire import.
src/assets/custom/icon-sidebar-inset.tsx:19:1: error typescript(no-import-type-side-effects): TypeScript will only remove the inline type specifiers which will leave behind a side effect import at runtime. help: Convert this to a top-level type qualifier to properly remove the entire import.
src/assets/custom/icon-theme-dark.tsx:19:1: error typescript(no-import-type-side-effects): TypeScript will only remove the inline type specifiers which will leave behind a side effect import at runtime. help: Convert this to a top-level type qualifier to properly remove the entire import.
src/assets/custom/icon-layout-full.tsx:19:1: error typescript(no-import-type-side-effects): TypeScript will only remove the inline type specifiers which will leave behind a side effect import at runtime. help: Convert this to a top-level type qualifier to properly remove the entire import.
src/assets/custom/icon-layout-default.tsx:19:1: error typescript(no-import-type-side-effects): TypeScript will only remove the inline type specifiers which will leave behind a side effect import at runtime. help: Convert this to a top-level type qualifier to properly remove the entire import.
src/assets/custom/icon-theme-light.tsx:19:1: error typescript(no-import-type-side-effects): TypeScript will only remove the inline type specifiers which will leave behind a side effect import at runtime. help: Convert this to a top-level type qualifier to properly remove the entire import.
src/assets/custom/icon-sidebar-floating.tsx:19:1: error typescript(no-import-type-side-effects): TypeScript will only remove the inline type specifiers which will leave behind a side effect import at runtime. help: Convert this to a top-level type qualifier to properly remove the entire import.
src/features/system-settings/models/utils.ts:71:22: warning unicorn(prefer-number-properties): Use `Number.parseInt` instead of the global `parseInt` help: Replace it with `Number.parseInt`
src/features/system-settings/models/utils.ts:72:30: warning unicorn(prefer-string-slice): Prefer String#slice() over String#substring()
src/features/system-settings/models/utils.ts:75:15: error unicorn(prefer-at): Prefer `.at()` over `[index]`. help: Use `.at()` for index access.
src/features/system-settings/models/utils.ts:84:13: warning unicorn(prefer-number-properties): Use `Number.parseInt` instead of the global `parseInt` help: Replace it with `Number.parseInt`
src/features/system-settings/models/utils.ts:85:15: warning unicorn(prefer-number-properties): Use `Number.parseInt` instead of the global `parseInt` help: Replace it with `Number.parseInt`
src/lib/http-status-code-rules.ts:46:25: error unicorn(prefer-string-replace-all): Prefer `String#replaceAll()` over `String#replace()` when using a regex with the global flag. help: Replace `replace` with `replaceAll`.
src/lib/http-status-code-rules.ts:90:32: error unicorn(prefer-string-replace-all): Prefer `String#replaceAll()` over `String#replace()` when using a regex with the global flag. help: Replace `replace` with `replaceAll`.
src/lib/http-status-code-rules.ts:126:18: error unicorn(prefer-at): Prefer `.at()` over `[index]`. help: Use `.at()` for index access.
src/assets/custom/icon-sidebar-sidebar.tsx:19:1: error typescript(no-import-type-side-effects): TypeScript will only remove the inline type specifiers which will leave behind a side effect import at runtime. help: Convert this to a top-level type qualifier to properly remove the entire import.
src/assets/custom/icon-theme-system.tsx:19:1: error typescript(no-import-type-side-effects): TypeScript will only remove the inline type specifiers which will leave behind a side effect import at runtime. help: Convert this to a top-level type qualifier to properly remove the entire import.
src/assets/custom/icon-layout-compact.tsx:19:1: error typescript(no-import-type-side-effects): TypeScript will only remove the inline type specifiers which will leave behind a side effect import at runtime. help: Convert this to a top-level type qualifier to properly remove the entire import.
src/features/wallet/lib/ui.tsx:21:1: error typescript(no-import-type-side-effects): TypeScript will only remove the inline type specifiers which will leave behind a side effect import at runtime. help: Convert this to a top-level type qualifier to properly remove the entire import.
src/features/pricing/components/model-details-uptime-sparkline.tsx:160:5: error eslint(no-nested-ternary): Do not nest ternary expressions. help: Refactor nested ternary expressions into if-else statements for better readability.
src/features/pricing/components/model-details-uptime-sparkline.tsx:167:5: error eslint(no-nested-ternary): Do not nest ternary expressions. help: Refactor nested ternary expressions into if-else statements for better readability.
src/features/pricing/components/model-details-uptime-sparkline.tsx:169:9: error eslint(no-nested-ternary): Do not nest ternary expressions. help: Refactor nested ternary expressions into if-else statements for better readability.
src/features/pricing/components/model-details-uptime-sparkline.tsx:176:5: error eslint(no-nested-ternary): Do not nest ternary expressions. help: Refactor nested ternary expressions into if-else statements for better readability.
src/features/pricing/components/model-details-uptime-sparkline.tsx:178:9: error eslint(no-nested-ternary): Do not nest ternary expressions. help: Refactor nested ternary expressions into if-else statements for better readability.
src/components/tag-input.tsx:64:17: error unicorn(prefer-at): Prefer `.at()` over `[index]`. help: Use `.at()` for index access.
src/features/dashboard/components/models/models-filter-dialog.tsx:154:7: error eslint(curly): Expected { after 'if' condition. help: Replace `setSelectedRange(null)` with `{setSelectedRange(null)}`.
src/features/dashboard/components/models/models-filter-dialog.tsx:261:17: error unicorn(no-useless-spread): Using a spread operator here creates a new array unnecessarily. help: `TIME_GRANULARITY_OPTIONS.map` returns a new array. Spreading it into an array expression to create a new array is redundant.
src/features/wallet/components/dialogs/billing-history-dialog.tsx:131:56: warning unicorn(prefer-number-properties): Use `Number.parseInt` instead of the global `parseInt` help: Replace it with `Number.parseInt`
src/features/wallet/components/dialogs/billing-history-dialog.tsx:150:14: error eslint(no-nested-ternary): Do not nest ternary expressions. help: Refactor nested ternary expressions into if-else statements for better readability.
src/features/wallet/components/dialogs/billing-history-dialog.tsx:153:24: error react(no-array-index-key): Usage of Array index in keys is not allowed help: Use a unique data-dependent key to avoid unnecessary rerenders
src/components/multi-select.tsx:167:12: error unicorn(prefer-spread): Prefer the spread operator (`...`) over Array.from() help: The spread operator (`...`) is more concise and readable.
src/features/pricing/lib/mock-stats.ts:318:10: error unicorn(prefer-spread): Prefer the spread operator (`...`) over array.slice() help: The spread operator (`...`) is more concise and readable.
src/features/pricing/lib/mock-stats.ts:816:19: error eslint(no-nested-ternary): Do not nest ternary expressions. help: Refactor nested ternary expressions into if-else statements for better readability.
src/features/pricing/lib/mock-stats.ts:817:19: error eslint(no-nested-ternary): Do not nest ternary expressions. help: Refactor nested ternary expressions into if-else statements for better readability.
src/features/pricing/lib/mock-stats.ts:818:19: error eslint(no-nested-ternary): Do not nest ternary expressions. help: Refactor nested ternary expressions into if-else statements for better readability.
src/features/pricing/lib/mock-stats.ts:820:10: error unicorn(prefer-spread): Prefer the spread operator (`...`) over array.slice() help: The spread operator (`...`) is more concise and readable.
src/features/pricing/lib/mock-stats.ts:840:5: error eslint(curly): Expected { after 'if' condition. help: Replace `return `${(value / 1_000).toFixed(value >= 10_000 ? 0 : 1)}K`` with `{return `${(value / 1_000).toFixed(value >= 10_000 ? 0 : 1)}K`}`.
src/features/channels/components/model-mapping-editor.tsx:59:10: error unicorn(prefer-spread): Prefer the spread operator (`...`) over Array.from() help: The spread operator (`...`) is more concise and readable.
src/features/channels/components/model-mapping-editor.tsx:123:14: error unicorn(prefer-optional-catch-binding): Prefer omitting the catch binding parameter if it is unused help: Delete this code.
src/features/channels/components/model-mapping-editor.tsx:133:5: error react-hooks(exhaustive-deps): React Hook useEffect has a missing dependency: 'parseJsonToRows' help: Either include it or remove the dependency array.
src/features/channels/components/model-mapping-editor.tsx:270:39: warning react(self-closing-comp): Unnecessary closing tag help: Make the component self closing
src/features/usage-logs/components/columns/column-helpers.tsx:57:10: warning react(self-closing-comp): Unnecessary closing tag help: Make the component self closing
src/features/subscriptions/components/subscriptions-columns.tsx:19:1: error typescript(no-import-type-side-effects): TypeScript will only remove the inline type specifiers which will leave behind a side effect import at runtime. help: Convert this to a top-level type qualifier to properly remove the entire import.
src/features/users/components/users-provider.tsx:23:1: error typescript(no-import-type-side-effects): TypeScript will only remove the inline type specifiers which will leave behind a side effect import at runtime. help: Convert this to a top-level type qualifier to properly remove the entire import.
src/hooks/use-table-url-state.ts:34:15: warning unicorn(prefer-number-properties): Use `Number.parseInt` instead of the global `parseInt` help: Replace it with `Number.parseInt`
src/hooks/use-table-url-state.ts:225:14: error typescript(no-non-null-assertion): Forbidden non-null assertion. help: Consider using the optional chain operator `?.` instead. `x!.y` is equivalent to `x.y` at runtime and will throw if `x` is `null` or `undefined`, but `x?.y` will return `undefined`.
src/features/users/components/data-table-bulk-actions.tsx:19:1: error typescript(no-import-type-side-effects): TypeScript will only remove the inline type specifiers which will leave behind a side effect import at runtime. help: Convert this to a top-level type qualifier to properly remove the entire import.
src/features/users/components/data-table-bulk-actions.tsx:23:1: error typescript(no-import-type-side-effects): TypeScript will only remove the inline type specifiers which will leave behind a side effect import at runtime. help: Convert this to a top-level type qualifier to properly remove the entire import.
src/features/users/components/data-table-bulk-actions.tsx:32:7: error react(jsx-no-useless-fragment): Fragments should contain more than one child.
src/components/long-text.tsx:58:5: error eslint(curly): Expected { after 'if' condition. help: Replace `return ( <div ref={ref} className={cn('truncate', className)}> {children} </div> )` with `{return ( <div ref={ref} className={cn('truncate', className)}> {children} </div> )}`.
src/features/chat/lib/send-to-fluent.ts:24:30: warning unicorn(prefer-query-selector): Prefer `.querySelector()` over `.getElementById()`. help: It's better to use the same method to query DOM elements. This helps keep consistency and it lends itself to future improvements (e.g. more specific selectors).
src/features/users/lib/user-actions.ts:19:1: error typescript(no-import-type-side-effects): TypeScript will only remove the inline type specifiers which will leave behind a side effect import at runtime. help: Convert this to a top-level type qualifier to properly remove the entire import.
src/features/keys/components/data-table-bulk-actions.tsx:19:1: error typescript(no-import-type-side-effects): TypeScript will only remove the inline type specifiers which will leave behind a side effect import at runtime. help: Convert this to a top-level type qualifier to properly remove the entire import.
src/features/keys/components/data-table-bulk-actions.tsx:34:1: error typescript(no-import-type-side-effects): TypeScript will only remove the inline type specifiers which will leave behind a side effect import at runtime. help: Convert this to a top-level type qualifier to properly remove the entire import.
src/features/channels/components/data-table-bulk-actions.tsx:20:1: error typescript(no-import-type-side-effects): TypeScript will only remove the inline type specifiers which will leave behind a side effect import at runtime. help: Convert this to a top-level type qualifier to properly remove the entire import.
src/features/models/components/deployment-access-guard.tsx:202:10: error react(jsx-no-useless-fragment): Fragments should contain more than one child.
src/features/pricing/components/model-details-api.tsx:112:25: error unicorn(prefer-string-replace-all): Prefer `String#replaceAll()` over `String#replace()` when using a regex with the global flag. help: Replace `replace` with `replaceAll`.
src/features/pricing/components/model-details-api.tsx:180:21: error unicorn(prefer-string-replace-all): Prefer `String#replaceAll()` over `String#replace()` when using a regex with the global flag. help: Replace `replace` with `replaceAll`.
src/features/pricing/components/model-details-api.tsx:252:21: error unicorn(prefer-string-replace-all): Prefer `String#replaceAll()` over `String#replace()` when using a regex with the global flag. help: Replace `replace` with `replaceAll`.
src/features/pricing/components/model-details-api.tsx:302:21: error unicorn(prefer-string-replace-all): Prefer `String#replaceAll()` over `String#replace()` when using a regex with the global flag. help: Replace `replace` with `replaceAll`.
src/features/pricing/components/model-details-api.tsx:368:21: error unicorn(prefer-string-replace-all): Prefer `String#replaceAll()` over `String#replace()` when using a regex with the global flag. help: Replace `replace` with `replaceAll`.
src/features/pricing/components/model-details-api.tsx:434:5: error eslint(curly): Expected { after 'if' condition. help: Replace `return buildEmbeddingSample(lang, ctx)` with `{return buildEmbeddingSample(lang, ctx)}`.
src/features/wallet/components/creem-products-section.tsx:45:21: error react(no-array-index-key): Usage of Array index in keys is not allowed help: Use a unique data-dependent key to avoid unnecessary rerenders
src/features/pricing/components/model-details-apps.tsx:50:5: error eslint(no-nested-ternary): Do not nest ternary expressions. help: Refactor nested ternary expressions into if-else statements for better readability.
src/features/pricing/components/model-details-apps.tsx:52:9: error eslint(no-nested-ternary): Do not nest ternary expressions. help: Refactor nested ternary expressions into if-else statements for better readability.
src/features/pricing/components/model-details-apps.tsx:73:19: error eslint(no-nested-ternary): Do not nest ternary expressions. help: Refactor nested ternary expressions into if-else statements for better readability.
src/features/pricing/components/model-details-apps.tsx:78:16: error eslint(no-nested-ternary): Do not nest ternary expressions. help: Refactor nested ternary expressions into if-else statements for better readability.
src/features/models/lib/deployments-utils.ts:29:11: warning unicorn(prefer-number-properties): Use `Number.NaN` instead of the global `NaN` help: Replace it with `Number.NaN`
src/features/models/lib/deployments-utils.ts:25:5: error eslint(no-nested-ternary): Do not nest ternary expressions. help: Refactor nested ternary expressions into if-else statements for better readability.
src/features/home/components/hero-terminal-demo.tsx:229:16: error react(button-has-type): `button` elements must have an explicit `type` attribute. help: Add a `type` attribute to the `button` element.
src/features/home/components/hero-terminal-demo.tsx:346:21: error react(no-array-index-key): Usage of Array index in keys is not allowed help: Use a unique data-dependent key to avoid unnecessary rerenders
src/features/home/components/hero-terminal-demo.tsx:376:21: error react(no-array-index-key): Usage of Array index in keys is not allowed help: Use a unique data-dependent key to avoid unnecessary rerenders
src/features/home/components/hero-terminal-demo.tsx:412:15: error react(no-array-index-key): Usage of Array index in keys is not allowed help: Use a unique data-dependent key to avoid unnecessary rerenders
src/features/home/components/hero-terminal-demo.tsx:418:17: error react(no-array-index-key): Usage of Array index in keys is not allowed help: Use a unique data-dependent key to avoid unnecessary rerenders
src/features/home/components/hero-terminal-demo.tsx:423:33: error react(no-array-index-key): Usage of Array index in keys is not allowed help: Use a unique data-dependent key to avoid unnecessary rerenders
src/features/home/components/hero-terminal-demo.tsx:426:21: error react(no-array-index-key): Usage of Array index in keys is not allowed help: Use a unique data-dependent key to avoid unnecessary rerenders
src/features/home/components/hero-terminal-demo.tsx:432:21: error react(no-array-index-key): Usage of Array index in keys is not allowed help: Use a unique data-dependent key to avoid unnecessary rerenders
src/features/home/components/hero-terminal-demo.tsx:437:28: error react(no-array-index-key): Usage of Array index in keys is not allowed help: Use a unique data-dependent key to avoid unnecessary rerenders
src/features/home/components/hero-terminal-demo.tsx:469:16: error react(no-array-index-key): Usage of Array index in keys is not allowed help: Use a unique data-dependent key to avoid unnecessary rerenders
src/features/home/components/hero-terminal-demo.tsx:476:26: error react(no-array-index-key): Usage of Array index in keys is not allowed help: Use a unique data-dependent key to avoid unnecessary rerenders
src/features/home/components/hero-terminal-demo.tsx:478:33: error react(no-array-index-key): Usage of Array index in keys is not allowed help: Use a unique data-dependent key to avoid unnecessary rerenders
src/features/home/components/scrolling-icons.tsx:50:21: error react(no-array-index-key): Usage of Array index in keys is not allowed help: Use a unique data-dependent key to avoid unnecessary rerenders
src/features/home/components/scrolling-icons.tsx:55:13: error react(no-array-index-key): Usage of Array index in keys is not allowed help: Use a unique data-dependent key to avoid unnecessary rerenders
src/features/home/components/gateway-card.tsx:62:15: error react(no-array-index-key): Usage of Array index in keys is not allowed help: Use a unique data-dependent key to avoid unnecessary rerenders
src/components/layout/components/footer.tsx:237:15: warning react(no-danger): Do not use `dangerouslySetInnerHTML` prop help: `dangerouslySetInnerHTML` is a way to inject HTML into your React component. This is dangerous because it can easily lead to XSS vulnerabilities.
src/components/layout/components/footer.tsx:276:22: error react(no-array-index-key): Usage of Array index in keys is not allowed help: Use a unique data-dependent key to avoid unnecessary rerenders
src/components/layout/components/footer.tsx:282:27: error react(no-array-index-key): Usage of Array index in keys is not allowed help: Use a unique data-dependent key to avoid unnecessary rerenders
src/components/ai-elements/web-preview.tsx:215:17: error react(iframe-missing-sandbox): An `iframe` element defines a sandbox attribute with both allow-scripts and allow-same-origin which is invalid help: Remove `allow-scripts` or `allow-same-origin`.
src/components/ai-elements/web-preview.tsx:283:17: error react(no-array-index-key): Usage of Array index in keys is not allowed help: Use a unique data-dependent key to avoid unnecessary rerenders
src/routes/_authenticated/chat/$chatId.tsx:157:6: error react(iframe-missing-sandbox): An iframe element is missing a sandbox attribute help: Add a `sandbox` attribute to the `iframe` element.
src/features/home/constants.ts:23:1: error typescript(no-import-type-side-effects): TypeScript will only remove the inline type specifiers which will leave behind a side effect import at runtime. help: Convert this to a top-level type qualifier to properly remove the entire import.
src/components/ai-elements/actions.tsx:74:43: warning react(self-closing-comp): Unnecessary closing tag help: Make the component self closing
src/components/ai-elements/artifact.tsx:151:43: warning react(self-closing-comp): Unnecessary closing tag help: Make the component self closing
src/components/navigation-progress.tsx:39:13: warning react(jsx-boolean-value): Value must be omitted for boolean attribute "shadow" help: Delete this code.
src/components/ai-elements/canvas.tsx:35:20: warning react(jsx-boolean-value): Value must be omitted for boolean attribute "selectionOnDrag" help: Delete this code.
src/features/auth/lib/validation.ts:48:37: error unicorn(prefer-string-replace-all): Prefer `String#replaceAll()` over `String#replace()` when using a regex with the global flag. help: Replace `replace` with `replaceAll`.
src/features/auth/lib/validation.ts:57:12: warning eslint(prefer-template): Unexpected string concatenation. help: Use template literals instead of string concatenation.
src/features/auth/lib/validation.ts:67:15: error unicorn(prefer-string-replace-all): Prefer `String#replaceAll()` over `String#replace()` when using a regex with the global flag. help: Replace `replace` with `replaceAll`.
src/assets/clerk-full-logo.tsx:19:1: error typescript(no-import-type-side-effects): TypeScript will only remove the inline type specifiers which will leave behind a side effect import at runtime. help: Convert this to a top-level type qualifier to properly remove the entire import.
src/components/ai-elements/plan.tsx:142:4: warning react(self-closing-comp): Unnecessary closing tag help: Make the component self closing
src/assets/clerk-logo.tsx:19:1: error typescript(no-import-type-side-effects): TypeScript will only remove the inline type specifiers which will leave behind a side effect import at runtime. help: Convert this to a top-level type qualifier to properly remove the entire import.
src/assets/clerk-logo.tsx:39:8: warning react(self-closing-comp): Unnecessary closing tag help: Make the component self closing
src/assets/logo.tsx:19:1: error typescript(no-import-type-side-effects): TypeScript will only remove the inline type specifiers which will leave behind a side effect import at runtime. help: Convert this to a top-level type qualifier to properly remove the entire import.
scripts/sync-i18n.mjs:129:10: warning eslint(prefer-template): Unexpected string concatenation. help: Use template literals instead of string concatenation.
scripts/sync-i18n.mjs:160:11: warning eslint(prefer-object-has-own): Disallow use of `Object.prototype.hasOwnProperty.call()` and prefer use of `Object.hasOwn()`. help: Replace `Object.prototype.hasOwnProperty.call` with `Object.hasOwn`.
scripts/sync-i18n.mjs:183:12: warning eslint(prefer-object-has-own): Disallow use of `Object.prototype.hasOwnProperty.call()` and prefer use of `Object.hasOwn()`. help: Replace `Object.prototype.hasOwnProperty.call` with ` Object.hasOwn`.
scripts/sync-i18n.mjs:216:5: warning unicorn(prefer-string-starts-ends-with): Prefer String#startsWith over a regex with a caret. help: Replace `/^org-/.test(s)` with `s.startsWith('org-')`.
scripts/sync-i18n.mjs:218:5: warning unicorn(prefer-string-starts-ends-with): Prefer String#startsWith over a regex with a caret. help: Replace `/^checkout\./.test(s)` with `s.startsWith('checkout.')`.
scripts/sync-i18n.mjs:219:5: warning unicorn(prefer-string-starts-ends-with): Prefer String#startsWith over a regex with a caret. help: Replace `/^footer\./.test(s)` with `s.startsWith('footer.')`.
error: script "lint" exited with code 1
